Component: ARM Compiler 5.06 update 6 (build 750) Tool: armlink [4d35ed]

==============================================================================

Section Cross References

    startup_stm32g070xx.o(RESET) refers to startup_stm32g070xx.o(STACK) for __initial_sp
    startup_stm32g070xx.o(RESET) refers to startup_stm32g070xx.o(.text) for Reset_Handler
    startup_stm32g070xx.o(RESET) refers to stm32g0xx_it.o(i.NMI_Handler) for NMI_Handler
    startup_stm32g070xx.o(RESET) refers to stm32g0xx_it.o(i.HardFault_Handler) for HardFault_Handler
    startup_stm32g070xx.o(RESET) refers to stm32g0xx_it.o(i.SVC_Handler) for SVC_Handler
    startup_stm32g070xx.o(RESET) refers to stm32g0xx_it.o(i.PendSV_Handler) for PendSV_Handler
    startup_stm32g070xx.o(RESET) refers to stm32g0xx_it.o(i.SysTick_Handler) for SysTick_Handler
    startup_stm32g070xx.o(RESET) refers to timer.o(i.TIM1_BRK_UP_TRG_COM_IRQHandler) for TIM1_BRK_UP_TRG_COM_IRQHandler
    startup_stm32g070xx.o(RESET) refers to timer.o(i.TIM3_IRQHandler) for TIM3_IRQHandler
    startup_stm32g070xx.o(.text) refers to system_stm32g0xx.o(i.SystemInit) for SystemInit
    startup_stm32g070xx.o(.text) refers to entry.o(.ARM.Collect$$$$00000000) for __main
    main.o(i.DataTransform) refers to usart.o(.data) for RcvPacketLen
    main.o(i.DataTransform) refers to main.o(.bss) for master_request_data
    main.o(i.DefaultParaInit) refers to main.o(.bss) for FlashPara
    main.o(i.DefaultParaInit) refers to type.o(.data) for Default_CustomerPara
    main.o(i.FlashParaInit) refers to flash.o(i.FlashReadHalfWord) for FlashReadHalfWord
    main.o(i.FlashParaInit) refers to main.o(i.DefaultParaInit) for DefaultParaInit
    main.o(i.FlashParaInit) refers to modbus.o(i.WriteCurParaToFlash) for WriteCurParaToFlash
    main.o(i.FlashParaInit) refers to modbus.o(i.BackupCurParaToFlash) for BackupCurParaToFlash
    main.o(i.FlashParaInit) refers to main.o(i.ReadFlashPara) for ReadFlashPara
    main.o(i.MX_GPIO_Init) refers to memseta.o(.text) for __aeabi_memclr4
    main.o(i.MX_GPIO_Init) refers to stm32g0xx_hal_gpio.o(i.HAL_GPIO_Init) for HAL_GPIO_Init
    main.o(i.MX_GPIO_Init) refers to stm32g0xx_hal_gpio.o(i.HAL_GPIO_WritePin) for HAL_GPIO_WritePin
    main.o(i.ParaCheck) refers to flash.o(i.FlashReadHalfWord) for FlashReadHalfWord
    main.o(i.ParaCheck) refers to modbus.o(i.WriteCurParaToFlash) for WriteCurParaToFlash
    main.o(i.ParaCheck) refers to main.o(.bss) for FlashPara
    main.o(i.ParaInit) refers to main.o(i.SerialPortParaInit) for SerialPortParaInit
    main.o(i.ReadFlashPara) refers to flash.o(i.FlashReadNHalfWord) for FlashReadNHalfWord
    main.o(i.ReadFlashPara) refers to main.o(.bss) for FlashPara
    main.o(i.RemapInterruptVerctor) refers to main.o(.ARM.__AT_0x20000000) for VectorTable
    main.o(i.SerialPortParaInit) refers to main.o(.bss) for FlashPara
    main.o(i.SerialPortParaInit) refers to main.o(.data) for Out_Put_Mode
    main.o(i.SystemClock_Config) refers to memseta.o(.text) for __aeabi_memclr4
    main.o(i.SystemClock_Config) refers to stm32g0xx_hal_pwr_ex.o(i.HAL_PWREx_ControlVoltageScaling) for HAL_PWREx_ControlVoltageScaling
    main.o(i.SystemClock_Config) refers to stm32g0xx_hal_rcc.o(i.HAL_RCC_OscConfig) for HAL_RCC_OscConfig
    main.o(i.SystemClock_Config) refers to main.o(i.Error_Handler) for Error_Handler
    main.o(i.SystemClock_Config) refers to stm32g0xx_hal_rcc.o(i.HAL_RCC_ClockConfig) for HAL_RCC_ClockConfig
    main.o(i.SystemClock_Config) refers to stm32g0xx_hal_rcc_ex.o(i.HAL_RCCEx_PeriphCLKConfig) for HAL_RCCEx_PeriphCLKConfig
    main.o(i.main) refers to main.o(i.RemapInterruptVerctor) for RemapInterruptVerctor
    main.o(i.main) refers to stm32g0xx_hal.o(i.HAL_Init) for HAL_Init
    main.o(i.main) refers to main.o(i.SystemClock_Config) for SystemClock_Config
    main.o(i.main) refers to main.o(i.FlashParaInit) for FlashParaInit
    main.o(i.main) refers to main.o(i.ParaInit) for ParaInit
    main.o(i.main) refers to timer.o(i.MX_TIM1_Init) for MX_TIM1_Init
    main.o(i.main) refers to timer.o(i.MX_TIM3_Init) for MX_TIM3_Init
    main.o(i.main) refers to usart.o(i.MX_LPUART1_UART_Init) for MX_LPUART1_UART_Init
    main.o(i.main) refers to main.o(i.MX_GPIO_Init) for MX_GPIO_Init
    main.o(i.main) refers to stm32g0xx_hal_gpio.o(i.HAL_GPIO_WritePin) for HAL_GPIO_WritePin
    main.o(i.main) refers to spi.o(i.SPI_Send_8Bit) for SPI_Send_8Bit
    main.o(i.main) refers to modbus.o(i.FrameCheck) for FrameCheck
    main.o(i.main) refers to modbus.o(i.MDB_Function) for MDB_Function
    main.o(i.main) refers to usart.o(.data) for RcvPacketFlag
    stm32g0xx_it.o(i.SysTick_Handler) refers to stm32g0xx_hal.o(i.HAL_IncTick) for HAL_IncTick
    stm32g0xx_hal_msp.o(i.HAL_UART_MspInit) refers to memseta.o(.text) for __aeabi_memclr4
    stm32g0xx_hal_msp.o(i.HAL_UART_MspInit) refers to stm32g0xx_hal_gpio.o(i.HAL_GPIO_Init) for HAL_GPIO_Init
    spi.o(i.SPI_Bit_Clr) refers to stm32g0xx_hal_gpio.o(i.HAL_GPIO_WritePin) for HAL_GPIO_WritePin
[...]
    Removing stm32g0xx_hal_flash_ex.o(i.FLASH_OB_GetPCROP1A), (68 bytes).
    Removing stm32g0xx_hal_flash_ex.o(i.FLASH_OB_GetPCROP1B), (52 bytes).
    Removing stm32g0xx_hal_flash_ex.o(i.FLASH_OB_GetRDP), (28 bytes).
    Removing stm32g0xx_hal_flash_ex.o(i.FLASH_OB_GetSecMem), (24 bytes).
    Removing stm32g0xx_hal_flash_ex.o(i.FLASH_OB_GetUser), (24 bytes).
    Removing stm32g0xx_hal_flash_ex.o(i.FLASH_OB_GetWRP), (64 bytes).
    Removing stm32g0xx_hal_flash_ex.o(i.FLASH_OB_OptrConfig), (32 bytes).
    Removing stm32g0xx_hal_flash_ex.o(i.FLASH_OB_PCROP1AConfig), (72 bytes).
    Removing stm32g0xx_hal_flash_ex.o(i.FLASH_OB_PCROP1BConfig), (32 bytes).
    Removing stm32g0xx_hal_flash_ex.o(i.FLASH_OB_SecMemConfig), (32 bytes).
    Removing stm32g0xx_hal_flash_ex.o(i.FLASH_OB_WRPConfig), (32 bytes).
    Removing stm32g0xx_hal_flash_ex.o(i.HAL_FLASHEx_DisableDebugger), (20 bytes).
    Removing stm32g0xx_hal_flash_ex.o(i.HAL_FLASHEx_EnableDebugger), (20 bytes).
    Removing stm32g0xx_hal_flash_ex.o(i.HAL_FLASHEx_EnableSecMemProtection), (20 bytes).
    Removing stm32g0xx_hal_flash_ex.o(i.HAL_FLASHEx_Erase_IT), (124 bytes).
    Removing stm32g0xx_hal_flash_ex.o(i.HAL_FLASHEx_FlashEmptyCheck), (16 bytes).
    Removing stm32g0xx_hal_flash_ex.o(i.HAL_FLASHEx_ForceFlashEmpty), (28 bytes).
    Removing stm32g0xx_hal_flash_ex.o(i.HAL_FLASHEx_OBGetConfig), (84 bytes).
    Removing stm32g0xx_hal_flash_ex.o(i.HAL_FLASHEx_OBProgram), (268 bytes).
    Removing stm32g0xx_hal_dma.o(.rev16_text), (4 bytes).
    Removing stm32g0xx_hal_dma.o(.revsh_text), (4 bytes).
    Removing stm32g0xx_hal_dma.o(i.DMA_CalcDMAMUXChannelBaseAndMask), (52 bytes).
    Removing stm32g0xx_hal_dma.o(i.DMA_CalcDMAMUXRequestGenBaseAndMask), (36 bytes).
    Removing stm32g0xx_hal_dma.o(i.DMA_SetConfig), (76 bytes).
    Removing stm32g0xx_hal_dma.o(i.HAL_DMA_Abort), (152 bytes).
    Removing stm32g0xx_hal_dma.o(i.HAL_DMA_Abort_IT), (180 bytes).
    Removing stm32g0xx_hal_dma.o(i.HAL_DMA_DeInit), (152 bytes).
    Removing stm32g0xx_hal_dma.o(i.HAL_DMA_GetError), (6 bytes).
    Removing stm32g0xx_hal_dma.o(i.HAL_DMA_GetState), (8 bytes).
    Removing stm32g0xx_hal_dma.o(i.HAL_DMA_IRQHandler), (288 bytes).
    Removing stm32g0xx_hal_dma.o(i.HAL_DMA_Init), (196 bytes).
    Removing stm32g0xx_hal_dma.o(i.HAL_DMA_PollForTransfer), (364 bytes).
    Removing stm32g0xx_hal_dma.o(i.HAL_DMA_RegisterCallback), (92 bytes).
    Removing stm32g0xx_hal_dma.o(i.HAL_DMA_Start), (120 bytes).
    Removing stm32g0xx_hal_dma.o(i.HAL_DMA_Start_IT), (210 bytes).
    Removing stm32g0xx_hal_dma.o(i.HAL_DMA_UnRegisterCallback), (108 bytes).
    Removing stm32g0xx_hal_dma_ex.o(.rev16_text), (4 bytes).
    Removing stm32g0xx_hal_dma_ex.o(.revsh_text), (4 bytes).
    Removing stm32g0xx_hal_dma_ex.o(i.HAL_DMAEx_ConfigMuxRequestGenerator), (74 bytes).
    Removing stm32g0xx_hal_dma_ex.o(i.HAL_DMAEx_ConfigMuxSync), (90 bytes).
    Removing stm32g0xx_hal_dma_ex.o(i.HAL_DMAEx_DisableMuxRequestGenerator), (38 bytes).
    Removing stm32g0xx_hal_dma_ex.o(i.HAL_DMAEx_EnableMuxRequestGenerator), (38 bytes).
    Removing stm32g0xx_hal_dma_ex.o(i.HAL_DMAEx_MUX_IRQHandler), (120 bytes).
    Removing stm32g0xx_hal_pwr.o(.rev16_text), (4 bytes).
    Removing stm32g0xx_hal_pwr.o(.revsh_text), (4 bytes).
    Removing stm32g0xx_hal_pwr.o(i.HAL_PWR_ConfigPVD), (192 bytes).
    Removing stm32g0xx_hal_pwr.o(i.HAL_PWR_DeInit), (32 bytes).
    Removing stm32g0xx_hal_pwr.o(i.HAL_PWR_DisableBkUpAccess), (20 bytes).
    Removing stm32g0xx_hal_pwr.o(i.HAL_PWR_DisablePVD), (20 bytes).
    Removing stm32g0xx_hal_pwr.o(i.HAL_PWR_DisableSEVOnPend), (20 bytes).
    Removing stm32g0xx_hal_pwr.o(i.HAL_PWR_DisableSleepOnExit), (20 bytes).
    Removing stm32g0xx_hal_pwr.o(i.HAL_PWR_DisableWakeUpPin), (20 bytes).
    Removing stm32g0xx_hal_pwr.o(i.HAL_PWR_EnableBkUpAccess), (20 bytes).
    Removing stm32g0xx_hal_pwr.o(i.HAL_PWR_EnablePVD), (20 bytes).
    Removing stm32g0xx_hal_pwr.o(i.HAL_PWR_EnableSEVOnPend), (20 bytes).
    Removing stm32g0xx_hal_pwr.o(i.HAL_PWR_EnableSleepOnExit), (20 bytes).
    Removing stm32g0xx_hal_pwr.o(i.HAL_PWR_EnableWakeUpPin), (40 bytes).
    Removing stm32g0xx_hal_pwr.o(i.HAL_PWR_EnterSLEEPMode), (92 bytes).
    Removing stm32g0xx_hal_pwr.o(i.HAL_PWR_EnterSTANDBYMode), (44 bytes).
    Removing stm32g0xx_hal_pwr.o(i.HAL_PWR_EnterSTOPMode), (80 bytes).
    Removing stm32g0xx_hal_pwr.o(i.HAL_PWR_PVD_Falling_Callback), (2 bytes).
    Removing stm32g0xx_hal_pwr.o(i.HAL_PWR_PVD_IRQHandler), (56 bytes).
    Removing stm32g0xx_hal_pwr.o(i.HAL_PWR_PVD_Rising_Callback), (2 bytes).
    Removing stm32g0xx_hal_pwr_ex.o(.rev16_text), (4 bytes).
    Removing stm32g0xx_hal_pwr_ex.o(.revsh_text), (4 bytes).
    Removing stm32g0xx_hal_pwr_ex.o(i.HAL_PWREx_DisableBatteryCharging), (20 bytes).
    Removing stm32g0xx_hal_pwr_ex.o(i.HAL_PWREx_DisableFlashPowerDown), (16 bytes).
    Removing stm32g0xx_hal_pwr_ex.o(i.HAL_PWREx_DisableGPIOPullDown), (104 bytes).
    Removing stm32g0xx_hal_pwr_ex.o(i.HAL_PWREx_DisableGPIOPullUp), (104 bytes).
    Removing stm32g0xx_hal_pwr_ex.o(i.HAL_PWREx_DisableInternalWakeUpLine), (20 bytes).
    Removing stm32g0xx_hal_pwr_ex.o(i.HAL_PWREx_DisableLowPowerRunMode), (80 bytes).
    Removing stm32g0xx_hal_pwr_ex.o(i.HAL_PWREx_DisablePORMonitorSampling), (20 bytes).
    Removing stm32g0xx_hal_pwr_ex.o(i.HAL_PWREx_DisablePullUpPullDownConfig), (20 bytes).
    Removing stm32g0xx_hal_pwr_ex.o(i.HAL_PWREx_DisableSRAMRetention), (20 bytes).
    Removing stm32g0xx_hal_pwr_ex.o(i.HAL_PWREx_EnableBatteryCharging), (32 bytes).
    Removing stm32g0xx_hal_pwr_ex.o(i.HAL_PWREx_EnableFlashPowerDown), (16 bytes).
    Removing stm32g0xx_hal_pwr_ex.o(i.HAL_PWREx_EnableGPIOPullDown), (152 bytes).
    Removing stm32g0xx_hal_pwr_ex.o(i.HAL_PWREx_EnableGPIOPullUp), (152 bytes).
    Removing stm32g0xx_hal_pwr_ex.o(i.HAL_PWREx_EnableInternalWakeUpLine), (20 bytes).
    Removing stm32g0xx_hal_pwr_ex.o(i.HAL_PWREx_EnableLowPowerRunMode), (20 bytes).
    Removing stm32g0xx_hal_pwr_ex.o(i.HAL_PWREx_EnablePORMonitorSampling), (20 bytes).
    Removing stm32g0xx_hal_pwr_ex.o(i.HAL_PWREx_EnablePullUpPullDownConfig), (20 bytes).
    Removing stm32g0xx_hal_pwr_ex.o(i.HAL_PWREx_EnableSRAMRetention), (20 bytes).
    Removing stm32g0xx_hal_pwr_ex.o(i.HAL_PWREx_EnterSHUTDOWNMode), (44 bytes).
    Removing stm32g0xx_hal_pwr_ex.o(i.HAL_PWREx_GetVoltageRange), (16 bytes).
    Removing stm32g0xx_hal_cortex.o(.rev16_text), (4 bytes).
    Removing stm32g0xx_hal_cortex.o(.revsh_text), (4 bytes).
    Removing stm32g0xx_hal_cortex.o(i.HAL_MPU_ConfigRegion), (88 bytes).
    Removing stm32g0xx_hal_cortex.o(i.HAL_MPU_Disable), (28 bytes).
    Removing stm32g0xx_hal_cortex.o(i.HAL_MPU_Enable), (48 bytes).
    Removing stm32g0xx_hal_cortex.o(i.HAL_NVIC_ClearPendingIRQ), (24 bytes).
    Removing stm32g0xx_hal_cortex.o(i.HAL_NVIC_DisableIRQ), (24 bytes).
    Removing stm32g0xx_hal_cortex.o(i.HAL_NVIC_GetPendingIRQ), (40 bytes).
    Removing stm32g0xx_hal_cortex.o(i.HAL_NVIC_GetPriority), (72 bytes).
    Removing stm32g0xx_hal_cortex.o(i.HAL_NVIC_SetPendingIRQ), (24 bytes).
    Removing stm32g0xx_hal_cortex.o(i.HAL_NVIC_SystemReset), (56 bytes).
    Removing stm32g0xx_hal_cortex.o(i.HAL_SYSTICK_CLKSourceConfig), (36 bytes).
    Removing stm32g0xx_hal_cortex.o(i.HAL_SYSTICK_Callback), (2 bytes).
    Removing stm32g0xx_hal_cortex.o(i.HAL_SYSTICK_IRQHandler), (8 bytes).
    Removing stm32g0xx_hal.o(.rev16_text), (4 bytes).
    Removing stm32g0xx_hal.o(.revsh_text), (4 bytes).
    Removing stm32g0xx_hal.o(i.HAL_DBGMCU_DisableDBGStandbyMode), (20 bytes).
    Removing stm32g0xx_hal.o(i.HAL_DBGMCU_DisableDBGStopMode), (20 bytes).
    Removing stm32g0xx_hal.o(i.HAL_DBGMCU_EnableDBGStandbyMode), (20 bytes).
    Removing stm32g0xx_hal.o(i.HAL_DBGMCU_EnableDBGStopMode), (20 bytes).
    Removing stm32g0xx_hal.o(i.HAL_DeInit), (52 bytes).
    Removing stm32g0xx_hal.o(i.HAL_Delay), (44 bytes).
    Removing stm32g0xx_hal.o(i.HAL_GetDEVID), (16 bytes).
    Removing stm32g0xx_hal.o(i.HAL_GetHalVersion), (8 bytes).
    Removing stm32g0xx_hal.o(i.HAL_GetREVID), (12 bytes).
    Removing stm32g0xx_hal.o(i.HAL_GetTickFreq), (12 bytes).
    Removing stm32g0xx_hal.o(i.HAL_GetTickPrio), (12 bytes).
    Removing stm32g0xx_hal.o(i.HAL_GetUIDw0), (12 bytes).
    Removing stm32g0xx_hal.o(i.HAL_GetUIDw1), (12 bytes).
    Removing stm32g0xx_hal.o(i.HAL_GetUIDw2), (12 bytes).
    Removing stm32g0xx_hal.o(i.HAL_MspDeInit), (2 bytes).
    Removing stm32g0xx_hal.o(i.HAL_MspInit), (2 bytes).
    Removing stm32g0xx_hal.o(i.HAL_ResumeTick), (20 bytes).
    Removing stm32g0xx_hal.o(i.HAL_SYSCFG_DisableIOAnalogSwitchBooster), (20 bytes).
    Removing stm32g0xx_hal.o(i.HAL_SYSCFG_DisableRemap), (16 bytes).
    Removing stm32g0xx_hal.o(i.HAL_SYSCFG_DisableVREFBUF), (20 bytes).
    Removing stm32g0xx_hal.o(i.HAL_SYSCFG_EnableIOAnalogSwitchBooster), (20 bytes).
    Removing stm32g0xx_hal.o(i.HAL_SYSCFG_EnableRemap), (16 bytes).
    Removing stm32g0xx_hal.o(i.HAL_SYSCFG_EnableVREFBUF), (56 bytes).
    Removing stm32g0xx_hal.o(i.HAL_SYSCFG_StrobeDBattpinsConfig), (24 bytes).
    Removing stm32g0xx_hal.o(i.HAL_SYSCFG_VREFBUF_HighImpedanceConfig), (20 bytes).
    Removing stm32g0xx_hal.o(i.HAL_SYSCFG_VREFBUF_TrimmingConfig), (20 bytes).
    Removing stm32g0xx_hal.o(i.HAL_SYSCFG_VREFBUF_VoltageScalingConfig), (20 bytes).
    Removing stm32g0xx_hal.o(i.HAL_SetTickFreq), (40 bytes).
    Removing stm32g0xx_hal.o(i.HAL_SuspendTick), (20 bytes).
    Removing stm32g0xx_hal_exti.o(.rev16_text), (4 bytes).
    Removing stm32g0xx_hal_exti.o(.revsh_text), (4 bytes).
    Removing stm32g0xx_hal_exti.o(i.HAL_EXTI_ClearConfigLine), (160 bytes).
    Removing stm32g0xx_hal_exti.o(i.HAL_EXTI_ClearPending), (56 bytes).
    Removing stm32g0xx_hal_exti.o(i.HAL_EXTI_GenerateSWI), (40 bytes).
    Removing stm32g0xx_hal_exti.o(i.HAL_EXTI_GetConfigLine), (224 bytes).
    Removing stm32g0xx_hal_exti.o(i.HAL_EXTI_GetHandle), (16 bytes).
    Removing stm32g0xx_hal_exti.o(i.HAL_EXTI_GetPending), (64 bytes).
    Removing stm32g0xx_hal_exti.o(i.HAL_EXTI_IRQHandler), (96 bytes).
    Removing stm32g0xx_hal_exti.o(i.HAL_EXTI_RegisterCallback), (42 bytes).
    Removing stm32g0xx_hal_exti.o(i.HAL_EXTI_SetConfigLine), (260 bytes).
    Removing stm32g0xx_hal_uart.o(.rev16_text), (4 bytes).
    Removing stm32g0xx_hal_uart.o(.revsh_text), (4 bytes).
    Removing stm32g0xx_hal_uart.o(i.HAL_HalfDuplex_EnableReceiver), (74 bytes).
    Removing stm32g0xx_hal_uart.o(i.HAL_HalfDuplex_EnableTransmitter), (74 bytes).
    Removing stm32g0xx_hal_uart.o(i.HAL_HalfDuplex_Init), (132 bytes).
    Removing stm32g0xx_hal_uart.o(i.HAL_LIN_Init), (174 bytes).
    Removing stm32g0xx_hal_uart.o(i.HAL_LIN_SendBreak), (62 bytes).
    Removing stm32g0xx_hal_uart.o(i.HAL_MultiProcessor_DisableMuteMode), (60 bytes).
    Removing stm32g0xx_hal_uart.o(i.HAL_MultiProcessor_EnableMuteMode), (60 bytes).
    Removing stm32g0xx_hal_uart.o(i.HAL_MultiProcessor_EnterMuteMode), (14 bytes).
    Removing stm32g0xx_hal_uart.o(i.HAL_MultiProcessor_Init), (164 bytes).
    Removing stm32g0xx_hal_uart.o(i.HAL_UART_Abort), (232 bytes).
    Removing stm32g0xx_hal_uart.o(i.HAL_UART_AbortCpltCallback), (2 bytes).
    Removing stm32g0xx_hal_uart.o(i.HAL_UART_AbortReceive), (132 bytes).
    Removing stm32g0xx_hal_uart.o(i.HAL_UART_AbortReceiveCpltCallback), (2 bytes).
    Removing stm32g0xx_hal_uart.o(i.HAL_UART_AbortReceive_IT), (164 bytes).
    Removing stm32g0xx_hal_uart.o(i.HAL_UART_AbortTransmit), (132 bytes).
    Removing stm32g0xx_hal_uart.o(i.HAL_UART_AbortTransmitCpltCallback), (2 bytes).
    Removing stm32g0xx_hal_uart.o(i.HAL_UART_AbortTransmit_IT), (160 bytes).
    Removing stm32g0xx_hal_uart.o(i.HAL_UART_Abort_IT), (288 bytes).
    Removing stm32g0xx_hal_uart.o(i.HAL_UART_DMAPause), (126 bytes).
    Removing stm32g0xx_hal_uart.o(i.HAL_UART_DMAResume), (110 bytes).
    Removing stm32g0xx_hal_uart.o(i.HAL_UART_DMAStop), (152 bytes).
    Removing stm32g0xx_hal_uart.o(i.HAL_UART_DeInit), (76 bytes).
    Removing stm32g0xx_hal_uart.o(i.HAL_UART_ErrorCallback), (2 bytes).
    Removing stm32g0xx_hal_uart.o(i.HAL_UART_GetError), (8 bytes).
    Removing stm32g0xx_hal_uart.o(i.HAL_UART_GetState), (16 bytes).
    Removing stm32g0xx_hal_uart.o(i.HAL_UART_IRQHandler), (572 bytes).
    Removing stm32g0xx_hal_uart.o(i.HAL_UART_MspDeInit), (2 bytes).
    Removing stm32g0xx_hal_uart.o(i.HAL_UART_MspInit), (2 bytes).
    Removing stm32g0xx_hal_uart.o(i.HAL_UART_Receive), (360 bytes).
    Removing stm32g0xx_hal_uart.o(i.HAL_UART_Receive_DMA), (240 bytes).
    Removing stm32g0xx_hal_uart.o(i.HAL_UART_Receive_IT), (376 bytes).
    Removing stm32g0xx_hal_uart.o(i.HAL_UART_RxCpltCallback), (2 bytes).
    Removing stm32g0xx_hal_uart.o(i.HAL_UART_RxHalfCpltCallback), (2 bytes).
    Removing stm32g0xx_hal_uart.o(i.HAL_UART_Transmit_DMA), (224 bytes).
    Removing stm32g0xx_hal_uart.o(i.HAL_UART_Transmit_IT), (232 bytes).
    Removing stm32g0xx_hal_uart.o(i.HAL_UART_TxCpltCallback), (2 bytes).
    Removing stm32g0xx_hal_uart.o(i.HAL_UART_TxHalfCpltCallback), (2 bytes).
    Removing stm32g0xx_hal_uart.o(i.UART_DMAAbortOnError), (24 bytes).
    Removing stm32g0xx_hal_uart.o(i.UART_DMAError), (90 bytes).
    Removing stm32g0xx_hal_uart.o(i.UART_DMAReceiveCplt), (76 bytes).
    Removing stm32g0xx_hal_uart.o(i.UART_DMARxAbortCallback), (80 bytes).
    Removing stm32g0xx_hal_uart.o(i.UART_DMARxHalfCplt), (14 bytes).
    Removing stm32g0xx_hal_uart.o(i.UART_DMARxOnlyAbortCallback), (44 bytes).
    Removing stm32g0xx_hal_uart.o(i.UART_DMATransmitCplt), (58 bytes).
    Removing stm32g0xx_hal_uart.o(i.UART_DMATxAbortCallback), (90 bytes).
    Removing stm32g0xx_hal_uart.o(i.UART_DMATxHalfCplt), (14 bytes).
    Removing stm32g0xx_hal_uart.o(i.UART_DMATxOnlyAbortCallback), (48 bytes).
    Removing stm32g0xx_hal_uart.o(i.UART_EndRxTransfer), (44 bytes).
    Removing stm32g0xx_hal_uart.o(i.UART_EndTransmit_IT), (34 bytes).
    Removing stm32g0xx_hal_uart.o(i.UART_EndTxTransfer), (34 bytes).
    Removing stm32g0xx_hal_uart.o(i.UART_RxISR_16BIT), (112 bytes).
    Removing stm32g0xx_hal_uart.o(i.UART_RxISR_16BIT_FIFOEN), (188 bytes).
    Removing stm32g0xx_hal_uart.o(i.UART_RxISR_8BIT), (112 bytes).
    Removing stm32g0xx_hal_uart.o(i.UART_RxISR_8BIT_FIFOEN), (184 bytes).
    Removing stm32g0xx_hal_uart.o(i.UART_TxISR_16BIT), (74 bytes).
    Removing stm32g0xx_hal_uart.o(i.UART_TxISR_16BIT_FIFOEN), (106 bytes).
    Removing stm32g0xx_hal_uart.o(i.UART_TxISR_8BIT), (70 bytes).
    Removing stm32g0xx_hal_uart.o(i.UART_TxISR_8BIT_FIFOEN), (100 bytes).
    Removing stm32g0xx_hal_uart_ex.o(.rev16_text), (4 bytes).
    Removing stm32g0xx_hal_uart_ex.o(.revsh_text), (4 bytes).
    Removing stm32g0xx_hal_uart_ex.o(i.HAL_MultiProcessorEx_AddressLength_Set), (66 bytes).
    Removing stm32g0xx_hal_uart_ex.o(i.HAL_RS485Ex_Init), (160 bytes).
    Removing stm32g0xx_hal_uart_ex.o(i.HAL_UARTEx_DisableStopMode), (50 bytes).
    Removing stm32g0xx_hal_uart_ex.o(i.HAL_UARTEx_EnableFifoMode), (86 bytes).
    Removing stm32g0xx_hal_uart_ex.o(i.HAL_UARTEx_EnableStopMode), (50 bytes).
    Removing stm32g0xx_hal_uart_ex.o(i.HAL_UARTEx_RxFifoFullCallback), (2 bytes).
    Removing stm32g0xx_hal_uart_ex.o(i.HAL_UARTEx_StopModeWakeUpSourceConfig), (152 bytes).
    Removing stm32g0xx_hal_uart_ex.o(i.HAL_UARTEx_TxFifoEmptyCallback), (2 bytes).
    Removing stm32g0xx_hal_uart_ex.o(i.HAL_UARTEx_WakeupCallback), (2 bytes).
    Removing stm32g0xx_hal_uart_ex.o(i.UARTEx_Wakeup_AddressConfig), (42 bytes).
    Removing stm32g0xx_hal_usart.o(.rev16_text), (4 bytes).
    Removing stm32g0xx_hal_usart.o(.revsh_text), (4 bytes).
    Removing stm32g0xx_hal_usart.o(i.HAL_USART_Abort), (220 bytes).
    Removing stm32g0xx_hal_usart.o(i.HAL_USART_AbortCpltCallback), (2 bytes).
    Removing stm32g0xx_hal_usart.o(i.HAL_USART_Abort_IT), (272 bytes).
    Removing stm32g0xx_hal_usart.o(i.HAL_USART_DMAPause), (148 bytes).
    Removing stm32g0xx_hal_usart.o(i.HAL_USART_DMAResume), (124 bytes).
    Removing stm32g0xx_hal_usart.o(i.HAL_USART_DMAStop), (112 bytes).
    Removing stm32g0xx_hal_usart.o(i.HAL_USART_DeInit), (60 bytes).
    Removing stm32g0xx_hal_usart.o(i.HAL_USART_ErrorCallback), (2 bytes).
    Removing stm32g0xx_hal_usart.o(i.HAL_USART_GetError), (6 bytes).
    Removing stm32g0xx_hal_usart.o(i.HAL_USART_GetState), (8 bytes).
    Removing stm32g0xx_hal_usart.o(i.HAL_USART_IRQHandler), (588 bytes).
    Removing stm32g0xx_hal_usart.o(i.HAL_USART_Init), (108 bytes).
    Removing stm32g0xx_hal_usart.o(i.HAL_USART_MspDeInit), (2 bytes).
    Removing stm32g0xx_hal_usart.o(i.HAL_USART_MspInit), (2 bytes).
    Removing stm32g0xx_hal_usart.o(i.HAL_USART_Receive), (388 bytes).
    Removing stm32g0xx_hal_usart.o(i.HAL_USART_Receive_DMA), (320 bytes).
    Removing stm32g0xx_hal_usart.o(i.HAL_USART_Receive_IT), (404 bytes).
    Removing stm32g0xx_hal_usart.o(i.HAL_USART_RxCpltCallback), (2 bytes).
    Removing stm32g0xx_hal_usart.o(i.HAL_USART_RxHalfCpltCallback), (2 bytes).
    Removing stm32g0xx_hal_usart.o(i.HAL_USART_Transmit), (288 bytes).
    Removing stm32g0xx_hal_usart.o(i.HAL_USART_TransmitReceive), (528 bytes).
    Removing stm32g0xx_hal_usart.o(i.HAL_USART_TransmitReceive_DMA), (356 bytes).
    Removing stm32g0xx_hal_usart.o(i.HAL_USART_TransmitReceive_IT), (424 bytes).
    Removing stm32g0xx_hal_usart.o(i.HAL_USART_Transmit_DMA), (220 bytes).
    Removing stm32g0xx_hal_usart.o(i.HAL_USART_Transmit_IT), (224 bytes).
    Removing stm32g0xx_hal_usart.o(i.HAL_USART_TxCpltCallback), (2 bytes).
    Removing stm32g0xx_hal_usart.o(i.HAL_USART_TxHalfCpltCallback), (2 bytes).
    Removing stm32g0xx_hal_usart.o(i.HAL_USART_TxRxCpltCallback), (2 bytes).
    Removing stm32g0xx_hal_usart.o(i.USART_CheckIdleState), (110 bytes).
    Removing stm32g0xx_hal_usart.o(i.USART_DMAAbortOnError), (20 bytes).
    Removing stm32g0xx_hal_usart.o(i.USART_DMAError), (40 bytes).
    Removing stm32g0xx_hal_usart.o(i.USART_DMAReceiveCplt), (122 bytes).
    Removing stm32g0xx_hal_usart.o(i.USART_DMARxAbortCallback), (58 bytes).
    Removing stm32g0xx_hal_usart.o(i.USART_DMARxHalfCplt), (14 bytes).
    Removing stm32g0xx_hal_usart.o(i.USART_DMATransmitCplt), (70 bytes).
    Removing stm32g0xx_hal_usart.o(i.USART_DMATxAbortCallback), (58 bytes).
    Removing stm32g0xx_hal_usart.o(i.USART_DMATxHalfCplt), (14 bytes).
    Removing stm32g0xx_hal_usart.o(i.USART_EndTransfer), (40 bytes).
    Removing stm32g0xx_hal_usart.o(i.USART_EndTransmit_IT), (92 bytes).
    Removing stm32g0xx_hal_usart.o(i.USART_RxISR_16BIT), (172 bytes).
    Removing stm32g0xx_hal_usart.o(i.USART_RxISR_16BIT_FIFOEN), (300 bytes).
    Removing stm32g0xx_hal_usart.o(i.USART_RxISR_8BIT), (170 bytes).
    Removing stm32g0xx_hal_usart.o(i.USART_RxISR_8BIT_FIFOEN), (296 bytes).
    Removing stm32g0xx_hal_usart.o(i.USART_SetConfig), (984 bytes).
    Removing stm32g0xx_hal_usart.o(i.USART_TxISR_16BIT), (72 bytes).
    Removing stm32g0xx_hal_usart.o(i.USART_TxISR_16BIT_FIFOEN), (102 bytes).
    Removing stm32g0xx_hal_usart.o(i.USART_TxISR_8BIT), (66 bytes).
    Removing stm32g0xx_hal_usart.o(i.USART_TxISR_8BIT_FIFOEN), (98 bytes).
    Removing stm32g0xx_hal_usart.o(i.USART_WaitOnFlagUntilTimeout), (82 bytes).
    Removing stm32g0xx_hal_usart_ex.o(.rev16_text), (4 bytes).
    Removing stm32g0xx_hal_usart_ex.o(.revsh_text), (4 bytes).
    Removing stm32g0xx_hal_usart_ex.o(i.HAL_USARTEx_ConfigNSS), (86 bytes).
    Removing stm32g0xx_hal_usart_ex.o(i.HAL_USARTEx_DisableFifoMode), (84 bytes).
    Removing stm32g0xx_hal_usart_ex.o(i.HAL_USARTEx_DisableSlaveMode), (86 bytes).
    Removing stm32g0xx_hal_usart_ex.o(i.HAL_USARTEx_EnableFifoMode), (86 bytes).
    Removing stm32g0xx_hal_usart_ex.o(i.HAL_USARTEx_EnableSlaveMode), (122 bytes).
    Removing stm32g0xx_hal_usart_ex.o(i.HAL_USARTEx_RxFifoFullCallback), (2 bytes).
    Removing stm32g0xx_hal_usart_ex.o(i.HAL_USARTEx_SetRxFifoThreshold), (96 bytes).
    Removing stm32g0xx_hal_usart_ex.o(i.HAL_USARTEx_SetTxFifoThreshold), (94 bytes).
    Removing stm32g0xx_hal_usart_ex.o(i.HAL_USARTEx_TxFifoEmptyCallback), (2 bytes).
    Removing stm32g0xx_hal_usart_ex.o(i.USARTEx_SetNbDataToProcess), (120 bytes).
    Removing system_stm32g0xx.o(.rev16_text), (4 bytes).
    Removing system_stm32g0xx.o(.revsh_text), (4 bytes).
    Removing system_stm32g0xx.o(i.SystemCoreClockUpdate), (236 bytes).

507 unused section(s) (total 46396 bytes) removed from the image.

==============================================================================

Image Symbol Table

    Local Symbols

    Symbol Name                              Value     Ov Type        Size  Object(Section)

    ../Drivers/STM32G0xx_HAL_Driver/Src/stm32g0xx_hal.c 0x00000000   Number         0  stm32g0xx_hal.o ABSOLUTE
    ../Drivers/STM32G0xx_HAL_Driver/Src/stm32g0xx_hal_cortex.c 0x00000000   Number         0  stm32g0xx_hal_cortex.o ABSOLUTE
    ../Drivers/STM32G0xx_HAL_Driver/Src/stm32g0xx_hal_dma.c 0x00000000   Number         0  stm32g0xx_hal_dma.o ABSOLUTE
    ../Drivers/STM32G0xx_HAL_Driver/Src/stm32g0xx_hal_dma_ex.c 0x00000000   Number         0  stm32g0xx_hal_dma_ex.o ABSOLUTE
    ../Drivers/STM32G0xx_HAL_Driver/Src/stm32g0xx_hal_exti.c 0x00000000   Number         0  stm32g0xx_hal_exti.o ABSOLUTE
    ../Drivers/STM32G0xx_HAL_Driver/Src/stm32g0xx_hal_flash.c 0x00000000   Number         0  stm32g0xx_hal_flash.o ABSOLUTE
    ../Drivers/STM32G0xx_HAL_Driver/Src/stm32g0xx_hal_flash_ex.c 0x00000000   Number         0  stm32g0xx_hal_flash_ex.o ABSOLUTE
    ../Drivers/STM32G0xx_HAL_Driver/Src/stm32g0xx_hal_gpio.c 0x00000000   Number         0  stm32g0xx_hal_gpio.o ABSOLUTE
    ../Drivers/STM32G0xx_HAL_Driver/Src/stm32g0xx_hal_pwr.c 0x00000000   Number         0  stm32g0xx_hal_pwr.o ABSOLUTE
    ../Drivers/STM32G0xx_HAL_Driver/Src/stm32g0xx_hal_pwr_ex.c 0x00000000   Number         0  stm32g0xx_hal_pwr_ex.o ABSOLUTE
    ../Drivers/STM32G0xx_HAL_Driver/Src/stm32g0xx_hal_rcc.c 0x00000000   Number         0  stm32g0xx_hal_rcc.o ABSOLUTE
    ../Drivers/STM32G0xx_HAL_Driver/Src/stm32g0xx_hal_rcc_ex.c 0x00000000   Number         0  stm32g0xx_hal_rcc_ex.o ABSOLUTE
    ../Drivers/STM32G0xx_HAL_Driver/Src/stm32g0xx_hal_tim.c 0x00000000   Number         0  stm32g0xx_hal_tim.o ABSOLUTE
    ../Drivers/STM32G0xx_HAL_Driver/Src/stm32g0xx_hal_tim_ex.c 0x00000000   Number         0  stm32g0xx_hal_tim_ex.o ABSOLUTE
    ../Src/main.c                            0x00000000   Number         0  main.o ABSOLUTE
    ../Src/stm32g0xx_hal_msp.c               0x00000000   Number         0  stm32g0xx_hal_msp.o ABSOLUTE
    ../Src/stm32g0xx_it.c                    0x00000000   Number         0  stm32g0xx_it.o ABSOLUTE
    ../Src/system_stm32g0xx.c                0x00000000   Number         0  system_stm32g0xx.o ABSOLUTE
    ../clib/../cmprslib/lz77c.c              0x00000000   Number         0  __dclz77c.o ABSOLUTE
    ../clib/microlib/division.c              0x00000000   Number         0  uldiv.o ABSOLUTE
    ../clib/microlib/division.c              0x00000000   Number         0  idiv.o ABSOLUTE
    ../clib/microlib/division.c              0x00000000   Number         0  uidiv.o ABSOLUTE
    ../clib/microlib/init/entry.s            0x00000000   Number         0  entry8a.o ABSOLUTE
    ../clib/microlib/init/entry.s            0x00000000   Number         0  entry7a.o ABSOLUTE
    ../clib/microlib/init/entry.s            0x00000000   Number         0  entry5.o ABSOLUTE
    ../clib/microlib/init/entry.s            0x00000000   Number         0  entry10a.o ABSOLUTE
    ../clib/microlib/init/entry.s            0x00000000   Number         0  entry11b.o ABSOLUTE
    ../clib/microlib/init/entry.s            0x00000000   Number         0  entry.o ABSOLUTE
    ../clib/microlib/init/entry.s            0x00000000   Number         0  entry11a.o ABSOLUTE
    ../clib/microlib/init/entry.s            0x00000000   Number         0  entry7b.o ABSOLUTE
    ../clib/microlib/init/entry.s            0x00000000   Number         0  entry10b.o ABSOLUTE
    ../clib/microlib/init/entry.s            0x00000000   Number         0  entry8b.o ABSOLUTE
    ../clib/microlib/init/entry.s            0x00000000   Number         0  entry9a.o ABSOLUTE
    ../clib/microlib/init/entry.s            0x00000000   Number         0  entry2.o ABSOLUTE
    ../clib/microlib/init/entry.s            0x00000000   Number         0  entry9b.o ABSOLUTE
    ../clib/microlib/longlong.c              0x00000000   Number         0  llmul.o ABSOLUTE
    ../clib/microlib/longlong.c              0x00000000   Number         0  llushr.o ABSOLUTE
    ../clib/microlib/longlong.c              0x00000000   Number         0  llshl.o ABSOLUTE
    ../clib/microlib/string/memcmp.c         0x00000000   Number         0  memcmp.o ABSOLUTE
    ../clib/microlib/string/memset.c         0x00000000   Number         0  memseta.o ABSOLUTE
    ..\Drivers\CMSIS\Device\ST\STM32G0xx\Source\Templates\arm\startup_stm32g070xx.s 0x00000000   Number         0  startup_stm32g070xx.o ABSOLUTE
    ..\Drivers\STM32G0xx_HAL_Driver\Src\stm32g0xx_hal.c 0x00000000   Number         0  stm32g0xx_hal.o ABSOLUTE
    ..\Drivers\STM32G0xx_HAL_Driver\Src\stm32g0xx_hal_cortex.c 0x00000000   Number         0  stm32g0xx_hal_cortex.o ABSOLUTE
    ..\Drivers\STM32G0xx_HAL_Driver\Src\stm32g0xx_hal_dma.c 0x00000000   Number         0  stm32g0xx_hal_dma.o ABSOLUTE
    ..\Drivers\STM32G0xx_HAL_Driver\Src\stm32g0xx_hal_dma_ex.c 0x00000000   Number         0  stm32g0xx_hal_dma_ex.o ABSOLUTE
    ..\Drivers\STM32G0xx_HAL_Driver\Src\stm32g0xx_hal_exti.c 0x00000000   Number         0  stm32g0xx_hal_exti.o ABSOLUTE
    ..\Drivers\STM32G0xx_HAL_Driver\Src\stm32g0xx_hal_flash.c 0x00000000   Number         0  stm32g0xx_hal_flash.o ABSOLUTE
    ..\Drivers\STM32G0xx_HAL_Driver\Src\stm32g0xx_hal_flash_ex.c 0x00000000   Number         0  stm32g0xx_hal_flash_ex.o ABSOLUTE
    ..\Drivers\STM32G0xx_HAL_Driver\Src\stm32g0xx_hal_gpio.c 0x00000000   Number         0  stm32g0xx_hal_gpio.o ABSOLUTE
    ..\Drivers\STM32G0xx_HAL_Driver\Src\stm32g0xx_hal_pwr.c 0x00000000   Number         0  stm32g0xx_hal_pwr.o ABSOLUTE
    ..\Drivers\STM32G0xx_HAL_Driver\Src\stm32g0xx_hal_pwr_ex.c 0x00000000   Number         0  stm32g0xx_hal_pwr_ex.o ABSOLUTE
    ..\Drivers\STM32G0xx_HAL_Driver\Src\stm32g0xx_hal_rcc.c 0x00000000   Number         0  stm32g0xx_hal_rcc.o ABSOLUTE
    ..\Drivers\STM32G0xx_HAL_Driver\Src\stm32g0xx_hal_rcc_ex.c 0x00000000   Number         0  stm32g0xx_hal_rcc_ex.o ABSOLUTE
    ..\Drivers\STM32G0xx_HAL_Driver\Src\stm32g0xx_hal_tim.c 0x00000000   Number         0  stm32g0xx_hal_tim.o ABSOLUTE
    ..\Drivers\STM32G0xx_HAL_Driver\Src\stm32g0xx_hal_tim_ex.c 0x00000000   Number         0  stm32g0xx_hal_tim_ex.o ABSOLUTE
    ..\Drivers\STM32G0xx_HAL_Driver\Src\stm32g0xx_hal_uart.c 0x00000000   Number         0  stm32g0xx_hal_uart.o ABSOLUTE
    ..\Drivers\STM32G0xx_HAL_Driver\Src\stm32g0xx_hal_uart_ex.c 0x00000000   Number         0  stm32g0xx_hal_uart_ex.o ABSOLUTE
    ..\Drivers\STM32G0xx_HAL_Driver\Src\stm32g0xx_hal_usart.c 0x00000000   Number         0  stm32g0xx_hal_usart.o ABSOLUTE
    ..\Drivers\STM32G0xx_HAL_Driver\Src\stm32g0xx_hal_usart_ex.c 0x00000000   Number         0  stm32g0xx_hal_usart_ex.o ABSOLUTE
    ..\Drivers\STM32G0xx_HAL_Driver\Src\stm32g0xx_ll_usart.c 0x00000000   Number         0  stm32g0xx_ll_usart.o ABSOLUTE
    ..\Src\SPI.c                             0x00000000   Number         0  spi.o ABSOLUTE
    ..\Src\check.c                           0x00000000   Number         0  check.o ABSOLUTE
    ..\Src\flash.c                           0x00000000   Number         0  flash.o ABSOLUTE
    ..\Src\main.c                            0x00000000   Number         0  main.o ABSOLUTE
    ..\Src\modbus.c                          0x00000000   Number         0  modbus.o ABSOLUTE
    ..\Src\stm32g0xx_hal_msp.c               0x00000000   Number         0  stm32g0xx_hal_msp.o ABSOLUTE
    ..\Src\stm32g0xx_it.c                    0x00000000   Number         0  stm32g0xx_it.o ABSOLUTE
    ..\Src\system_stm32g0xx.c                0x00000000   Number         0  system_stm32g0xx.o ABSOLUTE
    ..\Src\timer.c                           0x00000000   Number         0  timer.o ABSOLUTE
    ..\Src\type.c                            0x00000000   Number         0  type.o ABSOLUTE
    ..\Src\usart.c                           0x00000000   Number         0  usart.o ABSOLUTE
    ..\\Drivers\\STM32G0xx_HAL_Driver\\Src\\stm32g0xx_hal_uart.c 0x00000000   Number         0  stm32g0xx_hal_uart.o ABSOLUTE
    ..\\Drivers\\STM32G0xx_HAL_Driver\\Src\\stm32g0xx_hal_uart_ex.c 0x00000000   Number         0  stm32g0xx_hal_uart_ex.o ABSOLUTE
    ..\\Drivers\\STM32G0xx_HAL_Driver\\Src\\stm32g0xx_hal_usart.c 0x00000000   Number         0  stm32g0xx_hal_usart.o ABSOLUTE
    ..\\Drivers\\STM32G0xx_HAL_Driver\\Src\\stm32g0xx_hal_usart_ex.c 0x00000000   Number         0  stm32g0xx_hal_usart_ex.o ABSOLUTE
    ..\\Src\\SPI.c                           0x00000000   Number         0  spi.o ABSOLUTE
    ..\\Src\\check.c                         0x00000000   Number         0  check.o ABSOLUTE
    ..\\Src\\flash.c                         0x00000000   Number         0  flash.o ABSOLUTE
    ..\\Src\\modbus.c                        0x00000000   Number         0  modbus.o ABSOLUTE
    ..\\Src\\timer.c                         0x00000000   Number         0  timer.o ABSOLUTE
    ..\\Src\\type.c                          0x00000000   Number         0  type.o ABSOLUTE
    ..\\Src\\usart.c                         0x00000000   Number         0  usart.o ABSOLUTE
    dc.s                                     0x00000000   Number         0  dc.o ABSOLUTE
    handlers.s                               0x00000000   Number         0  handlers.o ABSOLUTE
    init.s                                   0x00000000   Number         0  init.o ABSOLUTE
    RESET                                    0x08004000   Section      184  startup_stm32g070xx.o(RESET)
    .ARM.Collect$$$$00000000                 0x080040b8   Section        0  entry.o(.ARM.Collect$$$$00000000)
    .ARM.Collect$$$$00000001                 0x080040b8   Section        4  entry2.o(.ARM.Collect$$$$00000001)
    .ARM.Collect$$$$00000004                 0x080040bc   Section        4  entry5.o(.ARM.Collect$$$$00000004)
    .ARM.Collect$$$$00000008                 0x080040c0   Section        0  entry7b.o(.ARM.Collect$$$$00000008)
    .ARM.Collect$$$$0000000A                 0x080040c0   Section        0  entry8b.o(.ARM.Collect$$$$0000000A)
    .ARM.Collect$$$$0000000B                 0x080040c0   Section        8  entry9a.o(.ARM.Collect$$$$0000000B)
    .ARM.Collect$$$$0000000D                 0x080040c8   Section        0  entry10a.o(.ARM.Collect$$$$0000000D)
    .ARM.Collect$$$$0000000F                 0x080040c8   Section        0  entry11a.o(.ARM.Collect$$$$0000000F)
    .ARM.Collect$$$$00002712                 0x080040c8   Section        4  entry2.o(.ARM.Collect$$$$00002712)
    __lit__00000000                          0x080040c8   Data           4  entry2.o(.ARM.Collect$$$$00002712)
    .text                                    0x080040cc   Section       28  startup_stm32g070xx.o(.text)
    .text                                    0x080040e8   Section        0  uidiv.o(.text)
    .text                                    0x08004114   Section        0  idiv.o(.text)
    .text                                    0x0800413c   Section        0  uldiv.o(.text)
    .text                                    0x0800419c   Section        0  llmul.o(.text)
    .text                                    0x08004216   Section        0  memseta.o(.text)
    .text                                    0x0800423a   Section        0  memcmp.o(.text)
    .text                                    0x08004254   Section        0  llshl.o(.text)
    .text                                    0x08004274   Section        0  llushr.o(.text)
    .text                                    0x08004298   Section       36  init.o(.text)
    .text                                    0x080042bc   Section        0  __dclz77c.o(.text)
    i.BackupCurParaToFlash                   0x0800431c   Section        0  modbus.o(i.BackupCurParaToFlash)
    i.DataTransform                          0x0800436c   Section        0  main.o(i.DataTransform)
    i.DefaultParaInit                        0x080043f8   Section        0  main.o(i.DefaultParaInit)
    i.Delay_us                               0x08004480   Section        0  spi.o(i.Delay_us)
    i.Error_Handler                          0x08004490   Section        0  main.o(i.Error_Handler)
    i.FLASH_MassErase                        0x08004494   Section        0  stm32g0xx_hal_flash_ex.o(i.FLASH_MassErase)
    FLASH_MassErase                          0x08004495   Thumb Code    14  stm32g0xx_hal_flash_ex.o(i.FLASH_MassErase)
    i.FLASH_PageErase                        0x080044ac   Section        0  stm32g0xx_hal_flash_ex.o(i.FLASH_PageErase)
    i.FLASH_Program_DoubleWord               0x080044d0   Section        0  stm32g0xx_hal_flash.o(i.FLASH_Program_DoubleWord)
    FLASH_Program_DoubleWord                 0x080044d1   Thumb Code    36  stm32g0xx_hal_flash.o(i.FLASH_Program_DoubleWord)
    i.FLASH_Program_Fast                     0x080044f8   Section        0  stm32g0xx_hal_flash.o(i.FLASH_Program_Fast)
    FLASH_Program_Fast                       0x080044f9   Thumb Code    78  stm32g0xx_hal_flash.o(i.FLASH_Program_Fast)
    i.FLASH_WaitForLastOperation             0x0800454c   Section        0  stm32g0xx_hal_flash.o(i.FLASH_WaitForLastOperation)
    i.FlashPageErase                         0x080045ec   Section        0  flash.o(i.FlashPageErase)
    i.FlashParaInit                          0x08004654   Section        0  main.o(i.FlashParaInit)
    i.FlashReadHalfWord                      0x08004680   Section        0  flash.o(i.FlashReadHalfWord)
    i.FlashReadNHalfWord                     0x08004686   Section        0  flash.o(i.FlashReadNHalfWord)
    i.FlashWriteDoubleWord                   0x080046ac   Section        0  flash.o(i.FlashWriteDoubleWord)
    i.FrameCheck                             0x080046e4   Section        0  modbus.o(i.FrameCheck)
    i.GetPage                                0x08004774   Section        0  flash.o(i.GetPage)
    i.HAL_FLASHEx_Erase                      0x08004780   Section        0  stm32g0xx_hal_flash_ex.o(i.HAL_FLASHEx_Erase)
    i.HAL_FLASH_Lock                         0x08004818   Section        0  stm32g0xx_hal_flash.o(i.HAL_FLASH_Lock)
    i.HAL_FLASH_Program                      0x0800483c   Section        0  stm32g0xx_hal_flash.o(i.HAL_FLASH_Program)
    i.HAL_FLASH_Unlock                       0x080048b4   Section        0  stm32g0xx_hal_flash.o(i.HAL_FLASH_Unlock)
    i.HAL_GPIO_Init                          0x080048e8   Section        0  stm32g0xx_hal_gpio.o(i.HAL_GPIO_Init)
    i.HAL_GPIO_WritePin                      0x08004ab8   Section        0  stm32g0xx_hal_gpio.o(i.HAL_GPIO_WritePin)
    i.HAL_GetTick                            0x08004ac4   Section        0  stm32g0xx_hal.o(i.HAL_GetTick)
    i.HAL_IncTick                            0x08004ad0   Section        0  stm32g0xx_hal.o(i.HAL_IncTick)
    i.HAL_Init                               0x08004ae8   Section        0  stm32g0xx_hal.o(i.HAL_Init)
    i.HAL_InitTick                           0x08004b14   Section        0  stm32g0xx_hal.o(i.HAL_InitTick)
    i.HAL_MspInit                            0x08004b74   Section        0  stm32g0xx_hal_msp.o(i.HAL_MspInit)
    i.HAL_NVIC_EnableIRQ                     0x08004bb8   Section        0  stm32g0xx_hal_cortex.o(i.HAL_NVIC_EnableIRQ)
    i.HAL_NVIC_SetPriority                   0x08004bd0   Section        0  stm32g0xx_hal_cortex.o(i.HAL_NVIC_SetPriority)
    i.HAL_PWREx_ControlVoltageScaling        0x08004be4   Section        0  stm32g0xx_hal_pwr_ex.o(i.HAL_PWREx_ControlVoltageScaling)
    i.HAL_RCCEx_PeriphCLKConfig              0x08004c3c   Section        0  stm32g0xx_hal_rcc_ex.o(i.HAL_RCCEx_PeriphCLKConfig)
    i.HAL_RCC_ClockConfig                    0x08004f30   Section        0  stm32g0xx_hal_rcc.o(i.HAL_RCC_ClockConfig)
    i.HAL_RCC_GetHCLKFreq                    0x080050fc   Section        0  stm32g0xx_hal_rcc.o(i.HAL_RCC_GetHCLKFreq)
    i.HAL_RCC_GetPCLK1Freq                   0x08005108   Section        0  stm32g0xx_hal_rcc.o(i.HAL_RCC_GetPCLK1Freq)
    i.HAL_RCC_GetSysClockFreq                0x08005130   Section        0  stm32g0xx_hal_rcc.o(i.HAL_RCC_GetSysClockFreq)
    i.HAL_RCC_OscConfig                      0x08005214   Section        0  stm32g0xx_hal_rcc.o(i.HAL_RCC_OscConfig)
    i.HAL_SYSTICK_Config                     0x080057d4   Section        0  stm32g0xx_hal_cortex.o(i.HAL_SYSTICK_Config)
    i.HAL_TIMEx_MasterConfigSynchronization  0x0800580c   Section        0  stm32g0xx_hal_tim_ex.o(i.HAL_TIMEx_MasterConfigSynchronization)
    i.HAL_TIM_Base_Init                      0x08005884   Section        0  stm32g0xx_hal_tim.o(i.HAL_TIM_Base_Init)
    i.HAL_TIM_Base_MspInit                   0x080058bc   Section        0  stm32g0xx_hal_tim.o(i.HAL_TIM_Base_MspInit)
    i.HAL_TIM_Base_Start                     0x080058c0   Section        0  stm32g0xx_hal_tim.o(i.HAL_TIM_Base_Start)
    i.HAL_TIM_Base_Start_IT                  0x080058f8   Section        0  stm32g0xx_hal_tim.o(i.HAL_TIM_Base_Start_IT)
    i.HAL_TIM_Base_Stop                      0x08005930   Section        0  stm32g0xx_hal_tim.o(i.HAL_TIM_Base_Stop)
    i.HAL_TIM_ConfigClockSource              0x08005970   Section        0  stm32g0xx_hal_tim.o(i.HAL_TIM_ConfigClockSource)
    i.HAL_UARTEx_DisableFifoMode             0x08005a80   Section        0  stm32g0xx_hal_uart_ex.o(i.HAL_UARTEx_DisableFifoMode)
    i.HAL_UARTEx_SetRxFifoThreshold          0x08005ad4   Section        0  stm32g0xx_hal_uart_ex.o(i.HAL_UARTEx_SetRxFifoThreshold)
    i.HAL_UARTEx_SetTxFifoThreshold          0x08005b34   Section        0  stm32g0xx_hal_uart_ex.o(i.HAL_UARTEx_SetTxFifoThreshold)
    i.HAL_UART_Init                          0x08005b92   Section        0  stm32g0xx_hal_uart.o(i.HAL_UART_Init)
    i.HAL_UART_MspInit                       0x08005c14   Section        0  stm32g0xx_hal_msp.o(i.HAL_UART_MspInit)
    i.HAL_UART_Transmit                      0x08005cc4   Section        0  stm32g0xx_hal_uart.o(i.HAL_UART_Transmit)
    i.HardFault_Handler                      0x08005dcc   Section        0  stm32g0xx_it.o(i.HardFault_Handler)
    i.MDB_Check                              0x08005dd0   Section        0  check.o(i.MDB_Check)
    i.MDB_F03_Broadcast_Read_Slave_Addr      0x08005e18   Section        0  modbus.o(i.MDB_F03_Broadcast_Read_Slave_Addr)
    i.MDB_F03_Read_Addr_Baud_Parity          0x08005e84   Section        0  modbus.o(i.MDB_F03_Read_Addr_Baud_Parity)
    i.MDB_F03_Read_Hold_Reg                  0x08005f34   Section        0  modbus.o(i.MDB_F03_Read_Hold_Reg)
    i.MDB_F03_Read_Single_Hold_Reg           0x08005f88   Section        0  modbus.o(i.MDB_F03_Read_Single_Hold_Reg)
    i.MDB_F04_Read_Input_Reg                 0x08005ffc   Section        0  modbus.o(i.MDB_F04_Read_Input_Reg)
    i.MDB_F05_Write_Coil_Reg                 0x080061e4   Section        0  modbus.o(i.MDB_F05_Write_Coil_Reg)
    i.MDB_F05_Write_Reset                    0x08006214   Section        0  modbus.o(i.MDB_F05_Write_Reset)
    i.MDB_F10_Write_Addr_Baud_Parity         0x080062a0   Section        0  modbus.o(i.MDB_F10_Write_Addr_Baud_Parity)
    i.MDB_F10_Write_Hold_Reg                 0x080063dc   Section        0  modbus.o(i.MDB_F10_Write_Hold_Reg)
    i.MDB_F10_Write_Single_Hold_Reg          0x08006434   Section        0  modbus.o(i.MDB_F10_Write_Single_Hold_Reg)
    i.MDB_F25_Int_Write_Coil_Reg             0x080064ec   Section        0  modbus.o(i.MDB_F25_Int_Write_Coil_Reg)
    i.MDB_F25_Int_Write_Upgrade              0x0800651c   Section        0  modbus.o(i.MDB_F25_Int_Write_Upgrade)
    i.MDB_F27_Int_Write_Hold_Reg             0x0800658c   Section        0  modbus.o(i.MDB_F27_Int_Write_Hold_Reg)
    i.MDB_F27_Int_Write_Pos_Reg              0x080065dc   Section        0  modbus.o(i.MDB_F27_Int_Write_Pos_Reg)
    i.MDB_Function                           0x08006684   Section        0  modbus.o(i.MDB_Function)
    i.MDB_Get_CRC16                          0x08006730   Section        0  check.o(i.MDB_Get_CRC16)
    i.MDB_Get_LRC                            0x08006768   Section        0  check.o(i.MDB_Get_LRC)
    i.MDB_Get_Slave_Addr                     0x0800678e   Section        0  modbus.o(i.MDB_Get_Slave_Addr)
    i.MDB_Get_master_request_data            0x08006794   Section        0  usart.o(i.MDB_Get_master_request_data)
    i.MDB_Snd_Msg                            0x080067ac   Section        0  modbus.o(i.MDB_Snd_Msg)
    i.MX_GPIO_Init                           0x080068ec   Section        0  main.o(i.MX_GPIO_Init)
    MX_GPIO_Init                             0x080068ed   Thumb Code   206  main.o(i.MX_GPIO_Init)
    i.MX_LPUART1_UART_Init                   0x080069c4   Section        0  usart.o(i.MX_LPUART1_UART_Init)
    i.MX_TIM1_Init                           0x08006ad0   Section        0  timer.o(i.MX_TIM1_Init)
    i.MX_TIM3_Init                           0x08006bc8   Section        0  timer.o(i.MX_TIM3_Init)
    i.NMI_Handler                            0x08006cb0   Section        0  stm32g0xx_it.o(i.NMI_Handler)
    i.NVIC_SetPriority                       0x08006cb4   Section        0  stm32g0xx_hal_cortex.o(i.NVIC_SetPriority)
    NVIC_SetPriority                         0x08006cb5   Thumb Code   110  stm32g0xx_hal_cortex.o(i.NVIC_SetPriority)
    i.NVIC_SystemReset                       0x08006d2c   Section        0  modbus.o(i.NVIC_SystemReset)
    NVIC_SystemReset                         0x08006d2d   Thumb Code    44  modbus.o(i.NVIC_SystemReset)
    i.ParaInit                               0x08006d60   Section        0  main.o(i.ParaInit)
    i.PendSV_Handler                         0x08006d68   Section        0  stm32g0xx_it.o(i.PendSV_Handler)
    i.ReadFlashPara                          0x08006d6c   Section        0  main.o(i.ReadFlashPara)
    i.RemapInterruptVerctor                  0x08006d88   Section        0  main.o(i.RemapInterruptVerctor)
    i.SPI_Bit_Clr                            0x08006de0   Section        0  spi.o(i.SPI_Bit_Clr)
    i.SPI_Bit_Set                            0x08006e1a   Section        0  spi.o(i.SPI_Bit_Set)
    i.SPI_Send_8Bit                          0x08006e54   Section        0  spi.o(i.SPI_Send_8Bit)
    i.SVC_Handler                            0x08006e90   Section        0  stm32g0xx_it.o(i.SVC_Handler)
    i.SerialPortParaInit                     0x08006e94   Section        0  main.o(i.SerialPortParaInit)
    i.SysTick_Handler                        0x08006ea8   Section        0  stm32g0xx_it.o(i.SysTick_Handler)
    i.SystemClock_Config                     0x08006eb0   Section        0  main.o(i.SystemClock_Config)
    i.SystemInit                             0x08006f30   Section        0  system_stm32g0xx.o(i.SystemInit)
    i.TIM1_BRK_UP_TRG_COM_IRQHandler         0x08006f40   Section        0  timer.o(i.TIM1_BRK_UP_TRG_COM_IRQHandler)
    i.TIM3_IRQHandler                        0x08006f98   Section        0  timer.o(i.TIM3_IRQHandler)
    i.TIM_Base_SetConfig                     0x08007014   Section        0  stm32g0xx_hal_tim.o(i.TIM_Base_SetConfig)
    i.TIM_ETR_SetConfig                      0x080070c4   Section        0  stm32g0xx_hal_tim.o(i.TIM_ETR_SetConfig)
    i.TIM_ITRx_SetConfig                     0x080070e0   Section        0  stm32g0xx_hal_tim.o(i.TIM_ITRx_SetConfig)
    TIM_ITRx_SetConfig                       0x080070e1   Thumb Code    18  stm32g0xx_hal_tim.o(i.TIM_ITRx_SetConfig)
    i.TIM_TI1_ConfigInputStage               0x080070f8   Section        0  stm32g0xx_hal_tim.o(i.TIM_TI1_ConfigInputStage)
    TIM_TI1_ConfigInputStage                 0x080070f9   Thumb Code    50  stm32g0xx_hal_tim.o(i.TIM_TI1_ConfigInputStage)
    i.TIM_TI2_ConfigInputStage               0x0800712a   Section        0  stm32g0xx_hal_tim.o(i.TIM_TI2_ConfigInputStage)
    TIM_TI2_ConfigInputStage                 0x0800712b   Thumb Code    50  stm32g0xx_hal_tim.o(i.TIM_TI2_ConfigInputStage)
    i.UARTEx_SetNbDataToProcess              0x0800715c   Section        0  stm32g0xx_hal_uart_ex.o(i.UARTEx_SetNbDataToProcess)
    UARTEx_SetNbDataToProcess                0x0800715d   Thumb Code   114  stm32g0xx_hal_uart_ex.o(i.UARTEx_SetNbDataToProcess)
    i.UART_AdvFeatureConfig                  0x080071e0   Section        0  stm32g0xx_hal_uart.o(i.UART_AdvFeatureConfig)
    i.UART_CheckIdleState                    0x080072d0   Section        0  stm32g0xx_hal_uart.o(i.UART_CheckIdleState)
    i.UART_SetConfig                         0x08007344   Section        0  stm32g0xx_hal_uart.o(i.UART_SetConfig)
    i.UART_WaitOnFlagUntilTimeout            0x08007fe8   Section        0  stm32g0xx_hal_uart.o(i.UART_WaitOnFlagUntilTimeout)
    i.WriteCurParaToFlash                    0x08008058   Section        0  modbus.o(i.WriteCurParaToFlash)
    i.WriteParaInit                          0x080080a8   Section        0  modbus.o(i.WriteParaInit)
    i.__ARM_common_switch8                   0x08008100   Section        0  modbus.o(i.__ARM_common_switch8)
    i.__scatterload_copy                     0x0800811c   Section       14  handlers.o(i.__scatterload_copy)
    i.__scatterload_null                     0x0800812a   Section        2  handlers.o(i.__scatterload_null)
    i.__scatterload_zeroinit                 0x0800812c   Section       14  handlers.o(i.__scatterload_zeroinit)
    i.main                                   0x0800813c   Section        0  main.o(i.main)
    .constdata                               0x080081d4   Section       96  system_stm32g0xx.o(.constdata)
    .ARM.__AT_0x20000000                     0x20000000   Section      192  main.o(.ARM.__AT_0x20000000)
    .data                                    0x200000c0   Section      544  main.o(.data)
    auchCRCLo                                0x200000c0   Data         256  main.o(.data)
    auchCRCHi                                0x200001c0   Data         256  main.o(.data)
    .data                                    0x200002e0   Section      512  check.o(.data)
    auchCRCLo                                0x200002e0   Data         256  check.o(.data)
    auchCRCHi                                0x200003e0   Data         256  check.o(.data)
    .data                                    0x200004e0   Section      528  flash.o(.data)
    auchCRCLo                                0x200004e0   Data         256  flash.o(.data)
    auchCRCHi                                0x200005e0   Data         256  flash.o(.data)
    .data                                    0x200006f0   Section      514  modbus.o(.data)
    auchCRCLo                                0x200006f0   Data         256  modbus.o(.data)
    auchCRCHi                                0x200007f0   Data         256  modbus.o(.data)
    .data                                    0x200008f2   Section      516  timer.o(.data)
    auchCRCLo                                0x200008f2   Data         256  timer.o(.data)
    auchCRCHi                                0x200009f2   Data         256  timer.o(.data)
    Index                                    0x20000af4   Data           2  timer.o(.data)
    .data                                    0x20000af8   Section      622  type.o(.data)
    auchCRCLo                                0x20000af8   Data         256  type.o(.data)
    auchCRCHi                                0x20000bf8   Data         256  type.o(.data)
    .data                                    0x20000d68   Section      524  usart.o(.data)
    auchCRCLo                                0x20000d68   Data         256  usart.o(.data)
    auchCRCHi                                0x20000e68   Data         256  usart.o(.data)
    .data                                    0x20000f74   Section       12  stm32g0xx_hal.o(.data)
    .data                                    0x20000f80   Section        4  system_stm32g0xx.o(.data)
    .bss                                     0x20000f84   Section      248  main.o(.bss)
    .bss                                     0x2000107c   Section       12  flash.o(.bss)
    .bss                                     0x20001088   Section      200  modbus.o(.bss)
    .bss                                     0x20001150   Section      192  timer.o(.bss)
    .bss                                     0x20001210   Section      340  usart.o(.bss)
    .bss                                     0x20001364   Section       24  stm32g0xx_hal_flash.o(.bss)
    STACK                                    0x20001380   Section     1024  startup_stm32g070xx.o(STACK)

    Global Symbols

    Symbol Name                              Value     Ov Type        Size  Object(Section)

    BuildAttributes$$THM_ISAv3M$S$PE$A:L22$X:L11$S22$IEEE1$IW$USESV6$~STKCKD$USESV7$~SHL$OSPACE$EBA8$MICROLIB$REQ8$PRES8$EABIv2 0x00000000   Number         0  anon$$obj.o ABSOLUTE
    __ARM_use_no_argv                        0x00000000   Number         0  main.o ABSOLUTE
    __cpp_initialize__aeabi_                  - Undefined Weak Reference
    __cxa_finalize                            - Undefined Weak Reference
    _clock_init                               - Undefined Weak Reference
    _microlib_exit                            - Undefined Weak Reference
    __Vectors_Size                           0x000000b8   Number         0  startup_stm32g070xx.o ABSOLUTE
    __Vectors                                0x08004000   Data           4  startup_stm32g070xx.o(RESET)
    __Vectors_End                            0x080040b8   Data           0  startup_stm32g070xx.o(RESET)
    __main                                   0x080040b9   Thumb Code     0  entry.o(.ARM.Collect$$$$00000000)
    _main_stk                                0x080040b9   Thumb Code     0  entry2.o(.ARM.Collect$$$$00000001)
    _main_scatterload                        0x080040bd   Thumb Code     0  entry5.o(.ARM.Collect$$$$00000004)
    __main_after_scatterload                 0x080040c1   Thumb Code     0  entry5.o(.ARM.Collect$$$$00000004)
    _main_clock                              0x080040c1   Thumb Code     0  entry7b.o(.ARM.Collect$$$$00000008)
    _main_cpp_init                           0x080040c1   Thumb Code     0  entry8b.o(.ARM.Collect$$$$0000000A)
    _main_init                               0x080040c1   Thumb Code     0  entry9a.o(.ARM.Collect$$$$0000000B)
    __rt_final_cpp                           0x080040c9   Thumb Code     0  entry10a.o(.ARM.Collect$$$$0000000D)
    __rt_final_exit                          0x080040c9   Thumb Code     0  entry11a.o(.ARM.Collect$$$$0000000F)
    Reset_Handler                            0x080040cd   Thumb Code     8  startup_stm32g070xx.o(.text)
    ADC1_IRQHandler                          0x080040df   Thumb Code     0  startup_stm32g070xx.o(.text)
    DMA1_Ch4_7_DMAMUX1_OVR_IRQHandler        0x080040df   Thumb Code     0  startup_stm32g070xx.o(.text)
    DMA1_Channel1_IRQHandler                 0x080040df   Thumb Code     0  startup_stm32g070xx.o(.text)
    DMA1_Channel2_3_IRQHandler               0x080040df   Thumb Code     0  startup_stm32g070xx.o(.text)
    EXTI0_1_IRQHandler                       0x080040df   Thumb Code     0  startup_stm32g070xx.o(.text)
    EXTI2_3_IRQHandler                       0x080040df   Thumb Code     0  startup_stm32g070xx.o(.text)
    EXTI4_15_IRQHandler                      0x080040df   Thumb Code     0  startup_stm32g070xx.o(.text)
    FLASH_IRQHandler                         0x080040df   Thumb Code     0  startup_stm32g070xx.o(.text)
    I2C1_IRQHandler                          0x080040df   Thumb Code     0  startup_stm32g070xx.o(.text)
    I2C2_IRQHandler                          0x080040df   Thumb Code     0  startup_stm32g070xx.o(.text)
    RCC_IRQHandler                           0x080040df   Thumb Code     0  startup_stm32g070xx.o(.text)
    RTC_TAMP_IRQHandler                      0x080040df   Thumb Code     0  startup_stm32g070xx.o(.text)
    SPI1_IRQHandler                          0x080040df   Thumb Code     0  startup_stm32g070xx.o(.text)
    SPI2_IRQHandler                          0x080040df   Thumb Code     0  startup_stm32g070xx.o(.text)
    TIM14_IRQHandler                         0x080040df   Thumb Code     0  startup_stm32g070xx.o(.text)
    TIM15_IRQHandler                         0x080040df   Thumb Code     0  startup_stm32g070xx.o(.text)
    TIM16_IRQHandler                         0x080040df   Thumb Code     0  startup_stm32g070xx.o(.text)
    TIM17_IRQHandler                         0x080040df   Thumb Code     0  startup_stm32g070xx.o(.text)
    TIM1_CC_IRQHandler                       0x080040df   Thumb Code     0  startup_stm32g070xx.o(.text)
    TIM6_IRQHandler                          0x080040df   Thumb Code     0  startup_stm32g070xx.o(.text)
    TIM7_IRQHandler                          0x080040df   Thumb Code     0  startup_stm32g070xx.o(.text)
    USART1_IRQHandler                        0x080040df   Thumb Code     0  startup_stm32g070xx.o(.text)
    USART2_IRQHandler                        0x080040df   Thumb Code     0  startup_stm32g070xx.o(.text)
    USART3_4_IRQHandler                      0x080040df   Thumb Code     0  startup_stm32g070xx.o(.text)
    WWDG_IRQHandler                          0x080040df   Thumb Code     0  startup_stm32g070xx.o(.text)
    __aeabi_uidiv                            0x080040e9   Thumb Code     0  uidiv.o(.text)
    __aeabi_uidivmod                         0x080040e9   Thumb Code    44  uidiv.o(.text)
    __aeabi_idiv                             0x08004115   Thumb Code     0  idiv.o(.text)
    __aeabi_idivmod                          0x08004115   Thumb Code    40  idiv.o(.text)
    __aeabi_uldivmod                         0x0800413d   Thumb Code    96  uldiv.o(.text)
    __aeabi_lmul                             0x0800419d   Thumb Code   122  llmul.o(.text)
    _ll_mul                                  0x0800419d   Thumb Code     0  llmul.o(.text)
    __aeabi_memset                           0x08004217   Thumb Code    14  memseta.o(.text)
    __aeabi_memset4                          0x08004217   Thumb Code     0  memseta.o(.text)
    __aeabi_memset8                          0x08004217   Thumb Code     0  memseta.o(.text)
    __aeabi_memclr                           0x08004225   Thumb Code     4  memseta.o(.text)
    __aeabi_memclr4                          0x08004225   Thumb Code     0  memseta.o(.text)
    __aeabi_memclr8                          0x08004225   Thumb Code     0  memseta.o(.text)
    _memset$wrapper                          0x08004229   Thumb Code    18  memseta.o(.text)
    memcmp                                   0x0800423b   Thumb Code    26  memcmp.o(.text)
    __aeabi_llsl                             0x08004255   Thumb Code    32  llshl.o(.text)
    _ll_shift_l                              0x08004255   Thumb Code     0  llshl.o(.text)
    __aeabi_llsr                             0x08004275   Thumb Code    34  llushr.o(.text)
    _ll_ushift_r                             0x08004275   Thumb Code     0  llushr.o(.text)
    __scatterload                            0x08004299   Thumb Code    28  init.o(.text)
    __scatterload_rt2                        0x08004299   Thumb Code     0  init.o(.text)
    __decompress                             0x080042bd   Thumb Code     0  __dclz77c.o(.text)
    __decompress2                            0x080042bd   Thumb Code    96  __dclz77c.o(.text)
    BackupCurParaToFlash                     0x0800431d   Thumb Code    70  modbus.o(i.BackupCurParaToFlash)
    DataTransform                            0x0800436d   Thumb Code   130  main.o(i.DataTransform)
    DefaultParaInit                          0x080043f9   Thumb Code   126  main.o(i.DefaultParaInit)
    Delay_us                                 0x08004481   Thumb Code    16  spi.o(i.Delay_us)
    Error_Handler                            0x08004491   Thumb Code     2  main.o(i.Error_Handler)
    FLASH_PageErase                          0x080044ad   Thumb Code    30  stm32g0xx_hal_flash_ex.o(i.FLASH_PageErase)
    FLASH_WaitForLastOperation               0x0800454d   Thumb Code   148  stm32g0xx_hal_flash.o(i.FLASH_WaitForLastOperation)
    FlashPageErase                           0x080045ed   Thumb Code    78  flash.o(i.FlashPageErase)
    FlashParaInit                            0x08004655   Thumb Code    36  main.o(i.FlashParaInit)
    FlashReadHalfWord                        0x08004681   Thumb Code     6  flash.o(i.FlashReadHalfWord)
    FlashReadNHalfWord                       0x08004687   Thumb Code    38  flash.o(i.FlashReadNHalfWord)
    FlashWriteDoubleWord                     0x080046ad   Thumb Code    56  flash.o(i.FlashWriteDoubleWord)
    FrameCheck                               0x080046e5   Thumb Code   128  modbus.o(i.FrameCheck)
    GetPage                                  0x08004775   Thumb Code    12  flash.o(i.GetPage)
    HAL_FLASHEx_Erase                        0x08004781   Thumb Code   142  stm32g0xx_hal_flash_ex.o(i.HAL_FLASHEx_Erase)
    HAL_FLASH_Lock                           0x08004819   Thumb Code    30  stm32g0xx_hal_flash.o(i.HAL_FLASH_Lock)
    HAL_FLASH_Program                        0x0800483d   Thumb Code   110  stm32g0xx_hal_flash.o(i.HAL_FLASH_Program)
    HAL_FLASH_Unlock                         0x080048b5   Thumb Code    40  stm32g0xx_hal_flash.o(i.HAL_FLASH_Unlock)
    HAL_GPIO_Init                            0x080048e9   Thumb Code   448  stm32g0xx_hal_gpio.o(i.HAL_GPIO_Init)
    HAL_GPIO_WritePin                        0x08004ab9   Thumb Code    12  stm32g0xx_hal_gpio.o(i.HAL_GPIO_WritePin)
    HAL_GetTick                              0x08004ac5   Thumb Code     6  stm32g0xx_hal.o(i.HAL_GetTick)
    HAL_IncTick                              0x08004ad1   Thumb Code    16  stm32g0xx_hal.o(i.HAL_IncTick)
    HAL_Init                                 0x08004ae9   Thumb Code    40  stm32g0xx_hal.o(i.HAL_Init)
    HAL_InitTick                             0x08004b15   Thumb Code    82  stm32g0xx_hal.o(i.HAL_InitTick)
    HAL_MspInit                              0x08004b75   Thumb Code    64  stm32g0xx_hal_msp.o(i.HAL_MspInit)
    HAL_NVIC_EnableIRQ                       0x08004bb9   Thumb Code    18  stm32g0xx_hal_cortex.o(i.HAL_NVIC_EnableIRQ)
    HAL_NVIC_SetPriority                     0x08004bd1   Thumb Code    18  stm32g0xx_hal_cortex.o(i.HAL_NVIC_SetPriority)
    HAL_PWREx_ControlVoltageScaling          0x08004be5   Thumb Code    76  stm32g0xx_hal_pwr_ex.o(i.HAL_PWREx_ControlVoltageScaling)
    HAL_RCCEx_PeriphCLKConfig                0x08004c3d   Thumb Code   742  stm32g0xx_hal_rcc_ex.o(i.HAL_RCCEx_PeriphCLKConfig)
    HAL_RCC_ClockConfig                      0x08004f31   Thumb Code   440  stm32g0xx_hal_rcc.o(i.HAL_RCC_ClockConfig)
    HAL_RCC_GetHCLKFreq                      0x080050fd   Thumb Code     6  stm32g0xx_hal_rcc.o(i.HAL_RCC_GetHCLKFreq)
    HAL_RCC_GetPCLK1Freq                     0x08005109   Thumb Code    32  stm32g0xx_hal_rcc.o(i.HAL_RCC_GetPCLK1Freq)
    HAL_RCC_GetSysClockFreq                  0x08005131   Thumb Code   216  stm32g0xx_hal_rcc.o(i.HAL_RCC_GetSysClockFreq)
    HAL_RCC_OscConfig                        0x08005215   Thumb Code  1454  stm32g0xx_hal_rcc.o(i.HAL_RCC_OscConfig)
    HAL_SYSTICK_Config                       0x080057d5   Thumb Code    46  stm32g0xx_hal_cortex.o(i.HAL_SYSTICK_Config)
    HAL_TIMEx_MasterConfigSynchronization    0x0800580d   Thumb Code   116  stm32g0xx_hal_tim_ex.o(i.HAL_TIMEx_MasterConfigSynchronization)
    HAL_TIM_Base_Init                        0x08005885   Thumb Code    56  stm32g0xx_hal_tim.o(i.HAL_TIM_Base_Init)
    HAL_TIM_Base_MspInit                     0x080058bd   Thumb Code     2  stm32g0xx_hal_tim.o(i.HAL_TIM_Base_MspInit)
    HAL_TIM_Base_Start                       0x080058c1   Thumb Code    50  stm32g0xx_hal_tim.o(i.HAL_TIM_Base_Start)
    HAL_TIM_Base_Start_IT                    0x080058f9   Thumb Code    50  stm32g0xx_hal_tim.o(i.HAL_TIM_Base_Start_IT)
    HAL_TIM_Base_Stop                        0x08005931   Thumb Code    58  stm32g0xx_hal_tim.o(i.HAL_TIM_Base_Stop)
    HAL_TIM_ConfigClockSource                0x08005971   Thumb Code   268  stm32g0xx_hal_tim.o(i.HAL_TIM_ConfigClockSource)
    HAL_UARTEx_DisableFifoMode               0x08005a81   Thumb Code    84  stm32g0xx_hal_uart_ex.o(i.HAL_UARTEx_DisableFifoMode)
    HAL_UARTEx_SetRxFifoThreshold            0x08005ad5   Thumb Code    96  stm32g0xx_hal_uart_ex.o(i.HAL_UARTEx_SetRxFifoThreshold)
    HAL_UARTEx_SetTxFifoThreshold            0x08005b35   Thumb Code    94  stm32g0xx_hal_uart_ex.o(i.HAL_UARTEx_SetTxFifoThreshold)
    HAL_UART_Init                            0x08005b93   Thumb Code   130  stm32g0xx_hal_uart.o(i.HAL_UART_Init)
    HAL_UART_MspInit                         0x08005c15   Thumb Code   164  stm32g0xx_hal_msp.o(i.HAL_UART_MspInit)
    HAL_UART_Transmit                        0x08005cc5   Thumb Code   264  stm32g0xx_hal_uart.o(i.HAL_UART_Transmit)
    HardFault_Handler                        0x08005dcd   Thumb Code     4  stm32g0xx_it.o(i.HardFault_Handler)
    MDB_Check                                0x08005dd1   Thumb Code    66  check.o(i.MDB_Check)
    MDB_F03_Broadcast_Read_Slave_Addr        0x08005e19   Thumb Code    90  modbus.o(i.MDB_F03_Broadcast_Read_Slave_Addr)
    MDB_F03_Read_Addr_Baud_Parity            0x08005e85   Thumb Code   160  modbus.o(i.MDB_F03_Read_Addr_Baud_Parity)
    MDB_F03_Read_Hold_Reg                    0x08005f35   Thumb Code    78  modbus.o(i.MDB_F03_Read_Hold_Reg)
    MDB_F03_Read_Single_Hold_Reg             0x08005f89   Thumb Code   100  modbus.o(i.MDB_F03_Read_Single_Hold_Reg)
    MDB_F04_Read_Input_Reg                   0x08005ffd   Thumb Code   462  modbus.o(i.MDB_F04_Read_Input_Reg)
    MDB_F05_Write_Coil_Reg                   0x080061e5   Thumb Code    42  modbus.o(i.MDB_F05_Write_Coil_Reg)
    MDB_F05_Write_Reset                      0x08006215   Thumb Code   106  modbus.o(i.MDB_F05_Write_Reset)
    MDB_F10_Write_Addr_Baud_Parity           0x080062a1   Thumb Code   296  modbus.o(i.MDB_F10_Write_Addr_Baud_Parity)
    MDB_F10_Write_Hold_Reg                   0x080063dd   Thumb Code    82  modbus.o(i.MDB_F10_Write_Hold_Reg)
    MDB_F10_Write_Single_Hold_Reg            0x08006435   Thumb Code   164  modbus.o(i.MDB_F10_Write_Single_Hold_Reg)
    MDB_F25_Int_Write_Coil_Reg               0x080064ed   Thumb Code    42  modbus.o(i.MDB_F25_Int_Write_Coil_Reg)
    MDB_F25_Int_Write_Upgrade                0x0800651d   Thumb Code    90  modbus.o(i.MDB_F25_Int_Write_Upgrade)
    MDB_F27_Int_Write_Hold_Reg               0x0800658d   Thumb Code    70  modbus.o(i.MDB_F27_Int_Write_Hold_Reg)
    MDB_F27_Int_Write_Pos_Reg                0x080065dd   Thumb Code   152  modbus.o(i.MDB_F27_Int_Write_Pos_Reg)
    MDB_Function                             0x08006685   Thumb Code   160  modbus.o(i.MDB_Function)
    MDB_Get_CRC16                            0x08006731   Thumb Code    46  check.o(i.MDB_Get_CRC16)
    MDB_Get_LRC                              0x08006769   Thumb Code    38  check.o(i.MDB_Get_LRC)
    MDB_Get_Slave_Addr                       0x0800678f   Thumb Code     6  modbus.o(i.MDB_Get_Slave_Addr)
    MDB_Get_master_request_data              0x08006795   Thumb Code    24  usart.o(i.MDB_Get_master_request_data)
    MDB_Snd_Msg                              0x080067ad   Thumb Code   300  modbus.o(i.MDB_Snd_Msg)
    MX_LPUART1_UART_Init                     0x080069c5   Thumb Code   250  usart.o(i.MX_LPUART1_UART_Init)
    MX_TIM1_Init                             0x08006ad1   Thumb Code   220  timer.o(i.MX_TIM1_Init)
    MX_TIM3_Init                             0x08006bc9   Thumb Code   210  timer.o(i.MX_TIM3_Init)
    NMI_Handler                              0x08006cb1   Thumb Code     2  stm32g0xx_it.o(i.NMI_Handler)
    ParaInit                                 0x08006d61   Thumb Code     8  main.o(i.ParaInit)
    PendSV_Handler                           0x08006d69   Thumb Code     2  stm32g0xx_it.o(i.PendSV_Handler)
    ReadFlashPara                            0x08006d6d   Thumb Code    18  main.o(i.ReadFlashPara)
    RemapInterruptVerctor                    0x08006d89   Thumb Code    70  main.o(i.RemapInterruptVerctor)
    SPI_Bit_Clr                              0x08006de1   Thumb Code    58  spi.o(i.SPI_Bit_Clr)
    SPI_Bit_Set                              0x08006e1b   Thumb Code    58  spi.o(i.SPI_Bit_Set)
    SPI_Send_8Bit                            0x08006e55   Thumb Code    60  spi.o(i.SPI_Send_8Bit)
    SVC_Handler                              0x08006e91   Thumb Code     2  stm32g0xx_it.o(i.SVC_Handler)
    SerialPortParaInit                       0x08006e95   Thumb Code    10  main.o(i.SerialPortParaInit)
    SysTick_Handler                          0x08006ea9   Thumb Code     8  stm32g0xx_it.o(i.SysTick_Handler)
    SystemClock_Config                       0x08006eb1   Thumb Code   126  main.o(i.SystemClock_Config)
    SystemInit                               0x08006f31   Thumb Code     8  system_stm32g0xx.o(i.SystemInit)
    TIM1_BRK_UP_TRG_COM_IRQHandler           0x08006f41   Thumb Code    68  timer.o(i.TIM1_BRK_UP_TRG_COM_IRQHandler)
    TIM3_IRQHandler                          0x08006f99   Thumb Code    90  timer.o(i.TIM3_IRQHandler)
    TIM_Base_SetConfig                       0x08007015   Thumb Code   150  stm32g0xx_hal_tim.o(i.TIM_Base_SetConfig)
    TIM_ETR_SetConfig                        0x080070c5   Thumb Code    28  stm32g0xx_hal_tim.o(i.TIM_ETR_SetConfig)
    UART_AdvFeatureConfig                    0x080071e1   Thumb Code   240  stm32g0xx_hal_uart.o(i.UART_AdvFeatureConfig)
    UART_CheckIdleState                      0x080072d1   Thumb Code   112  stm32g0xx_hal_uart.o(i.UART_CheckIdleState)
    UART_SetConfig                           0x08007345   Thumb Code  3228  stm32g0xx_hal_uart.o(i.UART_SetConfig)
    UART_WaitOnFlagUntilTimeout              0x08007fe9   Thumb Code   112  stm32g0xx_hal_uart.o(i.UART_WaitOnFlagUntilTimeout)
    WriteCurParaToFlash                      0x08008059   Thumb Code    70  modbus.o(i.WriteCurParaToFlash)
    WriteParaInit                            0x080080a9   Thumb Code    72  modbus.o(i.WriteParaInit)
    __ARM_common_switch8                     0x08008101   Thumb Code    28  modbus.o(i.__ARM_common_switch8)
    __scatterload_copy                       0x0800811d   Thumb Code    14  handlers.o(i.__scatterload_copy)
    __scatterload_null                       0x0800812b   Thumb Code     2  handlers.o(i.__scatterload_null)
    __scatterload_zeroinit                   0x0800812d   Thumb Code    14  handlers.o(i.__scatterload_zeroinit)
    main                                     0x0800813d   Thumb Code   144  main.o(i.main)
    AHBPrescTable                            0x080081d4   Data          64  system_stm32g0xx.o(.constdata)
    APBPrescTable                            0x08008214   Data          32  system_stm32g0xx.o(.constdata)
    Region$$Table$$Base                      0x08008234   Number         0  anon$$obj.o(Region$$Table)
    Region$$Table$$Limit                     0x08008254   Number         0  anon$$obj.o(Region$$Table)
    VectorTable                              0x20000000   Data         192  main.o(.ARM.__AT_0x20000000)
    ParityErrorFlag                          0x200002c0   Data           2  main.o(.data)
    Out_Put_Mode                             0x200002c2   Data           2  main.o(.data)
    SamplingFlag                             0x200002c4   Data           2  main.o(.data)
    SamplingCount                            0x200002c6   Data           2  main.o(.data)
    datax                                    0x200002c8   Data           3  main.o(.data)
    datay                                    0x200002cb   Data           3  main.o(.data)
    dataz                                    0x200002ce   Data           3  main.o(.data)
    tempx                                    0x200002d4   Data           4  main.o(.data)
    tempy                                    0x200002d8   Data           4  main.o(.data)
    tempz                                    0x200002dc   Data           4  main.o(.data)
    FirstPage                                0x200006e0   Data           4  flash.o(.data)
    NbOfPages                                0x200006e4   Data           4  flash.o(.data)
    Address                                  0x200006e8   Data           4  flash.o(.data)
    PageError                                0x200006ec   Data           4  flash.o(.data)
    MDBWriteFlag                             0x200008f0   Data           1  modbus.o(.data)
    slave_response_data_len                  0x200008f1   Data           1  modbus.o(.data)
    Tim1Flag                                 0x20000af2   Data           1  timer.o(.data)
    Tim2Flag                                 0x20000af3   Data           1  timer.o(.data)
    BaudRateTable                            0x20000cf8   Data          32  type.o(.data)
    Cycle3T5Byte                             0x20000d18   Data          16  type.o(.data)
    CycleTable                               0x20000d28   Data          14  type.o(.data)
    Default_CustomerPara                     0x20000d36   Data          32  type.o(.data)
    FreTable                                 0x20000d56   Data          16  type.o(.data)
    RecByteErr                               0x20000f68   Data           1  usart.o(.data)
    RecPos                                   0x20000f69   Data           1  usart.o(.data)
    RcvByteFlag                              0x20000f6a   Data           1  usart.o(.data)
    RcvPacketLen                             0x20000f6b   Data           1  usart.o(.data)
    RcvPacketFlag                            0x20000f6c   Data           1  usart.o(.data)
    RecvByteData                             0x20000f6d   Data           1  usart.o(.data)
    __stdout                                 0x20000f70   Data           4  usart.o(.data)
    uwTick                                   0x20000f74   Data           4  stm32g0xx_hal.o(.data)
    uwTickPrio                               0x20000f78   Data           4  stm32g0xx_hal.o(.data)
    uwTickFreq                               0x20000f7c   Data           4  stm32g0xx_hal.o(.data)
    SystemCoreClock                          0x20000f80   Data           4  system_stm32g0xx.o(.data)
    FlashPara                                0x20000f84   Data          48  main.o(.bss)
    master_request_data                      0x20000fb4   Data         200  main.o(.bss)
    EraseInitStruct                          0x2000107c   Data          12  flash.o(.bss)
    slave_response_data                      0x20001088   Data         200  modbus.o(.bss)
    htim1                                    0x20001150   Data          64  timer.o(.bss)
    htim2                                    0x20001190   Data          64  timer.o(.bss)
    htim3                                    0x200011d0   Data          64  timer.o(.bss)
    hlpuart1                                 0x20001210   Data         140  usart.o(.bss)
    RecBuf                                   0x2000129c   Data         200  usart.o(.bss)
    pFlash                                   0x20001364   Data          24  stm32g0xx_hal_flash.o(.bss)
    __initial_sp                             0x20001780   Data           0  startup_stm32g070xx.o(STACK)



==============================================================================

Memory Map of the image

  Image Entry point : 0x080040b9

  Load Region LR_IROM1 (Base: 0x08004000, Size: 0x00005118, Max: 0x00020000, ABSOLUTE, COMPRESSED[0x00004410])

    Execution Region ER_IROM1 (Exec base: 0x08004000, Load base: 0x08004000, Size: 0x00004254, Max: 0x00020000, ABSOLUTE)

    Exec Addr    Load Addr    Size         Type   Attr      Idx    E Section Name        Object

    0x08004000   0x08004000   0x000000b8   Data   RO            3    RESET               startup_stm32g070xx.o
    0x080040b8   0x080040b8   0x00000000   Code   RO         3877  * .ARM.Collect$$$$00000000  mc_p.l(entry.o)
    0x080040b8   0x080040b8   0x00000004   Code   RO         3892    .ARM.Collect$$$$00000001  mc_p.l(entry2.o)
    0x080040bc   0x080040bc   0x00000004   Code   RO         3895    .ARM.Collect$$$$00000004  mc_p.l(entry5.o)
    0x080040c0   0x080040c0   0x00000000   Code   RO         3897    .ARM.Collect$$$$00000008  mc_p.l(entry7b.o)
    0x080040c0   0x080040c0   0x00000000   Code   RO         3899    .ARM.Collect$$$$0000000A  mc_p.l(entry8b.o)
    0x080040c0   0x080040c0   0x00000008   Code   RO         3900    .ARM.Collect$$$$0000000B  mc_p.l(entry9a.o)
    0x080040c8   0x080040c8   0x00000000   Code   RO         3902    .ARM.Collect$$$$0000000D  mc_p.l(entry10a.o)
    0x080040c8   0x080040c8   0x00000000   Code   RO         3904    .ARM.Collect$$$$0000000F  mc_p.l(entry11a.o)
    0x080040c8   0x080040c8   0x00000004   Code   RO         3893    .ARM.Collect$$$$00002712  mc_p.l(entry2.o)
    0x080040cc   0x080040cc   0x0000001c   Code   RO            4    .text               startup_stm32g070xx.o
    0x080040e8   0x080040e8   0x0000002c   Code   RO         3880    .text               mc_p.l(uidiv.o)
    0x08004114   0x08004114   0x00000028   Code   RO         3882    .text               mc_p.l(idiv.o)
    0x0800413c   0x0800413c   0x00000060   Code   RO         3884    .text               mc_p.l(uldiv.o)
    0x0800419c   0x0800419c   0x0000007a   Code   RO         3886    .text               mc_p.l(llmul.o)
    0x08004216   0x08004216   0x00000024   Code   RO         3888    .text               mc_p.l(memseta.o)
    0x0800423a   0x0800423a   0x0000001a   Code   RO         3890    .text               mc_p.l(memcmp.o)
    0x08004254   0x08004254   0x00000020   Code   RO         3906    .text               mc_p.l(llshl.o)
    0x08004274   0x08004274   0x00000022   Code   RO         3908    .text               mc_p.l(llushr.o)
    0x08004296   0x08004296   0x00000002   PAD
    0x08004298   0x08004298   0x00000024   Code   RO         3910    .text               mc_p.l(init.o)
    0x080042bc   0x080042bc   0x00000060   Code   RO         3920    .text               mc_p.l(__dclz77c.o)
    0x0800431c   0x0800431c   0x00000050   Code   RO          478    i.BackupCurParaToFlash  modbus.o
    0x0800436c   0x0800436c   0x0000008c   Code   RO           12    i.DataTransform     main.o
    0x080043f8   0x080043f8   0x00000088   Code   RO           13    i.DefaultParaInit   main.o
    0x08004480   0x08004480   0x00000010   Code   RO          325    i.Delay_us          spi.o
    0x08004490   0x08004490   0x00000002   Code   RO           14    i.Error_Handler     main.o
    0x08004492   0x08004492   0x00000002   PAD
    0x08004494   0x08004494   0x00000018   Code   RO         2066    i.FLASH_MassErase   stm32g0xx_hal_flash_ex.o
    0x080044ac   0x080044ac   0x00000024   Code   RO         2078    i.FLASH_PageErase   stm32g0xx_hal_flash_ex.o
    0x080044d0   0x080044d0   0x00000028   Code   RO         1960    i.FLASH_Program_DoubleWord  stm32g0xx_hal_flash.o
    0x080044f8   0x080044f8   0x00000054   Code   RO         1961    i.FLASH_Program_Fast  stm32g0xx_hal_flash.o
    0x0800454c   0x0800454c   0x000000a0   Code   RO         1962    i.FLASH_WaitForLastOperation  stm32g0xx_hal_flash.o
    0x080045ec   0x080045ec   0x00000068   Code   RO          407    i.FlashPageErase    flash.o
    0x08004654   0x08004654   0x0000002c   Code   RO           15    i.FlashParaInit     main.o
    0x08004680   0x08004680   0x00000006   Code   RO          408    i.FlashReadHalfWord  flash.o
    0x08004686   0x08004686   0x00000026   Code   RO          409    i.FlashReadNHalfWord  flash.o
    0x080046ac   0x080046ac   0x00000038   Code   RO          412    i.FlashWriteDoubleWord  flash.o
    0x080046e4   0x080046e4   0x00000090   Code   RO          479    i.FrameCheck        modbus.o
    0x08004774   0x08004774   0x0000000c   Code   RO          414    i.GetPage           flash.o
    0x08004780   0x08004780   0x00000098   Code   RO         2082    i.HAL_FLASHEx_Erase  stm32g0xx_hal_flash_ex.o
    0x08004818   0x08004818   0x00000024   Code   RO         1966    i.HAL_FLASH_Lock    stm32g0xx_hal_flash.o
    0x0800483c   0x0800483c   0x00000078   Code   RO         1971    i.HAL_FLASH_Program  stm32g0xx_hal_flash.o
    0x080048b4   0x080048b4   0x00000034   Code   RO         1973    i.HAL_FLASH_Unlock  stm32g0xx_hal_flash.o
    0x080048e8   0x080048e8   0x000001d0   Code   RO          771    i.HAL_GPIO_Init     stm32g0xx_hal_gpio.o
    0x08004ab8   0x08004ab8   0x0000000c   Code   RO          775    i.HAL_GPIO_WritePin  stm32g0xx_hal_gpio.o
    0x08004ac4   0x08004ac4   0x0000000c   Code   RO         2733    i.HAL_GetTick       stm32g0xx_hal.o
    0x08004ad0   0x08004ad0   0x00000018   Code   RO         2739    i.HAL_IncTick       stm32g0xx_hal.o
    0x08004ae8   0x08004ae8   0x0000002c   Code   RO         2740    i.HAL_Init          stm32g0xx_hal.o
    0x08004b14   0x08004b14   0x00000060   Code   RO         2741    i.HAL_InitTick      stm32g0xx_hal.o
    0x08004b74   0x08004b74   0x00000044   Code   RO          297    i.HAL_MspInit       stm32g0xx_hal_msp.o
    0x08004bb8   0x08004bb8   0x00000018   Code   RO         2617    i.HAL_NVIC_EnableIRQ  stm32g0xx_hal_cortex.o
    0x08004bd0   0x08004bd0   0x00000012   Code   RO         2621    i.HAL_NVIC_SetPriority  stm32g0xx_hal_cortex.o
    0x08004be2   0x08004be2   0x00000002   PAD
    0x08004be4   0x08004be4   0x00000058   Code   RO         2472    i.HAL_PWREx_ControlVoltageScaling  stm32g0xx_hal_pwr_ex.o
    0x08004c3c   0x08004c3c   0x000002f4   Code   RO         1920    i.HAL_RCCEx_PeriphCLKConfig  stm32g0xx_hal_rcc_ex.o
    0x08004f30   0x08004f30   0x000001cc   Code   RO         1813    i.HAL_RCC_ClockConfig  stm32g0xx_hal_rcc.o
    0x080050fc   0x080050fc   0x0000000c   Code   RO         1819    i.HAL_RCC_GetHCLKFreq  stm32g0xx_hal_rcc.o
    0x08005108   0x08005108   0x00000028   Code   RO         1821    i.HAL_RCC_GetPCLK1Freq  stm32g0xx_hal_rcc.o
    0x08005130   0x08005130   0x000000e4   Code   RO         1822    i.HAL_RCC_GetSysClockFreq  stm32g0xx_hal_rcc.o
    0x08005214   0x08005214   0x000005c0   Code   RO         1826    i.HAL_RCC_OscConfig  stm32g0xx_hal_rcc.o
    0x080057d4   0x080057d4   0x00000038   Code   RO         2625    i.HAL_SYSTICK_Config  stm32g0xx_hal_cortex.o
    0x0800580c   0x0800580c   0x00000078   Code   RO         1551    i.HAL_TIMEx_MasterConfigSynchronization  stm32g0xx_hal_tim_ex.o
    0x08005884   0x08005884   0x00000038   Code   RO          837    i.HAL_TIM_Base_Init  stm32g0xx_hal_tim.o
    0x080058bc   0x080058bc   0x00000002   Code   RO          839    i.HAL_TIM_Base_MspInit  stm32g0xx_hal_tim.o
    0x080058be   0x080058be   0x00000002   PAD
    0x080058c0   0x080058c0   0x00000038   Code   RO          840    i.HAL_TIM_Base_Start  stm32g0xx_hal_tim.o
    0x080058f8   0x080058f8   0x00000038   Code   RO          842    i.HAL_TIM_Base_Start_IT  stm32g0xx_hal_tim.o
    0x08005930   0x08005930   0x00000040   Code   RO          843    i.HAL_TIM_Base_Stop  stm32g0xx_hal_tim.o
    0x08005970   0x08005970   0x00000110   Code   RO          846    i.HAL_TIM_ConfigClockSource  stm32g0xx_hal_tim.o
    0x08005a80   0x08005a80   0x00000054   Code   RO         3389    i.HAL_UARTEx_DisableFifoMode  stm32g0xx_hal_uart_ex.o
    0x08005ad4   0x08005ad4   0x00000060   Code   RO         3394    i.HAL_UARTEx_SetRxFifoThreshold  stm32g0xx_hal_uart_ex.o
    0x08005b34   0x08005b34   0x0000005e   Code   RO         3395    i.HAL_UARTEx_SetTxFifoThreshold  stm32g0xx_hal_uart_ex.o
    0x08005b92   0x08005b92   0x00000082   Code   RO         3036    i.HAL_UART_Init     stm32g0xx_hal_uart.o
    0x08005c14   0x08005c14   0x000000b0   Code   RO          298    i.HAL_UART_MspInit  stm32g0xx_hal_msp.o
    0x08005cc4   0x08005cc4   0x00000108   Code   RO         3044    i.HAL_UART_Transmit  stm32g0xx_hal_uart.o
    0x08005dcc   0x08005dcc   0x00000004   Code   RO          244    i.HardFault_Handler  stm32g0xx_it.o
    0x08005dd0   0x08005dd0   0x00000048   Code   RO          371    i.MDB_Check         check.o
    0x08005e18   0x08005e18   0x0000006c   Code   RO          480    i.MDB_F03_Broadcast_Read_Slave_Addr  modbus.o
    0x08005e84   0x08005e84   0x000000b0   Code   RO          481    i.MDB_F03_Read_Addr_Baud_Parity  modbus.o
    0x08005f34   0x08005f34   0x00000054   Code   RO          482    i.MDB_F03_Read_Hold_Reg  modbus.o
    0x08005f88   0x08005f88   0x00000074   Code   RO          483    i.MDB_F03_Read_Single_Hold_Reg  modbus.o
    0x08005ffc   0x08005ffc   0x000001e8   Code   RO          484    i.MDB_F04_Read_Input_Reg  modbus.o
    0x080061e4   0x080061e4   0x00000030   Code   RO          485    i.MDB_F05_Write_Coil_Reg  modbus.o
    0x08006214   0x08006214   0x0000008c   Code   RO          486    i.MDB_F05_Write_Reset  modbus.o
    0x080062a0   0x080062a0   0x0000013c   Code   RO          487    i.MDB_F10_Write_Addr_Baud_Parity  modbus.o
    0x080063dc   0x080063dc   0x00000058   Code   RO          488    i.MDB_F10_Write_Hold_Reg  modbus.o
    0x08006434   0x08006434   0x000000b8   Code   RO          489    i.MDB_F10_Write_Single_Hold_Reg  modbus.o
    0x080064ec   0x080064ec   0x00000030   Code   RO          490    i.MDB_F25_Int_Write_Coil_Reg  modbus.o
    0x0800651c   0x0800651c   0x00000070   Code   RO          491    i.MDB_F25_Int_Write_Upgrade  modbus.o
    0x0800658c   0x0800658c   0x00000050   Code   RO          492    i.MDB_F27_Int_Write_Hold_Reg  modbus.o
    0x080065dc   0x080065dc   0x000000a8   Code   RO          493    i.MDB_F27_Int_Write_Pos_Reg  modbus.o
    0x08006684   0x08006684   0x000000ac   Code   RO          494    i.MDB_Function      modbus.o
    0x08006730   0x08006730   0x00000038   Code   RO          372    i.MDB_Get_CRC16     check.o
    0x08006768   0x08006768   0x00000026   Code   RO          373    i.MDB_Get_LRC       check.o
    0x0800678e   0x0800678e   0x00000006   Code   RO          495    i.MDB_Get_Slave_Addr  modbus.o
    0x08006794   0x08006794   0x00000018   Code   RO          699    i.MDB_Get_master_request_data  usart.o
    0x080067ac   0x080067ac   0x00000140   Code   RO          496    i.MDB_Snd_Msg       modbus.o
    0x080068ec   0x080068ec   0x000000d8   Code   RO           16    i.MX_GPIO_Init      main.o
    0x080069c4   0x080069c4   0x0000010c   Code   RO          700    i.MX_LPUART1_UART_Init  usart.o
    0x08006ad0   0x08006ad0   0x000000f8   Code   RO          633    i.MX_TIM1_Init      timer.o
    0x08006bc8   0x08006bc8   0x000000e8   Code   RO          634    i.MX_TIM3_Init      timer.o
    0x08006cb0   0x08006cb0   0x00000002   Code   RO          245    i.NMI_Handler       stm32g0xx_it.o
    0x08006cb2   0x08006cb2   0x00000002   PAD
    0x08006cb4   0x08006cb4   0x00000078   Code   RO         2627    i.NVIC_SetPriority  stm32g0xx_hal_cortex.o
    0x08006d2c   0x08006d2c   0x00000034   Code   RO          497    i.NVIC_SystemReset  modbus.o
    0x08006d60   0x08006d60   0x00000008   Code   RO           18    i.ParaInit          main.o
    0x08006d68   0x08006d68   0x00000002   Code   RO          246    i.PendSV_Handler    stm32g0xx_it.o
    0x08006d6a   0x08006d6a   0x00000002   PAD
    0x08006d6c   0x08006d6c   0x0000001c   Code   RO           19    i.ReadFlashPara     main.o
    0x08006d88   0x08006d88   0x00000058   Code   RO           20    i.RemapInterruptVerctor  main.o
    0x08006de0   0x08006de0   0x0000003a   Code   RO          326    i.SPI_Bit_Clr       spi.o
    0x08006e1a   0x08006e1a   0x0000003a   Code   RO          327    i.SPI_Bit_Set       spi.o
    0x08006e54   0x08006e54   0x0000003c   Code   RO          329    i.SPI_Send_8Bit     spi.o
    0x08006e90   0x08006e90   0x00000002   Code   RO          247    i.SVC_Handler       stm32g0xx_it.o
    0x08006e92   0x08006e92   0x00000002   PAD
    0x08006e94   0x08006e94   0x00000014   Code   RO           21    i.SerialPortParaInit  main.o
    0x08006ea8   0x08006ea8   0x00000008   Code   RO          248    i.SysTick_Handler   stm32g0xx_it.o
    0x08006eb0   0x08006eb0   0x0000007e   Code   RO           22    i.SystemClock_Config  main.o
    0x08006f2e   0x08006f2e   0x00000002   PAD
    0x08006f30   0x08006f30   0x00000010   Code   RO         3847    i.SystemInit        system_stm32g0xx.o
    0x08006f40   0x08006f40   0x00000058   Code   RO          635    i.TIM1_BRK_UP_TRG_COM_IRQHandler  timer.o
    0x08006f98   0x08006f98   0x0000007c   Code   RO          636    i.TIM3_IRQHandler   timer.o
    0x08007014   0x08007014   0x000000b0   Code   RO          925    i.TIM_Base_SetConfig  stm32g0xx_hal_tim.o
    0x080070c4   0x080070c4   0x0000001c   Code   RO          936    i.TIM_ETR_SetConfig  stm32g0xx_hal_tim.o
    0x080070e0   0x080070e0   0x00000018   Code   RO          937    i.TIM_ITRx_SetConfig  stm32g0xx_hal_tim.o
    0x080070f8   0x080070f8   0x00000032   Code   RO          945    i.TIM_TI1_ConfigInputStage  stm32g0xx_hal_tim.o
    0x0800712a   0x0800712a   0x00000032   Code   RO          947    i.TIM_TI2_ConfigInputStage  stm32g0xx_hal_tim.o
    0x0800715c   0x0800715c   0x00000084   Code   RO         3399    i.UARTEx_SetNbDataToProcess  stm32g0xx_hal_uart_ex.o
    0x080071e0   0x080071e0   0x000000f0   Code   RO         3049    i.UART_AdvFeatureConfig  stm32g0xx_hal_uart.o
    0x080072d0   0x080072d0   0x00000074   Code   RO         3050    i.UART_CheckIdleState  stm32g0xx_hal_uart.o
    0x08007344   0x08007344   0x00000ca4   Code   RO         3068    i.UART_SetConfig    stm32g0xx_hal_uart.o
    0x08007fe8   0x08007fe8   0x00000070   Code   RO         3073    i.UART_WaitOnFlagUntilTimeout  stm32g0xx_hal_uart.o
    0x08008058   0x08008058   0x00000050   Code   RO          498    i.WriteCurParaToFlash  modbus.o
    0x080080a8   0x080080a8   0x00000058   Code   RO          499    i.WriteParaInit     modbus.o
    0x08008100   0x08008100   0x0000001c   Code   RO          622    i.__ARM_common_switch8  modbus.o
    0x0800811c   0x0800811c   0x0000000e   Code   RO         3914    i.__scatterload_copy  mc_p.l(handlers.o)
    0x0800812a   0x0800812a   0x00000002   Code   RO         3915    i.__scatterload_null  mc_p.l(handlers.o)
    0x0800812c   0x0800812c   0x0000000e   Code   RO         3916    i.__scatterload_zeroinit  mc_p.l(handlers.o)
    0x0800813a   0x0800813a   0x00000002   PAD
    0x0800813c   0x0800813c   0x00000098   Code   RO           23    i.main              main.o
    0x080081d4   0x080081d4   0x00000060   Data   RO         3848    .constdata          system_stm32g0xx.o
    0x08008234   0x08008234   0x00000020   Data   RO         3912    Region$$Table       anon$$obj.o


    Execution Region RW_IRAM1 (Exec base: 0x200000c0, Load base: 0x08008254, Size: 0x000016c0, Max: 0x00009000, ABSOLUTE, COMPRESSED[0x000001bc])

    Exec Addr    Load Addr    Size         Type   Attr      Idx    E Section Name        Object

    0x200000c0   COMPRESSED   0x00000220   Data   RW           26    .data               main.o
    0x200002e0   COMPRESSED   0x00000200   Data   RW          374    .data               check.o
    0x200004e0   COMPRESSED   0x00000210   Data   RW          416    .data               flash.o
    0x200006f0   COMPRESSED   0x00000202   Data   RW          501    .data               modbus.o
    0x200008f2   COMPRESSED   0x00000204   Data   RW          638    .data               timer.o
    0x20000af6   COMPRESSED   0x00000002   PAD
    0x20000af8   COMPRESSED   0x0000026e   Data   RW          679    .data               type.o
    0x20000d66   COMPRESSED   0x00000002   PAD
    0x20000d68   COMPRESSED   0x0000020c   Data   RW          707    .data               usart.o
    0x20000f74   COMPRESSED   0x0000000c   Data   RW         2757    .data               stm32g0xx_hal.o
    0x20000f80   COMPRESSED   0x00000004   Data   RW         3849    .data               system_stm32g0xx.o
    0x20000f84        -       0x000000f8   Zero   RW           25    .bss                main.o
    0x2000107c        -       0x0000000c   Zero   RW          415    .bss                flash.o
    0x20001088        -       0x000000c8   Zero   RW          500    .bss                modbus.o
    0x20001150        -       0x000000c0   Zero   RW          637    .bss                timer.o
    0x20001210        -       0x00000154   Zero   RW          706    .bss                usart.o
    0x20001364        -       0x00000018   Zero   RW         1974    .bss                stm32g0xx_hal_flash.o
    0x2000137c   COMPRESSED   0x00000004   PAD
    0x20001380        -       0x00000400   Zero   RW            1    STACK               startup_stm32g070xx.o



  Load Region LR$$.ARM.__AT_0x20000000 (Base: 0x20000000, Size: 0x00000000, Max: 0x000000c0, ABSOLUTE)

    Execution Region ER$$.ARM.__AT_0x20000000 (Exec base: 0x20000000, Load base: 0x20000000, Size: 0x000000c0, Max: 0x000000c0, ABSOLUTE, UNINIT)

    Exec Addr    Load Addr    Size         Type   Attr      Idx    E Section Name        Object

    0x20000000        -       0x000000c0   Zero   RW           24    .ARM.__AT_0x20000000  main.o


==============================================================================

Image component sizes


      Code (inc. data)   RO Data    RW Data    ZI Data      Debug   Object Name

       166         16          0        512          0       2270   check.o
       216         26          0        528         12       3395   flash.o
       960         84          0        544        440     477555   main.o
      3126        322          0        514        200      15129   modbus.o
       192          0          0          0          0       1811   spi.o
        28          8        184          0       1024        732   startup_stm32g070xx.o
       176         32          0         12          0       3129   stm32g0xx_hal.o
       218         26          0          0          0      10625   stm32g0xx_hal_cortex.o
       492         50          0          0         24      15686   stm32g0xx_hal_flash.o
       212         26          0          0          0       2210   stm32g0xx_hal_flash_ex.o
       476         16          0          0          0       2124   stm32g0xx_hal_gpio.o
       244         16          0          0          0       1493   stm32g0xx_hal_msp.o
        88         12          0          0          0        730   stm32g0xx_hal_pwr_ex.o
      2212         86          0          0          0       5273   stm32g0xx_hal_rcc.o
       756         14          0          0          0       1680   stm32g0xx_hal_rcc_ex.o
       834         54          0          0          0       7541   stm32g0xx_hal_tim.o
       120          4          0          0          0       1300   stm32g0xx_hal_tim_ex.o
      4098         58          0          0          0       7561   stm32g0xx_hal_uart.o
       406         18          0          0          0       3481   stm32g0xx_hal_uart_ex.o
        18          0          0          0          0       2007   stm32g0xx_it.o
        16          8         96          4          0       1071   system_stm32g0xx.o
       692        104          0        516        192       3262   timer.o
         0          0          0        622          0       2094   type.o
       292         18          0        524        340       3560   usart.o

    ----------------------------------------------------------------------
     16052        998        312       3780       2236     575719   Object Totals
         0          0         32          0          0          0   (incl. Generated)
        14          0          0          4          4          0   (incl. Padding)

    ----------------------------------------------------------------------

      Code (inc. data)   RO Data    RW Data    ZI Data      Debug   Library Member Name

        96          0          0          0          0          0   __dclz77c.o
         0          0          0          0          0          0   entry.o
         0          0          0          0          0          0   entry10a.o
         0          0          0          0          0          0   entry11a.o
         8          4          0          0          0          0   entry2.o
         4          0          0          0          0          0   entry5.o
         0          0          0          0          0          0   entry7b.o
         0          0          0          0          0          0   entry8b.o
         8          4          0          0          0          0   entry9a.o
        30          0          0          0          0          0   handlers.o
        40          0          0          0          0         72   idiv.o
        36          8          0          0          0         68   init.o
       122          0          0          0          0         84   llmul.o
        32          0          0          0          0         68   llshl.o
        34          0          0          0          0         68   llushr.o
        26          0          0          0          0         72   memcmp.o
        36          0          0          0          0        100   memseta.o
        44          0          0          0          0         72   uidiv.o
        96          0          0          0          0         84   uldiv.o

    ----------------------------------------------------------------------
       616         16          0          0          0        688   Library Totals
         4          0          0          0          0          0   (incl. Padding)

    ----------------------------------------------------------------------

      Code (inc. data)   RO Data    RW Data    ZI Data      Debug   Library Name

       612         16          0          0          0        688   mc_p.l

    ----------------------------------------------------------------------
       616         16          0          0          0        688   Library Totals

    ----------------------------------------------------------------------

==============================================================================


      Code (inc. data)   RO Data    RW Data    ZI Data      Debug   

     16668       1014        312       3780       2236     571835   Grand Totals
     16668       1014        312        444       2236     571835   ELF Image Totals (compressed)
     16668       1014        312        444          0          0   ROM Totals

==============================================================================

    Total RO  Size (Code + RO Data)                16980 (  16.58kB)
    Total RW  Size (RW Data + ZI Data)              6016 (   5.88kB)
    Total ROM Size (Code + RO Data + RW Data)      17424 (  17.02kB)

==============================================================================

