Component: ARM Compiler 5.06 update 6 (build 750) Tool: armlink [4d35ed]

==============================================================================

Section Cross References

    startup_stm32g070xx.o(RESET) refers to startup_stm32g070xx.o(STACK) for __initial_sp
    startup_stm32g070xx.o(RESET) refers to startup_stm32g070xx.o(.text) for Reset_Handler
    startup_stm32g070xx.o(RESET) refers to stm32g0xx_it.o(i.NMI_Handler) for NMI_Handler
    startup_stm32g070xx.o(RESET) refers to stm32g0xx_it.o(i.HardFault_Handler) for HardFault_Handler
    startup_stm32g070xx.o(RESET) refers to stm32g0xx_it.o(i.SVC_Handler) for SVC_Handler
    startup_stm32g070xx.o(RESET) refers to stm32g0xx_it.o(i.PendSV_Handler) for PendSV_Handler
    startup_stm32g070xx.o(RESET) refers to stm32g0xx_it.o(i.SysTick_Handler) for SysTick_Handler
    startup_stm32g070xx.o(RESET) refers to stm32g0xx_it.o(i.USART1_IRQHandler) for USART1_IRQHandler
    startup_stm32g070xx.o(.text) refers to system_stm32g0xx.o(i.SystemInit) for SystemInit
    startup_stm32g070xx.o(.text) refers to entry.o(.ARM.Collect$$$$00000000) for __main
    main.o(i.SystemClock_Config) refers to memseta.o(.text) for __aeabi_memclr4
    main.o(i.SystemClock_Config) refers to stm32g0xx_hal_pwr_ex.o(i.HAL_PWREx_ControlVoltageScaling) for HAL_PWREx_ControlVoltageScaling
    main.o(i.SystemClock_Config) refers to stm32g0xx_hal_rcc.o(i.HAL_RCC_OscConfig) for HAL_RCC_OscConfig
    main.o(i.SystemClock_Config) refers to stm32g0xx_hal_rcc.o(i.HAL_RCC_ClockConfig) for HAL_RCC_ClockConfig
    main.o(i.SystemClock_Config) refers to stm32g0xx_hal_rcc_ex.o(i.HAL_RCCEx_PeriphCLKConfig) for HAL_RCCEx_PeriphCLKConfig
    main.o(i.fputc) refers to stm32g0xx_hal_uart.o(i.HAL_UART_Transmit) for HAL_UART_Transmit
    main.o(i.fputc) refers to usart.o(.bss) for huart1
    main.o(i.main) refers to stm32g0xx_hal.o(i.HAL_Init) for HAL_Init
    main.o(i.main) refers to main.o(i.SystemClock_Config) for SystemClock_Config
    main.o(i.main) refers to gpio.o(i.MX_GPIO_Init) for MX_GPIO_Init
    main.o(i.main) refers to usart.o(i.MX_USART1_UART_Init) for MX_USART1_UART_Init
    main.o(i.main) refers to inflash.o(i.InFlash_Write_MultiBytes) for InFlash_Write_MultiBytes
    main.o(i.main) refers to stm32g0xx_hal.o(i.HAL_Delay) for HAL_Delay
    usart.o(i.HAL_UART_MspDeInit) refers to stm32g0xx_hal_gpio.o(i.HAL_GPIO_DeInit) for HAL_GPIO_DeInit
    usart.o(i.HAL_UART_MspDeInit) refers to stm32g0xx_hal_cortex.o(i.HAL_NVIC_DisableIRQ) for HAL_NVIC_DisableIRQ
    usart.o(i.HAL_UART_MspInit) refers to memseta.o(.text) for __aeabi_memclr4
    usart.o(i.HAL_UART_MspInit) refers to stm32g0xx_hal_gpio.o(i.HAL_GPIO_Init) for HAL_GPIO_Init
    usart.o(i.HAL_UART_MspInit) refers to stm32g0xx_hal_cortex.o(i.HAL_NVIC_SetPriority) for HAL_NVIC_SetPriority
    usart.o(i.HAL_UART_MspInit) refers to stm32g0xx_hal_cortex.o(i.HAL_NVIC_EnableIRQ) for HAL_NVIC_EnableIRQ
    usart.o(i.MX_USART1_UART_Init) refers to stm32g0xx_hal_uart.o(i.HAL_UART_Init) for HAL_UART_Init
    usart.o(i.MX_USART1_UART_Init) refers to main.o(i.Error_Handler) for Error_Handler
    usart.o(i.MX_USART1_UART_Init) refers to stm32g0xx_hal_uart_ex.o(i.HAL_UARTEx_SetTxFifoThreshold) for HAL_UARTEx_SetTxFifoThreshold
    usart.o(i.MX_USART1_UART_Init) refers to stm32g0xx_hal_uart_ex.o(i.HAL_UARTEx_SetRxFifoThreshold) for HAL_UARTEx_SetRxFifoThreshold
    usart.o(i.MX_USART1_UART_Init) refers to stm32g0xx_hal_uart_ex.o(i.HAL_UARTEx_DisableFifoMode) for HAL_UARTEx_DisableFifoMode
    usart.o(i.MX_USART1_UART_Init) refers to usart.o(.bss) for .bss
    stm32g0xx_it.o(i.SysTick_Handler) refers to stm32g0xx_hal.o(i.HAL_IncTick) for HAL_IncTick
    stm32g0xx_it.o(i.USART1_IRQHandler) refers to stm32g0xx_hal_uart.o(i.HAL_UART_IRQHandler) for HAL_UART_IRQHandler
    stm32g0xx_it.o(i.USART1_IRQHandler) refers to usart.o(.bss) for huart1
    inflash.o(i.FlashWriteDoubleWord) refers to stm32g0xx_hal_flash.o(i.HAL_FLASH_Unlock) for HAL_FLASH_Unlock
    inflash.o(i.FlashWriteDoubleWord) refers to stm32g0xx_hal_flash.o(i.HAL_FLASH_Program) for HAL_FLASH_Program
    inflash.o(i.FlashWriteDoubleWord) refers to stm32g0xx_hal_flash.o(i.HAL_FLASH_Lock) for HAL_FLASH_Lock
    inflash.o(i.InFlash_Erase_Page) refers to stm32g0xx_hal_flash.o(i.HAL_FLASH_Unlock) for HAL_FLASH_Unlock
    inflash.o(i.InFlash_Erase_Page) refers to stm32g0xx_hal_flash_ex.o(i.HAL_FLASHEx_Erase) for HAL_FLASHEx_Erase
    inflash.o(i.InFlash_Erase_Page) refers to stm32g0xx_hal_flash.o(i.HAL_FLASH_Lock) for HAL_FLASH_Lock
    inflash.o(i.InFlash_Read_MultiBytes) refers to inflash.o(i.InFlash_Read_OneByte) for InFlash_Read_OneByte
    inflash.o(i.InFlash_Write_MultiBytes) refers to inflash.o(i.InFlash_Read_MultiBytes) for InFlash_Read_MultiBytes
    inflash.o(i.InFlash_Write_MultiBytes) refers to inflash.o(i.InFlash_Erase_Page) for InFlash_Erase_Page
    inflash.o(i.InFlash_Write_MultiBytes) refers to stm32g0xx_hal_flash.o(i.HAL_FLASH_Unlock) for HAL_FLASH_Unlock
    inflash.o(i.InFlash_Write_MultiBytes) refers to stm32g0xx_hal_flash.o(i.HAL_FLASH_Program) for HAL_FLASH_Program
    inflash.o(i.InFlash_Write_MultiBytes) refers to stm32g0xx_hal_flash.o(i.HAL_FLASH_Lock) for HAL_FLASH_Lock
    inflash.o(i.InFlash_Write_MultiBytes) refers to inflash.o(.bss) for .bss
    inflash.o(i.InFlash_Write_OneByte) refers to inflash.o(i.InFlash_Read_MultiBytes) for InFlash_Read_MultiBytes
    inflash.o(i.InFlash_Write_OneByte) refers to inflash.o(i.InFlash_Erase_Page) for InFlash_Erase_Page
    inflash.o(i.InFlash_Write_OneByte) refers to stm32g0xx_hal_flash.o(i.HAL_FLASH_Unlock) for HAL_FLASH_Unlock
    inflash.o(i.InFlash_Write_OneByte) refers to stm32g0xx_hal_flash.o(i.HAL_FLASH_Program) for HAL_FLASH_Program
    inflash.o(i.InFlash_Write_OneByte) refers to stm32g0xx_hal_flash.o(i.HAL_FLASH_Lock) for HAL_FLASH_Lock
    inflash.o(i.InFlash_Write_OneByte) refers to inflash.o(.bss) for .bss
    stm32g0xx_hal_gpio.o(i.HAL_GPIO_EXTI_IRQHandler) refers to stm32g0xx_hal_gpio.o(i.HAL_GPIO_EXTI_Rising_Callback) for HAL_GPIO_EXTI_Rising_Callback
    stm32g0xx_hal_gpio.o(i.HAL_GPIO_EXTI_IRQHandler) refers to stm32g0xx_hal_gpio.o(i.HAL_GPIO_EXTI_Falling_Callback) for HAL_GPIO_EXTI_Falling_Callback
    stm32g0xx_hal_uart.o(i.HAL_HalfDuplex_Init) refers to usart.o(i.HAL_UART_MspInit) for HAL_UART_MspInit
    stm32g0xx_hal_uart.o(i.HAL_HalfDuplex_Init) refers to stm32g0xx_hal_uart.o(i.UART_SetConfig) for UART_SetConfig
    stm32g0xx_hal_uart.o(i.HAL_HalfDuplex_Init) refers to stm32g0xx_hal_uart.o(i.UART_AdvFeatureConfig) for UART_AdvFeatureConfig
    stm32g0xx_hal_uart.o(i.HAL_HalfDuplex_Init) refers to stm32g0xx_hal_uart.o(i.UART_CheckIdleState) for UART_CheckIdleState
    stm32g0xx_hal_uart.o(i.HAL_LIN_Init) refers to usart.o(i.HAL_UART_MspInit) for HAL_UART_MspInit
    stm32g0xx_hal_uart.o(i.HAL_LIN_Init) refers to stm32g0xx_hal_uart.o(i.UART_SetConfig) for UART_SetConfig
    stm32g0xx_hal_uart.o(i.HAL_LIN_Init) refers to stm32g0xx_hal_uart.o(i.UART_AdvFeatureConfig) for UART_AdvFeatureConfig
    stm32g0xx_hal_uart.o(i.HAL_LIN_Init) refers to stm32g0xx_hal_uart.o(i.UART_CheckIdleState) for UART_CheckIdleState
    stm32g0xx_hal_uart.o(i.HAL_MultiProcessor_DisableMuteMode) refers to stm32g0xx_hal_uart.o(i.UART_CheckIdleState) for UART_CheckIdleState
    stm32g0xx_hal_uart.o(i.HAL_MultiProcessor_EnableMuteMode) refers to stm32g0xx_hal_uart.o(i.UART_CheckIdleState) for UART_CheckIdleState
    stm32g0xx_hal_uart.o(i.HAL_MultiProcessor_Init) refers to usart.o(i.HAL_UART_MspInit) for HAL_UART_MspInit
    stm32g0xx_hal_uart.o(i.HAL_MultiProcessor_Init) refers to stm32g0xx_hal_uart.o(i.UART_SetConfig) for UART_SetConfig
    stm32g0xx_hal_uart.o(i.HAL_MultiProcessor_Init) refers to stm32g0xx_hal_uart.o(i.UART_AdvFeatureConfig) for UART_AdvFeatureConfig
    stm32g0xx_hal_uart.o(i.HAL_MultiProcessor_Init) refers to stm32g0xx_hal_uart.o(i.UART_CheckIdleState) for UART_CheckIdleState
    stm32g0xx_hal_uart.o(i.HAL_UART_Abort) refers to stm32g0xx_hal_dma.o(i.HAL_DMA_Abort) for HAL_DMA_Abort
    stm32g0xx_hal_uart.o(i.HAL_UART_Abort) refers to stm32g0xx_hal_dma.o(i.HAL_DMA_GetError) for HAL_DMA_GetError
    stm32g0xx_hal_uart.o(i.HAL_UART_AbortReceive) refers to stm32g0xx_hal_dma.o(i.HAL_DMA_Abort) for HAL_DMA_Abort
    stm32g0xx_hal_uart.o(i.HAL_UART_AbortReceive) refers to stm32g0xx_hal_dma.o(i.HAL_DMA_GetError) for HAL_DMA_GetError
    stm32g0xx_hal_uart.o(i.HAL_UART_AbortReceive_IT) refers to stm32g0xx_hal_dma.o(i.HAL_DMA_Abort_IT) for HAL_DMA_Abort_IT
    stm32g0xx_hal_uart.o(i.HAL_UART_AbortReceive_IT) refers to stm32g0xx_hal_uart.o(i.HAL_UART_AbortReceiveCpltCallback) for HAL_UART_AbortReceiveCpltCallback
    stm32g0xx_hal_uart.o(i.HAL_UART_AbortReceive_IT) refers to stm32g0xx_hal_uart.o(i.UART_DMARxOnlyAbortCallback) for UART_DMARxOnlyAbortCallback
    stm32g0xx_hal_uart.o(i.HAL_UART_AbortTransmit) refers to stm32g0xx_hal_dma.o(i.HAL_DMA_Abort) for HAL_DMA_Abort
    stm32g0xx_hal_uart.o(i.HAL_UART_AbortTransmit) refers to stm32g0xx_hal_dma.o(i.HAL_DMA_GetError) for HAL_DMA_GetError
    stm32g0xx_hal_uart.o(i.HAL_UART_AbortTransmit_IT) refers to stm32g0xx_hal_dma.o(i.HAL_DMA_Abort_IT) for HAL_DMA_Abort_IT
    stm32g0xx_hal_uart.o(i.HAL_UART_AbortTransmit_IT) refers to stm32g0xx_hal_uart.o(i.HAL_UART_AbortTransmitCpltCallback) for HAL_UART_AbortTransmitCpltCallback
    stm32g0xx_hal_uart.o(i.HAL_UART_AbortTransmit_IT) refers to stm32g0xx_hal_uart.o(i.UART_DMATxOnlyAbortCallback) for UART_DMATxOnlyAbortCallback
    stm32g0xx_hal_uart.o(i.HAL_UART_Abort_IT) refers to stm32g0xx_hal_dma.o(i.HAL_DMA_Abort_IT) for HAL_DMA_Abort_IT
    stm32g0xx_hal_uart.o(i.HAL_UART_Abort_IT) refers to stm32g0xx_hal_uart.o(i.HAL_UART_AbortCpltCallback) for HAL_UART_AbortCpltCallback
    stm32g0xx_hal_uart.o(i.HAL_UART_Abort_IT) refers to stm32g0xx_hal_uart.o(i.UART_DMATxAbortCallback) for UART_DMATxAbortCallback
    stm32g0xx_hal_uart.o(i.HAL_UART_Abort_IT) refers to stm32g0xx_hal_uart.o(i.UART_DMARxAbortCallback) for UART_DMARxAbortCallback
    stm32g0xx_hal_uart.o(i.HAL_UART_DMAStop) refers to stm32g0xx_hal_dma.o(i.HAL_DMA_Abort) for HAL_DMA_Abort
    stm32g0xx_hal_uart.o(i.HAL_UART_DMAStop) refers to stm32g0xx_hal_dma.o(i.HAL_DMA_GetError) for HAL_DMA_GetError
    stm32g0xx_hal_uart.o(i.HAL_UART_DMAStop) refers to stm32g0xx_hal_uart.o(i.UART_EndTxTransfer) for UART_EndTxTransfer
    stm32g0xx_hal_uart.o(i.HAL_UART_DMAStop) refers to stm32g0xx_hal_uart.o(i.UART_EndRxTransfer) for UART_EndRxTransfer
    stm32g0xx_hal_uart.o(i.HAL_UART_DeInit) refers to usart.o(i.HAL_UART_MspDeInit) for HAL_UART_MspDeInit
    stm32g0xx_hal_uart.o(i.HAL_UART_IRQHandler) refers to stm32g0xx_hal_uart.o(i.UART_EndRxTransfer) for UART_EndRxTransfer
    stm32g0xx_hal_uart.o(i.HAL_UART_IRQHandler) refers to stm32g0xx_hal_dma.o(i.HAL_DMA_Abort_IT) for HAL_DMA_Abort_IT
    stm32g0xx_hal_uart.o(i.HAL_UART_IRQHandler) refers to stm32g0xx_hal_uart.o(i.HAL_UART_ErrorCallback) for HAL_UART_ErrorCallback
    stm32g0xx_hal_uart.o(i.HAL_UART_IRQHandler) refers to stm32g0xx_hal_uart_ex.o(i.HAL_UARTEx_WakeupCallback) for HAL_UARTEx_WakeupCallback
    stm32g0xx_hal_uart.o(i.HAL_UART_IRQHandler) refers to stm32g0xx_hal_uart.o(i.HAL_UART_TxCpltCallback) for HAL_UART_TxCpltCallback
    stm32g0xx_hal_uart.o(i.HAL_UART_IRQHandler) refers to stm32g0xx_hal_uart_ex.o(i.HAL_UARTEx_TxFifoEmptyCallback) for HAL_UARTEx_TxFifoEmptyCallback
    stm32g0xx_hal_uart.o(i.HAL_UART_IRQHandler) refers to stm32g0xx_hal_uart_ex.o(i.HAL_UARTEx_RxFifoFullCallback) for HAL_UARTEx_RxFifoFullCallback
    stm32g0xx_hal_uart.o(i.HAL_UART_IRQHandler) refers to stm32g0xx_hal_uart.o(i.UART_DMAAbortOnError) for UART_DMAAbortOnError
    stm32g0xx_hal_uart.o(i.HAL_UART_Init) refers to usart.o(i.HAL_UART_MspInit) for HAL_UART_MspInit
    stm32g0xx_hal_uart.o(i.HAL_UART_Init) refers to stm32g0xx_hal_uart.o(i.UART_SetConfig) for UART_SetConfig
    stm32g0xx_hal_uart.o(i.HAL_UART_Init) refers to stm32g0xx_hal_uart.o(i.UART_AdvFeatureConfig) for UART_AdvFeatureConfig
    stm32g0xx_hal_uart.o(i.HAL_UART_Init) refers to stm32g0xx_hal_uart.o(i.UART_CheckIdleState) for UART_CheckIdleState
    stm32g0xx_hal_uart.o(i.HAL_UART_Receive) refers to stm32g0xx_hal.o(i.HAL_GetTick) for HAL_GetTick
    stm32g0xx_hal_uart.o(i.HAL_UART_Receive) refers to stm32g0xx_hal_uart.o(i.UART_WaitOnFlagUntilTimeout) for UART_WaitOnFlagUntilTimeout
    stm32g0xx_hal_uart.o(i.HAL_UART_Receive_DMA) refers to stm32g0xx_hal_dma.o(i.HAL_DMA_Start_IT) for HAL_DMA_Start_IT
    stm32g0xx_hal_uart.o(i.HAL_UART_Receive_DMA) refers to stm32g0xx_hal_uart.o(i.UART_DMAReceiveCplt) for UART_DMAReceiveCplt
    stm32g0xx_hal_uart.o(i.HAL_UART_Receive_DMA) refers to stm32g0xx_hal_uart.o(i.UART_DMARxHalfCplt) for UART_DMARxHalfCplt
    stm32g0xx_hal_uart.o(i.HAL_UART_Receive_DMA) refers to stm32g0xx_hal_uart.o(i.UART_DMAError) for UART_DMAError
    stm32g0xx_hal_uart.o(i.HAL_UART_Receive_IT) refers to stm32g0xx_hal_uart.o(i.UART_RxISR_8BIT_FIFOEN) for UART_RxISR_8BIT_FIFOEN
    stm32g0xx_hal_uart.o(i.HAL_UART_Receive_IT) refers to stm32g0xx_hal_uart.o(i.UART_RxISR_16BIT_FIFOEN) for UART_RxISR_16BIT_FIFOEN
    stm32g0xx_hal_uart.o(i.HAL_UART_Receive_IT) refers to stm32g0xx_hal_uart.o(i.UART_RxISR_8BIT) for UART_RxISR_8BIT
    stm32g0xx_hal_uart.o(i.HAL_UART_Receive_IT) refers to stm32g0xx_hal_uart.o(i.UART_RxISR_16BIT) for UART_RxISR_16BIT
    stm32g0xx_hal_uart.o(i.HAL_UART_Transmit) refers to stm32g0xx_hal.o(i.HAL_GetTick) for HAL_GetTick
    stm32g0xx_hal_uart.o(i.HAL_UART_Transmit) refers to stm32g0xx_hal_uart.o(i.UART_WaitOnFlagUntilTimeout) for UART_WaitOnFlagUntilTimeout
    stm32g0xx_hal_uart.o(i.HAL_UART_Transmit_DMA) refers to stm32g0xx_hal_dma.o(i.HAL_DMA_Start_IT) for HAL_DMA_Start_IT
    stm32g0xx_hal_uart.o(i.HAL_UART_Transmit_DMA) refers to stm32g0xx_hal_uart.o(i.UART_DMATransmitCplt) for UART_DMATransmitCplt
    stm32g0xx_hal_uart.o(i.HAL_UART_Transmit_DMA) refers to stm32g0xx_hal_uart.o(i.UART_DMATxHalfCplt) for UART_DMATxHalfCplt
    stm32g0xx_hal_uart.o(i.HAL_UART_Transmit_DMA) refers to stm32g0xx_hal_uart.o(i.UART_DMAError) for UART_DMAError
    stm32g0xx_hal_uart.o(i.HAL_UART_Transmit_IT) refers to stm32g0xx_hal_uart.o(i.UART_TxISR_8BIT_FIFOEN) for UART_TxISR_8BIT_FIFOEN
    stm32g0xx_hal_uart.o(i.HAL_UART_Transmit_IT) refers to stm32g0xx_hal_uart.o(i.UART_TxISR_16BIT_FIFOEN) for UART_TxISR_16BIT_FIFOEN
    stm32g0xx_hal_uart.o(i.HAL_UART_Transmit_IT) refers to stm32g0xx_hal_uart.o(i.UART_TxISR_8BIT) for UART_TxISR_8BIT
    stm32g0xx_hal_uart.o(i.HAL_UART_Transmit_IT) refers to stm32g0xx_hal_uart.o(i.UART_TxISR_16BIT) for UART_TxISR_16BIT
    stm32g0xx_hal_uart.o(i.UART_CheckIdleState) refers to stm32g0xx_hal.o(i.HAL_GetTick) for HAL_GetTick
    stm32g0xx_hal_uart.o(i.UART_CheckIdleState) refers to stm32g0xx_hal_uart.o(i.UART_WaitOnFlagUntilTimeout) for UART_WaitOnFlagUntilTimeout
    stm32g0xx_hal_uart.o(i.UART_DMAAbortOnError) refers to stm32g0xx_hal_uart.o(i.HAL_UART_ErrorCallback) for HAL_UART_ErrorCallback
    stm32g0xx_hal_uart.o(i.UART_DMAError) refers to stm32g0xx_hal_uart.o(i.UART_EndTxTransfer) for UART_EndTxTransfer
    stm32g0xx_hal_uart.o(i.UART_DMAError) refers to stm32g0xx_hal_uart.o(i.UART_EndRxTransfer) for UART_EndRxTransfer
    stm32g0xx_hal_uart.o(i.UART_DMAError) refers to stm32g0xx_hal_uart.o(i.HAL_UART_ErrorCallback) for HAL_UART_ErrorCallback
    stm32g0xx_hal_uart.o(i.UART_DMAReceiveCplt) refers to stm32g0xx_hal_uart.o(i.HAL_UART_RxCpltCallback) for HAL_UART_RxCpltCallback
    stm32g0xx_hal_uart.o(i.UART_DMARxAbortCallback) refers to stm32g0xx_hal_uart.o(i.HAL_UART_AbortCpltCallback) for HAL_UART_AbortCpltCallback
    stm32g0xx_hal_uart.o(i.UART_DMARxHalfCplt) refers to stm32g0xx_hal_uart.o(i.HAL_UART_RxHalfCpltCallback) for HAL_UART_RxHalfCpltCallback
    stm32g0xx_hal_uart.o(i.UART_DMARxOnlyAbortCallback) refers to stm32g0xx_hal_uart.o(i.HAL_UART_AbortReceiveCpltCallback) for HAL_UART_AbortReceiveCpltCallback
    stm32g0xx_hal_uart.o(i.UART_DMATransmitCplt) refers to stm32g0xx_hal_uart.o(i.HAL_UART_TxCpltCallback) for HAL_UART_TxCpltCallback
    stm32g0xx_hal_uart.o(i.UART_DMATxAbortCallback) refers to stm32g0xx_hal_uart.o(i.HAL_UART_AbortCpltCallback) for HAL_UART_AbortCpltCallback
    stm32g0xx_hal_uart.o(i.UART_DMATxHalfCplt) refers to stm32g0xx_hal_uart.o(i.HAL_UART_TxHalfCpltCallback) for HAL_UART_TxHalfCpltCallback
    stm32g0xx_hal_uart.o(i.UART_DMATxOnlyAbortCallback) refers to stm32g0xx_hal_uart.o(i.HAL_UART_AbortTransmitCpltCallback) for HAL_UART_AbortTransmitCpltCallback
    stm32g0xx_hal_uart.o(i.UART_RxISR_16BIT) refers to stm32g0xx_hal_uart.o(i.HAL_UART_RxCpltCallback) for HAL_UART_RxCpltCallback
    stm32g0xx_hal_uart.o(i.UART_RxISR_16BIT_FIFOEN) refers to stm32g0xx_hal_uart.o(i.HAL_UART_RxCpltCallback) for HAL_UART_RxCpltCallback
    stm32g0xx_hal_uart.o(i.UART_RxISR_16BIT_FIFOEN) refers to stm32g0xx_hal_uart.o(i.UART_RxISR_16BIT) for UART_RxISR_16BIT
    stm32g0xx_hal_uart.o(i.UART_RxISR_8BIT) refers to stm32g0xx_hal_uart.o(i.HAL_UART_RxCpltCallback) for HAL_UART_RxCpltCallback
    stm32g0xx_hal_uart.o(i.UART_RxISR_8BIT_FIFOEN) refers to stm32g0xx_hal_uart.o(i.HAL_UART_RxCpltCallback) for HAL_UART_RxCpltCallback
    stm32g0xx_hal_uart.o(i.UART_RxISR_8BIT_FIFOEN) refers to stm32g0xx_hal_uart.o(i.UART_RxISR_8BIT) for UART_RxISR_8BIT
    stm32g0xx_hal_uart.o(i.UART_SetConfig) refers to stm32g0xx_hal_rcc.o(i.HAL_RCC_GetPCLK1Freq) for HAL_RCC_GetPCLK1Freq
    stm32g0xx_hal_uart.o(i.UART_SetConfig) refers to uidiv.o(.text) for __aeabi_uidivmod
    stm32g0xx_hal_uart.o(i.UART_SetConfig) refers to stm32g0xx_hal_rcc.o(i.HAL_RCC_GetSysClockFreq) for HAL_RCC_GetSysClockFreq
    stm32g0xx_hal_uart.o(i.UART_WaitOnFlagUntilTimeout) refers to stm32g0xx_hal.o(i.HAL_GetTick) for HAL_GetTick
    stm32g0xx_hal_uart_ex.o(i.HAL_MultiProcessorEx_AddressLength_Set) refers to stm32g0xx_hal_uart.o(i.UART_CheckIdleState) for UART_CheckIdleState
    stm32g0xx_hal_uart_ex.o(i.HAL_RS485Ex_Init) refers to usart.o(i.HAL_UART_MspInit) for HAL_UART_MspInit
    stm32g0xx_hal_uart_ex.o(i.HAL_RS485Ex_Init) refers to stm32g0xx_hal_uart.o(i.UART_SetConfig) for UART_SetConfig
    stm32g0xx_hal_uart_ex.o(i.HAL_RS485Ex_Init) refers to stm32g0xx_hal_uart.o(i.UART_AdvFeatureConfig) for UART_AdvFeatureConfig
    stm32g0xx_hal_uart_ex.o(i.HAL_RS485Ex_Init) refers to stm32g0xx_hal_uart.o(i.UART_CheckIdleState) for UART_CheckIdleState
    stm32g0xx_hal_uart_ex.o(i.HAL_UARTEx_EnableFifoMode) refers to stm32g0xx_hal_uart_ex.o(i.UARTEx_SetNbDataToProcess) for UARTEx_SetNbDataToProcess
    stm32g0xx_hal_uart_ex.o(i.HAL_UARTEx_SetRxFifoThreshold) refers to stm32g0xx_hal_uart_ex.o(i.UARTEx_SetNbDataToProcess) for UARTEx_SetNbDataToProcess
    stm32g0xx_hal_uart_ex.o(i.HAL_UARTEx_SetTxFifoThreshold) refers to stm32g0xx_hal_uart_ex.o(i.UARTEx_SetNbDataToProcess) for UARTEx_SetNbDataToProcess
    stm32g0xx_hal_uart_ex.o(i.HAL_UARTEx_StopModeWakeUpSourceConfig) refers to stm32g0xx_hal.o(i.HAL_GetTick) for HAL_GetTick
    stm32g0xx_hal_uart_ex.o(i.HAL_UARTEx_StopModeWakeUpSourceConfig) refers to stm32g0xx_hal_uart.o(i.UART_WaitOnFlagUntilTimeout) for UART_WaitOnFlagUntilTimeout
    stm32g0xx_hal_uart_ex.o(i.UARTEx_SetNbDataToProcess) refers to uidiv.o(.text) for __aeabi_uidivmod
    stm32g0xx_hal_rcc.o(i.HAL_RCC_ClockConfig) refers to stm32g0xx_hal.o(i.HAL_GetTick) for HAL_GetTick
    stm32g0xx_hal_rcc.o(i.HAL_RCC_ClockConfig) refers to stm32g0xx_hal_rcc.o(i.HAL_RCC_GetSysClockFreq) for HAL_RCC_GetSysClockFreq
    stm32g0xx_hal_rcc.o(i.HAL_RCC_ClockConfig) refers to stm32g0xx_hal.o(i.HAL_InitTick) for HAL_InitTick
    stm32g0xx_hal_rcc.o(i.HAL_RCC_ClockConfig) refers to system_stm32g0xx.o(.constdata) for AHBPrescTable
    stm32g0xx_hal_rcc.o(i.HAL_RCC_ClockConfig) refers to system_stm32g0xx.o(.data) for SystemCoreClock
    stm32g0xx_hal_rcc.o(i.HAL_RCC_ClockConfig) refers to stm32g0xx_hal.o(.data) for uwTickPrio
    stm32g0xx_hal_rcc.o(i.HAL_RCC_DeInit) refers to stm32g0xx_hal.o(i.HAL_GetTick) for HAL_GetTick
    stm32g0xx_hal_rcc.o(i.HAL_RCC_DeInit) refers to stm32g0xx_hal.o(i.HAL_InitTick) for HAL_InitTick
    stm32g0xx_hal_rcc.o(i.HAL_RCC_DeInit) refers to system_stm32g0xx.o(.data) for SystemCoreClock
    stm32g0xx_hal_rcc.o(i.HAL_RCC_DeInit) refers to stm32g0xx_hal.o(.data) for uwTickPrio
    stm32g0xx_hal_rcc.o(i.HAL_RCC_GetHCLKFreq) refers to system_stm32g0xx.o(.data) for SystemCoreClock
    stm32g0xx_hal_rcc.o(i.HAL_RCC_GetPCLK1Freq) refers to system_stm32g0xx.o(.data) for SystemCoreClock
    stm32g0xx_hal_rcc.o(i.HAL_RCC_GetPCLK1Freq) refers to system_stm32g0xx.o(.constdata) for APBPrescTable
    stm32g0xx_hal_rcc.o(i.HAL_RCC_GetSysClockFreq) refers to uidiv.o(.text) for __aeabi_uidivmod
    stm32g0xx_hal_rcc.o(i.HAL_RCC_MCOConfig) refers to stm32g0xx_hal_gpio.o(i.HAL_GPIO_Init) for HAL_GPIO_Init
    stm32g0xx_hal_rcc.o(i.HAL_RCC_NMI_IRQHandler) refers to stm32g0xx_hal_rcc.o(i.HAL_RCC_CSSCallback) for HAL_RCC_CSSCallback
    stm32g0xx_hal_rcc.o(i.HAL_RCC_NMI_IRQHandler) refers to stm32g0xx_hal_rcc.o(i.HAL_RCC_LSECSSCallback) for HAL_RCC_LSECSSCallback
    stm32g0xx_hal_rcc.o(i.HAL_RCC_OscConfig) refers to stm32g0xx_hal.o(i.HAL_GetTick) for HAL_GetTick
    stm32g0xx_hal_rcc.o(i.HAL_RCC_OscConfig) refers to uidiv.o(.text) for __aeabi_uidivmod
    stm32g0xx_hal_rcc.o(i.HAL_RCC_OscConfig) refers to stm32g0xx_hal.o(i.HAL_InitTick) for HAL_InitTick
    stm32g0xx_hal_rcc.o(i.HAL_RCC_OscConfig) refers to system_stm32g0xx.o(.data) for SystemCoreClock
    stm32g0xx_hal_rcc.o(i.HAL_RCC_OscConfig) refers to stm32g0xx_hal.o(.data) for uwTickPrio
    stm32g0xx_hal_rcc_ex.o(i.HAL_RCCEx_DisableLSCO) refers to stm32g0xx_hal_pwr.o(i.HAL_PWR_EnableBkUpAccess) for HAL_PWR_EnableBkUpAccess
    stm32g0xx_hal_rcc_ex.o(i.HAL_RCCEx_DisableLSCO) refers to stm32g0xx_hal_pwr.o(i.HAL_PWR_DisableBkUpAccess) for HAL_PWR_DisableBkUpAccess
    stm32g0xx_hal_rcc_ex.o(i.HAL_RCCEx_EnableLSCO) refers to stm32g0xx_hal_gpio.o(i.HAL_GPIO_Init) for HAL_GPIO_Init
    stm32g0xx_hal_rcc_ex.o(i.HAL_RCCEx_EnableLSCO) refers to stm32g0xx_hal_pwr.o(i.HAL_PWR_EnableBkUpAccess) for HAL_PWR_EnableBkUpAccess
    stm32g0xx_hal_rcc_ex.o(i.HAL_RCCEx_EnableLSCO) refers to stm32g0xx_hal_pwr.o(i.HAL_PWR_DisableBkUpAccess) for HAL_PWR_DisableBkUpAccess
    stm32g0xx_hal_rcc_ex.o(i.HAL_RCCEx_GetPeriphCLKFreq) refers to uidiv.o(.text) for __aeabi_uidivmod
    stm32g0xx_hal_rcc_ex.o(i.HAL_RCCEx_GetPeriphCLKFreq) refers to stm32g0xx_hal_rcc.o(i.HAL_RCC_GetPCLK1Freq) for HAL_RCC_GetPCLK1Freq
    stm32g0xx_hal_rcc_ex.o(i.HAL_RCCEx_GetPeriphCLKFreq) refers to stm32g0xx_hal_rcc.o(i.HAL_RCC_GetSysClockFreq) for HAL_RCC_GetSysClockFreq
    stm32g0xx_hal_rcc_ex.o(i.HAL_RCCEx_PeriphCLKConfig) refers to stm32g0xx_hal.o(i.HAL_GetTick) for HAL_GetTick
    stm32g0xx_hal_flash.o(i.FLASH_WaitForLastOperation) refers to stm32g0xx_hal.o(i.HAL_GetTick) for HAL_GetTick
    stm32g0xx_hal_flash.o(i.FLASH_WaitForLastOperation) refers to stm32g0xx_hal_flash.o(.bss) for .bss
    stm32g0xx_hal_flash.o(i.HAL_FLASH_GetError) refers to stm32g0xx_hal_flash.o(.bss) for .bss
    stm32g0xx_hal_flash.o(i.HAL_FLASH_IRQHandler) refers to stm32g0xx_hal_flash.o(i.HAL_FLASH_OperationErrorCallback) for HAL_FLASH_OperationErrorCallback
    stm32g0xx_hal_flash.o(i.HAL_FLASH_IRQHandler) refers to stm32g0xx_hal_flash_ex.o(i.FLASH_PageErase) for FLASH_PageErase
    stm32g0xx_hal_flash.o(i.HAL_FLASH_IRQHandler) refers to stm32g0xx_hal_flash.o(i.HAL_FLASH_EndOfOperationCallback) for HAL_FLASH_EndOfOperationCallback
    stm32g0xx_hal_flash.o(i.HAL_FLASH_IRQHandler) refers to stm32g0xx_hal_flash.o(.bss) for .bss
    stm32g0xx_hal_flash.o(i.HAL_FLASH_Program) refers to stm32g0xx_hal_flash.o(i.FLASH_WaitForLastOperation) for FLASH_WaitForLastOperation
    stm32g0xx_hal_flash.o(i.HAL_FLASH_Program) refers to stm32g0xx_hal_flash.o(i.FLASH_Program_Fast) for FLASH_Program_Fast
    stm32g0xx_hal_flash.o(i.HAL_FLASH_Program) refers to stm32g0xx_hal_flash.o(i.FLASH_Program_DoubleWord) for FLASH_Program_DoubleWord
    stm32g0xx_hal_flash.o(i.HAL_FLASH_Program) refers to stm32g0xx_hal_flash.o(.bss) for .bss
    stm32g0xx_hal_flash.o(i.HAL_FLASH_Program_IT) refers to stm32g0xx_hal_flash.o(i.FLASH_WaitForLastOperation) for FLASH_WaitForLastOperation
    stm32g0xx_hal_flash.o(i.HAL_FLASH_Program_IT) refers to stm32g0xx_hal_flash.o(i.FLASH_Program_Fast) for FLASH_Program_Fast
    stm32g0xx_hal_flash.o(i.HAL_FLASH_Program_IT) refers to stm32g0xx_hal_flash.o(i.FLASH_Program_DoubleWord) for FLASH_Program_DoubleWord
    stm32g0xx_hal_flash.o(i.HAL_FLASH_Program_IT) refers to stm32g0xx_hal_flash.o(.bss) for .bss
    stm32g0xx_hal_flash_ex.o(i.HAL_FLASHEx_Erase) refers to stm32g0xx_hal_flash.o(i.FLASH_WaitForLastOperation) for FLASH_WaitForLastOperation
    stm32g0xx_hal_flash_ex.o(i.HAL_FLASHEx_Erase) refers to stm32g0xx_hal_flash_ex.o(i.FLASH_MassErase) for FLASH_MassErase
    stm32g0xx_hal_flash_ex.o(i.HAL_FLASHEx_Erase) refers to stm32g0xx_hal_flash_ex.o(i.FLASH_PageErase) for FLASH_PageErase
    stm32g0xx_hal_flash_ex.o(i.HAL_FLASHEx_Erase) refers to stm32g0xx_hal_flash.o(.bss) for pFlash
    stm32g0xx_hal_flash_ex.o(i.HAL_FLASHEx_Erase_IT) refers to stm32g0xx_hal_flash.o(i.FLASH_WaitForLastOperation) for FLASH_WaitForLastOperation
    stm32g0xx_hal_flash_ex.o(i.HAL_FLASHEx_Erase_IT) refers to stm32g0xx_hal_flash_ex.o(i.FLASH_PageErase) for FLASH_PageErase
    stm32g0xx_hal_flash_ex.o(i.HAL_FLASHEx_Erase_IT) refers to stm32g0xx_hal_flash_ex.o(i.FLASH_MassErase) for FLASH_MassErase
    stm32g0xx_hal_flash_ex.o(i.HAL_FLASHEx_Erase_IT) refers to stm32g0xx_hal_flash.o(.bss) for pFlash
    stm32g0xx_hal_flash_ex.o(i.HAL_FLASHEx_OBGetConfig) refers to stm32g0xx_hal_flash_ex.o(i.FLASH_OB_GetRDP) for FLASH_OB_GetRDP
    stm32g0xx_hal_flash_ex.o(i.HAL_FLASHEx_OBGetConfig) refers to stm32g0xx_hal_flash_ex.o(i.FLASH_OB_GetUser) for FLASH_OB_GetUser
    stm32g0xx_hal_flash_ex.o(i.HAL_FLASHEx_OBProgram) refers to stm32g0xx_hal_flash_ex.o(i.FLASH_OB_GetUser) for FLASH_OB_GetUser
    stm32g0xx_hal_flash_ex.o(i.HAL_FLASHEx_OBProgram) refers to stm32g0xx_hal_flash_ex.o(i.FLASH_OB_GetRDP) for FLASH_OB_GetRDP
    stm32g0xx_hal_flash_ex.o(i.HAL_FLASHEx_OBProgram) refers to stm32g0xx_hal_flash_ex.o(i.FLASH_OB_OptrConfig) for FLASH_OB_OptrConfig
    stm32g0xx_hal_flash_ex.o(i.HAL_FLASHEx_OBProgram) refers to stm32g0xx_hal_flash.o(i.FLASH_WaitForLastOperation) for FLASH_WaitForLastOperation
    stm32g0xx_hal_flash_ex.o(i.HAL_FLASHEx_OBProgram) refers to stm32g0xx_hal_flash.o(.bss) for pFlash
    stm32g0xx_hal_dma.o(i.DMA_CalcDMAMUXChannelBaseAndMask) refers to uidiv.o(.text) for __aeabi_uidivmod
    stm32g0xx_hal_dma.o(i.HAL_DMA_DeInit) refers to uidiv.o(.text) for __aeabi_uidivmod
    stm32g0xx_hal_dma.o(i.HAL_DMA_DeInit) refers to stm32g0xx_hal_dma.o(i.DMA_CalcDMAMUXChannelBaseAndMask) for DMA_CalcDMAMUXChannelBaseAndMask
    stm32g0xx_hal_dma.o(i.HAL_DMA_DeInit) refers to stm32g0xx_hal_dma.o(i.DMA_CalcDMAMUXRequestGenBaseAndMask) for DMA_CalcDMAMUXRequestGenBaseAndMask
    stm32g0xx_hal_dma.o(i.HAL_DMA_Init) refers to uidiv.o(.text) for __aeabi_uidivmod
    stm32g0xx_hal_dma.o(i.HAL_DMA_Init) refers to stm32g0xx_hal_dma.o(i.DMA_CalcDMAMUXChannelBaseAndMask) for DMA_CalcDMAMUXChannelBaseAndMask
    stm32g0xx_hal_dma.o(i.HAL_DMA_Init) refers to stm32g0xx_hal_dma.o(i.DMA_CalcDMAMUXRequestGenBaseAndMask) for DMA_CalcDMAMUXRequestGenBaseAndMask
    stm32g0xx_hal_dma.o(i.HAL_DMA_PollForTransfer) refers to stm32g0xx_hal.o(i.HAL_GetTick) for HAL_GetTick
    stm32g0xx_hal_dma.o(i.HAL_DMA_Start) refers to stm32g0xx_hal_dma.o(i.DMA_SetConfig) for DMA_SetConfig
    stm32g0xx_hal_dma.o(i.HAL_DMA_Start_IT) refers to stm32g0xx_hal_dma.o(i.DMA_SetConfig) for DMA_SetConfig
    stm32g0xx_hal_dma.o(i.HAL_DMA_UnRegisterCallback) refers to stm32g0xx_hal_dma.o(i.__ARM_common_switch8) for __ARM_common_switch8
    stm32g0xx_hal_pwr.o(i.HAL_PWR_EnterSLEEPMode) refers to stm32g0xx_hal_pwr_ex.o(i.HAL_PWREx_EnableLowPowerRunMode) for HAL_PWREx_EnableLowPowerRunMode
    stm32g0xx_hal_pwr.o(i.HAL_PWR_EnterSLEEPMode) refers to stm32g0xx_hal_pwr_ex.o(i.HAL_PWREx_DisableLowPowerRunMode) for HAL_PWREx_DisableLowPowerRunMode
    stm32g0xx_hal_pwr_ex.o(i.HAL_PWREx_ControlVoltageScaling) refers to uidiv.o(.text) for __aeabi_uidivmod
    stm32g0xx_hal_pwr_ex.o(i.HAL_PWREx_ControlVoltageScaling) refers to system_stm32g0xx.o(.data) for SystemCoreClock
    stm32g0xx_hal_pwr_ex.o(i.HAL_PWREx_DisableGPIOPullDown) refers to stm32g0xx_hal_dma.o(i.__ARM_common_switch8) for __ARM_common_switch8
    stm32g0xx_hal_pwr_ex.o(i.HAL_PWREx_DisableGPIOPullUp) refers to stm32g0xx_hal_dma.o(i.__ARM_common_switch8) for __ARM_common_switch8
    stm32g0xx_hal_pwr_ex.o(i.HAL_PWREx_DisableLowPowerRunMode) refers to uidiv.o(.text) for __aeabi_uidivmod
    stm32g0xx_hal_pwr_ex.o(i.HAL_PWREx_DisableLowPowerRunMode) refers to system_stm32g0xx.o(.data) for SystemCoreClock
    stm32g0xx_hal_pwr_ex.o(i.HAL_PWREx_EnableGPIOPullDown) refers to stm32g0xx_hal_dma.o(i.__ARM_common_switch8) for __ARM_common_switch8
    stm32g0xx_hal_pwr_ex.o(i.HAL_PWREx_EnableGPIOPullUp) refers to stm32g0xx_hal_dma.o(i.__ARM_common_switch8) for __ARM_common_switch8
    stm32g0xx_hal_cortex.o(i.HAL_NVIC_SetPriority) refers to stm32g0xx_hal_cortex.o(i.__NVIC_SetPriority) for __NVIC_SetPriority
    stm32g0xx_hal_cortex.o(i.HAL_SYSTICK_Config) refers to stm32g0xx_hal_cortex.o(i.__NVIC_SetPriority) for __NVIC_SetPriority
    stm32g0xx_hal_cortex.o(i.HAL_SYSTICK_IRQHandler) refers to stm32g0xx_hal_cortex.o(i.HAL_SYSTICK_Callback) for HAL_SYSTICK_Callback
    stm32g0xx_hal.o(i.HAL_DeInit) refers to stm32g0xx_hal.o(i.HAL_MspDeInit) for HAL_MspDeInit
    stm32g0xx_hal.o(i.HAL_Delay) refers to stm32g0xx_hal.o(i.HAL_GetTick) for HAL_GetTick
    stm32g0xx_hal.o(i.HAL_Delay) refers to stm32g0xx_hal.o(.data) for .data
    stm32g0xx_hal.o(i.HAL_GetTick) refers to stm32g0xx_hal.o(.data) for .data
    stm32g0xx_hal.o(i.HAL_GetTickFreq) refers to stm32g0xx_hal.o(.data) for .data
    stm32g0xx_hal.o(i.HAL_GetTickPrio) refers to stm32g0xx_hal.o(.data) for .data
    stm32g0xx_hal.o(i.HAL_IncTick) refers to stm32g0xx_hal.o(.data) for .data
    stm32g0xx_hal.o(i.HAL_Init) refers to stm32g0xx_hal.o(i.HAL_InitTick) for HAL_InitTick
    stm32g0xx_hal.o(i.HAL_Init) refers to stm32g0xx_hal_msp.o(i.HAL_MspInit) for HAL_MspInit
    stm32g0xx_hal.o(i.HAL_InitTick) refers to uidiv.o(.text) for __aeabi_uidivmod
    stm32g0xx_hal.o(i.HAL_InitTick) refers to stm32g0xx_hal_cortex.o(i.HAL_SYSTICK_Config) for HAL_SYSTICK_Config
    stm32g0xx_hal.o(i.HAL_InitTick) refers to stm32g0xx_hal_cortex.o(i.HAL_NVIC_SetPriority) for HAL_NVIC_SetPriority
    stm32g0xx_hal.o(i.HAL_InitTick) refers to stm32g0xx_hal.o(.data) for .data
    stm32g0xx_hal.o(i.HAL_InitTick) refers to system_stm32g0xx.o(.data) for SystemCoreClock
    stm32g0xx_hal.o(i.HAL_SetTickFreq) refers to stm32g0xx_hal.o(i.HAL_InitTick) for HAL_InitTick
    stm32g0xx_hal.o(i.HAL_SetTickFreq) refers to stm32g0xx_hal.o(.data) for .data
    system_stm32g0xx.o(i.SystemCoreClockUpdate) refers to uidiv.o(.text) for __aeabi_uidivmod
    system_stm32g0xx.o(i.SystemCoreClockUpdate) refers to system_stm32g0xx.o(.data) for .data
    system_stm32g0xx.o(i.SystemCoreClockUpdate) refers to system_stm32g0xx.o(.constdata) for .constdata
    entry.o(.ARM.Collect$$$$00000000) refers (Special) to entry10a.o(.ARM.Collect$$$$0000000D) for __rt_final_cpp
    entry.o(.ARM.Collect$$$$00000000) refers (Special) to entry11a.o(.ARM.Collect$$$$0000000F) for __rt_final_exit
    entry.o(.ARM.Collect$$$$00000000) refers (Special) to entry7b.o(.ARM.Collect$$$$00000008) for _main_clock
    entry.o(.ARM.Collect$$$$00000000) refers (Special) to entry8b.o(.ARM.Collect$$$$0000000A) for _main_cpp_init
    entry.o(.ARM.Collect$$$$00000000) refers (Special) to entry9a.o(.ARM.Collect$$$$0000000B) for _main_init
    entry.o(.ARM.Collect$$$$00000000) refers (Special) to entry5.o(.ARM.Collect$$$$00000004) for _main_scatterload
    entry.o(.ARM.Collect$$$$00000000) refers (Special) to entry2.o(.ARM.Collect$$$$00000001) for _main_stk
    entry2.o(.ARM.Collect$$$$00000001) refers to entry2.o(.ARM.Collect$$$$00002712) for __lit__00000000
    entry2.o(.ARM.Collect$$$$00002712) refers to startup_stm32g070xx.o(STACK) for __initial_sp
    entry2.o(__vectab_stack_and_reset_area) refers to startup_stm32g070xx.o(STACK) for __initial_sp
    entry2.o(__vectab_stack_and_reset_area) refers to entry.o(.ARM.Collect$$$$00000000) for __main
    entry5.o(.ARM.Collect$$$$00000004) refers to init.o(.text) for __scatterload
    entry9a.o(.ARM.Collect$$$$0000000B) refers to main.o(i.main) for main
    entry9b.o(.ARM.Collect$$$$0000000C) refers to main.o(i.main) for main
    init.o(.text) refers to entry5.o(.ARM.Collect$$$$00000004) for __main_after_scatterload


==============================================================================

Removing Unused input sections from the image.

    Removing startup_stm32g070xx.o(HEAP), (512 bytes).
    Removing main.o(.rev16_text), (4 bytes).
    Removing main.o(.revsh_text), (4 bytes).
    Removing main.o(i.fputc), (24 bytes).
    Removing gpio.o(.rev16_text), (4 bytes).
    Removing gpio.o(.revsh_text), (4 bytes).
    Removing usart.o(.rev16_text), (4 bytes).
    Removing usart.o(.revsh_text), (4 bytes).
    Removing usart.o(i.HAL_UART_MspDeInit), (52 bytes).
    Removing stm32g0xx_it.o(.rev16_text), (4 bytes).
    Removing stm32g0xx_it.o(.revsh_text), (4 bytes).
    Removing stm32g0xx_hal_msp.o(.rev16_text), (4 bytes).
    Removing stm32g0xx_hal_msp.o(.revsh_text), (4 bytes).
    Removing inflash.o(.rev16_text), (4 bytes).
    Removing inflash.o(.revsh_text), (4 bytes).
    Removing inflash.o(i.FlashWriteDoubleWord), (48 bytes).
    Removing inflash.o(i.InFlash_Write_OneByte), (128 bytes).
    Removing stm32g0xx_hal_gpio.o(.rev16_text), (4 bytes).
    Removing stm32g0xx_hal_gpio.o(.revsh_text), (4 bytes).
    Removing stm32g0xx_hal_gpio.o(i.HAL_GPIO_DeInit), (212 bytes).
    Removing stm32g0xx_hal_gpio.o(i.HAL_GPIO_EXTI_Falling_Callback), (2 bytes).
    Removing stm32g0xx_hal_gpio.o(i.HAL_GPIO_EXTI_IRQHandler), (40 bytes).
    Removing stm32g0xx_hal_gpio.o(i.HAL_GPIO_EXTI_Rising_Callback), (2 bytes).
    Removing stm32g0xx_hal_gpio.o(i.HAL_GPIO_LockPin), (36 bytes).
    Removing stm32g0xx_hal_gpio.o(i.HAL_GPIO_ReadPin), (10 bytes).
    Removing stm32g0xx_hal_gpio.o(i.HAL_GPIO_TogglePin), (14 bytes).
    Removing stm32g0xx_hal_gpio.o(i.HAL_GPIO_WritePin), (12 bytes).
    Removing stm32g0xx_hal_tim.o(.rev16_text), (4 bytes).
    Removing stm32g0xx_hal_tim.o(.revsh_text), (4 bytes).
    Removing stm32g0xx_hal_tim_ex.o(.rev16_text), (4 bytes).
    Removing stm32g0xx_hal_tim_ex.o(.revsh_text), (4 bytes).
    Removing stm32g0xx_hal_uart.o(.rev16_text), (4 bytes).
    Removing stm32g0xx_hal_uart.o(.revsh_text), (4 bytes).
    Removing stm32g0xx_hal_uart.o(i.HAL_HalfDuplex_EnableReceiver), (58 bytes).
    Removing stm32g0xx_hal_uart.o(i.HAL_HalfDuplex_EnableTransmitter), (58 bytes).
    Removing stm32g0xx_hal_uart.o(i.HAL_HalfDuplex_Init), (122 bytes).
    Removing stm32g0xx_hal_uart.o(i.HAL_LIN_Init), (152 bytes).
    Removing stm32g0xx_hal_uart.o(i.HAL_LIN_SendBreak), (48 bytes).
    Removing stm32g0xx_hal_uart.o(i.HAL_MultiProcessor_DisableMuteMode), (50 bytes).
    Removing stm32g0xx_hal_uart.o(i.HAL_MultiProcessor_EnableMuteMode), (50 bytes).
    Removing stm32g0xx_hal_uart.o(i.HAL_MultiProcessor_EnterMuteMode), (12 bytes).
    Removing stm32g0xx_hal_uart.o(i.HAL_MultiProcessor_Init), (148 bytes).
    Removing stm32g0xx_hal_uart.o(i.HAL_UART_Abort), (188 bytes).
    Removing stm32g0xx_hal_uart.o(i.HAL_UART_AbortCpltCallback), (2 bytes).
    Removing stm32g0xx_hal_uart.o(i.HAL_UART_AbortReceive), (120 bytes).
    Removing stm32g0xx_hal_uart.o(i.HAL_UART_AbortReceiveCpltCallback), (2 bytes).
    Removing stm32g0xx_hal_uart.o(i.HAL_UART_AbortReceive_IT), (132 bytes).
    Removing stm32g0xx_hal_uart.o(i.HAL_UART_AbortTransmit), (116 bytes).
    Removing stm32g0xx_hal_uart.o(i.HAL_UART_AbortTransmitCpltCallback), (2 bytes).
    Removing stm32g0xx_hal_uart.o(i.HAL_UART_AbortTransmit_IT), (128 bytes).
    Removing stm32g0xx_hal_uart.o(i.HAL_UART_Abort_IT), (232 bytes).
    Removing stm32g0xx_hal_uart.o(i.HAL_UART_DMAPause), (96 bytes).
    Removing stm32g0xx_hal_uart.o(i.HAL_UART_DMAResume), (90 bytes).
    Removing stm32g0xx_hal_uart.o(i.HAL_UART_DMAStop), (126 bytes).
    Removing stm32g0xx_hal_uart.o(i.HAL_UART_DeInit), (64 bytes).
    Removing stm32g0xx_hal_uart.o(i.HAL_UART_GetError), (6 bytes).
    Removing stm32g0xx_hal_uart.o(i.HAL_UART_GetState), (12 bytes).
    Removing stm32g0xx_hal_uart.o(i.HAL_UART_MspDeInit), (2 bytes).
    Removing stm32g0xx_hal_uart.o(i.HAL_UART_MspInit), (2 bytes).
    Removing stm32g0xx_hal_uart.o(i.HAL_UART_Receive), (280 bytes).
    Removing stm32g0xx_hal_uart.o(i.HAL_UART_Receive_DMA), (188 bytes).
    Removing stm32g0xx_hal_uart.o(i.HAL_UART_Receive_IT), (276 bytes).
    Removing stm32g0xx_hal_uart.o(i.HAL_UART_RxCpltCallback), (2 bytes).
    Removing stm32g0xx_hal_uart.o(i.HAL_UART_RxHalfCpltCallback), (2 bytes).
    Removing stm32g0xx_hal_uart.o(i.HAL_UART_Transmit), (224 bytes).
    Removing stm32g0xx_hal_uart.o(i.HAL_UART_Transmit_DMA), (180 bytes).
    Removing stm32g0xx_hal_uart.o(i.HAL_UART_Transmit_IT), (172 bytes).
    Removing stm32g0xx_hal_uart.o(i.HAL_UART_TxHalfCpltCallback), (2 bytes).
    Removing stm32g0xx_hal_uart.o(i.UART_DMAError), (78 bytes).
    Removing stm32g0xx_hal_uart.o(i.UART_DMAReceiveCplt), (64 bytes).
    Removing stm32g0xx_hal_uart.o(i.UART_DMARxAbortCallback), (62 bytes).
    Removing stm32g0xx_hal_uart.o(i.UART_DMARxHalfCplt), (10 bytes).
    Removing stm32g0xx_hal_uart.o(i.UART_DMARxOnlyAbortCallback), (38 bytes).
    Removing stm32g0xx_hal_uart.o(i.UART_DMATransmitCplt), (48 bytes).
    Removing stm32g0xx_hal_uart.o(i.UART_DMATxAbortCallback), (72 bytes).
    Removing stm32g0xx_hal_uart.o(i.UART_DMATxHalfCplt), (10 bytes).
    Removing stm32g0xx_hal_uart.o(i.UART_DMATxOnlyAbortCallback), (42 bytes).
    Removing stm32g0xx_hal_uart.o(i.UART_EndTxTransfer), (30 bytes).
    Removing stm32g0xx_hal_uart.o(i.UART_RxISR_16BIT), (94 bytes).
    Removing stm32g0xx_hal_uart.o(i.UART_RxISR_16BIT_FIFOEN), (160 bytes).
    Removing stm32g0xx_hal_uart.o(i.UART_RxISR_8BIT), (94 bytes).
    Removing stm32g0xx_hal_uart.o(i.UART_RxISR_8BIT_FIFOEN), (160 bytes).
    Removing stm32g0xx_hal_uart.o(i.UART_TxISR_16BIT), (66 bytes).
    Removing stm32g0xx_hal_uart.o(i.UART_TxISR_16BIT_FIFOEN), (88 bytes).
    Removing stm32g0xx_hal_uart.o(i.UART_TxISR_8BIT), (62 bytes).
    Removing stm32g0xx_hal_uart.o(i.UART_TxISR_8BIT_FIFOEN), (84 bytes).
    Removing stm32g0xx_hal_uart_ex.o(.rev16_text), (4 bytes).
    Removing stm32g0xx_hal_uart_ex.o(.revsh_text), (4 bytes).
    Removing stm32g0xx_hal_uart_ex.o(i.HAL_MultiProcessorEx_AddressLength_Set), (54 bytes).
    Removing stm32g0xx_hal_uart_ex.o(i.HAL_RS485Ex_Init), (148 bytes).
    Removing stm32g0xx_hal_uart_ex.o(i.HAL_UARTEx_DisableStopMode), (34 bytes).
    Removing stm32g0xx_hal_uart_ex.o(i.HAL_UARTEx_EnableFifoMode), (66 bytes).
    Removing stm32g0xx_hal_uart_ex.o(i.HAL_UARTEx_EnableStopMode), (34 bytes).
    Removing stm32g0xx_hal_uart_ex.o(i.HAL_UARTEx_StopModeWakeUpSourceConfig), (160 bytes).
    Removing stm32g0xx_hal_rcc.o(.rev16_text), (4 bytes).
    Removing stm32g0xx_hal_rcc.o(.revsh_text), (4 bytes).
    Removing stm32g0xx_hal_rcc.o(i.HAL_RCC_CSSCallback), (2 bytes).
    Removing stm32g0xx_hal_rcc.o(i.HAL_RCC_DeInit), (164 bytes).
    Removing stm32g0xx_hal_rcc.o(i.HAL_RCC_DisableLSECSS), (16 bytes).
    Removing stm32g0xx_hal_rcc.o(i.HAL_RCC_EnableCSS), (20 bytes).
    Removing stm32g0xx_hal_rcc.o(i.HAL_RCC_EnableLSECSS), (16 bytes).
    Removing stm32g0xx_hal_rcc.o(i.HAL_RCC_GetClockConfig), (56 bytes).
    Removing stm32g0xx_hal_rcc.o(i.HAL_RCC_GetHCLKFreq), (12 bytes).
    Removing stm32g0xx_hal_rcc.o(i.HAL_RCC_GetOscConfig), (176 bytes).
    Removing stm32g0xx_hal_rcc.o(i.HAL_RCC_LSECSSCallback), (2 bytes).
    Removing stm32g0xx_hal_rcc.o(i.HAL_RCC_MCOConfig), (76 bytes).
    Removing stm32g0xx_hal_rcc.o(i.HAL_RCC_NMI_IRQHandler), (36 bytes).
    Removing stm32g0xx_hal_rcc_ex.o(.rev16_text), (4 bytes).
    Removing stm32g0xx_hal_rcc_ex.o(.revsh_text), (4 bytes).
    Removing stm32g0xx_hal_rcc_ex.o(i.HAL_RCCEx_DisableLSCO), (92 bytes).
    Removing stm32g0xx_hal_rcc_ex.o(i.HAL_RCCEx_EnableLSCO), (140 bytes).
    Removing stm32g0xx_hal_rcc_ex.o(i.HAL_RCCEx_GetPeriphCLKConfig), (64 bytes).
    Removing stm32g0xx_hal_rcc_ex.o(i.HAL_RCCEx_GetPeriphCLKFreq), (392 bytes).
    Removing stm32g0xx_hal_flash.o(.rev16_text), (4 bytes).
    Removing stm32g0xx_hal_flash.o(.revsh_text), (4 bytes).
    Removing stm32g0xx_hal_flash.o(i.HAL_FLASH_EndOfOperationCallback), (2 bytes).
    Removing stm32g0xx_hal_flash.o(i.HAL_FLASH_GetError), (12 bytes).
    Removing stm32g0xx_hal_flash.o(i.HAL_FLASH_IRQHandler), (188 bytes).
    Removing stm32g0xx_hal_flash.o(i.HAL_FLASH_OB_Launch), (20 bytes).
    Removing stm32g0xx_hal_flash.o(i.HAL_FLASH_OB_Lock), (28 bytes).
    Removing stm32g0xx_hal_flash.o(i.HAL_FLASH_OB_Unlock), (40 bytes).
    Removing stm32g0xx_hal_flash.o(i.HAL_FLASH_OperationErrorCallback), (2 bytes).
    Removing stm32g0xx_hal_flash.o(i.HAL_FLASH_Program_IT), (112 bytes).
    Removing stm32g0xx_hal_flash_ex.o(.rev16_text), (4 bytes).
    Removing stm32g0xx_hal_flash_ex.o(.revsh_text), (4 bytes).
    Removing stm32g0xx_hal_flash_ex.o(i.FLASH_FlushCaches), (44 bytes).
    Removing stm32g0xx_hal_flash_ex.o(i.FLASH_OB_GetRDP), (24 bytes).
    Removing stm32g0xx_hal_flash_ex.o(i.FLASH_OB_GetUser), (20 bytes).
    Removing stm32g0xx_hal_flash_ex.o(i.FLASH_OB_OptrConfig), (24 bytes).
    Removing stm32g0xx_hal_flash_ex.o(i.HAL_FLASHEx_Erase_IT), (96 bytes).
    Removing stm32g0xx_hal_flash_ex.o(i.HAL_FLASHEx_FlashEmptyCheck), (16 bytes).
    Removing stm32g0xx_hal_flash_ex.o(i.HAL_FLASHEx_ForceFlashEmpty), (20 bytes).
    Removing stm32g0xx_hal_flash_ex.o(i.HAL_FLASHEx_OBGetConfig), (72 bytes).
    Removing stm32g0xx_hal_flash_ex.o(i.HAL_FLASHEx_OBProgram), (152 bytes).
    Removing stm32g0xx_hal_dma.o(.rev16_text), (4 bytes).
    Removing stm32g0xx_hal_dma.o(.revsh_text), (4 bytes).
    Removing stm32g0xx_hal_dma.o(i.DMA_CalcDMAMUXChannelBaseAndMask), (48 bytes).
    Removing stm32g0xx_hal_dma.o(i.DMA_CalcDMAMUXRequestGenBaseAndMask), (36 bytes).
    Removing stm32g0xx_hal_dma.o(i.DMA_SetConfig), (72 bytes).
    Removing stm32g0xx_hal_dma.o(i.HAL_DMA_Abort), (116 bytes).
    Removing stm32g0xx_hal_dma.o(i.HAL_DMA_DeInit), (132 bytes).
    Removing stm32g0xx_hal_dma.o(i.HAL_DMA_GetError), (4 bytes).
    Removing stm32g0xx_hal_dma.o(i.HAL_DMA_GetState), (6 bytes).
    Removing stm32g0xx_hal_dma.o(i.HAL_DMA_IRQHandler), (184 bytes).
    Removing stm32g0xx_hal_dma.o(i.HAL_DMA_Init), (160 bytes).
    Removing stm32g0xx_hal_dma.o(i.HAL_DMA_PollForTransfer), (272 bytes).
    Removing stm32g0xx_hal_dma.o(i.HAL_DMA_RegisterCallback), (72 bytes).
    Removing stm32g0xx_hal_dma.o(i.HAL_DMA_Start), (80 bytes).
    Removing stm32g0xx_hal_dma.o(i.HAL_DMA_Start_IT), (144 bytes).
    Removing stm32g0xx_hal_dma.o(i.HAL_DMA_UnRegisterCallback), (78 bytes).
    Removing stm32g0xx_hal_dma_ex.o(.rev16_text), (4 bytes).
    Removing stm32g0xx_hal_dma_ex.o(.revsh_text), (4 bytes).
    Removing stm32g0xx_hal_dma_ex.o(i.HAL_DMAEx_ConfigMuxRequestGenerator), (60 bytes).
    Removing stm32g0xx_hal_dma_ex.o(i.HAL_DMAEx_ConfigMuxSync), (78 bytes).
    Removing stm32g0xx_hal_dma_ex.o(i.HAL_DMAEx_DisableMuxRequestGenerator), (32 bytes).
    Removing stm32g0xx_hal_dma_ex.o(i.HAL_DMAEx_EnableMuxRequestGenerator), (32 bytes).
    Removing stm32g0xx_hal_dma_ex.o(i.HAL_DMAEx_MUX_IRQHandler), (104 bytes).
    Removing stm32g0xx_hal_pwr.o(.rev16_text), (4 bytes).
    Removing stm32g0xx_hal_pwr.o(.revsh_text), (4 bytes).
    Removing stm32g0xx_hal_pwr.o(i.HAL_PWR_DeInit), (24 bytes).
    Removing stm32g0xx_hal_pwr.o(i.HAL_PWR_DisableBkUpAccess), (16 bytes).
    Removing stm32g0xx_hal_pwr.o(i.HAL_PWR_DisableSEVOnPend), (16 bytes).
    Removing stm32g0xx_hal_pwr.o(i.HAL_PWR_DisableSleepOnExit), (16 bytes).
    Removing stm32g0xx_hal_pwr.o(i.HAL_PWR_DisableWakeUpPin), (20 bytes).
    Removing stm32g0xx_hal_pwr.o(i.HAL_PWR_EnableBkUpAccess), (16 bytes).
    Removing stm32g0xx_hal_pwr.o(i.HAL_PWR_EnableSEVOnPend), (16 bytes).
    Removing stm32g0xx_hal_pwr.o(i.HAL_PWR_EnableSleepOnExit), (16 bytes).
    Removing stm32g0xx_hal_pwr.o(i.HAL_PWR_EnableWakeUpPin), (28 bytes).
    Removing stm32g0xx_hal_pwr.o(i.HAL_PWR_EnterSLEEPMode), (68 bytes).
    Removing stm32g0xx_hal_pwr.o(i.HAL_PWR_EnterSTANDBYMode), (36 bytes).
    Removing stm32g0xx_hal_pwr.o(i.HAL_PWR_EnterSTOPMode), (64 bytes).
    Removing stm32g0xx_hal_pwr_ex.o(.rev16_text), (4 bytes).
    Removing stm32g0xx_hal_pwr_ex.o(.revsh_text), (4 bytes).
    Removing stm32g0xx_hal_pwr_ex.o(i.HAL_PWREx_DisableBatteryCharging), (16 bytes).
    Removing stm32g0xx_hal_pwr_ex.o(i.HAL_PWREx_DisableFlashPowerDown), (16 bytes).
    Removing stm32g0xx_hal_pwr_ex.o(i.HAL_PWREx_DisableGPIOPullDown), (80 bytes).
    Removing stm32g0xx_hal_pwr_ex.o(i.HAL_PWREx_DisableGPIOPullUp), (80 bytes).
    Removing stm32g0xx_hal_pwr_ex.o(i.HAL_PWREx_DisableInternalWakeUpLine), (16 bytes).
    Removing stm32g0xx_hal_pwr_ex.o(i.HAL_PWREx_DisableLowPowerRunMode), (64 bytes).
    Removing stm32g0xx_hal_pwr_ex.o(i.HAL_PWREx_DisablePullUpPullDownConfig), (16 bytes).
    Removing stm32g0xx_hal_pwr_ex.o(i.HAL_PWREx_EnableBatteryCharging), (24 bytes).
    Removing stm32g0xx_hal_pwr_ex.o(i.HAL_PWREx_EnableFlashPowerDown), (16 bytes).
    Removing stm32g0xx_hal_pwr_ex.o(i.HAL_PWREx_EnableGPIOPullDown), (116 bytes).
    Removing stm32g0xx_hal_pwr_ex.o(i.HAL_PWREx_EnableGPIOPullUp), (116 bytes).
    Removing stm32g0xx_hal_pwr_ex.o(i.HAL_PWREx_EnableInternalWakeUpLine), (16 bytes).
    Removing stm32g0xx_hal_pwr_ex.o(i.HAL_PWREx_EnableLowPowerRunMode), (16 bytes).
    Removing stm32g0xx_hal_pwr_ex.o(i.HAL_PWREx_EnablePullUpPullDownConfig), (16 bytes).
    Removing stm32g0xx_hal_pwr_ex.o(i.HAL_PWREx_GetVoltageRange), (16 bytes).
    Removing stm32g0xx_hal_cortex.o(.rev16_text), (4 bytes).
    Removing stm32g0xx_hal_cortex.o(.revsh_text), (4 bytes).
    Removing stm32g0xx_hal_cortex.o(i.HAL_MPU_ConfigRegion), (84 bytes).
    Removing stm32g0xx_hal_cortex.o(i.HAL_MPU_Disable), (16 bytes).
    Removing stm32g0xx_hal_cortex.o(i.HAL_MPU_Enable), (24 bytes).
    Removing stm32g0xx_hal_cortex.o(i.HAL_NVIC_ClearPendingIRQ), (24 bytes).
    Removing stm32g0xx_hal_cortex.o(i.HAL_NVIC_DisableIRQ), (32 bytes).
    Removing stm32g0xx_hal_cortex.o(i.HAL_NVIC_GetPendingIRQ), (32 bytes).
    Removing stm32g0xx_hal_cortex.o(i.HAL_NVIC_GetPriority), (52 bytes).
    Removing stm32g0xx_hal_cortex.o(i.HAL_NVIC_SetPendingIRQ), (24 bytes).
    Removing stm32g0xx_hal_cortex.o(i.HAL_NVIC_SystemReset), (28 bytes).
    Removing stm32g0xx_hal_cortex.o(i.HAL_SYSTICK_CLKSourceConfig), (24 bytes).
    Removing stm32g0xx_hal_cortex.o(i.HAL_SYSTICK_Callback), (2 bytes).
    Removing stm32g0xx_hal_cortex.o(i.HAL_SYSTICK_IRQHandler), (8 bytes).
    Removing stm32g0xx_hal.o(.rev16_text), (4 bytes).
    Removing stm32g0xx_hal.o(.revsh_text), (4 bytes).
    Removing stm32g0xx_hal.o(i.HAL_DBGMCU_DisableDBGStandbyMode), (16 bytes).
    Removing stm32g0xx_hal.o(i.HAL_DBGMCU_DisableDBGStopMode), (16 bytes).
    Removing stm32g0xx_hal.o(i.HAL_DBGMCU_EnableDBGStandbyMode), (16 bytes).
    Removing stm32g0xx_hal.o(i.HAL_DBGMCU_EnableDBGStopMode), (16 bytes).
    Removing stm32g0xx_hal.o(i.HAL_DeInit), (40 bytes).
    Removing stm32g0xx_hal.o(i.HAL_GetDEVID), (16 bytes).
    Removing stm32g0xx_hal.o(i.HAL_GetHalVersion), (8 bytes).
    Removing stm32g0xx_hal.o(i.HAL_GetREVID), (12 bytes).
    Removing stm32g0xx_hal.o(i.HAL_GetTickFreq), (12 bytes).
    Removing stm32g0xx_hal.o(i.HAL_GetTickPrio), (12 bytes).
    Removing stm32g0xx_hal.o(i.HAL_GetUIDw0), (12 bytes).
    Removing stm32g0xx_hal.o(i.HAL_GetUIDw1), (12 bytes).
    Removing stm32g0xx_hal.o(i.HAL_GetUIDw2), (12 bytes).
    Removing stm32g0xx_hal.o(i.HAL_MspDeInit), (2 bytes).
    Removing stm32g0xx_hal.o(i.HAL_MspInit), (2 bytes).
    Removing stm32g0xx_hal.o(i.HAL_ResumeTick), (16 bytes).
    Removing stm32g0xx_hal.o(i.HAL_SYSCFG_DisableIOAnalogSwitchBooster), (16 bytes).
    Removing stm32g0xx_hal.o(i.HAL_SYSCFG_DisableRemap), (16 bytes).
    Removing stm32g0xx_hal.o(i.HAL_SYSCFG_EnableIOAnalogSwitchBooster), (16 bytes).
    Removing stm32g0xx_hal.o(i.HAL_SYSCFG_EnableRemap), (16 bytes).
    Removing stm32g0xx_hal.o(i.HAL_SYSCFG_StrobeDBattpinsConfig), (20 bytes).
    Removing stm32g0xx_hal.o(i.HAL_SetTickFreq), (32 bytes).
    Removing stm32g0xx_hal.o(i.HAL_SuspendTick), (16 bytes).
    Removing stm32g0xx_hal_exti.o(.rev16_text), (4 bytes).
    Removing stm32g0xx_hal_exti.o(.revsh_text), (4 bytes).
    Removing stm32g0xx_hal_exti.o(i.HAL_EXTI_ClearConfigLine), (120 bytes).
    Removing stm32g0xx_hal_exti.o(i.HAL_EXTI_ClearPending), (40 bytes).
    Removing stm32g0xx_hal_exti.o(i.HAL_EXTI_GenerateSWI), (28 bytes).
    Removing stm32g0xx_hal_exti.o(i.HAL_EXTI_GetConfigLine), (168 bytes).
    Removing stm32g0xx_hal_exti.o(i.HAL_EXTI_GetHandle), (14 bytes).
    Removing stm32g0xx_hal_exti.o(i.HAL_EXTI_GetPending), (44 bytes).
    Removing stm32g0xx_hal_exti.o(i.HAL_EXTI_IRQHandler), (68 bytes).
    Removing stm32g0xx_hal_exti.o(i.HAL_EXTI_RegisterCallback), (30 bytes).
    Removing stm32g0xx_hal_exti.o(i.HAL_EXTI_SetConfigLine), (172 bytes).
    Removing system_stm32g0xx.o(.rev16_text), (4 bytes).
    Removing system_stm32g0xx.o(.revsh_text), (4 bytes).
    Removing system_stm32g0xx.o(i.SystemCoreClockUpdate), (144 bytes).
    Removing stm32g0xx_hal_dma.o(i.__ARM_common_switch8), (26 bytes).

242 unused section(s) (total 12740 bytes) removed from the image.

==============================================================================

Image Symbol Table

    Local Symbols

    Symbol Name                              Value     Ov Type        Size  Object(Section)

    ../Drivers/STM32G0xx_HAL_Driver/Src/stm32g0xx_hal.c 0x00000000   Number         0  stm32g0xx_hal.o ABSOLUTE
    ../Drivers/STM32G0xx_HAL_Driver/Src/stm32g0xx_hal_cortex.c 0x00000000   Number         0  stm32g0xx_hal_cortex.o ABSOLUTE
    ../Drivers/STM32G0xx_HAL_Driver/Src/stm32g0xx_hal_dma.c 0x00000000   Number         0  stm32g0xx_hal_dma.o ABSOLUTE
    ../Drivers/STM32G0xx_HAL_Driver/Src/stm32g0xx_hal_dma_ex.c 0x00000000   Number         0  stm32g0xx_hal_dma_ex.o ABSOLUTE
    ../Drivers/STM32G0xx_HAL_Driver/Src/stm32g0xx_hal_exti.c 0x00000000   Number         0  stm32g0xx_hal_exti.o ABSOLUTE
    ../Drivers/STM32G0xx_HAL_Driver/Src/stm32g0xx_hal_flash.c 0x00000000   Number         0  stm32g0xx_hal_flash.o ABSOLUTE
    ../Drivers/STM32G0xx_HAL_Driver/Src/stm32g0xx_hal_flash_ex.c 0x00000000   Number         0  stm32g0xx_hal_flash_ex.o ABSOLUTE
    ../Drivers/STM32G0xx_HAL_Driver/Src/stm32g0xx_hal_gpio.c 0x00000000   Number         0  stm32g0xx_hal_gpio.o ABSOLUTE
    ../Drivers/STM32G0xx_HAL_Driver/Src/stm32g0xx_hal_pwr.c 0x00000000   Number         0  stm32g0xx_hal_pwr.o ABSOLUTE
    ../Drivers/STM32G0xx_HAL_Driver/Src/stm32g0xx_hal_pwr_ex.c 0x00000000   Number         0  stm32g0xx_hal_pwr_ex.o ABSOLUTE
    ../Drivers/STM32G0xx_HAL_Driver/Src/stm32g0xx_hal_rcc.c 0x00000000   Number         0  stm32g0xx_hal_rcc.o ABSOLUTE
    ../Drivers/STM32G0xx_HAL_Driver/Src/stm32g0xx_hal_rcc_ex.c 0x00000000   Number         0  stm32g0xx_hal_rcc_ex.o ABSOLUTE
    ../Drivers/STM32G0xx_HAL_Driver/Src/stm32g0xx_hal_tim.c 0x00000000   Number         0  stm32g0xx_hal_tim.o ABSOLUTE
    ../Drivers/STM32G0xx_HAL_Driver/Src/stm32g0xx_hal_tim_ex.c 0x00000000   Number         0  stm32g0xx_hal_tim_ex.o ABSOLUTE
    ../Drivers/STM32G0xx_HAL_Driver/Src/stm32g0xx_hal_uart.c 0x00000000   Number         0  stm32g0xx_hal_uart.o ABSOLUTE
    ../Drivers/STM32G0xx_HAL_Driver/Src/stm32g0xx_hal_uart_ex.c 0x00000000   Number         0  stm32g0xx_hal_uart_ex.o ABSOLUTE
    ../Drivers/STM32G0xx_HAL_Driver/Src/stm32g0xx_ll_rcc.c 0x00000000   Number         0  stm32g0xx_ll_rcc.o ABSOLUTE
    ../Src/gpio.c                            0x00000000   Number         0  gpio.o ABSOLUTE
    ../Src/main.c                            0x00000000   Number         0  main.o ABSOLUTE
    ../Src/stm32g0xx_hal_msp.c               0x00000000   Number         0  stm32g0xx_hal_msp.o ABSOLUTE
    ../Src/stm32g0xx_it.c                    0x00000000   Number         0  stm32g0xx_it.o ABSOLUTE
    ../Src/system_stm32g0xx.c                0x00000000   Number         0  system_stm32g0xx.o ABSOLUTE
    ../Src/usart.c                           0x00000000   Number         0  usart.o ABSOLUTE
    ../clib/microlib/division.c              0x00000000   Number         0  uidiv.o ABSOLUTE
    ../clib/microlib/init/entry.s            0x00000000   Number         0  entry8a.o ABSOLUTE
    ../clib/microlib/init/entry.s            0x00000000   Number         0  entry7b.o ABSOLUTE
    ../clib/microlib/init/entry.s            0x00000000   Number         0  entry5.o ABSOLUTE
    ../clib/microlib/init/entry.s            0x00000000   Number         0  entry.o ABSOLUTE
    ../clib/microlib/init/entry.s            0x00000000   Number         0  entry2.o ABSOLUTE
    ../clib/microlib/init/entry.s            0x00000000   Number         0  entry7a.o ABSOLUTE
    ../clib/microlib/init/entry.s            0x00000000   Number         0  entry11a.o ABSOLUTE
    ../clib/microlib/init/entry.s            0x00000000   Number         0  entry11b.o ABSOLUTE
    ../clib/microlib/init/entry.s            0x00000000   Number         0  entry8b.o ABSOLUTE
    ../clib/microlib/init/entry.s            0x00000000   Number         0  entry10b.o ABSOLUTE
    ../clib/microlib/init/entry.s            0x00000000   Number         0  entry10a.o ABSOLUTE
    ../clib/microlib/init/entry.s            0x00000000   Number         0  entry9b.o ABSOLUTE
    ../clib/microlib/init/entry.s            0x00000000   Number         0  entry9a.o ABSOLUTE
    ../clib/microlib/string/memset.c         0x00000000   Number         0  memseta.o ABSOLUTE
    ..\Drivers\STM32G0xx_HAL_Driver\Src\stm32g0xx_hal.c 0x00000000   Number         0  stm32g0xx_hal.o ABSOLUTE
    ..\Drivers\STM32G0xx_HAL_Driver\Src\stm32g0xx_hal_cortex.c 0x00000000   Number         0  stm32g0xx_hal_cortex.o ABSOLUTE
    ..\Drivers\STM32G0xx_HAL_Driver\Src\stm32g0xx_hal_dma.c 0x00000000   Number         0  stm32g0xx_hal_dma.o ABSOLUTE
    ..\Drivers\STM32G0xx_HAL_Driver\Src\stm32g0xx_hal_dma_ex.c 0x00000000   Number         0  stm32g0xx_hal_dma_ex.o ABSOLUTE
    ..\Drivers\STM32G0xx_HAL_Driver\Src\stm32g0xx_hal_exti.c 0x00000000   Number         0  stm32g0xx_hal_exti.o ABSOLUTE
    ..\Drivers\STM32G0xx_HAL_Driver\Src\stm32g0xx_hal_flash.c 0x00000000   Number         0  stm32g0xx_hal_flash.o ABSOLUTE
    ..\Drivers\STM32G0xx_HAL_Driver\Src\stm32g0xx_hal_flash_ex.c 0x00000000   Number         0  stm32g0xx_hal_flash_ex.o ABSOLUTE
    ..\Drivers\STM32G0xx_HAL_Driver\Src\stm32g0xx_hal_gpio.c 0x00000000   Number         0  stm32g0xx_hal_gpio.o ABSOLUTE
    ..\Drivers\STM32G0xx_HAL_Driver\Src\stm32g0xx_hal_pwr.c 0x00000000   Number         0  stm32g0xx_hal_pwr.o ABSOLUTE
    ..\Drivers\STM32G0xx_HAL_Driver\Src\stm32g0xx_hal_pwr_ex.c 0x00000000   Number         0  stm32g0xx_hal_pwr_ex.o ABSOLUTE
    ..\Drivers\STM32G0xx_HAL_Driver\Src\stm32g0xx_hal_rcc.c 0x00000000   Number         0  stm32g0xx_hal_rcc.o ABSOLUTE
    ..\Drivers\STM32G0xx_HAL_Driver\Src\stm32g0xx_hal_rcc_ex.c 0x00000000   Number         0  stm32g0xx_hal_rcc_ex.o ABSOLUTE
    ..\Drivers\STM32G0xx_HAL_Driver\Src\stm32g0xx_hal_tim.c 0x00000000   Number         0  stm32g0xx_hal_tim.o ABSOLUTE
    ..\Drivers\STM32G0xx_HAL_Driver\Src\stm32g0xx_hal_tim_ex.c 0x00000000   Number         0  stm32g0xx_hal_tim_ex.o ABSOLUTE
    ..\Drivers\STM32G0xx_HAL_Driver\Src\stm32g0xx_hal_uart.c 0x00000000   Number         0  stm32g0xx_hal_uart.o ABSOLUTE
    ..\Drivers\STM32G0xx_HAL_Driver\Src\stm32g0xx_hal_uart_ex.c 0x00000000   Number         0  stm32g0xx_hal_uart_ex.o ABSOLUTE
    ..\Src\gpio.c                            0x00000000   Number         0  gpio.o ABSOLUTE
    ..\Src\inflash.c                         0x00000000   Number         0  inflash.o ABSOLUTE
    ..\Src\main.c                            0x00000000   Number         0  main.o ABSOLUTE
    ..\Src\stm32g0xx_hal_msp.c               0x00000000   Number         0  stm32g0xx_hal_msp.o ABSOLUTE
    ..\Src\stm32g0xx_it.c                    0x00000000   Number         0  stm32g0xx_it.o ABSOLUTE
    ..\Src\system_stm32g0xx.c                0x00000000   Number         0  system_stm32g0xx.o ABSOLUTE
    ..\Src\usart.c                           0x00000000   Number         0  usart.o ABSOLUTE
    ..\\Src\\inflash.c                       0x00000000   Number         0  inflash.o ABSOLUTE
    dc.s                                     0x00000000   Number         0  dc.o ABSOLUTE
    handlers.s                               0x00000000   Number         0  handlers.o ABSOLUTE
    init.s                                   0x00000000   Number         0  init.o ABSOLUTE
    startup_stm32g070xx.s                    0x00000000   Number         0  startup_stm32g070xx.o ABSOLUTE
    RESET                                    0x08000000   Section      184  startup_stm32g070xx.o(RESET)
    .ARM.Collect$$$$00000000                 0x080000b8   Section        0  entry.o(.ARM.Collect$$$$00000000)
    .ARM.Collect$$$$00000001                 0x080000b8   Section        4  entry2.o(.ARM.Collect$$$$00000001)
    .ARM.Collect$$$$00000004                 0x080000bc   Section        4  entry5.o(.ARM.Collect$$$$00000004)
    .ARM.Collect$$$$00000008                 0x080000c0   Section        0  entry7b.o(.ARM.Collect$$$$00000008)
    .ARM.Collect$$$$0000000A                 0x080000c0   Section        0  entry8b.o(.ARM.Collect$$$$0000000A)
    .ARM.Collect$$$$0000000B                 0x080000c0   Section        8  entry9a.o(.ARM.Collect$$$$0000000B)
    .ARM.Collect$$$$0000000D                 0x080000c8   Section        0  entry10a.o(.ARM.Collect$$$$0000000D)
    .ARM.Collect$$$$0000000F                 0x080000c8   Section        0  entry11a.o(.ARM.Collect$$$$0000000F)
    .ARM.Collect$$$$00002712                 0x080000c8   Section        4  entry2.o(.ARM.Collect$$$$00002712)
    __lit__00000000                          0x080000c8   Data           4  entry2.o(.ARM.Collect$$$$00002712)
    .text                                    0x080000cc   Section       28  startup_stm32g070xx.o(.text)
    .text                                    0x080000e8   Section        0  uidiv.o(.text)
    .text                                    0x08000114   Section        0  memseta.o(.text)
    .text                                    0x08000138   Section       36  init.o(.text)
    i.Error_Handler                          0x0800015c   Section        0  main.o(i.Error_Handler)
    i.FLASH_MassErase                        0x08000160   Section        0  stm32g0xx_hal_flash_ex.o(i.FLASH_MassErase)
    FLASH_MassErase                          0x08000161   Thumb Code    12  stm32g0xx_hal_flash_ex.o(i.FLASH_MassErase)
    i.FLASH_PageErase                        0x08000174   Section        0  stm32g0xx_hal_flash_ex.o(i.FLASH_PageErase)
    i.FLASH_Program_DoubleWord               0x08000194   Section        0  stm32g0xx_hal_flash.o(i.FLASH_Program_DoubleWord)
    FLASH_Program_DoubleWord                 0x08000195   Thumb Code    22  stm32g0xx_hal_flash.o(i.FLASH_Program_DoubleWord)
    i.FLASH_Program_Fast                     0x080001b0   Section        0  stm32g0xx_hal_flash.o(i.FLASH_Program_Fast)
    FLASH_Program_Fast                       0x080001b1   Thumb Code    46  stm32g0xx_hal_flash.o(i.FLASH_Program_Fast)
    i.FLASH_WaitForLastOperation             0x080001e4   Section        0  stm32g0xx_hal_flash.o(i.FLASH_WaitForLastOperation)
    i.HAL_DMA_Abort_IT                       0x08000258   Section        0  stm32g0xx_hal_dma.o(i.HAL_DMA_Abort_IT)
    i.HAL_Delay                              0x080002d8   Section        0  stm32g0xx_hal.o(i.HAL_Delay)
    i.HAL_FLASHEx_Erase                      0x080002fc   Section        0  stm32g0xx_hal_flash_ex.o(i.HAL_FLASHEx_Erase)
    i.HAL_FLASH_Lock                         0x0800037c   Section        0  stm32g0xx_hal_flash.o(i.HAL_FLASH_Lock)
    i.HAL_FLASH_Program                      0x08000398   Section        0  stm32g0xx_hal_flash.o(i.HAL_FLASH_Program)
    i.HAL_FLASH_Unlock                       0x080003f8   Section        0  stm32g0xx_hal_flash.o(i.HAL_FLASH_Unlock)
    i.HAL_GPIO_Init                          0x08000420   Section        0  stm32g0xx_hal_gpio.o(i.HAL_GPIO_Init)
    i.HAL_GetTick                            0x08000554   Section        0  stm32g0xx_hal.o(i.HAL_GetTick)
    i.HAL_IncTick                            0x08000560   Section        0  stm32g0xx_hal.o(i.HAL_IncTick)
    i.HAL_Init                               0x08000570   Section        0  stm32g0xx_hal.o(i.HAL_Init)
    i.HAL_InitTick                           0x08000598   Section        0  stm32g0xx_hal.o(i.HAL_InitTick)
    i.HAL_MspInit                            0x080005e0   Section        0  stm32g0xx_hal_msp.o(i.HAL_MspInit)
    i.HAL_NVIC_EnableIRQ                     0x0800060c   Section        0  stm32g0xx_hal_cortex.o(i.HAL_NVIC_EnableIRQ)
    i.HAL_NVIC_SetPriority                   0x08000624   Section        0  stm32g0xx_hal_cortex.o(i.HAL_NVIC_SetPriority)
    i.HAL_PWREx_ControlVoltageScaling        0x0800062c   Section        0  stm32g0xx_hal_pwr_ex.o(i.HAL_PWREx_ControlVoltageScaling)
    i.HAL_RCCEx_PeriphCLKConfig              0x08000678   Section        0  stm32g0xx_hal_rcc_ex.o(i.HAL_RCCEx_PeriphCLKConfig)
    i.HAL_RCC_ClockConfig                    0x080007d8   Section        0  stm32g0xx_hal_rcc.o(i.HAL_RCC_ClockConfig)
    i.HAL_RCC_GetPCLK1Freq                   0x08000930   Section        0  stm32g0xx_hal_rcc.o(i.HAL_RCC_GetPCLK1Freq)
    i.HAL_RCC_GetSysClockFreq                0x08000958   Section        0  stm32g0xx_hal_rcc.o(i.HAL_RCC_GetSysClockFreq)
    i.HAL_RCC_OscConfig                      0x080009e4   Section        0  stm32g0xx_hal_rcc.o(i.HAL_RCC_OscConfig)
    i.HAL_SYSTICK_Config                     0x08000dc4   Section        0  stm32g0xx_hal_cortex.o(i.HAL_SYSTICK_Config)
    i.HAL_UARTEx_DisableFifoMode             0x08000df4   Section        0  stm32g0xx_hal_uart_ex.o(i.HAL_UARTEx_DisableFifoMode)
    i.HAL_UARTEx_RxFifoFullCallback          0x08000e36   Section        0  stm32g0xx_hal_uart_ex.o(i.HAL_UARTEx_RxFifoFullCallback)
    i.HAL_UARTEx_SetRxFifoThreshold          0x08000e38   Section        0  stm32g0xx_hal_uart_ex.o(i.HAL_UARTEx_SetRxFifoThreshold)
    i.HAL_UARTEx_SetTxFifoThreshold          0x08000e86   Section        0  stm32g0xx_hal_uart_ex.o(i.HAL_UARTEx_SetTxFifoThreshold)
    i.HAL_UARTEx_TxFifoEmptyCallback         0x08000ed2   Section        0  stm32g0xx_hal_uart_ex.o(i.HAL_UARTEx_TxFifoEmptyCallback)
    i.HAL_UARTEx_WakeupCallback              0x08000ed4   Section        0  stm32g0xx_hal_uart_ex.o(i.HAL_UARTEx_WakeupCallback)
    i.HAL_UART_ErrorCallback                 0x08000ed6   Section        0  stm32g0xx_hal_uart.o(i.HAL_UART_ErrorCallback)
    i.HAL_UART_IRQHandler                    0x08000ed8   Section        0  stm32g0xx_hal_uart.o(i.HAL_UART_IRQHandler)
    i.HAL_UART_Init                          0x0800105c   Section        0  stm32g0xx_hal_uart.o(i.HAL_UART_Init)
    i.HAL_UART_MspInit                       0x080010cc   Section        0  usart.o(i.HAL_UART_MspInit)
    i.HAL_UART_TxCpltCallback                0x08001140   Section        0  stm32g0xx_hal_uart.o(i.HAL_UART_TxCpltCallback)
    i.HardFault_Handler                      0x08001142   Section        0  stm32g0xx_it.o(i.HardFault_Handler)
    i.InFlash_Erase_Page                     0x08001144   Section        0  inflash.o(i.InFlash_Erase_Page)
    i.InFlash_Read_MultiBytes                0x0800117c   Section        0  inflash.o(i.InFlash_Read_MultiBytes)
    i.InFlash_Read_OneByte                   0x0800119c   Section        0  inflash.o(i.InFlash_Read_OneByte)
    i.InFlash_Write_MultiBytes               0x080011a8   Section        0  inflash.o(i.InFlash_Write_MultiBytes)
    i.MX_GPIO_Init                           0x08001288   Section        0  gpio.o(i.MX_GPIO_Init)
    i.MX_USART1_UART_Init                    0x080012a0   Section        0  usart.o(i.MX_USART1_UART_Init)
    i.NMI_Handler                            0x08001308   Section        0  stm32g0xx_it.o(i.NMI_Handler)
    i.PendSV_Handler                         0x0800130a   Section        0  stm32g0xx_it.o(i.PendSV_Handler)
    i.SVC_Handler                            0x0800130c   Section        0  stm32g0xx_it.o(i.SVC_Handler)
    i.SysTick_Handler                        0x0800130e   Section        0  stm32g0xx_it.o(i.SysTick_Handler)
    i.SystemClock_Config                     0x08001316   Section        0  main.o(i.SystemClock_Config)
    i.SystemInit                             0x08001384   Section        0  system_stm32g0xx.o(i.SystemInit)
    i.UARTEx_SetNbDataToProcess              0x08001394   Section        0  stm32g0xx_hal_uart_ex.o(i.UARTEx_SetNbDataToProcess)
    UARTEx_SetNbDataToProcess                0x08001395   Thumb Code    80  stm32g0xx_hal_uart_ex.o(i.UARTEx_SetNbDataToProcess)
    i.UART_AdvFeatureConfig                  0x080013f4   Section        0  stm32g0xx_hal_uart.o(i.UART_AdvFeatureConfig)
    i.UART_CheckIdleState                    0x080014c0   Section        0  stm32g0xx_hal_uart.o(i.UART_CheckIdleState)
    i.UART_DMAAbortOnError                   0x08001524   Section        0  stm32g0xx_hal_uart.o(i.UART_DMAAbortOnError)
    UART_DMAAbortOnError                     0x08001525   Thumb Code    20  stm32g0xx_hal_uart.o(i.UART_DMAAbortOnError)
    i.UART_EndRxTransfer                     0x08001538   Section        0  stm32g0xx_hal_uart.o(i.UART_EndRxTransfer)
    UART_EndRxTransfer                       0x08001539   Thumb Code    34  stm32g0xx_hal_uart.o(i.UART_EndRxTransfer)
    i.UART_SetConfig                         0x08001560   Section        0  stm32g0xx_hal_uart.o(i.UART_SetConfig)
    i.UART_WaitOnFlagUntilTimeout            0x0800186c   Section        0  stm32g0xx_hal_uart.o(i.UART_WaitOnFlagUntilTimeout)
    i.USART1_IRQHandler                      0x080018d4   Section        0  stm32g0xx_it.o(i.USART1_IRQHandler)
    i.__NVIC_SetPriority                     0x080018e4   Section        0  stm32g0xx_hal_cortex.o(i.__NVIC_SetPriority)
    __NVIC_SetPriority                       0x080018e5   Thumb Code    60  stm32g0xx_hal_cortex.o(i.__NVIC_SetPriority)
    i.__scatterload_copy                     0x08001928   Section       14  handlers.o(i.__scatterload_copy)
    i.__scatterload_null                     0x08001936   Section        2  handlers.o(i.__scatterload_null)
    i.__scatterload_zeroinit                 0x08001938   Section       14  handlers.o(i.__scatterload_zeroinit)
    i.main                                   0x08001948   Section        0  main.o(i.main)
    .constdata                               0x08001980   Section       64  system_stm32g0xx.o(.constdata)
    .constdata                               0x080019c0   Section       32  system_stm32g0xx.o(.constdata)
    .data                                    0x20000000   Section       12  stm32g0xx_hal.o(.data)
    .data                                    0x2000000c   Section        4  system_stm32g0xx.o(.data)
    .bss                                     0x20000010   Section      140  usart.o(.bss)
    .bss                                     0x2000009c   Section     2048  inflash.o(.bss)
    Flash_Buf                                0x2000009c   Data        2048  inflash.o(.bss)
    .bss                                     0x2000089c   Section       24  stm32g0xx_hal_flash.o(.bss)
    STACK                                    0x200008b8   Section     1024  startup_stm32g070xx.o(STACK)

    Global Symbols

    Symbol Name                              Value     Ov Type        Size  Object(Section)

    BuildAttributes$$THM_ISAv3M$S$PE$A:L22$X:L11$S22$IEEE1$IW$USESV6$~STKCKD$USESV7$~SHL$OSPACE$EBA8$MICROLIB$REQ8$PRES8$EABIv2 0x00000000   Number         0  anon$$obj.o ABSOLUTE
    __ARM_use_no_argv                        0x00000000   Number         0  main.o ABSOLUTE
    __cpp_initialize__aeabi_                  - Undefined Weak Reference
    __cxa_finalize                            - Undefined Weak Reference
    __decompress                              - Undefined Weak Reference
    _clock_init                               - Undefined Weak Reference
    _microlib_exit                            - Undefined Weak Reference
    __Vectors_Size                           0x000000b8   Number         0  startup_stm32g070xx.o ABSOLUTE
    __Vectors                                0x08000000   Data           4  startup_stm32g070xx.o(RESET)
    __Vectors_End                            0x080000b8   Data           0  startup_stm32g070xx.o(RESET)
    __main                                   0x080000b9   Thumb Code     0  entry.o(.ARM.Collect$$$$00000000)
    _main_stk                                0x080000b9   Thumb Code     0  entry2.o(.ARM.Collect$$$$00000001)
    _main_scatterload                        0x080000bd   Thumb Code     0  entry5.o(.ARM.Collect$$$$00000004)
    __main_after_scatterload                 0x080000c1   Thumb Code     0  entry5.o(.ARM.Collect$$$$00000004)
    _main_clock                              0x080000c1   Thumb Code     0  entry7b.o(.ARM.Collect$$$$00000008)
    _main_cpp_init                           0x080000c1   Thumb Code     0  entry8b.o(.ARM.Collect$$$$0000000A)
    _main_init                               0x080000c1   Thumb Code     0  entry9a.o(.ARM.Collect$$$$0000000B)
    __rt_final_cpp                           0x080000c9   Thumb Code     0  entry10a.o(.ARM.Collect$$$$0000000D)
    __rt_final_exit                          0x080000c9   Thumb Code     0  entry11a.o(.ARM.Collect$$$$0000000F)
    Reset_Handler                            0x080000cd   Thumb Code     8  startup_stm32g070xx.o(.text)
    ADC1_IRQHandler                          0x080000df   Thumb Code     0  startup_stm32g070xx.o(.text)
    DMA1_Ch4_7_DMAMUX1_OVR_IRQHandler        0x080000df   Thumb Code     0  startup_stm32g070xx.o(.text)
    DMA1_Channel1_IRQHandler                 0x080000df   Thumb Code     0  startup_stm32g070xx.o(.text)
    DMA1_Channel2_3_IRQHandler               0x080000df   Thumb Code     0  startup_stm32g070xx.o(.text)
    EXTI0_1_IRQHandler                       0x080000df   Thumb Code     0  startup_stm32g070xx.o(.text)
    EXTI2_3_IRQHandler                       0x080000df   Thumb Code     0  startup_stm32g070xx.o(.text)
    EXTI4_15_IRQHandler                      0x080000df   Thumb Code     0  startup_stm32g070xx.o(.text)
    FLASH_IRQHandler                         0x080000df   Thumb Code     0  startup_stm32g070xx.o(.text)
    I2C1_IRQHandler                          0x080000df   Thumb Code     0  startup_stm32g070xx.o(.text)
    I2C2_IRQHandler                          0x080000df   Thumb Code     0  startup_stm32g070xx.o(.text)
    RCC_IRQHandler                           0x080000df   Thumb Code     0  startup_stm32g070xx.o(.text)
    RTC_TAMP_IRQHandler                      0x080000df   Thumb Code     0  startup_stm32g070xx.o(.text)
    SPI1_IRQHandler                          0x080000df   Thumb Code     0  startup_stm32g070xx.o(.text)
    SPI2_IRQHandler                          0x080000df   Thumb Code     0  startup_stm32g070xx.o(.text)
    TIM14_IRQHandler                         0x080000df   Thumb Code     0  startup_stm32g070xx.o(.text)
    TIM15_IRQHandler                         0x080000df   Thumb Code     0  startup_stm32g070xx.o(.text)
    TIM16_IRQHandler                         0x080000df   Thumb Code     0  startup_stm32g070xx.o(.text)
    TIM17_IRQHandler                         0x080000df   Thumb Code     0  startup_stm32g070xx.o(.text)
    TIM1_BRK_UP_TRG_COM_IRQHandler           0x080000df   Thumb Code     0  startup_stm32g070xx.o(.text)
    TIM1_CC_IRQHandler                       0x080000df   Thumb Code     0  startup_stm32g070xx.o(.text)
    TIM3_IRQHandler                          0x080000df   Thumb Code     0  startup_stm32g070xx.o(.text)
    TIM6_IRQHandler                          0x080000df   Thumb Code     0  startup_stm32g070xx.o(.text)
    TIM7_IRQHandler                          0x080000df   Thumb Code     0  startup_stm32g070xx.o(.text)
    USART2_IRQHandler                        0x080000df   Thumb Code     0  startup_stm32g070xx.o(.text)
    USART3_4_IRQHandler                      0x080000df   Thumb Code     0  startup_stm32g070xx.o(.text)
    WWDG_IRQHandler                          0x080000df   Thumb Code     0  startup_stm32g070xx.o(.text)
    __aeabi_uidiv                            0x080000e9   Thumb Code     0  uidiv.o(.text)
    __aeabi_uidivmod                         0x080000e9   Thumb Code    44  uidiv.o(.text)
    __aeabi_memset                           0x08000115   Thumb Code    14  memseta.o(.text)
    __aeabi_memset4                          0x08000115   Thumb Code     0  memseta.o(.text)
    __aeabi_memset8                          0x08000115   Thumb Code     0  memseta.o(.text)
    __aeabi_memclr                           0x08000123   Thumb Code     4  memseta.o(.text)
    __aeabi_memclr4                          0x08000123   Thumb Code     0  memseta.o(.text)
    __aeabi_memclr8                          0x08000123   Thumb Code     0  memseta.o(.text)
    _memset$wrapper                          0x08000127   Thumb Code    18  memseta.o(.text)
    __scatterload                            0x08000139   Thumb Code    28  init.o(.text)
    __scatterload_rt2                        0x08000139   Thumb Code     0  init.o(.text)
    Error_Handler                            0x0800015d   Thumb Code     2  main.o(i.Error_Handler)
    FLASH_PageErase                          0x08000175   Thumb Code    22  stm32g0xx_hal_flash_ex.o(i.FLASH_PageErase)
    FLASH_WaitForLastOperation               0x080001e5   Thumb Code   102  stm32g0xx_hal_flash.o(i.FLASH_WaitForLastOperation)
    HAL_DMA_Abort_IT                         0x08000259   Thumb Code   122  stm32g0xx_hal_dma.o(i.HAL_DMA_Abort_IT)
    HAL_Delay                                0x080002d9   Thumb Code    32  stm32g0xx_hal.o(i.HAL_Delay)
    HAL_FLASHEx_Erase                        0x080002fd   Thumb Code   120  stm32g0xx_hal_flash_ex.o(i.HAL_FLASHEx_Erase)
    HAL_FLASH_Lock                           0x0800037d   Thumb Code    22  stm32g0xx_hal_flash.o(i.HAL_FLASH_Lock)
    HAL_FLASH_Program                        0x08000399   Thumb Code    88  stm32g0xx_hal_flash.o(i.HAL_FLASH_Program)
    HAL_FLASH_Unlock                         0x080003f9   Thumb Code    28  stm32g0xx_hal_flash.o(i.HAL_FLASH_Unlock)
    HAL_GPIO_Init                            0x08000421   Thumb Code   292  stm32g0xx_hal_gpio.o(i.HAL_GPIO_Init)
    HAL_GetTick                              0x08000555   Thumb Code     6  stm32g0xx_hal.o(i.HAL_GetTick)
    HAL_IncTick                              0x08000561   Thumb Code    12  stm32g0xx_hal.o(i.HAL_IncTick)
    HAL_Init                                 0x08000571   Thumb Code    36  stm32g0xx_hal.o(i.HAL_Init)
    HAL_InitTick                             0x08000599   Thumb Code    64  stm32g0xx_hal.o(i.HAL_InitTick)
    HAL_MspInit                              0x080005e1   Thumb Code    38  stm32g0xx_hal_msp.o(i.HAL_MspInit)
    HAL_NVIC_EnableIRQ                       0x0800060d   Thumb Code    18  stm32g0xx_hal_cortex.o(i.HAL_NVIC_EnableIRQ)
    HAL_NVIC_SetPriority                     0x08000625   Thumb Code     8  stm32g0xx_hal_cortex.o(i.HAL_NVIC_SetPriority)
    HAL_PWREx_ControlVoltageScaling          0x0800062d   Thumb Code    62  stm32g0xx_hal_pwr_ex.o(i.HAL_PWREx_ControlVoltageScaling)
    HAL_RCCEx_PeriphCLKConfig                0x08000679   Thumb Code   338  stm32g0xx_hal_rcc_ex.o(i.HAL_RCCEx_PeriphCLKConfig)
    HAL_RCC_ClockConfig                      0x080007d9   Thumb Code   318  stm32g0xx_hal_rcc.o(i.HAL_RCC_ClockConfig)
    HAL_RCC_GetPCLK1Freq                     0x08000931   Thumb Code    26  stm32g0xx_hal_rcc.o(i.HAL_RCC_GetPCLK1Freq)
    HAL_RCC_GetSysClockFreq                  0x08000959   Thumb Code   130  stm32g0xx_hal_rcc.o(i.HAL_RCC_GetSysClockFreq)
    HAL_RCC_OscConfig                        0x080009e5   Thumb Code   954  stm32g0xx_hal_rcc.o(i.HAL_RCC_OscConfig)
    HAL_SYSTICK_Config                       0x08000dc5   Thumb Code    38  stm32g0xx_hal_cortex.o(i.HAL_SYSTICK_Config)
    HAL_UARTEx_DisableFifoMode               0x08000df5   Thumb Code    66  stm32g0xx_hal_uart_ex.o(i.HAL_UARTEx_DisableFifoMode)
    HAL_UARTEx_RxFifoFullCallback            0x08000e37   Thumb Code     2  stm32g0xx_hal_uart_ex.o(i.HAL_UARTEx_RxFifoFullCallback)
    HAL_UARTEx_SetRxFifoThreshold            0x08000e39   Thumb Code    78  stm32g0xx_hal_uart_ex.o(i.HAL_UARTEx_SetRxFifoThreshold)
    HAL_UARTEx_SetTxFifoThreshold            0x08000e87   Thumb Code    76  stm32g0xx_hal_uart_ex.o(i.HAL_UARTEx_SetTxFifoThreshold)
    HAL_UARTEx_TxFifoEmptyCallback           0x08000ed3   Thumb Code     2  stm32g0xx_hal_uart_ex.o(i.HAL_UARTEx_TxFifoEmptyCallback)
    HAL_UARTEx_WakeupCallback                0x08000ed5   Thumb Code     2  stm32g0xx_hal_uart_ex.o(i.HAL_UARTEx_WakeupCallback)
    HAL_UART_ErrorCallback                   0x08000ed7   Thumb Code     2  stm32g0xx_hal_uart.o(i.HAL_UART_ErrorCallback)
    HAL_UART_IRQHandler                      0x08000ed9   Thumb Code   380  stm32g0xx_hal_uart.o(i.HAL_UART_IRQHandler)
    HAL_UART_Init                            0x0800105d   Thumb Code   112  stm32g0xx_hal_uart.o(i.HAL_UART_Init)
    HAL_UART_MspInit                         0x080010cd   Thumb Code   106  usart.o(i.HAL_UART_MspInit)
    HAL_UART_TxCpltCallback                  0x08001141   Thumb Code     2  stm32g0xx_hal_uart.o(i.HAL_UART_TxCpltCallback)
    HardFault_Handler                        0x08001143   Thumb Code     2  stm32g0xx_it.o(i.HardFault_Handler)
    InFlash_Erase_Page                       0x08001145   Thumb Code    50  inflash.o(i.InFlash_Erase_Page)
    InFlash_Read_MultiBytes                  0x0800117d   Thumb Code    32  inflash.o(i.InFlash_Read_MultiBytes)
    InFlash_Read_OneByte                     0x0800119d   Thumb Code     8  inflash.o(i.InFlash_Read_OneByte)
    InFlash_Write_MultiBytes                 0x080011a9   Thumb Code   212  inflash.o(i.InFlash_Write_MultiBytes)
    MX_GPIO_Init                             0x08001289   Thumb Code    20  gpio.o(i.MX_GPIO_Init)
    MX_USART1_UART_Init                      0x080012a1   Thumb Code    96  usart.o(i.MX_USART1_UART_Init)
    NMI_Handler                              0x08001309   Thumb Code     2  stm32g0xx_it.o(i.NMI_Handler)
    PendSV_Handler                           0x0800130b   Thumb Code     2  stm32g0xx_it.o(i.PendSV_Handler)
    SVC_Handler                              0x0800130d   Thumb Code     2  stm32g0xx_it.o(i.SVC_Handler)
    SysTick_Handler                          0x0800130f   Thumb Code     8  stm32g0xx_it.o(i.SysTick_Handler)
    SystemClock_Config                       0x08001317   Thumb Code   110  main.o(i.SystemClock_Config)
    SystemInit                               0x08001385   Thumb Code    10  system_stm32g0xx.o(i.SystemInit)
    UART_AdvFeatureConfig                    0x080013f5   Thumb Code   202  stm32g0xx_hal_uart.o(i.UART_AdvFeatureConfig)
    UART_CheckIdleState                      0x080014c1   Thumb Code    94  stm32g0xx_hal_uart.o(i.UART_CheckIdleState)
    UART_SetConfig                           0x08001561   Thumb Code   744  stm32g0xx_hal_uart.o(i.UART_SetConfig)
    UART_WaitOnFlagUntilTimeout              0x0800186d   Thumb Code   102  stm32g0xx_hal_uart.o(i.UART_WaitOnFlagUntilTimeout)
    USART1_IRQHandler                        0x080018d5   Thumb Code    10  stm32g0xx_it.o(i.USART1_IRQHandler)
    __scatterload_copy                       0x08001929   Thumb Code    14  handlers.o(i.__scatterload_copy)
    __scatterload_null                       0x08001937   Thumb Code     2  handlers.o(i.__scatterload_null)
    __scatterload_zeroinit                   0x08001939   Thumb Code    14  handlers.o(i.__scatterload_zeroinit)
    main                                     0x08001949   Thumb Code    48  main.o(i.main)
    AHBPrescTable                            0x08001980   Data          64  system_stm32g0xx.o(.constdata)
    APBPrescTable                            0x080019c0   Data          32  system_stm32g0xx.o(.constdata)
    Region$$Table$$Base                      0x080019e0   Number         0  anon$$obj.o(Region$$Table)
    Region$$Table$$Limit                     0x08001a00   Number         0  anon$$obj.o(Region$$Table)
    uwTickPrio                               0x20000000   Data           4  stm32g0xx_hal.o(.data)
    uwTickFreq                               0x20000004   Data           4  stm32g0xx_hal.o(.data)
    uwTick                                   0x20000008   Data           4  stm32g0xx_hal.o(.data)
    SystemCoreClock                          0x2000000c   Data           4  system_stm32g0xx.o(.data)
    huart1                                   0x20000010   Data         140  usart.o(.bss)
    pFlash                                   0x2000089c   Data          24  stm32g0xx_hal_flash.o(.bss)
    __initial_sp                             0x20000cb8   Data           0  startup_stm32g070xx.o(STACK)



==============================================================================

Memory Map of the image

  Image Entry point : 0x080000b9

  Load Region LR_IROM1 (Base: 0x08000000, Size: 0x00001a10, Max: 0x00020000, ABSOLUTE)

    Execution Region ER_IROM1 (Exec base: 0x08000000, Load base: 0x08000000, Size: 0x00001a00, Max: 0x00020000, ABSOLUTE)

    Exec Addr    Load Addr    Size         Type   Attr      Idx    E Section Name        Object

    0x08000000   0x08000000   0x000000b8   Data   RO            3    RESET               startup_stm32g070xx.o
    0x080000b8   0x080000b8   0x00000000   Code   RO         1990  * .ARM.Collect$$$$00000000  mc_p.l(entry.o)
    0x080000b8   0x080000b8   0x00000004   Code   RO         1997    .ARM.Collect$$$$00000001  mc_p.l(entry2.o)
    0x080000bc   0x080000bc   0x00000004   Code   RO         2000    .ARM.Collect$$$$00000004  mc_p.l(entry5.o)
    0x080000c0   0x080000c0   0x00000000   Code   RO         2002    .ARM.Collect$$$$00000008  mc_p.l(entry7b.o)
    0x080000c0   0x080000c0   0x00000000   Code   RO         2004    .ARM.Collect$$$$0000000A  mc_p.l(entry8b.o)
    0x080000c0   0x080000c0   0x00000008   Code   RO         2005    .ARM.Collect$$$$0000000B  mc_p.l(entry9a.o)
    0x080000c8   0x080000c8   0x00000000   Code   RO         2007    .ARM.Collect$$$$0000000D  mc_p.l(entry10a.o)
    0x080000c8   0x080000c8   0x00000000   Code   RO         2009    .ARM.Collect$$$$0000000F  mc_p.l(entry11a.o)
    0x080000c8   0x080000c8   0x00000004   Code   RO         1998    .ARM.Collect$$$$00002712  mc_p.l(entry2.o)
    0x080000cc   0x080000cc   0x0000001c   Code   RO            4    .text               startup_stm32g070xx.o
    0x080000e8   0x080000e8   0x0000002c   Code   RO         1993    .text               mc_p.l(uidiv.o)
    0x08000114   0x08000114   0x00000024   Code   RO         1995    .text               mc_p.l(memseta.o)
    0x08000138   0x08000138   0x00000024   Code   RO         2011    .text               mc_p.l(init.o)
    0x0800015c   0x0800015c   0x00000002   Code   RO           12    i.Error_Handler     main.o
    0x0800015e   0x0800015e   0x00000002   PAD
    0x08000160   0x08000160   0x00000014   Code   RO         1166    i.FLASH_MassErase   stm32g0xx_hal_flash_ex.o
    0x08000174   0x08000174   0x00000020   Code   RO         1170    i.FLASH_PageErase   stm32g0xx_hal_flash_ex.o
    0x08000194   0x08000194   0x0000001c   Code   RO         1060    i.FLASH_Program_DoubleWord  stm32g0xx_hal_flash.o
    0x080001b0   0x080001b0   0x00000034   Code   RO         1061    i.FLASH_Program_Fast  stm32g0xx_hal_flash.o
    0x080001e4   0x080001e4   0x00000074   Code   RO         1062    i.FLASH_WaitForLastOperation  stm32g0xx_hal_flash.o
    0x08000258   0x08000258   0x00000080   Code   RO         1251    i.HAL_DMA_Abort_IT  stm32g0xx_hal_dma.o
    0x080002d8   0x080002d8   0x00000024   Code   RO         1707    i.HAL_Delay         stm32g0xx_hal.o
    0x080002fc   0x080002fc   0x00000080   Code   RO         1171    i.HAL_FLASHEx_Erase  stm32g0xx_hal_flash_ex.o
    0x0800037c   0x0800037c   0x0000001c   Code   RO         1066    i.HAL_FLASH_Lock    stm32g0xx_hal_flash.o
    0x08000398   0x08000398   0x00000060   Code   RO         1071    i.HAL_FLASH_Program  stm32g0xx_hal_flash.o
    0x080003f8   0x080003f8   0x00000028   Code   RO         1073    i.HAL_FLASH_Unlock  stm32g0xx_hal_flash.o
    0x08000420   0x08000420   0x00000134   Code   RO          351    i.HAL_GPIO_Init     stm32g0xx_hal_gpio.o
    0x08000554   0x08000554   0x0000000c   Code   RO         1711    i.HAL_GetTick       stm32g0xx_hal.o
    0x08000560   0x08000560   0x00000010   Code   RO         1717    i.HAL_IncTick       stm32g0xx_hal.o
    0x08000570   0x08000570   0x00000028   Code   RO         1718    i.HAL_Init          stm32g0xx_hal.o
    0x08000598   0x08000598   0x00000048   Code   RO         1719    i.HAL_InitTick      stm32g0xx_hal.o
    0x080005e0   0x080005e0   0x0000002c   Code   RO          276    i.HAL_MspInit       stm32g0xx_hal_msp.o
    0x0800060c   0x0800060c   0x00000018   Code   RO         1595    i.HAL_NVIC_EnableIRQ  stm32g0xx_hal_cortex.o
    0x08000624   0x08000624   0x00000008   Code   RO         1599    i.HAL_NVIC_SetPriority  stm32g0xx_hal_cortex.o
    0x0800062c   0x0800062c   0x0000004c   Code   RO         1480    i.HAL_PWREx_ControlVoltageScaling  stm32g0xx_hal_pwr_ex.o
    0x08000678   0x08000678   0x00000160   Code   RO         1017    i.HAL_RCCEx_PeriphCLKConfig  stm32g0xx_hal_rcc_ex.o
    0x080007d8   0x080007d8   0x00000158   Code   RO          907    i.HAL_RCC_ClockConfig  stm32g0xx_hal_rcc.o
    0x08000930   0x08000930   0x00000028   Code   RO          915    i.HAL_RCC_GetPCLK1Freq  stm32g0xx_hal_rcc.o
    0x08000958   0x08000958   0x0000008c   Code   RO          916    i.HAL_RCC_GetSysClockFreq  stm32g0xx_hal_rcc.o
    0x080009e4   0x080009e4   0x000003e0   Code   RO          920    i.HAL_RCC_OscConfig  stm32g0xx_hal_rcc.o
    0x08000dc4   0x08000dc4   0x00000030   Code   RO         1603    i.HAL_SYSTICK_Config  stm32g0xx_hal_cortex.o
    0x08000df4   0x08000df4   0x00000042   Code   RO          817    i.HAL_UARTEx_DisableFifoMode  stm32g0xx_hal_uart_ex.o
    0x08000e36   0x08000e36   0x00000002   Code   RO          821    i.HAL_UARTEx_RxFifoFullCallback  stm32g0xx_hal_uart_ex.o
    0x08000e38   0x08000e38   0x0000004e   Code   RO          822    i.HAL_UARTEx_SetRxFifoThreshold  stm32g0xx_hal_uart_ex.o
    0x08000e86   0x08000e86   0x0000004c   Code   RO          823    i.HAL_UARTEx_SetTxFifoThreshold  stm32g0xx_hal_uart_ex.o
    0x08000ed2   0x08000ed2   0x00000002   Code   RO          825    i.HAL_UARTEx_TxFifoEmptyCallback  stm32g0xx_hal_uart_ex.o
    0x08000ed4   0x08000ed4   0x00000002   Code   RO          826    i.HAL_UARTEx_WakeupCallback  stm32g0xx_hal_uart_ex.o
    0x08000ed6   0x08000ed6   0x00000002   Code   RO          465    i.HAL_UART_ErrorCallback  stm32g0xx_hal_uart.o
    0x08000ed8   0x08000ed8   0x00000184   Code   RO          468    i.HAL_UART_IRQHandler  stm32g0xx_hal_uart.o
    0x0800105c   0x0800105c   0x00000070   Code   RO          469    i.HAL_UART_Init     stm32g0xx_hal_uart.o
    0x080010cc   0x080010cc   0x00000074   Code   RO          185    i.HAL_UART_MspInit  usart.o
    0x08001140   0x08001140   0x00000002   Code   RO          480    i.HAL_UART_TxCpltCallback  stm32g0xx_hal_uart.o
    0x08001142   0x08001142   0x00000002   Code   RO          222    i.HardFault_Handler  stm32g0xx_it.o
    0x08001144   0x08001144   0x00000038   Code   RO          297    i.InFlash_Erase_Page  inflash.o
    0x0800117c   0x0800117c   0x00000020   Code   RO          298    i.InFlash_Read_MultiBytes  inflash.o
    0x0800119c   0x0800119c   0x0000000c   Code   RO          299    i.InFlash_Read_OneByte  inflash.o
    0x080011a8   0x080011a8   0x000000e0   Code   RO          300    i.InFlash_Write_MultiBytes  inflash.o
    0x08001288   0x08001288   0x00000018   Code   RO          164    i.MX_GPIO_Init      gpio.o
    0x080012a0   0x080012a0   0x00000068   Code   RO          186    i.MX_USART1_UART_Init  usart.o
    0x08001308   0x08001308   0x00000002   Code   RO          223    i.NMI_Handler       stm32g0xx_it.o
    0x0800130a   0x0800130a   0x00000002   Code   RO          224    i.PendSV_Handler    stm32g0xx_it.o
    0x0800130c   0x0800130c   0x00000002   Code   RO          225    i.SVC_Handler       stm32g0xx_it.o
    0x0800130e   0x0800130e   0x00000008   Code   RO          226    i.SysTick_Handler   stm32g0xx_it.o
    0x08001316   0x08001316   0x0000006e   Code   RO           13    i.SystemClock_Config  main.o
    0x08001384   0x08001384   0x00000010   Code   RO         1959    i.SystemInit        system_stm32g0xx.o
    0x08001394   0x08001394   0x00000060   Code   RO          827    i.UARTEx_SetNbDataToProcess  stm32g0xx_hal_uart_ex.o
    0x080013f4   0x080013f4   0x000000ca   Code   RO          482    i.UART_AdvFeatureConfig  stm32g0xx_hal_uart.o
    0x080014be   0x080014be   0x00000002   PAD
    0x080014c0   0x080014c0   0x00000064   Code   RO          483    i.UART_CheckIdleState  stm32g0xx_hal_uart.o
    0x08001524   0x08001524   0x00000014   Code   RO          484    i.UART_DMAAbortOnError  stm32g0xx_hal_uart.o
    0x08001538   0x08001538   0x00000028   Code   RO          494    i.UART_EndRxTransfer  stm32g0xx_hal_uart.o
    0x08001560   0x08001560   0x0000030c   Code   RO          500    i.UART_SetConfig    stm32g0xx_hal_uart.o
    0x0800186c   0x0800186c   0x00000066   Code   RO          505    i.UART_WaitOnFlagUntilTimeout  stm32g0xx_hal_uart.o
    0x080018d2   0x080018d2   0x00000002   PAD
    0x080018d4   0x080018d4   0x00000010   Code   RO          227    i.USART1_IRQHandler  stm32g0xx_it.o
    0x080018e4   0x080018e4   0x00000044   Code   RO         1605    i.__NVIC_SetPriority  stm32g0xx_hal_cortex.o
    0x08001928   0x08001928   0x0000000e   Code   RO         2015    i.__scatterload_copy  mc_p.l(handlers.o)
    0x08001936   0x08001936   0x00000002   Code   RO         2016    i.__scatterload_null  mc_p.l(handlers.o)
    0x08001938   0x08001938   0x0000000e   Code   RO         2017    i.__scatterload_zeroinit  mc_p.l(handlers.o)
    0x08001946   0x08001946   0x00000002   PAD
    0x08001948   0x08001948   0x00000038   Code   RO           15    i.main              main.o
    0x08001980   0x08001980   0x00000040   Data   RO         1960    .constdata          system_stm32g0xx.o
    0x080019c0   0x080019c0   0x00000020   Data   RO         1961    .constdata          system_stm32g0xx.o
    0x080019e0   0x080019e0   0x00000020   Data   RO         2013    Region$$Table       anon$$obj.o


    Execution Region RW_IRAM1 (Exec base: 0x20000000, Load base: 0x08001a00, Size: 0x00000cb8, Max: 0x00009000, ABSOLUTE)

    Exec Addr    Load Addr    Size         Type   Attr      Idx    E Section Name        Object

    0x20000000   0x08001a00   0x0000000c   Data   RW         1730    .data               stm32g0xx_hal.o
    0x2000000c   0x08001a0c   0x00000004   Data   RW         1962    .data               system_stm32g0xx.o
    0x20000010        -       0x0000008c   Zero   RW          187    .bss                usart.o
    0x2000009c        -       0x00000800   Zero   RW          302    .bss                inflash.o
    0x2000089c        -       0x00000018   Zero   RW         1074    .bss                stm32g0xx_hal_flash.o
    0x200008b4   0x08001a10   0x00000004   PAD
    0x200008b8        -       0x00000400   Zero   RW            1    STACK               startup_stm32g070xx.o


==============================================================================

Image component sizes


      Code (inc. data)   RO Data    RW Data    ZI Data      Debug   Object Name

        24          4          0          0          0        683   gpio.o
       324         22          0          0       2048       3579   inflash.o
       168          8          0          0          0     368845   main.o
        28          8        184          0       1024        616   startup_stm32g070xx.o
       176         26          0         12          0       3709   stm32g0xx_hal.o
       148         24          0          0          0      12017   stm32g0xx_hal_cortex.o
       128          6          0          0          0       1147   stm32g0xx_hal_dma.o
       360         52          0          0         24      15446   stm32g0xx_hal_flash.o
       180         26          0          0          0       2702   stm32g0xx_hal_flash_ex.o
       308         16          0          0          0       1564   stm32g0xx_hal_gpio.o
        44          6          0          0          0        774   stm32g0xx_hal_msp.o
        76         14          0          0          0        726   stm32g0xx_hal_pwr_ex.o
      1516         88          0          0          0      20013   stm32g0xx_hal_rcc.o
       352         14          0          0          0       1608   stm32g0xx_hal_rcc_ex.o
      1748         56          0          0          0       8578   stm32g0xx_hal_uart.o
       322         16          0          0          0       5106   stm32g0xx_hal_uart_ex.o
        32          6          0          0          0       2451   stm32g0xx_it.o
        16          6         96          4          0       1075   system_stm32g0xx.o
       220         18          0          0        140       1590   usart.o

    ----------------------------------------------------------------------
      6176        416        312         16       3240     452229   Object Totals
         0          0         32          0          0          0   (incl. Generated)
         6          0          0          0          4          0   (incl. Padding)

    ----------------------------------------------------------------------

      Code (inc. data)   RO Data    RW Data    ZI Data      Debug   Library Member Name

         0          0          0          0          0          0   entry.o
         0          0          0          0          0          0   entry10a.o
         0          0          0          0          0          0   entry11a.o
         8          4          0          0          0          0   entry2.o
         4          0          0          0          0          0   entry5.o
         0          0          0          0          0          0   entry7b.o
         0          0          0          0          0          0   entry8b.o
         8          4          0          0          0          0   entry9a.o
        30          0          0          0          0          0   handlers.o
        36          8          0          0          0         68   init.o
        36          0          0          0          0        100   memseta.o
        44          0          0          0          0         72   uidiv.o

    ----------------------------------------------------------------------
       168         16          0          0          0        240   Library Totals
         2          0          0          0          0          0   (incl. Padding)

    ----------------------------------------------------------------------

      Code (inc. data)   RO Data    RW Data    ZI Data      Debug   Library Name

       166         16          0          0          0        240   mc_p.l

    ----------------------------------------------------------------------
       168         16          0          0          0        240   Library Totals

    ----------------------------------------------------------------------

==============================================================================


      Code (inc. data)   RO Data    RW Data    ZI Data      Debug   

      6344        432        312         16       3240     450069   Grand Totals
      6344        432        312         16       3240     450069   ELF Image Totals
      6344        432        312         16          0          0   ROM Totals

==============================================================================

    Total RO  Size (Code + RO Data)                 6656 (   6.50kB)
    Total RW  Size (RW Data + ZI Data)              3256 (   3.18kB)
    Total ROM Size (Code + RO Data + RW Data)       6672 (   6.52kB)

==============================================================================

