Component: ARM Compiler 5.06 update 6 (build 750) Tool: armlink [4d35ed]

==============================================================================

Section Cross References

    startup_stm32g070xx.o(RESET) refers to startup_stm32g070xx.o(STACK) for __initial_sp
    startup_stm32g070xx.o(RESET) refers to startup_stm32g070xx.o(.text) for Reset_Handler
    startup_stm32g070xx.o(RESET) refers to stm32g0xx_it.o(i.NMI_Handler) for NMI_Handler
    startup_stm32g070xx.o(RESET) refers to stm32g0xx_it.o(i.HardFault_Handler) for HardFault_Handler
    startup_stm32g070xx.o(RESET) refers to stm32g0xx_it.o(i.SVC_Handler) for SVC_Handler
    startup_stm32g070xx.o(RESET) refers to stm32g0xx_it.o(i.PendSV_Handler) for PendSV_Handler
    startup_stm32g070xx.o(RESET) refers to stm32g0xx_it.o(i.SysTick_Handler) for SysTick_Handler
    startup_stm32g070xx.o(RESET) refers to stm32g0xx_it.o(i.DMA1_Channel1_IRQHandler) for DMA1_Channel1_IRQHandler
    startup_stm32g070xx.o(RESET) refers to stm32g0xx_it.o(i.DMA1_Channel2_3_IRQHandler) for DMA1_Channel2_3_IRQHandler
    startup_stm32g070xx.o(RESET) refers to stm32g0xx_it.o(i.SPI1_IRQHandler) for SPI1_IRQHandler
    startup_stm32g070xx.o(RESET) refers to stm32g0xx_it.o(i.USART1_IRQHandler) for USART1_IRQHandler
    startup_stm32g070xx.o(.text) refers to system_stm32g0xx.o(i.SystemInit) for SystemInit
    startup_stm32g070xx.o(.text) refers to entry.o(.ARM.Collect$$$$00000000) for __main
    main.o(i.HAL_SPI_RxCpltCallback) refers to stm32g0xx_hal_spi.o(i.HAL_SPI_Transmit) for HAL_SPI_Transmit
    main.o(i.HAL_SPI_RxCpltCallback) refers to stm32g0xx_hal_spi.o(i.HAL_SPI_Receive_IT) for HAL_SPI_Receive_IT
    main.o(i.HAL_SPI_RxCpltCallback) refers to spi_1.o(.bss) for hspi1
    main.o(i.HAL_SPI_RxCpltCallback) refers to main.o(.data) for Data
    main.o(i.SystemClock_Config) refers to memseta.o(.text) for __aeabi_memclr4
    main.o(i.SystemClock_Config) refers to stm32g0xx_hal_pwr_ex.o(i.HAL_PWREx_ControlVoltageScaling) for HAL_PWREx_ControlVoltageScaling
    main.o(i.SystemClock_Config) refers to stm32g0xx_hal_rcc.o(i.HAL_RCC_OscConfig) for HAL_RCC_OscConfig
    main.o(i.SystemClock_Config) refers to main.o(i.Error_Handler) for Error_Handler
    main.o(i.SystemClock_Config) refers to stm32g0xx_hal_rcc.o(i.HAL_RCC_ClockConfig) for HAL_RCC_ClockConfig
    main.o(i.SystemClock_Config) refers to stm32g0xx_hal_rcc_ex.o(i.HAL_RCCEx_PeriphCLKConfig) for HAL_RCCEx_PeriphCLKConfig
    main.o(i.main) refers to stm32g0xx_hal.o(i.HAL_Init) for HAL_Init
    main.o(i.main) refers to main.o(i.SystemClock_Config) for SystemClock_Config
    main.o(i.main) refers to gpio.o(i.MX_GPIO_Init) for MX_GPIO_Init
    main.o(i.main) refers to dma.o(i.MX_DMA_Init) for MX_DMA_Init
    main.o(i.main) refers to spi_1.o(i.MX_SPI1_Init) for MX_SPI1_Init
    main.o(i.main) refers to usart.o(i.MX_USART1_UART_Init) for MX_USART1_UART_Init
    main.o(i.main) refers to oled_1.o(i.OLED_Init) for OLED_Init
    main.o(i.main) refers to oled_1.o(i.OLED_Clear) for OLED_Clear
    main.o(i.main) refers to oled_1.o(i.OLED_ShowString) for OLED_ShowString
    main.o(i.main) refers to stm32g0xx_hal_spi.o(i.HAL_SPI_Receive_IT) for HAL_SPI_Receive_IT
    main.o(i.main) refers to oled_1.o(i.OLED_ShowNum) for OLED_ShowNum
    main.o(i.main) refers to stm32g0xx_hal_gpio.o(i.HAL_GPIO_TogglePin) for HAL_GPIO_TogglePin
    main.o(i.main) refers to stm32g0xx_hal.o(i.HAL_Delay) for HAL_Delay
    main.o(i.main) refers to main.o(.data) for Data
    main.o(i.main) refers to spi_1.o(.bss) for hspi1
    gpio.o(i.MX_GPIO_Init) refers to memseta.o(.text) for __aeabi_memclr4
    gpio.o(i.MX_GPIO_Init) refers to stm32g0xx_hal_gpio.o(i.HAL_GPIO_WritePin) for HAL_GPIO_WritePin
    gpio.o(i.MX_GPIO_Init) refers to stm32g0xx_hal_gpio.o(i.HAL_GPIO_Init) for HAL_GPIO_Init
    dma.o(i.MX_DMA_Init) refers to stm32g0xx_hal_cortex.o(i.HAL_NVIC_SetPriority) for HAL_NVIC_SetPriority
    dma.o(i.MX_DMA_Init) refers to stm32g0xx_hal_cortex.o(i.HAL_NVIC_EnableIRQ) for HAL_NVIC_EnableIRQ
    usart.o(i.HAL_UART_MspDeInit) refers to stm32g0xx_hal_gpio.o(i.HAL_GPIO_DeInit) for HAL_GPIO_DeInit
    usart.o(i.HAL_UART_MspDeInit) refers to stm32g0xx_hal_dma.o(i.HAL_DMA_DeInit) for HAL_DMA_DeInit
    usart.o(i.HAL_UART_MspDeInit) refers to stm32g0xx_hal_cortex.o(i.HAL_NVIC_DisableIRQ) for HAL_NVIC_DisableIRQ
    usart.o(i.HAL_UART_MspInit) refers to memseta.o(.text) for __aeabi_memclr4
    usart.o(i.HAL_UART_MspInit) refers to stm32g0xx_hal_gpio.o(i.HAL_GPIO_Init) for HAL_GPIO_Init
    usart.o(i.HAL_UART_MspInit) refers to stm32g0xx_hal_dma.o(i.HAL_DMA_Init) for HAL_DMA_Init
    usart.o(i.HAL_UART_MspInit) refers to main.o(i.Error_Handler) for Error_Handler
    usart.o(i.HAL_UART_MspInit) refers to stm32g0xx_hal_cortex.o(i.HAL_NVIC_SetPriority) for HAL_NVIC_SetPriority
    usart.o(i.HAL_UART_MspInit) refers to stm32g0xx_hal_cortex.o(i.HAL_NVIC_EnableIRQ) for HAL_NVIC_EnableIRQ
    usart.o(i.HAL_UART_MspInit) refers to usart.o(.bss) for hdma_usart1_rx
[...]
    stm32g0xx_hal_uart.o(i.HAL_UART_Receive) refers to stm32g0xx_hal_uart.o(i.UART_WaitOnFlagUntilTimeout) for UART_WaitOnFlagUntilTimeout
    stm32g0xx_hal_uart.o(i.HAL_UART_Receive_DMA) refers to stm32g0xx_hal_dma.o(i.HAL_DMA_Start_IT) for HAL_DMA_Start_IT
    stm32g0xx_hal_uart.o(i.HAL_UART_Receive_DMA) refers to stm32g0xx_hal_uart.o(i.UART_DMAReceiveCplt) for UART_DMAReceiveCplt
    stm32g0xx_hal_uart.o(i.HAL_UART_Receive_DMA) refers to stm32g0xx_hal_uart.o(i.UART_DMARxHalfCplt) for UART_DMARxHalfCplt
    stm32g0xx_hal_uart.o(i.HAL_UART_Receive_DMA) refers to stm32g0xx_hal_uart.o(i.UART_DMAError) for UART_DMAError
    stm32g0xx_hal_uart.o(i.HAL_UART_Receive_IT) refers to stm32g0xx_hal_uart.o(i.UART_RxISR_16BIT_FIFOEN) for UART_RxISR_16BIT_FIFOEN
    stm32g0xx_hal_uart.o(i.HAL_UART_Receive_IT) refers to stm32g0xx_hal_uart.o(i.UART_RxISR_8BIT_FIFOEN) for UART_RxISR_8BIT_FIFOEN
    stm32g0xx_hal_uart.o(i.HAL_UART_Receive_IT) refers to stm32g0xx_hal_uart.o(i.UART_RxISR_16BIT) for UART_RxISR_16BIT
    stm32g0xx_hal_uart.o(i.HAL_UART_Receive_IT) refers to stm32g0xx_hal_uart.o(i.UART_RxISR_8BIT) for UART_RxISR_8BIT
    stm32g0xx_hal_uart.o(i.HAL_UART_Transmit) refers to stm32g0xx_hal.o(i.HAL_GetTick) for HAL_GetTick
    stm32g0xx_hal_uart.o(i.HAL_UART_Transmit) refers to stm32g0xx_hal_uart.o(i.UART_WaitOnFlagUntilTimeout) for UART_WaitOnFlagUntilTimeout
    stm32g0xx_hal_uart.o(i.HAL_UART_Transmit_DMA) refers to stm32g0xx_hal_dma.o(i.HAL_DMA_Start_IT) for HAL_DMA_Start_IT
    stm32g0xx_hal_uart.o(i.HAL_UART_Transmit_DMA) refers to stm32g0xx_hal_uart.o(i.UART_DMATransmitCplt) for UART_DMATransmitCplt
    stm32g0xx_hal_uart.o(i.HAL_UART_Transmit_DMA) refers to stm32g0xx_hal_uart.o(i.UART_DMATxHalfCplt) for UART_DMATxHalfCplt
    stm32g0xx_hal_uart.o(i.HAL_UART_Transmit_DMA) refers to stm32g0xx_hal_uart.o(i.UART_DMAError) for UART_DMAError
    stm32g0xx_hal_uart.o(i.HAL_UART_Transmit_IT) refers to stm32g0xx_hal_uart.o(i.UART_TxISR_16BIT_FIFOEN) for UART_TxISR_16BIT_FIFOEN
    stm32g0xx_hal_uart.o(i.HAL_UART_Transmit_IT) refers to stm32g0xx_hal_uart.o(i.UART_TxISR_8BIT_FIFOEN) for UART_TxISR_8BIT_FIFOEN
    stm32g0xx_hal_uart.o(i.HAL_UART_Transmit_IT) refers to stm32g0xx_hal_uart.o(i.UART_TxISR_16BIT) for UART_TxISR_16BIT
    stm32g0xx_hal_uart.o(i.HAL_UART_Transmit_IT) refers to stm32g0xx_hal_uart.o(i.UART_TxISR_8BIT) for UART_TxISR_8BIT
    stm32g0xx_hal_uart.o(i.UART_CheckIdleState) refers to stm32g0xx_hal.o(i.HAL_GetTick) for HAL_GetTick
    stm32g0xx_hal_uart.o(i.UART_CheckIdleState) refers to stm32g0xx_hal_uart.o(i.UART_WaitOnFlagUntilTimeout) for UART_WaitOnFlagUntilTimeout
    stm32g0xx_hal_uart.o(i.UART_DMAAbortOnError) refers to stm32g0xx_hal_uart.o(i.HAL_UART_ErrorCallback) for HAL_UART_ErrorCallback
    stm32g0xx_hal_uart.o(i.UART_DMAError) refers to stm32g0xx_hal_uart.o(i.UART_EndTxTransfer) for UART_EndTxTransfer
    stm32g0xx_hal_uart.o(i.UART_DMAError) refers to stm32g0xx_hal_uart.o(i.UART_EndRxTransfer) for UART_EndRxTransfer
    stm32g0xx_hal_uart.o(i.UART_DMAError) refers to stm32g0xx_hal_uart.o(i.HAL_UART_ErrorCallback) for HAL_UART_ErrorCallback
    stm32g0xx_hal_uart.o(i.UART_DMAReceiveCplt) refers to stm32g0xx_hal_uart.o(i.HAL_UART_RxCpltCallback) for HAL_UART_RxCpltCallback
    stm32g0xx_hal_uart.o(i.UART_DMARxAbortCallback) refers to stm32g0xx_hal_uart.o(i.HAL_UART_AbortCpltCallback) for HAL_UART_AbortCpltCallback
    stm32g0xx_hal_uart.o(i.UART_DMARxHalfCplt) refers to stm32g0xx_hal_uart.o(i.HAL_UART_RxHalfCpltCallback) for HAL_UART_RxHalfCpltCallback
    stm32g0xx_hal_uart.o(i.UART_DMARxOnlyAbortCallback) refers to stm32g0xx_hal_uart.o(i.HAL_UART_AbortReceiveCpltCallback) for HAL_UART_AbortReceiveCpltCallback
    stm32g0xx_hal_uart.o(i.UART_DMATransmitCplt) refers to stm32g0xx_hal_uart.o(i.HAL_UART_TxCpltCallback) for HAL_UART_TxCpltCallback
    stm32g0xx_hal_uart.o(i.UART_DMATxAbortCallback) refers to stm32g0xx_hal_uart.o(i.HAL_UART_AbortCpltCallback) for HAL_UART_AbortCpltCallback
    stm32g0xx_hal_uart.o(i.UART_DMATxHalfCplt) refers to stm32g0xx_hal_uart.o(i.HAL_UART_TxHalfCpltCallback) for HAL_UART_TxHalfCpltCallback
    stm32g0xx_hal_uart.o(i.UART_DMATxOnlyAbortCallback) refers to stm32g0xx_hal_uart.o(i.HAL_UART_AbortTransmitCpltCallback) for HAL_UART_AbortTransmitCpltCallback
    stm32g0xx_hal_uart.o(i.UART_EndTransmit_IT) refers to stm32g0xx_hal_uart.o(i.HAL_UART_TxCpltCallback) for HAL_UART_TxCpltCallback
    stm32g0xx_hal_uart.o(i.UART_RxISR_16BIT) refers to stm32g0xx_hal_uart.o(i.HAL_UART_RxCpltCallback) for HAL_UART_RxCpltCallback
    stm32g0xx_hal_uart.o(i.UART_RxISR_16BIT_FIFOEN) refers to stm32g0xx_hal_uart.o(i.HAL_UART_RxCpltCallback) for HAL_UART_RxCpltCallback
    stm32g0xx_hal_uart.o(i.UART_RxISR_16BIT_FIFOEN) refers to stm32g0xx_hal_uart.o(i.UART_RxISR_16BIT) for UART_RxISR_16BIT
    stm32g0xx_hal_uart.o(i.UART_RxISR_8BIT) refers to stm32g0xx_hal_uart.o(i.HAL_UART_RxCpltCallback) for HAL_UART_RxCpltCallback
    stm32g0xx_hal_uart.o(i.UART_RxISR_8BIT_FIFOEN) refers to stm32g0xx_hal_uart.o(i.HAL_UART_RxCpltCallback) for HAL_UART_RxCpltCallback
    stm32g0xx_hal_uart.o(i.UART_RxISR_8BIT_FIFOEN) refers to stm32g0xx_hal_uart.o(i.UART_RxISR_8BIT) for UART_RxISR_8BIT
    stm32g0xx_hal_uart.o(i.UART_SetConfig) refers to stm32g0xx_hal_rcc.o(i.HAL_RCC_GetPCLK1Freq) for HAL_RCC_GetPCLK1Freq
    stm32g0xx_hal_uart.o(i.UART_SetConfig) refers to uidiv.o(.text) for __aeabi_uidivmod
    stm32g0xx_hal_uart.o(i.UART_SetConfig) refers to stm32g0xx_hal_rcc.o(i.HAL_RCC_GetSysClockFreq) for HAL_RCC_GetSysClockFreq
    stm32g0xx_hal_uart.o(i.UART_WaitOnFlagUntilTimeout) refers to stm32g0xx_hal.o(i.HAL_GetTick) for HAL_GetTick
    stm32g0xx_hal_uart_ex.o(i.HAL_MultiProcessorEx_AddressLength_Set) refers to stm32g0xx_hal_uart.o(i.UART_CheckIdleState) for UART_CheckIdleState
    stm32g0xx_hal_uart_ex.o(i.HAL_RS485Ex_Init) refers to usart.o(i.HAL_UART_MspInit) for HAL_UART_MspInit
    stm32g0xx_hal_uart_ex.o(i.HAL_RS485Ex_Init) refers to stm32g0xx_hal_uart.o(i.UART_SetConfig) for UART_SetConfig
    stm32g0xx_hal_uart_ex.o(i.HAL_RS485Ex_Init) refers to stm32g0xx_hal_uart.o(i.UART_AdvFeatureConfig) for UART_AdvFeatureConfig
    stm32g0xx_hal_uart_ex.o(i.HAL_RS485Ex_Init) refers to stm32g0xx_hal_uart.o(i.UART_CheckIdleState) for UART_CheckIdleState
    stm32g0xx_hal_uart_ex.o(i.HAL_UARTEx_EnableFifoMode) refers to stm32g0xx_hal_uart_ex.o(i.UARTEx_SetNbDataToProcess) for UARTEx_SetNbDataToProcess
    stm32g0xx_hal_uart_ex.o(i.HAL_UARTEx_SetRxFifoThreshold) refers to stm32g0xx_hal_uart_ex.o(i.UARTEx_SetNbDataToProcess) for UARTEx_SetNbDataToProcess
    stm32g0xx_hal_uart_ex.o(i.HAL_UARTEx_SetTxFifoThreshold) refers to stm32g0xx_hal_uart_ex.o(i.UARTEx_SetNbDataToProcess) for UARTEx_SetNbDataToProcess
    stm32g0xx_hal_uart_ex.o(i.HAL_UARTEx_StopModeWakeUpSourceConfig) refers to stm32g0xx_hal_uart_ex.o(i.UARTEx_Wakeup_AddressConfig) for UARTEx_Wakeup_AddressConfig
    stm32g0xx_hal_uart_ex.o(i.HAL_UARTEx_StopModeWakeUpSourceConfig) refers to stm32g0xx_hal.o(i.HAL_GetTick) for HAL_GetTick
    stm32g0xx_hal_uart_ex.o(i.HAL_UARTEx_StopModeWakeUpSourceConfig) refers to stm32g0xx_hal_uart.o(i.UART_WaitOnFlagUntilTimeout) for UART_WaitOnFlagUntilTimeout
    stm32g0xx_hal_uart_ex.o(i.UARTEx_SetNbDataToProcess) refers to idiv.o(.text) for __aeabi_idivmod
    system_stm32g0xx.o(i.SystemCoreClockUpdate) refers to uidiv.o(.text) for __aeabi_uidivmod
    system_stm32g0xx.o(i.SystemCoreClockUpdate) refers to system_stm32g0xx.o(.data) for SystemCoreClock
    system_stm32g0xx.o(i.SystemCoreClockUpdate) refers to system_stm32g0xx.o(.constdata) for AHBPrescTable
    spi_1.o(i.HAL_SPI_MspDeInit) refers to stm32g0xx_hal_gpio.o(i.HAL_GPIO_DeInit) for HAL_GPIO_DeInit
    spi_1.o(i.HAL_SPI_MspDeInit) refers to stm32g0xx_hal_cortex.o(i.HAL_NVIC_DisableIRQ) for HAL_NVIC_DisableIRQ
    spi_1.o(i.HAL_SPI_MspInit) refers to memseta.o(.text) for __aeabi_memclr4
    spi_1.o(i.HAL_SPI_MspInit) refers to stm32g0xx_hal_gpio.o(i.HAL_GPIO_Init) for HAL_GPIO_Init
    spi_1.o(i.HAL_SPI_MspInit) refers to stm32g0xx_hal_cortex.o(i.HAL_NVIC_SetPriority) for HAL_NVIC_SetPriority
    spi_1.o(i.HAL_SPI_MspInit) refers to stm32g0xx_hal_cortex.o(i.HAL_NVIC_EnableIRQ) for HAL_NVIC_EnableIRQ
    spi_1.o(i.MX_SPI1_Init) refers to stm32g0xx_hal_spi.o(i.HAL_SPI_Init) for HAL_SPI_Init
    spi_1.o(i.MX_SPI1_Init) refers to main.o(i.Error_Handler) for Error_Handler
    spi_1.o(i.MX_SPI1_Init) refers to spi_1.o(.bss) for hspi1
    oled_1.o(i.IIC_Start) refers to stm32g0xx_hal_gpio.o(i.HAL_GPIO_WritePin) for HAL_GPIO_WritePin
    oled_1.o(i.IIC_Stop) refers to stm32g0xx_hal_gpio.o(i.HAL_GPIO_WritePin) for HAL_GPIO_WritePin
    oled_1.o(i.IIC_Wait_Ack) refers to stm32g0xx_hal_gpio.o(i.HAL_GPIO_WritePin) for HAL_GPIO_WritePin
    oled_1.o(i.OLED_Clear) refers to oled_1.o(i.OLED_WR_Byte) for OLED_WR_Byte
    oled_1.o(i.OLED_Display_Off) refers to oled_1.o(i.OLED_WR_Byte) for OLED_WR_Byte
    oled_1.o(i.OLED_Display_On) refers to oled_1.o(i.OLED_WR_Byte) for OLED_WR_Byte
    oled_1.o(i.OLED_DrawBMP) refers to oled_1.o(i.OLED_Set_Pos) for OLED_Set_Pos
    oled_1.o(i.OLED_DrawBMP) refers to oled_1.o(i.OLED_WR_Byte) for OLED_WR_Byte
    oled_1.o(i.OLED_Init) refers to stm32g0xx_hal_gpio.o(i.HAL_GPIO_Init) for HAL_GPIO_Init
    oled_1.o(i.OLED_Init) refers to stm32g0xx_hal_gpio.o(i.HAL_GPIO_WritePin) for HAL_GPIO_WritePin
    oled_1.o(i.OLED_Init) refers to oled_1.o(i.Delay_50ms) for Delay_50ms
    oled_1.o(i.OLED_Init) refers to oled_1.o(i.OLED_WR_Byte) for OLED_WR_Byte
    oled_1.o(i.OLED_On) refers to oled_1.o(i.OLED_WR_Byte) for OLED_WR_Byte
    oled_1.o(i.OLED_Set_Pos) refers to oled_1.o(i.OLED_WR_Byte) for OLED_WR_Byte
    oled_1.o(i.OLED_ShowCHinese) refers to oled_1.o(i.OLED_Set_Pos) for OLED_Set_Pos
    oled_1.o(i.OLED_ShowCHinese) refers to oled_1.o(i.OLED_WR_Byte) for OLED_WR_Byte
    oled_1.o(i.OLED_ShowCHinese) refers to oled_1.o(.data) for Hzk
    oled_1.o(i.OLED_ShowChar) refers to oled_1.o(i.OLED_Set_Pos) for OLED_Set_Pos
    oled_1.o(i.OLED_ShowChar) refers to oled_1.o(i.OLED_WR_Byte) for OLED_WR_Byte
    oled_1.o(i.OLED_ShowChar) refers to oled_1.o(.constdata) for F8X16
    oled_1.o(i.OLED_ShowNum) refers to oled_1.o(i.oled_pow) for oled_pow
    oled_1.o(i.OLED_ShowNum) refers to uidiv.o(.text) for __aeabi_uidivmod
    oled_1.o(i.OLED_ShowNum) refers to oled_1.o(i.OLED_ShowChar) for OLED_ShowChar
    oled_1.o(i.OLED_ShowString) refers to oled_1.o(i.OLED_ShowChar) for OLED_ShowChar
    oled_1.o(i.OLED_WR_Byte) refers to oled_1.o(i.Write_IIC_Data) for Write_IIC_Data
    oled_1.o(i.OLED_WR_Byte) refers to oled_1.o(i.Write_IIC_Command) for Write_IIC_Command
    oled_1.o(i.Write_IIC_Byte) refers to stm32g0xx_hal_gpio.o(i.HAL_GPIO_WritePin) for HAL_GPIO_WritePin
    oled_1.o(i.Write_IIC_Command) refers to oled_1.o(i.IIC_Start) for IIC_Start
    oled_1.o(i.Write_IIC_Command) refers to oled_1.o(i.Write_IIC_Byte) for Write_IIC_Byte
    oled_1.o(i.Write_IIC_Command) refers to oled_1.o(i.IIC_Wait_Ack) for IIC_Wait_Ack
    oled_1.o(i.Write_IIC_Command) refers to oled_1.o(i.IIC_Stop) for IIC_Stop
    oled_1.o(i.Write_IIC_Data) refers to oled_1.o(i.IIC_Start) for IIC_Start
    oled_1.o(i.Write_IIC_Data) refers to oled_1.o(i.Write_IIC_Byte) for Write_IIC_Byte
    oled_1.o(i.Write_IIC_Data) refers to oled_1.o(i.IIC_Wait_Ack) for IIC_Wait_Ack
    oled_1.o(i.Write_IIC_Data) refers to oled_1.o(i.IIC_Stop) for IIC_Stop
    oled_1.o(i.fill_picture) refers to oled_1.o(i.OLED_WR_Byte) for OLED_WR_Byte
    entry.o(.ARM.Collect$$$$00000000) refers (Special) to entry10a.o(.ARM.Collect$$$$0000000D) for __rt_final_cpp
    entry.o(.ARM.Collect$$$$00000000) refers (Special) to entry11a.o(.ARM.Collect$$$$0000000F) for __rt_final_exit
    entry.o(.ARM.Collect$$$$00000000) refers (Special) to entry7b.o(.ARM.Collect$$$$00000008) for _main_clock
    entry.o(.ARM.Collect$$$$00000000) refers (Special) to entry8b.o(.ARM.Collect$$$$0000000A) for _main_cpp_init
    entry.o(.ARM.Collect$$$$00000000) refers (Special) to entry9a.o(.ARM.Collect$$$$0000000B) for _main_init
    entry.o(.ARM.Collect$$$$00000000) refers (Special) to entry5.o(.ARM.Collect$$$$00000004) for _main_scatterload
    entry.o(.ARM.Collect$$$$00000000) refers (Special) to entry2.o(.ARM.Collect$$$$00000001) for _main_stk
    idiv.o(.text) refers to uidiv.o(.text) for __aeabi_uidivmod
    entry2.o(.ARM.Collect$$$$00000001) refers to entry2.o(.ARM.Collect$$$$00002712) for __lit__00000000
    entry2.o(.ARM.Collect$$$$00002712) refers to startup_stm32g070xx.o(STACK) for __initial_sp
    entry2.o(__vectab_stack_and_reset_area) refers to startup_stm32g070xx.o(STACK) for __initial_sp
    entry2.o(__vectab_stack_and_reset_area) refers to entry.o(.ARM.Collect$$$$00000000) for __main
    entry5.o(.ARM.Collect$$$$00000004) refers to init.o(.text) for __scatterload
    entry9a.o(.ARM.Collect$$$$0000000B) refers to main.o(i.main) for main
    entry9b.o(.ARM.Collect$$$$0000000C) refers to main.o(i.main) for main
    init.o(.text) refers to entry5.o(.ARM.Collect$$$$00000004) for __main_after_scatterload


==============================================================================

Removing Unused input sections from the image.

    Removing startup_stm32g070xx.o(HEAP), (512 bytes).
    Removing main.o(.rev16_text), (4 bytes).
    Removing main.o(.revsh_text), (4 bytes).
    Removing gpio.o(.rev16_text), (4 bytes).
    Removing gpio.o(.revsh_text), (4 bytes).
    Removing dma.o(.rev16_text), (4 bytes).
    Removing dma.o(.revsh_text), (4 bytes).
    Removing usart.o(.rev16_text), (4 bytes).
    Removing usart.o(.revsh_text), (4 bytes).
    Removing usart.o(i.HAL_UART_MspDeInit), (68 bytes).
    Removing stm32g0xx_it.o(.rev16_text), (4 bytes).
    Removing stm32g0xx_it.o(.revsh_text), (4 bytes).
    Removing stm32g0xx_hal_msp.o(.rev16_text), (4 bytes).
    Removing stm32g0xx_hal_msp.o(.revsh_text), (4 bytes).
    Removing stm32g0xx_hal_gpio.o(.rev16_text), (4 bytes).
    Removing stm32g0xx_hal_gpio.o(.revsh_text), (4 bytes).
    Removing stm32g0xx_hal_gpio.o(i.HAL_GPIO_DeInit), (268 bytes).
    Removing stm32g0xx_hal_gpio.o(i.HAL_GPIO_EXTI_Falling_Callback), (2 bytes).
    Removing stm32g0xx_hal_gpio.o(i.HAL_GPIO_EXTI_IRQHandler), (52 bytes).
    Removing stm32g0xx_hal_gpio.o(i.HAL_GPIO_EXTI_Rising_Callback), (2 bytes).
    Removing stm32g0xx_hal_gpio.o(i.HAL_GPIO_LockPin), (50 bytes).
    Removing stm32g0xx_hal_gpio.o(i.HAL_GPIO_ReadPin), (18 bytes).
    Removing stm32g0xx_hal_spi.o(.rev16_text), (4 bytes).
    Removing stm32g0xx_hal_spi.o(.revsh_text), (4 bytes).
    Removing stm32g0xx_hal_spi.o(i.HAL_SPI_Abort), (476 bytes).
    Removing stm32g0xx_hal_spi.o(i.HAL_SPI_AbortCpltCallback), (2 bytes).
    Removing stm32g0xx_hal_spi.o(i.HAL_SPI_Abort_IT), (408 bytes).
    Removing stm32g0xx_hal_spi.o(i.HAL_SPI_DMAPause), (50 bytes).
    Removing stm32g0xx_hal_spi.o(i.HAL_SPI_DMAResume), (50 bytes).
    Removing stm32g0xx_hal_spi.o(i.HAL_SPI_DMAStop), (80 bytes).
    Removing stm32g0xx_hal_spi.o(i.HAL_SPI_DeInit), (58 bytes).
    Removing stm32g0xx_hal_spi.o(i.HAL_SPI_GetError), (6 bytes).
    Removing stm32g0xx_hal_spi.o(i.HAL_SPI_GetState), (8 bytes).
    Removing stm32g0xx_hal_spi.o(i.HAL_SPI_MspDeInit), (2 bytes).
    Removing stm32g0xx_hal_spi.o(i.HAL_SPI_MspInit), (2 bytes).
    Removing stm32g0xx_hal_spi.o(i.HAL_SPI_Receive), (444 bytes).
    Removing stm32g0xx_hal_spi.o(i.HAL_SPI_Receive_DMA), (432 bytes).
    Removing stm32g0xx_hal_spi.o(i.HAL_SPI_RxCpltCallback), (2 bytes).
    Removing stm32g0xx_hal_spi.o(i.HAL_SPI_RxHalfCpltCallback), (2 bytes).
    Removing stm32g0xx_hal_spi.o(i.HAL_SPI_TransmitReceive), (738 bytes).
    Removing stm32g0xx_hal_spi.o(i.HAL_SPI_TransmitReceive_DMA), (592 bytes).
    Removing stm32g0xx_hal_spi.o(i.HAL_SPI_Transmit_DMA), (344 bytes).
    Removing stm32g0xx_hal_spi.o(i.HAL_SPI_Transmit_IT), (184 bytes).
    Removing stm32g0xx_hal_spi.o(i.HAL_SPI_TxCpltCallback), (2 bytes).
    Removing stm32g0xx_hal_spi.o(i.HAL_SPI_TxHalfCpltCallback), (2 bytes).
    Removing stm32g0xx_hal_spi.o(i.HAL_SPI_TxRxHalfCpltCallback), (2 bytes).
    Removing stm32g0xx_hal_spi.o(i.SPI_AbortRx_ISR), (164 bytes).
    Removing stm32g0xx_hal_spi.o(i.SPI_AbortTx_ISR), (276 bytes).
    Removing stm32g0xx_hal_spi.o(i.SPI_CloseTx_ISR), (98 bytes).
    Removing stm32g0xx_hal_spi.o(i.SPI_DMAError), (40 bytes).
    Removing stm32g0xx_hal_spi.o(i.SPI_DMAHalfReceiveCplt), (14 bytes).
    Removing stm32g0xx_hal_spi.o(i.SPI_DMAHalfTransmitCplt), (14 bytes).
    Removing stm32g0xx_hal_spi.o(i.SPI_DMAHalfTransmitReceiveCplt), (14 bytes).
    Removing stm32g0xx_hal_spi.o(i.SPI_DMAReceiveCplt), (100 bytes).
    Removing stm32g0xx_hal_spi.o(i.SPI_DMARxAbortCallback), (184 bytes).
    Removing stm32g0xx_hal_spi.o(i.SPI_DMATransmitCplt), (128 bytes).
    Removing stm32g0xx_hal_spi.o(i.SPI_DMATransmitReceiveCplt), (108 bytes).
    Removing stm32g0xx_hal_spi.o(i.SPI_DMATxAbortCallback), (180 bytes).
    Removing stm32g0xx_hal_spi.o(i.SPI_TxISR_16BIT), (38 bytes).
    Removing stm32g0xx_hal_spi.o(i.SPI_TxISR_8BIT), (38 bytes).
    Removing stm32g0xx_hal_spi_ex.o(.rev16_text), (4 bytes).
    Removing stm32g0xx_hal_spi_ex.o(.revsh_text), (4 bytes).
    Removing stm32g0xx_hal_spi_ex.o(i.HAL_SPIEx_FlushRxFifo), (46 bytes).
    Removing stm32g0xx_hal_rcc.o(.rev16_text), (4 bytes).
    Removing stm32g0xx_hal_rcc.o(.revsh_text), (4 bytes).
    Removing stm32g0xx_hal_rcc.o(i.HAL_RCC_CSSCallback), (2 bytes).
    Removing stm32g0xx_hal_rcc.o(i.HAL_RCC_DeInit), (208 bytes).
    Removing stm32g0xx_hal_rcc.o(i.HAL_RCC_DisableLSECSS), (20 bytes).
    Removing stm32g0xx_hal_rcc.o(i.HAL_RCC_EnableCSS), (20 bytes).
    Removing stm32g0xx_hal_rcc.o(i.HAL_RCC_EnableLSECSS), (20 bytes).
    Removing stm32g0xx_hal_rcc.o(i.HAL_RCC_GetClockConfig), (60 bytes).
    Removing stm32g0xx_hal_rcc.o(i.HAL_RCC_GetOscConfig), (252 bytes).
    Removing stm32g0xx_hal_rcc.o(i.HAL_RCC_LSECSSCallback), (2 bytes).
    Removing stm32g0xx_hal_rcc.o(i.HAL_RCC_MCOConfig), (96 bytes).
    Removing stm32g0xx_hal_rcc.o(i.HAL_RCC_NMI_IRQHandler), (48 bytes).
    Removing stm32g0xx_hal_rcc_ex.o(.rev16_text), (4 bytes).
    Removing stm32g0xx_hal_rcc_ex.o(.revsh_text), (4 bytes).
    Removing stm32g0xx_hal_rcc_ex.o(i.HAL_RCCEx_DisableLSCO), (120 bytes).
    Removing stm32g0xx_hal_rcc_ex.o(i.HAL_RCCEx_EnableLSCO), (188 bytes).
    Removing stm32g0xx_hal_rcc_ex.o(i.HAL_RCCEx_GetPeriphCLKConfig), (84 bytes).
    Removing stm32g0xx_hal_rcc_ex.o(i.HAL_RCCEx_GetPeriphCLKFreq), (688 bytes).
    Removing stm32g0xx_hal_flash.o(.rev16_text), (4 bytes).
    Removing stm32g0xx_hal_flash.o(.revsh_text), (4 bytes).
    Removing stm32g0xx_hal_flash.o(i.FLASH_Program_DoubleWord), (40 bytes).
    Removing stm32g0xx_hal_flash.o(i.FLASH_Program_Fast), (84 bytes).
    Removing stm32g0xx_hal_flash.o(i.FLASH_WaitForLastOperation), (144 bytes).
    Removing stm32g0xx_hal_flash.o(i.HAL_FLASH_EndOfOperationCallback), (2 bytes).
    Removing stm32g0xx_hal_flash.o(i.HAL_FLASH_GetError), (12 bytes).
    Removing stm32g0xx_hal_flash.o(i.HAL_FLASH_IRQHandler), (300 bytes).
    Removing stm32g0xx_hal_flash.o(i.HAL_FLASH_Lock), (36 bytes).
    Removing stm32g0xx_hal_flash.o(i.HAL_FLASH_OB_Launch), (24 bytes).
    Removing stm32g0xx_hal_flash.o(i.HAL_FLASH_OB_Lock), (36 bytes).
    Removing stm32g0xx_hal_flash.o(i.HAL_FLASH_OB_Unlock), (52 bytes).
    Removing stm32g0xx_hal_flash.o(i.HAL_FLASH_OperationErrorCallback), (2 bytes).
    Removing stm32g0xx_hal_flash.o(i.HAL_FLASH_Program), (120 bytes).
    Removing stm32g0xx_hal_flash.o(i.HAL_FLASH_Program_IT), (140 bytes).
    Removing stm32g0xx_hal_flash.o(i.HAL_FLASH_Unlock), (52 bytes).
    Removing stm32g0xx_hal_flash.o(.bss), (24 bytes).
    Removing stm32g0xx_hal_flash_ex.o(.rev16_text), (4 bytes).
    Removing stm32g0xx_hal_flash_ex.o(.revsh_text), (4 bytes).
    Removing stm32g0xx_hal_flash_ex.o(i.FLASH_FlushCaches), (72 bytes).
    Removing stm32g0xx_hal_flash_ex.o(i.FLASH_MassErase), (24 bytes).
    Removing stm32g0xx_hal_flash_ex.o(i.FLASH_OB_GetRDP), (28 bytes).
    Removing stm32g0xx_hal_flash_ex.o(i.FLASH_OB_GetUser), (24 bytes).
    Removing stm32g0xx_hal_flash_ex.o(i.FLASH_OB_GetWRP), (64 bytes).
    Removing stm32g0xx_hal_flash_ex.o(i.FLASH_OB_OptrConfig), (32 bytes).
    Removing stm32g0xx_hal_flash_ex.o(i.FLASH_OB_WRPConfig), (32 bytes).
    Removing stm32g0xx_hal_flash_ex.o(i.FLASH_PageErase), (36 bytes).
    Removing stm32g0xx_hal_flash_ex.o(i.HAL_FLASHEx_Erase), (152 bytes).
    Removing stm32g0xx_hal_flash_ex.o(i.HAL_FLASHEx_Erase_IT), (124 bytes).
    Removing stm32g0xx_hal_flash_ex.o(i.HAL_FLASHEx_FlashEmptyCheck), (16 bytes).
    Removing stm32g0xx_hal_flash_ex.o(i.HAL_FLASHEx_ForceFlashEmpty), (28 bytes).
    Removing stm32g0xx_hal_flash_ex.o(i.HAL_FLASHEx_OBGetConfig), (44 bytes).
    Removing stm32g0xx_hal_flash_ex.o(i.HAL_FLASHEx_OBProgram), (200 bytes).
    Removing stm32g0xx_hal_dma.o(.rev16_text), (4 bytes).
    Removing stm32g0xx_hal_dma.o(.revsh_text), (4 bytes).
    Removing stm32g0xx_hal_dma.o(i.DMA_SetConfig), (76 bytes).
    Removing stm32g0xx_hal_dma.o(i.HAL_DMA_Abort), (152 bytes).
    Removing stm32g0xx_hal_dma.o(i.HAL_DMA_DeInit), (160 bytes).
    Removing stm32g0xx_hal_dma.o(i.HAL_DMA_GetError), (6 bytes).
    Removing stm32g0xx_hal_dma.o(i.HAL_DMA_GetState), (8 bytes).
    Removing stm32g0xx_hal_dma.o(i.HAL_DMA_PollForTransfer), (364 bytes).
    Removing stm32g0xx_hal_dma.o(i.HAL_DMA_RegisterCallback), (92 bytes).
    Removing stm32g0xx_hal_dma.o(i.HAL_DMA_Start), (120 bytes).
    Removing stm32g0xx_hal_dma.o(i.HAL_DMA_Start_IT), (210 bytes).
    Removing stm32g0xx_hal_dma.o(i.HAL_DMA_UnRegisterCallback), (108 bytes).
    Removing stm32g0xx_hal_dma_ex.o(.rev16_text), (4 bytes).
    Removing stm32g0xx_hal_dma_ex.o(.revsh_text), (4 bytes).
    Removing stm32g0xx_hal_dma_ex.o(i.HAL_DMAEx_ConfigMuxRequestGenerator), (74 bytes).
    Removing stm32g0xx_hal_dma_ex.o(i.HAL_DMAEx_ConfigMuxSync), (90 bytes).
    Removing stm32g0xx_hal_dma_ex.o(i.HAL_DMAEx_DisableMuxRequestGenerator), (38 bytes).
    Removing stm32g0xx_hal_dma_ex.o(i.HAL_DMAEx_EnableMuxRequestGenerator), (38 bytes).
    Removing stm32g0xx_hal_dma_ex.o(i.HAL_DMAEx_MUX_IRQHandler), (120 bytes).
    Removing stm32g0xx_hal_pwr.o(.rev16_text), (4 bytes).
    Removing stm32g0xx_hal_pwr.o(.revsh_text), (4 bytes).
    Removing stm32g0xx_hal_pwr.o(i.HAL_PWR_DeInit), (32 bytes).
    Removing stm32g0xx_hal_pwr.o(i.HAL_PWR_DisableBkUpAccess), (20 bytes).
    Removing stm32g0xx_hal_pwr.o(i.HAL_PWR_DisableSEVOnPend), (20 bytes).
    Removing stm32g0xx_hal_pwr.o(i.HAL_PWR_DisableSleepOnExit), (20 bytes).
    Removing stm32g0xx_hal_pwr.o(i.HAL_PWR_DisableWakeUpPin), (20 bytes).
    Removing stm32g0xx_hal_pwr.o(i.HAL_PWR_EnableBkUpAccess), (20 bytes).
    Removing stm32g0xx_hal_pwr.o(i.HAL_PWR_EnableSEVOnPend), (20 bytes).
    Removing stm32g0xx_hal_pwr.o(i.HAL_PWR_EnableSleepOnExit), (20 bytes).
    Removing stm32g0xx_hal_pwr.o(i.HAL_PWR_EnableWakeUpPin), (40 bytes).
    Removing stm32g0xx_hal_pwr.o(i.HAL_PWR_EnterSLEEPMode), (92 bytes).
    Removing stm32g0xx_hal_pwr.o(i.HAL_PWR_EnterSTANDBYMode), (44 bytes).
    Removing stm32g0xx_hal_pwr.o(i.HAL_PWR_EnterSTOPMode), (80 bytes).
    Removing stm32g0xx_hal_pwr_ex.o(.rev16_text), (4 bytes).
    Removing stm32g0xx_hal_pwr_ex.o(.revsh_text), (4 bytes).
    Removing stm32g0xx_hal_pwr_ex.o(i.HAL_PWREx_DisableBatteryCharging), (20 bytes).
    Removing stm32g0xx_hal_pwr_ex.o(i.HAL_PWREx_DisableFlashPowerDown), (16 bytes).
    Removing stm32g0xx_hal_pwr_ex.o(i.HAL_PWREx_DisableGPIOPullDown), (104 bytes).
    Removing stm32g0xx_hal_pwr_ex.o(i.HAL_PWREx_DisableGPIOPullUp), (104 bytes).
    Removing stm32g0xx_hal_pwr_ex.o(i.HAL_PWREx_DisableInternalWakeUpLine), (20 bytes).
    Removing stm32g0xx_hal_pwr_ex.o(i.HAL_PWREx_DisableLowPowerRunMode), (80 bytes).
    Removing stm32g0xx_hal_pwr_ex.o(i.HAL_PWREx_DisablePullUpPullDownConfig), (20 bytes).
    Removing stm32g0xx_hal_pwr_ex.o(i.HAL_PWREx_EnableBatteryCharging), (32 bytes).
    Removing stm32g0xx_hal_pwr_ex.o(i.HAL_PWREx_EnableFlashPowerDown), (16 bytes).
    Removing stm32g0xx_hal_pwr_ex.o(i.HAL_PWREx_EnableGPIOPullDown), (152 bytes).
    Removing stm32g0xx_hal_pwr_ex.o(i.HAL_PWREx_EnableGPIOPullUp), (152 bytes).
    Removing stm32g0xx_hal_pwr_ex.o(i.HAL_PWREx_EnableInternalWakeUpLine), (20 bytes).
    Removing stm32g0xx_hal_pwr_ex.o(i.HAL_PWREx_EnableLowPowerRunMode), (20 bytes).
    Removing stm32g0xx_hal_pwr_ex.o(i.HAL_PWREx_EnablePullUpPullDownConfig), (20 bytes).
    Removing stm32g0xx_hal_pwr_ex.o(i.HAL_PWREx_GetVoltageRange), (16 bytes).
    Removing stm32g0xx_hal_cortex.o(.rev16_text), (4 bytes).
    Removing stm32g0xx_hal_cortex.o(.revsh_text), (4 bytes).
    Removing stm32g0xx_hal_cortex.o(i.HAL_MPU_ConfigRegion), (88 bytes).
    Removing stm32g0xx_hal_cortex.o(i.HAL_MPU_Disable), (28 bytes).
    Removing stm32g0xx_hal_cortex.o(i.HAL_MPU_Enable), (48 bytes).
    Removing stm32g0xx_hal_cortex.o(i.HAL_NVIC_ClearPendingIRQ), (28 bytes).
    Removing stm32g0xx_hal_cortex.o(i.HAL_NVIC_DisableIRQ), (60 bytes).
    Removing stm32g0xx_hal_cortex.o(i.HAL_NVIC_GetPendingIRQ), (48 bytes).
    Removing stm32g0xx_hal_cortex.o(i.HAL_NVIC_GetPriority), (72 bytes).
    Removing stm32g0xx_hal_cortex.o(i.HAL_NVIC_SetPendingIRQ), (28 bytes).
    Removing stm32g0xx_hal_cortex.o(i.HAL_NVIC_SystemReset), (56 bytes).
    Removing stm32g0xx_hal_cortex.o(i.HAL_SYSTICK_CLKSourceConfig), (36 bytes).
    Removing stm32g0xx_hal_cortex.o(i.HAL_SYSTICK_Callback), (2 bytes).
    Removing stm32g0xx_hal_cortex.o(i.HAL_SYSTICK_IRQHandler), (8 bytes).
    Removing stm32g0xx_hal.o(.rev16_text), (4 bytes).
    Removing stm32g0xx_hal.o(.revsh_text), (4 bytes).
    Removing stm32g0xx_hal.o(i.HAL_DBGMCU_DisableDBGStandbyMode), (20 bytes).
    Removing stm32g0xx_hal.o(i.HAL_DBGMCU_DisableDBGStopMode), (20 bytes).
    Removing stm32g0xx_hal.o(i.HAL_DBGMCU_EnableDBGStandbyMode), (20 bytes).
    Removing stm32g0xx_hal.o(i.HAL_DBGMCU_EnableDBGStopMode), (20 bytes).
    Removing stm32g0xx_hal.o(i.HAL_DeInit), (52 bytes).
    Removing stm32g0xx_hal.o(i.HAL_GetDEVID), (16 bytes).
    Removing stm32g0xx_hal.o(i.HAL_GetHalVersion), (8 bytes).
    Removing stm32g0xx_hal.o(i.HAL_GetREVID), (12 bytes).
    Removing stm32g0xx_hal.o(i.HAL_GetTickFreq), (12 bytes).
    Removing stm32g0xx_hal.o(i.HAL_GetTickPrio), (12 bytes).
    Removing stm32g0xx_hal.o(i.HAL_GetUIDw0), (12 bytes).
    Removing stm32g0xx_hal.o(i.HAL_GetUIDw1), (12 bytes).
    Removing stm32g0xx_hal.o(i.HAL_GetUIDw2), (12 bytes).
    Removing stm32g0xx_hal.o(i.HAL_MspDeInit), (2 bytes).
    Removing stm32g0xx_hal.o(i.HAL_MspInit), (2 bytes).
    Removing stm32g0xx_hal.o(i.HAL_ResumeTick), (20 bytes).
    Removing stm32g0xx_hal.o(i.HAL_SYSCFG_DisableIOAnalogSwitchBooster), (20 bytes).
    Removing stm32g0xx_hal.o(i.HAL_SYSCFG_DisableRemap), (16 bytes).
    Removing stm32g0xx_hal.o(i.HAL_SYSCFG_EnableIOAnalogSwitchBooster), (20 bytes).
    Removing stm32g0xx_hal.o(i.HAL_SYSCFG_EnableRemap), (16 bytes).
    Removing stm32g0xx_hal.o(i.HAL_SYSCFG_StrobeDBattpinsConfig), (24 bytes).
    Removing stm32g0xx_hal.o(i.HAL_SetTickFreq), (44 bytes).
    Removing stm32g0xx_hal.o(i.HAL_SuspendTick), (20 bytes).
    Removing stm32g0xx_hal_exti.o(.rev16_text), (4 bytes).
    Removing stm32g0xx_hal_exti.o(.revsh_text), (4 bytes).
    Removing stm32g0xx_hal_exti.o(i.HAL_EXTI_ClearConfigLine), (160 bytes).
    Removing stm32g0xx_hal_exti.o(i.HAL_EXTI_ClearPending), (56 bytes).
    Removing stm32g0xx_hal_exti.o(i.HAL_EXTI_GenerateSWI), (40 bytes).
    Removing stm32g0xx_hal_exti.o(i.HAL_EXTI_GetConfigLine), (224 bytes).
    Removing stm32g0xx_hal_exti.o(i.HAL_EXTI_GetHandle), (16 bytes).
    Removing stm32g0xx_hal_exti.o(i.HAL_EXTI_GetPending), (64 bytes).
    Removing stm32g0xx_hal_exti.o(i.HAL_EXTI_IRQHandler), (96 bytes).
    Removing stm32g0xx_hal_exti.o(i.HAL_EXTI_RegisterCallback), (42 bytes).
    Removing stm32g0xx_hal_exti.o(i.HAL_EXTI_SetConfigLine), (260 bytes).
    Removing stm32g0xx_hal_tim.o(.rev16_text), (4 bytes).
    Removing stm32g0xx_hal_tim.o(.revsh_text), (4 bytes).
    Removing stm32g0xx_hal_tim_ex.o(.rev16_text), (4 bytes).
    Removing stm32g0xx_hal_tim_ex.o(.revsh_text), (4 bytes).
    Removing stm32g0xx_hal_uart.o(.rev16_text), (4 bytes).
    Removing stm32g0xx_hal_uart.o(.revsh_text), (4 bytes).
    Removing stm32g0xx_hal_uart.o(i.HAL_HalfDuplex_EnableReceiver), (74 bytes).
    Removing stm32g0xx_hal_uart.o(i.HAL_HalfDuplex_EnableTransmitter), (74 bytes).
    Removing stm32g0xx_hal_uart.o(i.HAL_HalfDuplex_Init), (132 bytes).
    Removing stm32g0xx_hal_uart.o(i.HAL_LIN_Init), (174 bytes).
    Removing stm32g0xx_hal_uart.o(i.HAL_LIN_SendBreak), (62 bytes).
    Removing stm32g0xx_hal_uart.o(i.HAL_MultiProcessor_DisableMuteMode), (60 bytes).
    Removing stm32g0xx_hal_uart.o(i.HAL_MultiProcessor_EnableMuteMode), (60 bytes).
    Removing stm32g0xx_hal_uart.o(i.HAL_MultiProcessor_EnterMuteMode), (14 bytes).
    Removing stm32g0xx_hal_uart.o(i.HAL_MultiProcessor_Init), (164 bytes).
    Removing stm32g0xx_hal_uart.o(i.HAL_UART_Abort), (232 bytes).
    Removing stm32g0xx_hal_uart.o(i.HAL_UART_AbortCpltCallback), (2 bytes).
    Removing stm32g0xx_hal_uart.o(i.HAL_UART_AbortReceive), (132 bytes).
    Removing stm32g0xx_hal_uart.o(i.HAL_UART_AbortReceiveCpltCallback), (2 bytes).
    Removing stm32g0xx_hal_uart.o(i.HAL_UART_AbortReceive_IT), (164 bytes).
    Removing stm32g0xx_hal_uart.o(i.HAL_UART_AbortTransmit), (132 bytes).
    Removing stm32g0xx_hal_uart.o(i.HAL_UART_AbortTransmitCpltCallback), (2 bytes).
    Removing stm32g0xx_hal_uart.o(i.HAL_UART_AbortTransmit_IT), (160 bytes).
    Removing stm32g0xx_hal_uart.o(i.HAL_UART_Abort_IT), (288 bytes).
    Removing stm32g0xx_hal_uart.o(i.HAL_UART_DMAPause), (126 bytes).
    Removing stm32g0xx_hal_uart.o(i.HAL_UART_DMAResume), (110 bytes).
    Removing stm32g0xx_hal_uart.o(i.HAL_UART_DMAStop), (152 bytes).
    Removing stm32g0xx_hal_uart.o(i.HAL_UART_DeInit), (76 bytes).
    Removing stm32g0xx_hal_uart.o(i.HAL_UART_GetError), (8 bytes).
    Removing stm32g0xx_hal_uart.o(i.HAL_UART_GetState), (16 bytes).
    Removing stm32g0xx_hal_uart.o(i.HAL_UART_MspDeInit), (2 bytes).
    Removing stm32g0xx_hal_uart.o(i.HAL_UART_MspInit), (2 bytes).
    Removing stm32g0xx_hal_uart.o(i.HAL_UART_Receive), (360 bytes).
    Removing stm32g0xx_hal_uart.o(i.HAL_UART_Receive_DMA), (240 bytes).
    Removing stm32g0xx_hal_uart.o(i.HAL_UART_Receive_IT), (376 bytes).
    Removing stm32g0xx_hal_uart.o(i.HAL_UART_RxCpltCallback), (2 bytes).
    Removing stm32g0xx_hal_uart.o(i.HAL_UART_RxHalfCpltCallback), (2 bytes).
    Removing stm32g0xx_hal_uart.o(i.HAL_UART_Transmit), (264 bytes).
    Removing stm32g0xx_hal_uart.o(i.HAL_UART_Transmit_DMA), (224 bytes).
    Removing stm32g0xx_hal_uart.o(i.HAL_UART_Transmit_IT), (232 bytes).
    Removing stm32g0xx_hal_uart.o(i.HAL_UART_TxHalfCpltCallback), (2 bytes).
    Removing stm32g0xx_hal_uart.o(i.UART_DMAError), (90 bytes).
    Removing stm32g0xx_hal_uart.o(i.UART_DMAReceiveCplt), (76 bytes).
    Removing stm32g0xx_hal_uart.o(i.UART_DMARxAbortCallback), (80 bytes).
    Removing stm32g0xx_hal_uart.o(i.UART_DMARxHalfCplt), (14 bytes).
    Removing stm32g0xx_hal_uart.o(i.UART_DMARxOnlyAbortCallback), (44 bytes).
    Removing stm32g0xx_hal_uart.o(i.UART_DMATransmitCplt), (58 bytes).
    Removing stm32g0xx_hal_uart.o(i.UART_DMATxAbortCallback), (90 bytes).
    Removing stm32g0xx_hal_uart.o(i.UART_DMATxHalfCplt), (14 bytes).
    Removing stm32g0xx_hal_uart.o(i.UART_DMATxOnlyAbortCallback), (48 bytes).
    Removing stm32g0xx_hal_uart.o(i.UART_EndTxTransfer), (34 bytes).
    Removing stm32g0xx_hal_uart.o(i.UART_RxISR_16BIT), (112 bytes).
    Removing stm32g0xx_hal_uart.o(i.UART_RxISR_16BIT_FIFOEN), (188 bytes).
    Removing stm32g0xx_hal_uart.o(i.UART_RxISR_8BIT), (112 bytes).
    Removing stm32g0xx_hal_uart.o(i.UART_RxISR_8BIT_FIFOEN), (184 bytes).
    Removing stm32g0xx_hal_uart.o(i.UART_TxISR_16BIT), (74 bytes).
    Removing stm32g0xx_hal_uart.o(i.UART_TxISR_16BIT_FIFOEN), (106 bytes).
    Removing stm32g0xx_hal_uart.o(i.UART_TxISR_8BIT), (70 bytes).
    Removing stm32g0xx_hal_uart.o(i.UART_TxISR_8BIT_FIFOEN), (100 bytes).
    Removing stm32g0xx_hal_uart_ex.o(.rev16_text), (4 bytes).
    Removing stm32g0xx_hal_uart_ex.o(.revsh_text), (4 bytes).
    Removing stm32g0xx_hal_uart_ex.o(i.HAL_MultiProcessorEx_AddressLength_Set), (66 bytes).
    Removing stm32g0xx_hal_uart_ex.o(i.HAL_RS485Ex_Init), (160 bytes).
    Removing stm32g0xx_hal_uart_ex.o(i.HAL_UARTEx_DisableStopMode), (50 bytes).
    Removing stm32g0xx_hal_uart_ex.o(i.HAL_UARTEx_EnableFifoMode), (86 bytes).
    Removing stm32g0xx_hal_uart_ex.o(i.HAL_UARTEx_EnableStopMode), (50 bytes).
    Removing stm32g0xx_hal_uart_ex.o(i.HAL_UARTEx_StopModeWakeUpSourceConfig), (152 bytes).
    Removing stm32g0xx_hal_uart_ex.o(i.UARTEx_Wakeup_AddressConfig), (42 bytes).
    Removing system_stm32g0xx.o(.rev16_text), (4 bytes).
    Removing system_stm32g0xx.o(.revsh_text), (4 bytes).
    Removing system_stm32g0xx.o(i.SystemCoreClockUpdate), (236 bytes).
    Removing spi_1.o(.rev16_text), (4 bytes).
    Removing spi_1.o(.revsh_text), (4 bytes).
    Removing spi_1.o(i.HAL_SPI_MspDeInit), (52 bytes).
    Removing oled_1.o(.rev16_text), (4 bytes).
    Removing oled_1.o(.revsh_text), (4 bytes).
    Removing oled_1.o(i.Delay_1ms), (26 bytes).
    Removing oled_1.o(i.OLED_Display_Off), (28 bytes).
    Removing oled_1.o(i.OLED_Display_On), (28 bytes).
    Removing oled_1.o(i.OLED_DrawBMP), (116 bytes).
    Removing oled_1.o(i.OLED_On), (62 bytes).
    Removing oled_1.o(i.OLED_ShowCHinese), (96 bytes).
    Removing oled_1.o(i.fill_picture), (64 bytes).
    Removing oled_1.o(.data), (384 bytes).
    Removing stm32g0xx_hal_dma.o(i.__ARM_common_switch8), (28 bytes).

299 unused section(s) (total 22358 bytes) removed from the image.

==============================================================================

Image Symbol Table

    Local Symbols

    Symbol Name                              Value     Ov Type        Size  Object(Section)

    ../Drivers/STM32G0xx_HAL_Driver/Src/stm32g0xx_hal.c 0x00000000   Number         0  stm32g0xx_hal.o ABSOLUTE
    ../Drivers/STM32G0xx_HAL_Driver/Src/stm32g0xx_hal_cortex.c 0x00000000   Number         0  stm32g0xx_hal_cortex.o ABSOLUTE
    ../Drivers/STM32G0xx_HAL_Driver/Src/stm32g0xx_hal_dma.c 0x00000000   Number         0  stm32g0xx_hal_dma.o ABSOLUTE
    ../Drivers/STM32G0xx_HAL_Driver/Src/stm32g0xx_hal_dma_ex.c 0x00000000   Number         0  stm32g0xx_hal_dma_ex.o ABSOLUTE
    ../Drivers/STM32G0xx_HAL_Driver/Src/stm32g0xx_hal_exti.c 0x00000000   Number         0  stm32g0xx_hal_exti.o ABSOLUTE
    ../Drivers/STM32G0xx_HAL_Driver/Src/stm32g0xx_hal_flash.c 0x00000000   Number         0  stm32g0xx_hal_flash.o ABSOLUTE
    ../Drivers/STM32G0xx_HAL_Driver/Src/stm32g0xx_hal_flash_ex.c 0x00000000   Number         0  stm32g0xx_hal_flash_ex.o ABSOLUTE
    ../Drivers/STM32G0xx_HAL_Driver/Src/stm32g0xx_hal_gpio.c 0x00000000   Number         0  stm32g0xx_hal_gpio.o ABSOLUTE
    ../Drivers/STM32G0xx_HAL_Driver/Src/stm32g0xx_hal_pwr.c 0x00000000   Number         0  stm32g0xx_hal_pwr.o ABSOLUTE
    ../Drivers/STM32G0xx_HAL_Driver/Src/stm32g0xx_hal_pwr_ex.c 0x00000000   Number         0  stm32g0xx_hal_pwr_ex.o ABSOLUTE
    ../Drivers/STM32G0xx_HAL_Driver/Src/stm32g0xx_hal_rcc.c 0x00000000   Number         0  stm32g0xx_hal_rcc.o ABSOLUTE
    ../Drivers/STM32G0xx_HAL_Driver/Src/stm32g0xx_hal_rcc_ex.c 0x00000000   Number         0  stm32g0xx_hal_rcc_ex.o ABSOLUTE
    ../Drivers/STM32G0xx_HAL_Driver/Src/stm32g0xx_hal_spi.c 0x00000000   Number         0  stm32g0xx_hal_spi.o ABSOLUTE
    ../Drivers/STM32G0xx_HAL_Driver/Src/stm32g0xx_hal_spi_ex.c 0x00000000   Number         0  stm32g0xx_hal_spi_ex.o ABSOLUTE
    ../Drivers/STM32G0xx_HAL_Driver/Src/stm32g0xx_hal_tim.c 0x00000000   Number         0  stm32g0xx_hal_tim.o ABSOLUTE
    ../Drivers/STM32G0xx_HAL_Driver/Src/stm32g0xx_hal_tim_ex.c 0x00000000   Number         0  stm32g0xx_hal_tim_ex.o ABSOLUTE
    ../Drivers/STM32G0xx_HAL_Driver/Src/stm32g0xx_hal_uart.c 0x00000000   Number         0  stm32g0xx_hal_uart.o ABSOLUTE
    ../Drivers/STM32G0xx_HAL_Driver/Src/stm32g0xx_hal_uart_ex.c 0x00000000   Number         0  stm32g0xx_hal_uart_ex.o ABSOLUTE
    ../Drivers/STM32G0xx_HAL_Driver/Src/stm32g0xx_ll_rcc.c 0x00000000   Number         0  stm32g0xx_ll_rcc.o ABSOLUTE
    ../Src/dma.c                             0x00000000   Number         0  dma.o ABSOLUTE
    ../Src/gpio.c                            0x00000000   Number         0  gpio.o ABSOLUTE
    ../Src/main.c                            0x00000000   Number         0  main.o ABSOLUTE
    ../Src/stm32g0xx_hal_msp.c               0x00000000   Number         0  stm32g0xx_hal_msp.o ABSOLUTE
    ../Src/stm32g0xx_it.c                    0x00000000   Number         0  stm32g0xx_it.o ABSOLUTE
    ../Src/system_stm32g0xx.c                0x00000000   Number         0  system_stm32g0xx.o ABSOLUTE
    ../Src/usart.c                           0x00000000   Number         0  usart.o ABSOLUTE
    ../clib/microlib/division.c              0x00000000   Number         0  uidiv.o ABSOLUTE
    ../clib/microlib/division.c              0x00000000   Number         0  idiv.o ABSOLUTE
    ../clib/microlib/init/entry.s            0x00000000   Number         0  entry5.o ABSOLUTE
    ../clib/microlib/init/entry.s            0x00000000   Number         0  entry2.o ABSOLUTE
    ../clib/microlib/init/entry.s            0x00000000   Number         0  entry8a.o ABSOLUTE
    ../clib/microlib/init/entry.s            0x00000000   Number         0  entry7b.o ABSOLUTE
    ../clib/microlib/init/entry.s            0x00000000   Number         0  entry8b.o ABSOLUTE
    ../clib/microlib/init/entry.s            0x00000000   Number         0  entry9a.o ABSOLUTE
    ../clib/microlib/init/entry.s            0x00000000   Number         0  entry.o ABSOLUTE
    ../clib/microlib/init/entry.s            0x00000000   Number         0  entry9b.o ABSOLUTE
    ../clib/microlib/init/entry.s            0x00000000   Number         0  entry11a.o ABSOLUTE
    ../clib/microlib/init/entry.s            0x00000000   Number         0  entry10a.o ABSOLUTE
    ../clib/microlib/init/entry.s            0x00000000   Number         0  entry10b.o ABSOLUTE
    ../clib/microlib/init/entry.s            0x00000000   Number         0  entry11b.o ABSOLUTE
    ../clib/microlib/init/entry.s            0x00000000   Number         0  entry7a.o ABSOLUTE
    ../clib/microlib/string/memset.c         0x00000000   Number         0  memseta.o ABSOLUTE
    ..\Drivers\STM32G0xx_HAL_Driver\Src\stm32g0xx_hal.c 0x00000000   Number         0  stm32g0xx_hal.o ABSOLUTE
    ..\Drivers\STM32G0xx_HAL_Driver\Src\stm32g0xx_hal_cortex.c 0x00000000   Number         0  stm32g0xx_hal_cortex.o ABSOLUTE
    ..\Drivers\STM32G0xx_HAL_Driver\Src\stm32g0xx_hal_dma.c 0x00000000   Number         0  stm32g0xx_hal_dma.o ABSOLUTE
    ..\Drivers\STM32G0xx_HAL_Driver\Src\stm32g0xx_hal_dma_ex.c 0x00000000   Number         0  stm32g0xx_hal_dma_ex.o ABSOLUTE
    ..\Drivers\STM32G0xx_HAL_Driver\Src\stm32g0xx_hal_exti.c 0x00000000   Number         0  stm32g0xx_hal_exti.o ABSOLUTE
    ..\Drivers\STM32G0xx_HAL_Driver\Src\stm32g0xx_hal_flash.c 0x00000000   Number         0  stm32g0xx_hal_flash.o ABSOLUTE
    ..\Drivers\STM32G0xx_HAL_Driver\Src\stm32g0xx_hal_flash_ex.c 0x00000000   Number         0  stm32g0xx_hal_flash_ex.o ABSOLUTE
    ..\Drivers\STM32G0xx_HAL_Driver\Src\stm32g0xx_hal_gpio.c 0x00000000   Number         0  stm32g0xx_hal_gpio.o ABSOLUTE
    ..\Drivers\STM32G0xx_HAL_Driver\Src\stm32g0xx_hal_pwr.c 0x00000000   Number         0  stm32g0xx_hal_pwr.o ABSOLUTE
    ..\Drivers\STM32G0xx_HAL_Driver\Src\stm32g0xx_hal_pwr_ex.c 0x00000000   Number         0  stm32g0xx_hal_pwr_ex.o ABSOLUTE
    ..\Drivers\STM32G0xx_HAL_Driver\Src\stm32g0xx_hal_rcc.c 0x00000000   Number         0  stm32g0xx_hal_rcc.o ABSOLUTE
    ..\Drivers\STM32G0xx_HAL_Driver\Src\stm32g0xx_hal_rcc_ex.c 0x00000000   Number         0  stm32g0xx_hal_rcc_ex.o ABSOLUTE
    ..\Drivers\STM32G0xx_HAL_Driver\Src\stm32g0xx_hal_spi.c 0x00000000   Number         0  stm32g0xx_hal_spi.o ABSOLUTE
    ..\Drivers\STM32G0xx_HAL_Driver\Src\stm32g0xx_hal_spi_ex.c 0x00000000   Number         0  stm32g0xx_hal_spi_ex.o ABSOLUTE
    ..\Drivers\STM32G0xx_HAL_Driver\Src\stm32g0xx_hal_tim.c 0x00000000   Number         0  stm32g0xx_hal_tim.o ABSOLUTE
    ..\Drivers\STM32G0xx_HAL_Driver\Src\stm32g0xx_hal_tim_ex.c 0x00000000   Number         0  stm32g0xx_hal_tim_ex.o ABSOLUTE
    ..\Drivers\STM32G0xx_HAL_Driver\Src\stm32g0xx_hal_uart.c 0x00000000   Number         0  stm32g0xx_hal_uart.o ABSOLUTE
    ..\Drivers\STM32G0xx_HAL_Driver\Src\stm32g0xx_hal_uart_ex.c 0x00000000   Number         0  stm32g0xx_hal_uart_ex.o ABSOLUTE
    ..\OLED\Src\oled.c                       0x00000000   Number         0  oled_1.o ABSOLUTE
    ..\SPI\Src\spi.c                         0x00000000   Number         0  spi_1.o ABSOLUTE
    ..\Src\dma.c                             0x00000000   Number         0  dma.o ABSOLUTE
    ..\Src\gpio.c                            0x00000000   Number         0  gpio.o ABSOLUTE
    ..\Src\main.c                            0x00000000   Number         0  main.o ABSOLUTE
    ..\Src\stm32g0xx_hal_msp.c               0x00000000   Number         0  stm32g0xx_hal_msp.o ABSOLUTE
    ..\Src\stm32g0xx_it.c                    0x00000000   Number         0  stm32g0xx_it.o ABSOLUTE
    ..\Src\system_stm32g0xx.c                0x00000000   Number         0  system_stm32g0xx.o ABSOLUTE
    ..\Src\usart.c                           0x00000000   Number         0  usart.o ABSOLUTE
    ..\\OLED\\Src\\oled.c                    0x00000000   Number         0  oled_1.o ABSOLUTE
    ..\\SPI\\Src\\spi.c                      0x00000000   Number         0  spi_1.o ABSOLUTE
    dc.s                                     0x00000000   Number         0  dc.o ABSOLUTE
    handlers.s                               0x00000000   Number         0  handlers.o ABSOLUTE
    init.s                                   0x00000000   Number         0  init.o ABSOLUTE
    startup_stm32g070xx.s                    0x00000000   Number         0  startup_stm32g070xx.o ABSOLUTE
    RESET                                    0x08000000   Section      184  startup_stm32g070xx.o(RESET)
    .ARM.Collect$$$$00000000                 0x080000b8   Section        0  entry.o(.ARM.Collect$$$$00000000)
    .ARM.Collect$$$$00000001                 0x080000b8   Section        4  entry2.o(.ARM.Collect$$$$00000001)
    .ARM.Collect$$$$00000004                 0x080000bc   Section        4  entry5.o(.ARM.Collect$$$$00000004)
    .ARM.Collect$$$$00000008                 0x080000c0   Section        0  entry7b.o(.ARM.Collect$$$$00000008)
    .ARM.Collect$$$$0000000A                 0x080000c0   Section        0  entry8b.o(.ARM.Collect$$$$0000000A)
    .ARM.Collect$$$$0000000B                 0x080000c0   Section        8  entry9a.o(.ARM.Collect$$$$0000000B)
    .ARM.Collect$$$$0000000D                 0x080000c8   Section        0  entry10a.o(.ARM.Collect$$$$0000000D)
    .ARM.Collect$$$$0000000F                 0x080000c8   Section        0  entry11a.o(.ARM.Collect$$$$0000000F)
    .ARM.Collect$$$$00002712                 0x080000c8   Section        4  entry2.o(.ARM.Collect$$$$00002712)
    __lit__00000000                          0x080000c8   Data           4  entry2.o(.ARM.Collect$$$$00002712)
    .text                                    0x080000cc   Section       28  startup_stm32g070xx.o(.text)
    .text                                    0x080000e8   Section        0  uidiv.o(.text)
    .text                                    0x08000114   Section        0  idiv.o(.text)
    .text                                    0x0800013c   Section        0  memseta.o(.text)
    .text                                    0x08000160   Section       36  init.o(.text)
    i.DMA1_Channel1_IRQHandler               0x08000184   Section        0  stm32g0xx_it.o(i.DMA1_Channel1_IRQHandler)
    i.DMA1_Channel2_3_IRQHandler             0x08000194   Section        0  stm32g0xx_it.o(i.DMA1_Channel2_3_IRQHandler)
    i.DMA_CalcDMAMUXChannelBaseAndMask       0x080001a4   Section        0  stm32g0xx_hal_dma.o(i.DMA_CalcDMAMUXChannelBaseAndMask)
    DMA_CalcDMAMUXChannelBaseAndMask         0x080001a5   Thumb Code    48  stm32g0xx_hal_dma.o(i.DMA_CalcDMAMUXChannelBaseAndMask)
    i.DMA_CalcDMAMUXRequestGenBaseAndMask    0x080001d8   Section        0  stm32g0xx_hal_dma.o(i.DMA_CalcDMAMUXRequestGenBaseAndMask)
    DMA_CalcDMAMUXRequestGenBaseAndMask      0x080001d9   Thumb Code    32  stm32g0xx_hal_dma.o(i.DMA_CalcDMAMUXRequestGenBaseAndMask)
    i.Delay_50ms                             0x080001fc   Section        0  oled_1.o(i.Delay_50ms)
    i.Error_Handler                          0x08000214   Section        0  main.o(i.Error_Handler)
    i.HAL_DMA_Abort_IT                       0x08000218   Section        0  stm32g0xx_hal_dma.o(i.HAL_DMA_Abort_IT)
    i.HAL_DMA_IRQHandler                     0x080002cc   Section        0  stm32g0xx_hal_dma.o(i.HAL_DMA_IRQHandler)
    i.HAL_DMA_Init                           0x080003ec   Section        0  stm32g0xx_hal_dma.o(i.HAL_DMA_Init)
    i.HAL_Delay                              0x080004a8   Section        0  stm32g0xx_hal.o(i.HAL_Delay)
    i.HAL_GPIO_Init                          0x080004d4   Section        0  stm32g0xx_hal_gpio.o(i.HAL_GPIO_Init)
    i.HAL_GPIO_TogglePin                     0x080006a4   Section        0  stm32g0xx_hal_gpio.o(i.HAL_GPIO_TogglePin)
    i.HAL_GPIO_WritePin                      0x080006b4   Section        0  stm32g0xx_hal_gpio.o(i.HAL_GPIO_WritePin)
    i.HAL_GetTick                            0x080006c0   Section        0  stm32g0xx_hal.o(i.HAL_GetTick)
    i.HAL_IncTick                            0x080006cc   Section        0  stm32g0xx_hal.o(i.HAL_IncTick)
    i.HAL_Init                               0x080006e4   Section        0  stm32g0xx_hal.o(i.HAL_Init)
    i.HAL_InitTick                           0x08000710   Section        0  stm32g0xx_hal.o(i.HAL_InitTick)
    i.HAL_MspInit                            0x08000770   Section        0  stm32g0xx_hal_msp.o(i.HAL_MspInit)
    i.HAL_NVIC_EnableIRQ                     0x080007b4   Section        0  stm32g0xx_hal_cortex.o(i.HAL_NVIC_EnableIRQ)
    i.HAL_NVIC_SetPriority                   0x080007d0   Section        0  stm32g0xx_hal_cortex.o(i.HAL_NVIC_SetPriority)
    i.HAL_PWREx_ControlVoltageScaling        0x080007e4   Section        0  stm32g0xx_hal_pwr_ex.o(i.HAL_PWREx_ControlVoltageScaling)
    i.HAL_RCCEx_PeriphCLKConfig              0x0800083c   Section        0  stm32g0xx_hal_rcc_ex.o(i.HAL_RCCEx_PeriphCLKConfig)
    i.HAL_RCC_ClockConfig                    0x08000a40   Section        0  stm32g0xx_hal_rcc.o(i.HAL_RCC_ClockConfig)
    i.HAL_RCC_GetHCLKFreq                    0x08000c14   Section        0  stm32g0xx_hal_rcc.o(i.HAL_RCC_GetHCLKFreq)
    i.HAL_RCC_GetPCLK1Freq                   0x08000c20   Section        0  stm32g0xx_hal_rcc.o(i.HAL_RCC_GetPCLK1Freq)
    i.HAL_RCC_GetSysClockFreq                0x08000c48   Section        0  stm32g0xx_hal_rcc.o(i.HAL_RCC_GetSysClockFreq)
    i.HAL_RCC_OscConfig                      0x08000d2c   Section        0  stm32g0xx_hal_rcc.o(i.HAL_RCC_OscConfig)
    i.HAL_SPI_ErrorCallback                  0x080012e0   Section        0  stm32g0xx_hal_spi.o(i.HAL_SPI_ErrorCallback)
    i.HAL_SPI_IRQHandler                     0x080012e4   Section        0  stm32g0xx_hal_spi.o(i.HAL_SPI_IRQHandler)
    i.HAL_SPI_Init                           0x08001480   Section        0  stm32g0xx_hal_spi.o(i.HAL_SPI_Init)
    i.HAL_SPI_MspInit                        0x0800155c   Section        0  spi_1.o(i.HAL_SPI_MspInit)
    i.HAL_SPI_Receive_IT                     0x08001604   Section        0  stm32g0xx_hal_spi.o(i.HAL_SPI_Receive_IT)
    i.HAL_SPI_RxCpltCallback                 0x08001700   Section        0  main.o(i.HAL_SPI_RxCpltCallback)
    i.HAL_SPI_Transmit                       0x08001730   Section        0  stm32g0xx_hal_spi.o(i.HAL_SPI_Transmit)
    i.HAL_SPI_TransmitReceive_IT             0x08001928   Section        0  stm32g0xx_hal_spi.o(i.HAL_SPI_TransmitReceive_IT)
    i.HAL_SPI_TxRxCpltCallback               0x08001a28   Section        0  stm32g0xx_hal_spi.o(i.HAL_SPI_TxRxCpltCallback)
    i.HAL_SYSTICK_Config                     0x08001a2c   Section        0  stm32g0xx_hal_cortex.o(i.HAL_SYSTICK_Config)
    i.HAL_UARTEx_DisableFifoMode             0x08001a64   Section        0  stm32g0xx_hal_uart_ex.o(i.HAL_UARTEx_DisableFifoMode)
    i.HAL_UARTEx_RxFifoFullCallback          0x08001ab8   Section        0  stm32g0xx_hal_uart_ex.o(i.HAL_UARTEx_RxFifoFullCallback)
    i.HAL_UARTEx_SetRxFifoThreshold          0x08001aba   Section        0  stm32g0xx_hal_uart_ex.o(i.HAL_UARTEx_SetRxFifoThreshold)
    i.HAL_UARTEx_SetTxFifoThreshold          0x08001b1a   Section        0  stm32g0xx_hal_uart_ex.o(i.HAL_UARTEx_SetTxFifoThreshold)
    i.HAL_UARTEx_TxFifoEmptyCallback         0x08001b78   Section        0  stm32g0xx_hal_uart_ex.o(i.HAL_UARTEx_TxFifoEmptyCallback)
    i.HAL_UARTEx_WakeupCallback              0x08001b7a   Section        0  stm32g0xx_hal_uart_ex.o(i.HAL_UARTEx_WakeupCallback)
    i.HAL_UART_ErrorCallback                 0x08001b7c   Section        0  stm32g0xx_hal_uart.o(i.HAL_UART_ErrorCallback)
    i.HAL_UART_IRQHandler                    0x08001b80   Section        0  stm32g0xx_hal_uart.o(i.HAL_UART_IRQHandler)
    i.HAL_UART_Init                          0x08001dbc   Section        0  stm32g0xx_hal_uart.o(i.HAL_UART_Init)
    i.HAL_UART_MspInit                       0x08001e40   Section        0  usart.o(i.HAL_UART_MspInit)
    i.HAL_UART_TxCpltCallback                0x08001f54   Section        0  stm32g0xx_hal_uart.o(i.HAL_UART_TxCpltCallback)
    i.HardFault_Handler                      0x08001f56   Section        0  stm32g0xx_it.o(i.HardFault_Handler)
    i.IIC_Start                              0x08001f5c   Section        0  oled_1.o(i.IIC_Start)
    i.IIC_Stop                               0x08001f8c   Section        0  oled_1.o(i.IIC_Stop)
    i.IIC_Wait_Ack                           0x08001fb4   Section        0  oled_1.o(i.IIC_Wait_Ack)
    i.MX_DMA_Init                            0x08001fd0   Section        0  dma.o(i.MX_DMA_Init)
    i.MX_GPIO_Init                           0x08002014   Section        0  gpio.o(i.MX_GPIO_Init)
    i.MX_SPI1_Init                           0x080020c8   Section        0  spi_1.o(i.MX_SPI1_Init)
    i.MX_USART1_UART_Init                    0x08002110   Section        0  usart.o(i.MX_USART1_UART_Init)
    i.NMI_Handler                            0x08002184   Section        0  stm32g0xx_it.o(i.NMI_Handler)
    i.OLED_Clear                             0x08002186   Section        0  oled_1.o(i.OLED_Clear)
    i.OLED_Init                              0x080021c4   Section        0  oled_1.o(i.OLED_Init)
    i.OLED_Set_Pos                           0x08002324   Section        0  oled_1.o(i.OLED_Set_Pos)
    i.OLED_ShowChar                          0x08002350   Section        0  oled_1.o(i.OLED_ShowChar)
    i.OLED_ShowNum                           0x080023ec   Section        0  oled_1.o(i.OLED_ShowNum)
    i.OLED_ShowString                        0x0800247e   Section        0  oled_1.o(i.OLED_ShowString)
    i.OLED_WR_Byte                           0x080024b6   Section        0  oled_1.o(i.OLED_WR_Byte)
    i.PendSV_Handler                         0x080024d0   Section        0  stm32g0xx_it.o(i.PendSV_Handler)
    i.SPI1_IRQHandler                        0x080024d4   Section        0  stm32g0xx_it.o(i.SPI1_IRQHandler)
    i.SPI_2linesRxISR_16BIT                  0x080024e4   Section        0  stm32g0xx_hal_spi.o(i.SPI_2linesRxISR_16BIT)
    SPI_2linesRxISR_16BIT                    0x080024e5   Thumb Code    62  stm32g0xx_hal_spi.o(i.SPI_2linesRxISR_16BIT)
    i.SPI_2linesRxISR_8BIT                   0x08002522   Section        0  stm32g0xx_hal_spi.o(i.SPI_2linesRxISR_8BIT)
    SPI_2linesRxISR_8BIT                     0x08002523   Thumb Code   120  stm32g0xx_hal_spi.o(i.SPI_2linesRxISR_8BIT)
    i.SPI_2linesTxISR_16BIT                  0x0800259a   Section        0  stm32g0xx_hal_spi.o(i.SPI_2linesTxISR_16BIT)
    SPI_2linesTxISR_16BIT                    0x0800259b   Thumb Code    58  stm32g0xx_hal_spi.o(i.SPI_2linesTxISR_16BIT)
    i.SPI_2linesTxISR_8BIT                   0x080025d4   Section        0  stm32g0xx_hal_spi.o(i.SPI_2linesTxISR_8BIT)
    SPI_2linesTxISR_8BIT                     0x080025d5   Thumb Code    86  stm32g0xx_hal_spi.o(i.SPI_2linesTxISR_8BIT)
    i.SPI_CloseRxTx_ISR                      0x0800262a   Section        0  stm32g0xx_hal_spi.o(i.SPI_CloseRxTx_ISR)
    SPI_CloseRxTx_ISR                        0x0800262b   Thumb Code   100  stm32g0xx_hal_spi.o(i.SPI_CloseRxTx_ISR)
    i.SPI_CloseRx_ISR                        0x0800268e   Section        0  stm32g0xx_hal_spi.o(i.SPI_CloseRx_ISR)
    SPI_CloseRx_ISR                          0x0800268f   Thumb Code    72  stm32g0xx_hal_spi.o(i.SPI_CloseRx_ISR)
    i.SPI_DMAAbortOnError                    0x080026d6   Section        0  stm32g0xx_hal_spi.o(i.SPI_DMAAbortOnError)
    SPI_DMAAbortOnError                      0x080026d7   Thumb Code    24  stm32g0xx_hal_spi.o(i.SPI_DMAAbortOnError)
    i.SPI_EndRxTransaction                   0x080026ee   Section        0  stm32g0xx_hal_spi.o(i.SPI_EndRxTransaction)
    SPI_EndRxTransaction                     0x080026ef   Thumb Code   142  stm32g0xx_hal_spi.o(i.SPI_EndRxTransaction)
    i.SPI_EndRxTxTransaction                 0x0800277c   Section        0  stm32g0xx_hal_spi.o(i.SPI_EndRxTxTransaction)
    SPI_EndRxTxTransaction                   0x0800277d   Thumb Code   106  stm32g0xx_hal_spi.o(i.SPI_EndRxTxTransaction)
    i.SPI_RxISR_16BIT                        0x080027e6   Section        0  stm32g0xx_hal_spi.o(i.SPI_RxISR_16BIT)
    SPI_RxISR_16BIT                          0x080027e7   Thumb Code    44  stm32g0xx_hal_spi.o(i.SPI_RxISR_16BIT)
    i.SPI_RxISR_8BIT                         0x08002812   Section        0  stm32g0xx_hal_spi.o(i.SPI_RxISR_8BIT)
    SPI_RxISR_8BIT                           0x08002813   Thumb Code    44  stm32g0xx_hal_spi.o(i.SPI_RxISR_8BIT)
    i.SPI_WaitFifoStateUntilTimeout          0x0800283e   Section        0  stm32g0xx_hal_spi.o(i.SPI_WaitFifoStateUntilTimeout)
    SPI_WaitFifoStateUntilTimeout            0x0800283f   Thumb Code   174  stm32g0xx_hal_spi.o(i.SPI_WaitFifoStateUntilTimeout)
    i.SPI_WaitFlagStateUntilTimeout          0x080028ec   Section        0  stm32g0xx_hal_spi.o(i.SPI_WaitFlagStateUntilTimeout)
    SPI_WaitFlagStateUntilTimeout            0x080028ed   Thumb Code   168  stm32g0xx_hal_spi.o(i.SPI_WaitFlagStateUntilTimeout)
    i.SVC_Handler                            0x08002994   Section        0  stm32g0xx_it.o(i.SVC_Handler)
    i.SysTick_Handler                        0x08002996   Section        0  stm32g0xx_it.o(i.SysTick_Handler)
    i.SystemClock_Config                     0x0800299e   Section        0  main.o(i.SystemClock_Config)
    i.SystemInit                             0x08002a34   Section        0  system_stm32g0xx.o(i.SystemInit)
    i.UARTEx_SetNbDataToProcess              0x08002a44   Section        0  stm32g0xx_hal_uart_ex.o(i.UARTEx_SetNbDataToProcess)
    UARTEx_SetNbDataToProcess                0x08002a45   Thumb Code   114  stm32g0xx_hal_uart_ex.o(i.UARTEx_SetNbDataToProcess)
    i.UART_AdvFeatureConfig                  0x08002ac8   Section        0  stm32g0xx_hal_uart.o(i.UART_AdvFeatureConfig)
    i.UART_CheckIdleState                    0x08002bb8   Section        0  stm32g0xx_hal_uart.o(i.UART_CheckIdleState)
    i.UART_DMAAbortOnError                   0x08002c2c   Section        0  stm32g0xx_hal_uart.o(i.UART_DMAAbortOnError)
    UART_DMAAbortOnError                     0x08002c2d   Thumb Code    24  stm32g0xx_hal_uart.o(i.UART_DMAAbortOnError)
    i.UART_EndRxTransfer                     0x08002c44   Section        0  stm32g0xx_hal_uart.o(i.UART_EndRxTransfer)
    UART_EndRxTransfer                       0x08002c45   Thumb Code    38  stm32g0xx_hal_uart.o(i.UART_EndRxTransfer)
    i.UART_EndTransmit_IT                    0x08002c70   Section        0  stm32g0xx_hal_uart.o(i.UART_EndTransmit_IT)
    UART_EndTransmit_IT                      0x08002c71   Thumb Code    34  stm32g0xx_hal_uart.o(i.UART_EndTransmit_IT)
    i.UART_SetConfig                         0x08002c94   Section        0  stm32g0xx_hal_uart.o(i.UART_SetConfig)
    i.UART_WaitOnFlagUntilTimeout            0x08003334   Section        0  stm32g0xx_hal_uart.o(i.UART_WaitOnFlagUntilTimeout)
    i.USART1_IRQHandler                      0x080033a4   Section        0  stm32g0xx_it.o(i.USART1_IRQHandler)
    i.Write_IIC_Byte                         0x080033b4   Section        0  oled_1.o(i.Write_IIC_Byte)
    i.Write_IIC_Command                      0x08003410   Section        0  oled_1.o(i.Write_IIC_Command)
    i.Write_IIC_Data                         0x0800343c   Section        0  oled_1.o(i.Write_IIC_Data)
    i.__NVIC_SetPriority                     0x08003468   Section        0  stm32g0xx_hal_cortex.o(i.__NVIC_SetPriority)
    __NVIC_SetPriority                       0x08003469   Thumb Code   110  stm32g0xx_hal_cortex.o(i.__NVIC_SetPriority)
    i.__scatterload_copy                     0x080034e0   Section       14  handlers.o(i.__scatterload_copy)
    i.__scatterload_null                     0x080034ee   Section        2  handlers.o(i.__scatterload_null)
    i.__scatterload_zeroinit                 0x080034f0   Section       14  handlers.o(i.__scatterload_zeroinit)
    i.main                                   0x08003500   Section        0  main.o(i.main)
    i.oled_pow                               0x08003578   Section        0  oled_1.o(i.oled_pow)
    .constdata                               0x08003594   Section       96  system_stm32g0xx.o(.constdata)
    .constdata                               0x080035f4   Section     2072  oled_1.o(.constdata)
    .data                                    0x20000000   Section        2  main.o(.data)
    .data                                    0x20000004   Section       12  stm32g0xx_hal.o(.data)
    .data                                    0x20000010   Section        4  system_stm32g0xx.o(.data)
    .bss                                     0x20000014   Section      324  usart.o(.bss)
    .bss                                     0x20000158   Section      100  spi_1.o(.bss)
    STACK                                    0x200001c0   Section     1024  startup_stm32g070xx.o(STACK)

    Global Symbols

    Symbol Name                              Value     Ov Type        Size  Object(Section)

    BuildAttributes$$THM_ISAv3M$S$PE$A:L22$X:L11$S22$IEEE1$IW$USESV6$~STKCKD$USESV7$~SHL$OSPACE$EBA8$MICROLIB$REQ8$PRES8$EABIv2 0x00000000   Number         0  anon$$obj.o ABSOLUTE
    __ARM_use_no_argv                        0x00000000   Number         0  main.o ABSOLUTE
    __cpp_initialize__aeabi_                  - Undefined Weak Reference
    __cxa_finalize                            - Undefined Weak Reference
    __decompress                              - Undefined Weak Reference
    _clock_init                               - Undefined Weak Reference
    _microlib_exit                            - Undefined Weak Reference
    __Vectors_Size                           0x000000b8   Number         0  startup_stm32g070xx.o ABSOLUTE
    __Vectors                                0x08000000   Data           4  startup_stm32g070xx.o(RESET)
    __Vectors_End                            0x080000b8   Data           0  startup_stm32g070xx.o(RESET)
    __main                                   0x080000b9   Thumb Code     0  entry.o(.ARM.Collect$$$$00000000)
    _main_stk                                0x080000b9   Thumb Code     0  entry2.o(.ARM.Collect$$$$00000001)
    _main_scatterload                        0x080000bd   Thumb Code     0  entry5.o(.ARM.Collect$$$$00000004)
    __main_after_scatterload                 0x080000c1   Thumb Code     0  entry5.o(.ARM.Collect$$$$00000004)
    _main_clock                              0x080000c1   Thumb Code     0  entry7b.o(.ARM.Collect$$$$00000008)
    _main_cpp_init                           0x080000c1   Thumb Code     0  entry8b.o(.ARM.Collect$$$$0000000A)
    _main_init                               0x080000c1   Thumb Code     0  entry9a.o(.ARM.Collect$$$$0000000B)
    __rt_final_cpp                           0x080000c9   Thumb Code     0  entry10a.o(.ARM.Collect$$$$0000000D)
    __rt_final_exit                          0x080000c9   Thumb Code     0  entry11a.o(.ARM.Collect$$$$0000000F)
    Reset_Handler                            0x080000cd   Thumb Code     8  startup_stm32g070xx.o(.text)
    ADC1_IRQHandler                          0x080000df   Thumb Code     0  startup_stm32g070xx.o(.text)
    DMA1_Ch4_7_DMAMUX1_OVR_IRQHandler        0x080000df   Thumb Code     0  startup_stm32g070xx.o(.text)
    EXTI0_1_IRQHandler                       0x080000df   Thumb Code     0  startup_stm32g070xx.o(.text)
    EXTI2_3_IRQHandler                       0x080000df   Thumb Code     0  startup_stm32g070xx.o(.text)
    EXTI4_15_IRQHandler                      0x080000df   Thumb Code     0  startup_stm32g070xx.o(.text)
    FLASH_IRQHandler                         0x080000df   Thumb Code     0  startup_stm32g070xx.o(.text)
    I2C1_IRQHandler                          0x080000df   Thumb Code     0  startup_stm32g070xx.o(.text)
    I2C2_IRQHandler                          0x080000df   Thumb Code     0  startup_stm32g070xx.o(.text)
    RCC_IRQHandler                           0x080000df   Thumb Code     0  startup_stm32g070xx.o(.text)
    RTC_TAMP_IRQHandler                      0x080000df   Thumb Code     0  startup_stm32g070xx.o(.text)
    SPI2_IRQHandler                          0x080000df   Thumb Code     0  startup_stm32g070xx.o(.text)
    TIM14_IRQHandler                         0x080000df   Thumb Code     0  startup_stm32g070xx.o(.text)
    TIM15_IRQHandler                         0x080000df   Thumb Code     0  startup_stm32g070xx.o(.text)
    TIM16_IRQHandler                         0x080000df   Thumb Code     0  startup_stm32g070xx.o(.text)
    TIM17_IRQHandler                         0x080000df   Thumb Code     0  startup_stm32g070xx.o(.text)
    TIM1_BRK_UP_TRG_COM_IRQHandler           0x080000df   Thumb Code     0  startup_stm32g070xx.o(.text)
    TIM1_CC_IRQHandler                       0x080000df   Thumb Code     0  startup_stm32g070xx.o(.text)
    TIM3_IRQHandler                          0x080000df   Thumb Code     0  startup_stm32g070xx.o(.text)
    TIM6_IRQHandler                          0x080000df   Thumb Code     0  startup_stm32g070xx.o(.text)
    TIM7_IRQHandler                          0x080000df   Thumb Code     0  startup_stm32g070xx.o(.text)
    USART2_IRQHandler                        0x080000df   Thumb Code     0  startup_stm32g070xx.o(.text)
    USART3_4_IRQHandler                      0x080000df   Thumb Code     0  startup_stm32g070xx.o(.text)
    WWDG_IRQHandler                          0x080000df   Thumb Code     0  startup_stm32g070xx.o(.text)
    __aeabi_uidiv                            0x080000e9   Thumb Code     0  uidiv.o(.text)
    __aeabi_uidivmod                         0x080000e9   Thumb Code    44  uidiv.o(.text)
    __aeabi_idiv                             0x08000115   Thumb Code     0  idiv.o(.text)
    __aeabi_idivmod                          0x08000115   Thumb Code    40  idiv.o(.text)
    __aeabi_memset                           0x0800013d   Thumb Code    14  memseta.o(.text)
    __aeabi_memset4                          0x0800013d   Thumb Code     0  memseta.o(.text)
    __aeabi_memset8                          0x0800013d   Thumb Code     0  memseta.o(.text)
    __aeabi_memclr                           0x0800014b   Thumb Code     4  memseta.o(.text)
    __aeabi_memclr4                          0x0800014b   Thumb Code     0  memseta.o(.text)
    __aeabi_memclr8                          0x0800014b   Thumb Code     0  memseta.o(.text)
    _memset$wrapper                          0x0800014f   Thumb Code    18  memseta.o(.text)
    __scatterload                            0x08000161   Thumb Code    28  init.o(.text)
    __scatterload_rt2                        0x08000161   Thumb Code     0  init.o(.text)
    DMA1_Channel1_IRQHandler                 0x08000185   Thumb Code    10  stm32g0xx_it.o(i.DMA1_Channel1_IRQHandler)
    DMA1_Channel2_3_IRQHandler               0x08000195   Thumb Code    10  stm32g0xx_it.o(i.DMA1_Channel2_3_IRQHandler)
    Delay_50ms                               0x080001fd   Thumb Code    20  oled_1.o(i.Delay_50ms)
    Error_Handler                            0x08000215   Thumb Code     2  main.o(i.Error_Handler)
    HAL_DMA_Abort_IT                         0x08000219   Thumb Code   174  stm32g0xx_hal_dma.o(i.HAL_DMA_Abort_IT)
    HAL_DMA_IRQHandler                       0x080002cd   Thumb Code   282  stm32g0xx_hal_dma.o(i.HAL_DMA_IRQHandler)
    HAL_DMA_Init                             0x080003ed   Thumb Code   178  stm32g0xx_hal_dma.o(i.HAL_DMA_Init)
    HAL_Delay                                0x080004a9   Thumb Code    38  stm32g0xx_hal.o(i.HAL_Delay)
    HAL_GPIO_Init                            0x080004d5   Thumb Code   448  stm32g0xx_hal_gpio.o(i.HAL_GPIO_Init)
    HAL_GPIO_TogglePin                       0x080006a5   Thumb Code    16  stm32g0xx_hal_gpio.o(i.HAL_GPIO_TogglePin)
    HAL_GPIO_WritePin                        0x080006b5   Thumb Code    12  stm32g0xx_hal_gpio.o(i.HAL_GPIO_WritePin)
    HAL_GetTick                              0x080006c1   Thumb Code     6  stm32g0xx_hal.o(i.HAL_GetTick)
    HAL_IncTick                              0x080006cd   Thumb Code    16  stm32g0xx_hal.o(i.HAL_IncTick)
    HAL_Init                                 0x080006e5   Thumb Code    40  stm32g0xx_hal.o(i.HAL_Init)
    HAL_InitTick                             0x08000711   Thumb Code    82  stm32g0xx_hal.o(i.HAL_InitTick)
    HAL_MspInit                              0x08000771   Thumb Code    64  stm32g0xx_hal_msp.o(i.HAL_MspInit)
    HAL_NVIC_EnableIRQ                       0x080007b5   Thumb Code    22  stm32g0xx_hal_cortex.o(i.HAL_NVIC_EnableIRQ)
    HAL_NVIC_SetPriority                     0x080007d1   Thumb Code    18  stm32g0xx_hal_cortex.o(i.HAL_NVIC_SetPriority)
    HAL_PWREx_ControlVoltageScaling          0x080007e5   Thumb Code    76  stm32g0xx_hal_pwr_ex.o(i.HAL_PWREx_ControlVoltageScaling)
    HAL_RCCEx_PeriphCLKConfig                0x0800083d   Thumb Code   504  stm32g0xx_hal_rcc_ex.o(i.HAL_RCCEx_PeriphCLKConfig)
    HAL_RCC_ClockConfig                      0x08000a41   Thumb Code   442  stm32g0xx_hal_rcc.o(i.HAL_RCC_ClockConfig)
    HAL_RCC_GetHCLKFreq                      0x08000c15   Thumb Code     6  stm32g0xx_hal_rcc.o(i.HAL_RCC_GetHCLKFreq)
    HAL_RCC_GetPCLK1Freq                     0x08000c21   Thumb Code    32  stm32g0xx_hal_rcc.o(i.HAL_RCC_GetPCLK1Freq)
    HAL_RCC_GetSysClockFreq                  0x08000c49   Thumb Code   216  stm32g0xx_hal_rcc.o(i.HAL_RCC_GetSysClockFreq)
    HAL_RCC_OscConfig                        0x08000d2d   Thumb Code  1442  stm32g0xx_hal_rcc.o(i.HAL_RCC_OscConfig)
    HAL_SPI_ErrorCallback                    0x080012e1   Thumb Code     2  stm32g0xx_hal_spi.o(i.HAL_SPI_ErrorCallback)
    HAL_SPI_IRQHandler                       0x080012e5   Thumb Code   408  stm32g0xx_hal_spi.o(i.HAL_SPI_IRQHandler)
    HAL_SPI_Init                             0x08001481   Thumb Code   220  stm32g0xx_hal_spi.o(i.HAL_SPI_Init)
    HAL_SPI_MspInit                          0x0800155d   Thumb Code   158  spi_1.o(i.HAL_SPI_MspInit)
    HAL_SPI_Receive_IT                       0x08001605   Thumb Code   242  stm32g0xx_hal_spi.o(i.HAL_SPI_Receive_IT)
    HAL_SPI_RxCpltCallback                   0x08001701   Thumb Code    34  main.o(i.HAL_SPI_RxCpltCallback)
    HAL_SPI_Transmit                         0x08001731   Thumb Code   502  stm32g0xx_hal_spi.o(i.HAL_SPI_Transmit)
    HAL_SPI_TransmitReceive_IT               0x08001929   Thumb Code   238  stm32g0xx_hal_spi.o(i.HAL_SPI_TransmitReceive_IT)
    HAL_SPI_TxRxCpltCallback                 0x08001a29   Thumb Code     2  stm32g0xx_hal_spi.o(i.HAL_SPI_TxRxCpltCallback)
    HAL_SYSTICK_Config                       0x08001a2d   Thumb Code    46  stm32g0xx_hal_cortex.o(i.HAL_SYSTICK_Config)
    HAL_UARTEx_DisableFifoMode               0x08001a65   Thumb Code    84  stm32g0xx_hal_uart_ex.o(i.HAL_UARTEx_DisableFifoMode)
    HAL_UARTEx_RxFifoFullCallback            0x08001ab9   Thumb Code     2  stm32g0xx_hal_uart_ex.o(i.HAL_UARTEx_RxFifoFullCallback)
    HAL_UARTEx_SetRxFifoThreshold            0x08001abb   Thumb Code    96  stm32g0xx_hal_uart_ex.o(i.HAL_UARTEx_SetRxFifoThreshold)
    HAL_UARTEx_SetTxFifoThreshold            0x08001b1b   Thumb Code    94  stm32g0xx_hal_uart_ex.o(i.HAL_UARTEx_SetTxFifoThreshold)
    HAL_UARTEx_TxFifoEmptyCallback           0x08001b79   Thumb Code     2  stm32g0xx_hal_uart_ex.o(i.HAL_UARTEx_TxFifoEmptyCallback)
    HAL_UARTEx_WakeupCallback                0x08001b7b   Thumb Code     2  stm32g0xx_hal_uart_ex.o(i.HAL_UARTEx_WakeupCallback)
    HAL_UART_ErrorCallback                   0x08001b7d   Thumb Code     2  stm32g0xx_hal_uart.o(i.HAL_UART_ErrorCallback)
    HAL_UART_IRQHandler                      0x08001b81   Thumb Code   562  stm32g0xx_hal_uart.o(i.HAL_UART_IRQHandler)
    HAL_UART_Init                            0x08001dbd   Thumb Code   130  stm32g0xx_hal_uart.o(i.HAL_UART_Init)
    HAL_UART_MspInit                         0x08001e41   Thumb Code   256  usart.o(i.HAL_UART_MspInit)
    HAL_UART_TxCpltCallback                  0x08001f55   Thumb Code     2  stm32g0xx_hal_uart.o(i.HAL_UART_TxCpltCallback)
    HardFault_Handler                        0x08001f57   Thumb Code     4  stm32g0xx_it.o(i.HardFault_Handler)
    IIC_Start                                0x08001f5d   Thumb Code    44  oled_1.o(i.IIC_Start)
    IIC_Stop                                 0x08001f8d   Thumb Code    34  oled_1.o(i.IIC_Stop)
    IIC_Wait_Ack                             0x08001fb5   Thumb Code    24  oled_1.o(i.IIC_Wait_Ack)
    MX_DMA_Init                              0x08001fd1   Thumb Code    64  dma.o(i.MX_DMA_Init)
    MX_GPIO_Init                             0x08002015   Thumb Code   170  gpio.o(i.MX_GPIO_Init)
    MX_SPI1_Init                             0x080020c9   Thumb Code    62  spi_1.o(i.MX_SPI1_Init)
    MX_USART1_UART_Init                      0x08002111   Thumb Code   106  usart.o(i.MX_USART1_UART_Init)
    NMI_Handler                              0x08002185   Thumb Code     2  stm32g0xx_it.o(i.NMI_Handler)
    OLED_Clear                               0x08002187   Thumb Code    62  oled_1.o(i.OLED_Clear)
    OLED_Init                                0x080021c5   Thumb Code   346  oled_1.o(i.OLED_Init)
    OLED_Set_Pos                             0x08002325   Thumb Code    44  oled_1.o(i.OLED_Set_Pos)
    OLED_ShowChar                            0x08002351   Thumb Code   148  oled_1.o(i.OLED_ShowChar)
    OLED_ShowNum                             0x080023ed   Thumb Code   146  oled_1.o(i.OLED_ShowNum)
    OLED_ShowString                          0x0800247f   Thumb Code    56  oled_1.o(i.OLED_ShowString)
    OLED_WR_Byte                             0x080024b7   Thumb Code    26  oled_1.o(i.OLED_WR_Byte)
    PendSV_Handler                           0x080024d1   Thumb Code     2  stm32g0xx_it.o(i.PendSV_Handler)
    SPI1_IRQHandler                          0x080024d5   Thumb Code    10  stm32g0xx_it.o(i.SPI1_IRQHandler)
    SVC_Handler                              0x08002995   Thumb Code     2  stm32g0xx_it.o(i.SVC_Handler)
    SysTick_Handler                          0x08002997   Thumb Code     8  stm32g0xx_it.o(i.SysTick_Handler)
    SystemClock_Config                       0x0800299f   Thumb Code   148  main.o(i.SystemClock_Config)
    SystemInit                               0x08002a35   Thumb Code    10  system_stm32g0xx.o(i.SystemInit)
    UART_AdvFeatureConfig                    0x08002ac9   Thumb Code   240  stm32g0xx_hal_uart.o(i.UART_AdvFeatureConfig)
    UART_CheckIdleState                      0x08002bb9   Thumb Code   112  stm32g0xx_hal_uart.o(i.UART_CheckIdleState)
    UART_SetConfig                           0x08002c95   Thumb Code  1688  stm32g0xx_hal_uart.o(i.UART_SetConfig)
    UART_WaitOnFlagUntilTimeout              0x08003335   Thumb Code   112  stm32g0xx_hal_uart.o(i.UART_WaitOnFlagUntilTimeout)
    USART1_IRQHandler                        0x080033a5   Thumb Code    10  stm32g0xx_it.o(i.USART1_IRQHandler)
    Write_IIC_Byte                           0x080033b5   Thumb Code    86  oled_1.o(i.Write_IIC_Byte)
    Write_IIC_Command                        0x08003411   Thumb Code    44  oled_1.o(i.Write_IIC_Command)
    Write_IIC_Data                           0x0800343d   Thumb Code    44  oled_1.o(i.Write_IIC_Data)
    __scatterload_copy                       0x080034e1   Thumb Code    14  handlers.o(i.__scatterload_copy)
    __scatterload_null                       0x080034ef   Thumb Code     2  handlers.o(i.__scatterload_null)
    __scatterload_zeroinit                   0x080034f1   Thumb Code    14  handlers.o(i.__scatterload_zeroinit)
    main                                     0x08003501   Thumb Code    96  main.o(i.main)
    oled_pow                                 0x08003579   Thumb Code    26  oled_1.o(i.oled_pow)
    AHBPrescTable                            0x08003594   Data          64  system_stm32g0xx.o(.constdata)
    APBPrescTable                            0x080035d4   Data          32  system_stm32g0xx.o(.constdata)
    F6x8                                     0x080035f4   Data         552  oled_1.o(.constdata)
    F8X16                                    0x0800381c   Data        1520  oled_1.o(.constdata)
    Region$$Table$$Base                      0x08003e0c   Number         0  anon$$obj.o(Region$$Table)
    Region$$Table$$Limit                     0x08003e2c   Number         0  anon$$obj.o(Region$$Table)
    Data                                     0x20000000   Data           2  main.o(.data)
    uwTick                                   0x20000004   Data           4  stm32g0xx_hal.o(.data)
    uwTickPrio                               0x20000008   Data           4  stm32g0xx_hal.o(.data)
    uwTickFreq                               0x2000000c   Data           4  stm32g0xx_hal.o(.data)
    SystemCoreClock                          0x20000010   Data           4  system_stm32g0xx.o(.data)
    huart1                                   0x20000014   Data         140  usart.o(.bss)
    hdma_usart1_rx                           0x200000a0   Data          92  usart.o(.bss)
    hdma_usart1_tx                           0x200000fc   Data          92  usart.o(.bss)
    hspi1                                    0x20000158   Data         100  spi_1.o(.bss)
    __initial_sp                             0x200005c0   Data           0  startup_stm32g070xx.o(STACK)



==============================================================================

Memory Map of the image

  Image Entry point : 0x080000b9

  Load Region LR_IROM1 (Base: 0x08000000, Size: 0x00003e40, Max: 0x00020000, ABSOLUTE)

    Execution Region ER_IROM1 (Exec base: 0x08000000, Load base: 0x08000000, Size: 0x00003e2c, Max: 0x00020000, ABSOLUTE)

    Exec Addr    Load Addr    Size         Type   Attr      Idx    E Section Name        Object

    0x08000000   0x08000000   0x000000b8   Data   RO            3    RESET               startup_stm32g070xx.o
    0x080000b8   0x080000b8   0x00000000   Code   RO         2539  * .ARM.Collect$$$$00000000  mc_p.l(entry.o)
    0x080000b8   0x080000b8   0x00000004   Code   RO         2548    .ARM.Collect$$$$00000001  mc_p.l(entry2.o)
    0x080000bc   0x080000bc   0x00000004   Code   RO         2551    .ARM.Collect$$$$00000004  mc_p.l(entry5.o)
    0x080000c0   0x080000c0   0x00000000   Code   RO         2553    .ARM.Collect$$$$00000008  mc_p.l(entry7b.o)
    0x080000c0   0x080000c0   0x00000000   Code   RO         2555    .ARM.Collect$$$$0000000A  mc_p.l(entry8b.o)
    0x080000c0   0x080000c0   0x00000008   Code   RO         2556    .ARM.Collect$$$$0000000B  mc_p.l(entry9a.o)
    0x080000c8   0x080000c8   0x00000000   Code   RO         2558    .ARM.Collect$$$$0000000D  mc_p.l(entry10a.o)
    0x080000c8   0x080000c8   0x00000000   Code   RO         2560    .ARM.Collect$$$$0000000F  mc_p.l(entry11a.o)
    0x080000c8   0x080000c8   0x00000004   Code   RO         2549    .ARM.Collect$$$$00002712  mc_p.l(entry2.o)
    0x080000cc   0x080000cc   0x0000001c   Code   RO            4    .text               startup_stm32g070xx.o
    0x080000e8   0x080000e8   0x0000002c   Code   RO         2542    .text               mc_p.l(uidiv.o)
    0x08000114   0x08000114   0x00000028   Code   RO         2544    .text               mc_p.l(idiv.o)
    0x0800013c   0x0800013c   0x00000024   Code   RO         2546    .text               mc_p.l(memseta.o)
    0x08000160   0x08000160   0x00000024   Code   RO         2562    .text               mc_p.l(init.o)
    0x08000184   0x08000184   0x00000010   Code   RO          251    i.DMA1_Channel1_IRQHandler  stm32g0xx_it.o
    0x08000194   0x08000194   0x00000010   Code   RO          252    i.DMA1_Channel2_3_IRQHandler  stm32g0xx_it.o
    0x080001a4   0x080001a4   0x00000034   Code   RO         1105    i.DMA_CalcDMAMUXChannelBaseAndMask  stm32g0xx_hal_dma.o
    0x080001d8   0x080001d8   0x00000024   Code   RO         1106    i.DMA_CalcDMAMUXRequestGenBaseAndMask  stm32g0xx_hal_dma.o
    0x080001fc   0x080001fc   0x00000018   Code   RO         2389    i.Delay_50ms        oled_1.o
    0x08000214   0x08000214   0x00000002   Code   RO           12    i.Error_Handler     main.o
    0x08000216   0x08000216   0x00000002   PAD
    0x08000218   0x08000218   0x000000b4   Code   RO         1109    i.HAL_DMA_Abort_IT  stm32g0xx_hal_dma.o
    0x080002cc   0x080002cc   0x00000120   Code   RO         1113    i.HAL_DMA_IRQHandler  stm32g0xx_hal_dma.o
    0x080003ec   0x080003ec   0x000000bc   Code   RO         1114    i.HAL_DMA_Init      stm32g0xx_hal_dma.o
    0x080004a8   0x080004a8   0x0000002c   Code   RO         1565    i.HAL_Delay         stm32g0xx_hal.o
    0x080004d4   0x080004d4   0x000001d0   Code   RO          347    i.HAL_GPIO_Init     stm32g0xx_hal_gpio.o
    0x080006a4   0x080006a4   0x00000010   Code   RO          350    i.HAL_GPIO_TogglePin  stm32g0xx_hal_gpio.o
    0x080006b4   0x080006b4   0x0000000c   Code   RO          351    i.HAL_GPIO_WritePin  stm32g0xx_hal_gpio.o
    0x080006c0   0x080006c0   0x0000000c   Code   RO         1569    i.HAL_GetTick       stm32g0xx_hal.o
    0x080006cc   0x080006cc   0x00000018   Code   RO         1575    i.HAL_IncTick       stm32g0xx_hal.o
    0x080006e4   0x080006e4   0x0000002c   Code   RO         1576    i.HAL_Init          stm32g0xx_hal.o
    0x08000710   0x08000710   0x00000060   Code   RO         1577    i.HAL_InitTick      stm32g0xx_hal.o
    0x08000770   0x08000770   0x00000044   Code   RO          323    i.HAL_MspInit       stm32g0xx_hal_msp.o
    0x080007b4   0x080007b4   0x0000001c   Code   RO         1453    i.HAL_NVIC_EnableIRQ  stm32g0xx_hal_cortex.o
    0x080007d0   0x080007d0   0x00000012   Code   RO         1457    i.HAL_NVIC_SetPriority  stm32g0xx_hal_cortex.o
    0x080007e2   0x080007e2   0x00000002   PAD
    0x080007e4   0x080007e4   0x00000058   Code   RO         1338    i.HAL_PWREx_ControlVoltageScaling  stm32g0xx_hal_pwr_ex.o
    0x0800083c   0x0800083c   0x00000204   Code   RO          865    i.HAL_RCCEx_PeriphCLKConfig  stm32g0xx_hal_rcc_ex.o
    0x08000a40   0x08000a40   0x000001d4   Code   RO          755    i.HAL_RCC_ClockConfig  stm32g0xx_hal_rcc.o
    0x08000c14   0x08000c14   0x0000000c   Code   RO          761    i.HAL_RCC_GetHCLKFreq  stm32g0xx_hal_rcc.o
    0x08000c20   0x08000c20   0x00000028   Code   RO          763    i.HAL_RCC_GetPCLK1Freq  stm32g0xx_hal_rcc.o
    0x08000c48   0x08000c48   0x000000e4   Code   RO          764    i.HAL_RCC_GetSysClockFreq  stm32g0xx_hal_rcc.o
    0x08000d2c   0x08000d2c   0x000005b4   Code   RO          768    i.HAL_RCC_OscConfig  stm32g0xx_hal_rcc.o
    0x080012e0   0x080012e0   0x00000002   Code   RO          418    i.HAL_SPI_ErrorCallback  stm32g0xx_hal_spi.o
    0x080012e2   0x080012e2   0x00000002   PAD
    0x080012e4   0x080012e4   0x0000019c   Code   RO          421    i.HAL_SPI_IRQHandler  stm32g0xx_hal_spi.o
    0x08001480   0x08001480   0x000000dc   Code   RO          422    i.HAL_SPI_Init      stm32g0xx_hal_spi.o
    0x0800155c   0x0800155c   0x000000a8   Code   RO         2351    i.HAL_SPI_MspInit   spi_1.o
    0x08001604   0x08001604   0x000000fc   Code   RO          427    i.HAL_SPI_Receive_IT  stm32g0xx_hal_spi.o
    0x08001700   0x08001700   0x00000030   Code   RO           13    i.HAL_SPI_RxCpltCallback  main.o
    0x08001730   0x08001730   0x000001f6   Code   RO          430    i.HAL_SPI_Transmit  stm32g0xx_hal_spi.o
    0x08001926   0x08001926   0x00000002   PAD
    0x08001928   0x08001928   0x00000100   Code   RO          433    i.HAL_SPI_TransmitReceive_IT  stm32g0xx_hal_spi.o
    0x08001a28   0x08001a28   0x00000002   Code   RO          438    i.HAL_SPI_TxRxCpltCallback  stm32g0xx_hal_spi.o
    0x08001a2a   0x08001a2a   0x00000002   PAD
    0x08001a2c   0x08001a2c   0x00000038   Code   RO         1461    i.HAL_SYSTICK_Config  stm32g0xx_hal_cortex.o
    0x08001a64   0x08001a64   0x00000054   Code   RO         2223    i.HAL_UARTEx_DisableFifoMode  stm32g0xx_hal_uart_ex.o
    0x08001ab8   0x08001ab8   0x00000002   Code   RO         2227    i.HAL_UARTEx_RxFifoFullCallback  stm32g0xx_hal_uart_ex.o
    0x08001aba   0x08001aba   0x00000060   Code   RO         2228    i.HAL_UARTEx_SetRxFifoThreshold  stm32g0xx_hal_uart_ex.o
    0x08001b1a   0x08001b1a   0x0000005e   Code   RO         2229    i.HAL_UARTEx_SetTxFifoThreshold  stm32g0xx_hal_uart_ex.o
    0x08001b78   0x08001b78   0x00000002   Code   RO         2231    i.HAL_UARTEx_TxFifoEmptyCallback  stm32g0xx_hal_uart_ex.o
    0x08001b7a   0x08001b7a   0x00000002   Code   RO         2232    i.HAL_UARTEx_WakeupCallback  stm32g0xx_hal_uart_ex.o
    0x08001b7c   0x08001b7c   0x00000002   Code   RO         1866    i.HAL_UART_ErrorCallback  stm32g0xx_hal_uart.o
    0x08001b7e   0x08001b7e   0x00000002   PAD
    0x08001b80   0x08001b80   0x0000023c   Code   RO         1869    i.HAL_UART_IRQHandler  stm32g0xx_hal_uart.o
    0x08001dbc   0x08001dbc   0x00000082   Code   RO         1870    i.HAL_UART_Init     stm32g0xx_hal_uart.o
    0x08001e3e   0x08001e3e   0x00000002   PAD
    0x08001e40   0x08001e40   0x00000114   Code   RO          214    i.HAL_UART_MspInit  usart.o
    0x08001f54   0x08001f54   0x00000002   Code   RO         1881    i.HAL_UART_TxCpltCallback  stm32g0xx_hal_uart.o
    0x08001f56   0x08001f56   0x00000004   Code   RO          253    i.HardFault_Handler  stm32g0xx_it.o
    0x08001f5a   0x08001f5a   0x00000002   PAD
    0x08001f5c   0x08001f5c   0x00000030   Code   RO         2390    i.IIC_Start         oled_1.o
    0x08001f8c   0x08001f8c   0x00000028   Code   RO         2391    i.IIC_Stop          oled_1.o
    0x08001fb4   0x08001fb4   0x0000001c   Code   RO         2392    i.IIC_Wait_Ack      oled_1.o
    0x08001fd0   0x08001fd0   0x00000044   Code   RO          193    i.MX_DMA_Init       dma.o
    0x08002014   0x08002014   0x000000b4   Code   RO          173    i.MX_GPIO_Init      gpio.o
    0x080020c8   0x080020c8   0x00000048   Code   RO         2352    i.MX_SPI1_Init      spi_1.o
    0x08002110   0x08002110   0x00000074   Code   RO          215    i.MX_USART1_UART_Init  usart.o
    0x08002184   0x08002184   0x00000002   Code   RO          254    i.NMI_Handler       stm32g0xx_it.o
    0x08002186   0x08002186   0x0000003e   Code   RO         2393    i.OLED_Clear        oled_1.o
    0x080021c4   0x080021c4   0x00000160   Code   RO         2397    i.OLED_Init         oled_1.o
    0x08002324   0x08002324   0x0000002c   Code   RO         2399    i.OLED_Set_Pos      oled_1.o
    0x08002350   0x08002350   0x0000009c   Code   RO         2401    i.OLED_ShowChar     oled_1.o
    0x080023ec   0x080023ec   0x00000092   Code   RO         2402    i.OLED_ShowNum      oled_1.o
    0x0800247e   0x0800247e   0x00000038   Code   RO         2403    i.OLED_ShowString   oled_1.o
    0x080024b6   0x080024b6   0x0000001a   Code   RO         2404    i.OLED_WR_Byte      oled_1.o
    0x080024d0   0x080024d0   0x00000002   Code   RO          255    i.PendSV_Handler    stm32g0xx_it.o
    0x080024d2   0x080024d2   0x00000002   PAD
    0x080024d4   0x080024d4   0x00000010   Code   RO          256    i.SPI1_IRQHandler   stm32g0xx_it.o
    0x080024e4   0x080024e4   0x0000003e   Code   RO          440    i.SPI_2linesRxISR_16BIT  stm32g0xx_hal_spi.o
    0x08002522   0x08002522   0x00000078   Code   RO          441    i.SPI_2linesRxISR_8BIT  stm32g0xx_hal_spi.o
    0x0800259a   0x0800259a   0x0000003a   Code   RO          442    i.SPI_2linesTxISR_16BIT  stm32g0xx_hal_spi.o
    0x080025d4   0x080025d4   0x00000056   Code   RO          443    i.SPI_2linesTxISR_8BIT  stm32g0xx_hal_spi.o
    0x0800262a   0x0800262a   0x00000064   Code   RO          446    i.SPI_CloseRxTx_ISR  stm32g0xx_hal_spi.o
    0x0800268e   0x0800268e   0x00000048   Code   RO          447    i.SPI_CloseRx_ISR   stm32g0xx_hal_spi.o
    0x080026d6   0x080026d6   0x00000018   Code   RO          449    i.SPI_DMAAbortOnError  stm32g0xx_hal_spi.o
    0x080026ee   0x080026ee   0x0000008e   Code   RO          459    i.SPI_EndRxTransaction  stm32g0xx_hal_spi.o
    0x0800277c   0x0800277c   0x0000006a   Code   RO          460    i.SPI_EndRxTxTransaction  stm32g0xx_hal_spi.o
    0x080027e6   0x080027e6   0x0000002c   Code   RO          461    i.SPI_RxISR_16BIT   stm32g0xx_hal_spi.o
    0x08002812   0x08002812   0x0000002c   Code   RO          462    i.SPI_RxISR_8BIT    stm32g0xx_hal_spi.o
    0x0800283e   0x0800283e   0x000000ae   Code   RO          465    i.SPI_WaitFifoStateUntilTimeout  stm32g0xx_hal_spi.o
    0x080028ec   0x080028ec   0x000000a8   Code   RO          466    i.SPI_WaitFlagStateUntilTimeout  stm32g0xx_hal_spi.o
    0x08002994   0x08002994   0x00000002   Code   RO          257    i.SVC_Handler       stm32g0xx_it.o
    0x08002996   0x08002996   0x00000008   Code   RO          258    i.SysTick_Handler   stm32g0xx_it.o
    0x0800299e   0x0800299e   0x00000094   Code   RO           14    i.SystemClock_Config  main.o
    0x08002a32   0x08002a32   0x00000002   PAD
    0x08002a34   0x08002a34   0x00000010   Code   RO         2318    i.SystemInit        system_stm32g0xx.o
    0x08002a44   0x08002a44   0x00000084   Code   RO         2233    i.UARTEx_SetNbDataToProcess  stm32g0xx_hal_uart_ex.o
    0x08002ac8   0x08002ac8   0x000000f0   Code   RO         1883    i.UART_AdvFeatureConfig  stm32g0xx_hal_uart.o
    0x08002bb8   0x08002bb8   0x00000074   Code   RO         1884    i.UART_CheckIdleState  stm32g0xx_hal_uart.o
    0x08002c2c   0x08002c2c   0x00000018   Code   RO         1885    i.UART_DMAAbortOnError  stm32g0xx_hal_uart.o
    0x08002c44   0x08002c44   0x0000002c   Code   RO         1895    i.UART_EndRxTransfer  stm32g0xx_hal_uart.o
    0x08002c70   0x08002c70   0x00000022   Code   RO         1896    i.UART_EndTransmit_IT  stm32g0xx_hal_uart.o
    0x08002c92   0x08002c92   0x00000002   PAD
    0x08002c94   0x08002c94   0x000006a0   Code   RO         1902    i.UART_SetConfig    stm32g0xx_hal_uart.o
    0x08003334   0x08003334   0x00000070   Code   RO         1907    i.UART_WaitOnFlagUntilTimeout  stm32g0xx_hal_uart.o
    0x080033a4   0x080033a4   0x00000010   Code   RO          259    i.USART1_IRQHandler  stm32g0xx_it.o
    0x080033b4   0x080033b4   0x0000005c   Code   RO         2405    i.Write_IIC_Byte    oled_1.o
    0x08003410   0x08003410   0x0000002c   Code   RO         2406    i.Write_IIC_Command  oled_1.o
    0x0800343c   0x0800343c   0x0000002c   Code   RO         2407    i.Write_IIC_Data    oled_1.o
    0x08003468   0x08003468   0x00000078   Code   RO         1463    i.__NVIC_SetPriority  stm32g0xx_hal_cortex.o
    0x080034e0   0x080034e0   0x0000000e   Code   RO         2566    i.__scatterload_copy  mc_p.l(handlers.o)
    0x080034ee   0x080034ee   0x00000002   Code   RO         2567    i.__scatterload_null  mc_p.l(handlers.o)
    0x080034f0   0x080034f0   0x0000000e   Code   RO         2568    i.__scatterload_zeroinit  mc_p.l(handlers.o)
    0x080034fe   0x080034fe   0x00000002   PAD
    0x08003500   0x08003500   0x00000078   Code   RO           15    i.main              main.o
    0x08003578   0x08003578   0x0000001a   Code   RO         2409    i.oled_pow          oled_1.o
    0x08003592   0x08003592   0x00000002   PAD
    0x08003594   0x08003594   0x00000060   Data   RO         2319    .constdata          system_stm32g0xx.o
    0x080035f4   0x080035f4   0x00000818   Data   RO         2410    .constdata          oled_1.o
    0x08003e0c   0x08003e0c   0x00000020   Data   RO         2564    Region$$Table       anon$$obj.o


    Execution Region RW_IRAM1 (Exec base: 0x20000000, Load base: 0x08003e2c, Size: 0x000005c0, Max: 0x00009000, ABSOLUTE)

    Exec Addr    Load Addr    Size         Type   Attr      Idx    E Section Name        Object

    0x20000000   0x08003e2c   0x00000002   Data   RW           16    .data               main.o
    0x20000002   0x08003e2e   0x00000002   PAD
    0x20000004   0x08003e30   0x0000000c   Data   RW         1588    .data               stm32g0xx_hal.o
    0x20000010   0x08003e3c   0x00000004   Data   RW         2320    .data               system_stm32g0xx.o
    0x20000014        -       0x00000144   Zero   RW          216    .bss                usart.o
    0x20000158        -       0x00000064   Zero   RW         2353    .bss                spi_1.o
    0x200001bc   0x08003e40   0x00000004   PAD
    0x200001c0        -       0x00000400   Zero   RW            1    STACK               startup_stm32g070xx.o


==============================================================================

Image component sizes


      Code (inc. data)   RO Data    RW Data    ZI Data      Debug   Object Name

        68          4          0          0          0        706   dma.o
       180         10          0          0          0        879   gpio.o
       318         38          0          2          0     366764   main.o
      1188         38       2072          0          0       9481   oled_1.o
       240         20          0          0        100       1601   spi_1.o
        28          8        184          0       1024        620   startup_stm32g070xx.o
       220         38          0         12          0       3745   stm32g0xx_hal.o
       222         26          0          0          0      12085   stm32g0xx_hal_cortex.o
       744         30          0          0          0       3671   stm32g0xx_hal_dma.o
       492         16          0          0          0       2713   stm32g0xx_hal_gpio.o
        68          4          0          0          0        782   stm32g0xx_hal_msp.o
        88         12          0          0          0        738   stm32g0xx_hal_pwr_ex.o
      2208         96          0          0          0      20453   stm32g0xx_hal_rcc.o
       516         12          0          0          0       1580   stm32g0xx_hal_rcc_ex.o
      2846         32          0          0          0      14768   stm32g0xx_hal_spi.o
      2972         66          0          0          0       9406   stm32g0xx_hal_uart.o
       412         18          0          0          0       5150   stm32g0xx_hal_uart_ex.o
        82         24          0          0          0       3833   stm32g0xx_it.o
        16          6         96          4          0       1091   system_stm32g0xx.o
       392         30          0          0        324       1800   usart.o

    ----------------------------------------------------------------------
     13324        528       2384         20       1452     461866   Object Totals
         0          0         32          0          0          0   (incl. Generated)
        24          0          0          2          4          0   (incl. Padding)

    ----------------------------------------------------------------------

      Code (inc. data)   RO Data    RW Data    ZI Data      Debug   Library Member Name

         0          0          0          0          0          0   entry.o
         0          0          0          0          0          0   entry10a.o
         0          0          0          0          0          0   entry11a.o
         8          4          0          0          0          0   entry2.o
         4          0          0          0          0          0   entry5.o
         0          0          0          0          0          0   entry7b.o
         0          0          0          0          0          0   entry8b.o
         8          4          0          0          0          0   entry9a.o
        30          0          0          0          0          0   handlers.o
        40          0          0          0          0         72   idiv.o
        36          8          0          0          0         68   init.o
        36          0          0          0          0        100   memseta.o
        44          0          0          0          0         72   uidiv.o

    ----------------------------------------------------------------------
       208         16          0          0          0        312   Library Totals
         2          0          0          0          0          0   (incl. Padding)

    ----------------------------------------------------------------------

      Code (inc. data)   RO Data    RW Data    ZI Data      Debug   Library Name

       206         16          0          0          0        312   mc_p.l

    ----------------------------------------------------------------------
       208         16          0          0          0        312   Library Totals

    ----------------------------------------------------------------------

==============================================================================


      Code (inc. data)   RO Data    RW Data    ZI Data      Debug   

     13532        544       2384         20       1452     458194   Grand Totals
     13532        544       2384         20       1452     458194   ELF Image Totals
     13532        544       2384         20          0          0   ROM Totals

==============================================================================

    Total RO  Size (Code + RO Data)                15916 (  15.54kB)
    Total RW  Size (RW Data + ZI Data)              1472 (   1.44kB)
    Total ROM Size (Code + RO Data + RW Data)      15936 (  15.56kB)

==============================================================================

