Component: ARM Compiler 5.06 update 6 (build 750) Tool: armlink [4d35ed]

==============================================================================

Section Cross References

    startup_stm32g070xx.o(RESET) refers to startup_stm32g070xx.o(STACK) for __initial_sp
    startup_stm32g070xx.o(RESET) refers to startup_stm32g070xx.o(.text) for Reset_Handler
    startup_stm32g070xx.o(RESET) refers to stm32g0xx_it.o(i.NMI_Handler) for NMI_Handler
    startup_stm32g070xx.o(RESET) refers to context_rvds.o(.text) for HardFault_Handler
    startup_stm32g070xx.o(RESET) refers to stm32g0xx_it.o(i.SVC_Handler) for SVC_Handler
    startup_stm32g070xx.o(RESET) refers to board.o(i.SysTick_Handler) for SysTick_Handler
    startup_stm32g070xx.o(.text) refers to system_stm32g0xx.o(i.SystemInit) for SystemInit
    startup_stm32g070xx.o(.text) refers to entry.o(.ARM.Collect$$$$00000000) for __main
    board.o(i.SysTick_Handler) refers to irq.o(i.rt_interrupt_enter) for rt_interrupt_enter
    board.o(i.SysTick_Handler) refers to clock.o(i.rt_tick_increase) for rt_tick_increase
    board.o(i.SysTick_Handler) refers to irq.o(i.rt_interrupt_leave) for rt_interrupt_leave
    board.o(i.rt_hw_board_init) refers to uidiv.o(.text) for __aeabi_uidivmod
    board.o(i.rt_hw_board_init) refers to components.o(i.rt_components_board_init) for rt_components_board_init
    board.o(i.rt_hw_board_init) refers to system_stm32g0xx.o(.data) for SystemCoreClock
    main.o(i.SystemClock_Config) refers to memseta.o(.text) for __aeabi_memclr4
    main.o(i.SystemClock_Config) refers to stm32g0xx_hal_pwr_ex.o(i.HAL_PWREx_ControlVoltageScaling) for HAL_PWREx_ControlVoltageScaling
    main.o(i.SystemClock_Config) refers to stm32g0xx_hal_rcc.o(i.HAL_RCC_OscConfig) for HAL_RCC_OscConfig
    main.o(i.SystemClock_Config) refers to stm32g0xx_hal_rcc.o(i.HAL_RCC_ClockConfig) for HAL_RCC_ClockConfig
    main.o(i.main) refers to stm32g0xx_hal.o(i.HAL_Init) for HAL_Init
    main.o(i.main) refers to main.o(i.SystemClock_Config) for SystemClock_Config
    main.o(i.main) refers to gpio.o(i.MX_GPIO_Init) for MX_GPIO_Init
    main.o(i.main) refers to thread.o(i.rt_thread_init) for rt_thread_init
    main.o(i.main) refers to thread.o(i.rt_thread_startup) for rt_thread_startup
    main.o(i.main) refers to main.o(.bss) for .bss
    main.o(i.main) refers to main.o(i.task1_thread_entry) for task1_thread_entry
    main.o(i.main) refers to main.o(i.task2_thread_entry) for task2_thread_entry
    main.o(i.task1_thread_entry) refers to stm32g0xx_hal_gpio.o(i.HAL_GPIO_WritePin) for HAL_GPIO_WritePin
    main.o(i.task1_thread_entry) refers to thread.o(i.rt_thread_delay) for rt_thread_delay
    main.o(i.task2_thread_entry) refers to thread.o(i.rt_thread_delay) for rt_thread_delay
    gpio.o(i.MX_GPIO_Init) refers to memseta.o(.text) for __aeabi_memclr4
    gpio.o(i.MX_GPIO_Init) refers to stm32g0xx_hal_gpio.o(i.HAL_GPIO_WritePin) for HAL_GPIO_WritePin
    gpio.o(i.MX_GPIO_Init) refers to stm32g0xx_hal_gpio.o(i.HAL_GPIO_Init) for HAL_GPIO_Init
    stm32g0xx_hal_gpio.o(i.HAL_GPIO_EXTI_IRQHandler) refers to stm32g0xx_hal_gpio.o(i.HAL_GPIO_EXTI_Rising_Callback) for HAL_GPIO_EXTI_Rising_Callback
    stm32g0xx_hal_gpio.o(i.HAL_GPIO_EXTI_IRQHandler) refers to stm32g0xx_hal_gpio.o(i.HAL_GPIO_EXTI_Falling_Callback) for HAL_GPIO_EXTI_Falling_Callback
    stm32g0xx_hal_rcc.o(i.HAL_RCC_ClockConfig) refers to stm32g0xx_hal.o(i.HAL_GetTick) for HAL_GetTick
    stm32g0xx_hal_rcc.o(i.HAL_RCC_ClockConfig) refers to stm32g0xx_hal_rcc.o(i.HAL_RCC_GetSysClockFreq) for HAL_RCC_GetSysClockFreq
    stm32g0xx_hal_rcc.o(i.HAL_RCC_ClockConfig) refers to stm32g0xx_hal.o(i.HAL_InitTick) for HAL_InitTick
    stm32g0xx_hal_rcc.o(i.HAL_RCC_ClockConfig) refers to system_stm32g0xx.o(.constdata) for AHBPrescTable
    stm32g0xx_hal_rcc.o(i.HAL_RCC_ClockConfig) refers to system_stm32g0xx.o(.data) for SystemCoreClock
    stm32g0xx_hal_rcc.o(i.HAL_RCC_ClockConfig) refers to stm32g0xx_hal.o(.data) for uwTickPrio
    stm32g0xx_hal_rcc.o(i.HAL_RCC_DeInit) refers to stm32g0xx_hal.o(i.HAL_GetTick) for HAL_GetTick
    stm32g0xx_hal_rcc.o(i.HAL_RCC_DeInit) refers to stm32g0xx_hal.o(i.HAL_InitTick) for HAL_InitTick
    stm32g0xx_hal_rcc.o(i.HAL_RCC_DeInit) refers to system_stm32g0xx.o(.data) for SystemCoreClock
    stm32g0xx_hal_rcc.o(i.HAL_RCC_DeInit) refers to stm32g0xx_hal.o(.data) for uwTickPrio
    stm32g0xx_hal_rcc.o(i.HAL_RCC_GetHCLKFreq) refers to system_stm32g0xx.o(.data) for SystemCoreClock
    stm32g0xx_hal_rcc.o(i.HAL_RCC_GetPCLK1Freq) refers to system_stm32g0xx.o(.data) for SystemCoreClock
    stm32g0xx_hal_rcc.o(i.HAL_RCC_GetPCLK1Freq) refers to system_stm32g0xx.o(.constdata) for APBPrescTable
    stm32g0xx_hal_rcc.o(i.HAL_RCC_GetSysClockFreq) refers to uidiv.o(.text) for __aeabi_uidivmod
    stm32g0xx_hal_rcc.o(i.HAL_RCC_MCOConfig) refers to stm32g0xx_hal_gpio.o(i.HAL_GPIO_Init) for HAL_GPIO_Init
[...]
    kservice.o(i._rt_errno) refers to kservice.o(.data) for .data
    kservice.o(i.print_number) refers to uidiv.o(.text) for __aeabi_uidivmod
    kservice.o(i.print_number) refers to kservice.o(.constdata) for .constdata
    kservice.o(i.rt_get_errno) refers to irq.o(i.rt_interrupt_get_nest) for rt_interrupt_get_nest
    kservice.o(i.rt_get_errno) refers to thread.o(i.rt_thread_self) for rt_thread_self
    kservice.o(i.rt_get_errno) refers to kservice.o(.data) for .data
    kservice.o(i.rt_kprintf) refers to kservice.o(i.rt_vsnprintf) for rt_vsnprintf
    kservice.o(i.rt_kprintf) refers to kservice.o(i.rt_hw_console_output) for rt_hw_console_output
    kservice.o(i.rt_kprintf) refers to kservice.o(.bss) for .bss
    kservice.o(i.rt_kputs) refers to kservice.o(i.rt_hw_console_output) for rt_hw_console_output
    kservice.o(i.rt_set_errno) refers to irq.o(i.rt_interrupt_get_nest) for rt_interrupt_get_nest
    kservice.o(i.rt_set_errno) refers to thread.o(i.rt_thread_self) for rt_thread_self
    kservice.o(i.rt_set_errno) refers to kservice.o(.data) for .data
    kservice.o(i.rt_show_version) refers to kservice.o(i.rt_kprintf) for rt_kprintf
    kservice.o(i.rt_snprintf) refers to kservice.o(i.rt_vsnprintf) for rt_vsnprintf
    kservice.o(i.rt_sprintf) refers to kservice.o(i.rt_vsprintf) for rt_vsprintf
    kservice.o(i.rt_strstr) refers to kservice.o(i.rt_strlen) for rt_strlen
    kservice.o(i.rt_strstr) refers to kservice.o(i.rt_memcmp) for rt_memcmp
    kservice.o(i.rt_vsnprintf) refers to kservice.o(i.skip_atoi) for skip_atoi
    kservice.o(i.rt_vsnprintf) refers to kservice.o(i.rt_strlen) for rt_strlen
    kservice.o(i.rt_vsnprintf) refers to kservice.o(i.print_number) for print_number
    kservice.o(i.rt_vsprintf) refers to kservice.o(i.rt_vsnprintf) for rt_vsnprintf
    object.o(i.rt_object_detach) refers to context_rvds.o(.text) for rt_hw_interrupt_disable
    object.o(i.rt_object_find) refers to scheduler.o(i.rt_enter_critical) for rt_enter_critical
    object.o(i.rt_object_find) refers to object.o(i.rt_object_get_information) for rt_object_get_information
    object.o(i.rt_object_find) refers to kservice.o(i.rt_strncmp) for rt_strncmp
    object.o(i.rt_object_find) refers to scheduler.o(i.rt_exit_critical) for rt_exit_critical
    object.o(i.rt_object_get_information) refers to object.o(.data) for .data
    object.o(i.rt_object_init) refers to object.o(i.rt_object_get_information) for rt_object_get_information
    object.o(i.rt_object_init) refers to scheduler.o(i.rt_enter_critical) for rt_enter_critical
    object.o(i.rt_object_init) refers to scheduler.o(i.rt_exit_critical) for rt_exit_critical
    object.o(i.rt_object_init) refers to kservice.o(i.rt_strncpy) for rt_strncpy
    object.o(i.rt_object_init) refers to context_rvds.o(.text) for rt_hw_interrupt_disable
    scheduler.o(i.rt_critical_level) refers to scheduler.o(.data) for .data
    scheduler.o(i.rt_enter_critical) refers to context_rvds.o(.text) for rt_hw_interrupt_disable
    scheduler.o(i.rt_enter_critical) refers to scheduler.o(.data) for .data
    scheduler.o(i.rt_exit_critical) refers to context_rvds.o(.text) for rt_hw_interrupt_disable
    scheduler.o(i.rt_exit_critical) refers to scheduler.o(i.rt_schedule) for rt_schedule
    scheduler.o(i.rt_exit_critical) refers to scheduler.o(.data) for .data
    scheduler.o(i.rt_schedule) refers to context_rvds.o(.text) for rt_hw_interrupt_disable
    scheduler.o(i.rt_schedule) refers to kservice.o(i.__rt_ffs) for __rt_ffs
    scheduler.o(i.rt_schedule) refers to scheduler.o(.data) for .data
    scheduler.o(i.rt_schedule) refers to scheduler.o(.bss) for .bss
    scheduler.o(i.rt_schedule) refers to irq.o(.data) for rt_interrupt_nest
    scheduler.o(i.rt_schedule_insert_thread) refers to context_rvds.o(.text) for rt_hw_interrupt_disable
    scheduler.o(i.rt_schedule_insert_thread) refers to scheduler.o(.bss) for .bss
    scheduler.o(i.rt_schedule_insert_thread) refers to scheduler.o(.data) for .data
    scheduler.o(i.rt_schedule_remove_thread) refers to context_rvds.o(.text) for rt_hw_interrupt_disable
    scheduler.o(i.rt_schedule_remove_thread) refers to scheduler.o(.bss) for .bss
    scheduler.o(i.rt_schedule_remove_thread) refers to scheduler.o(.data) for .data
    scheduler.o(i.rt_system_scheduler_init) refers to scheduler.o(.data) for .data
    scheduler.o(i.rt_system_scheduler_init) refers to scheduler.o(.bss) for .bss
    scheduler.o(i.rt_system_scheduler_start) refers to kservice.o(i.__rt_ffs) for __rt_ffs
    scheduler.o(i.rt_system_scheduler_start) refers to context_rvds.o(.text) for rt_hw_context_switch_to
    scheduler.o(i.rt_system_scheduler_start) refers to scheduler.o(.data) for .data
    scheduler.o(i.rt_system_scheduler_start) refers to scheduler.o(.bss) for .bss
    thread.o(i._rt_thread_init) refers to kservice.o(i.rt_memset) for rt_memset
    thread.o(i._rt_thread_init) refers to cpuport.o(i.rt_hw_stack_init) for rt_hw_stack_init
    thread.o(i._rt_thread_init) refers to timer.o(i.rt_timer_init) for rt_timer_init
    thread.o(i._rt_thread_init) refers to thread.o(i.rt_thread_exit) for rt_thread_exit
    thread.o(i._rt_thread_init) refers to thread.o(i.rt_thread_timeout) for rt_thread_timeout
    thread.o(i.rt_thread_control) refers to context_rvds.o(.text) for rt_hw_interrupt_disable
    thread.o(i.rt_thread_control) refers to scheduler.o(i.rt_schedule_remove_thread) for rt_schedule_remove_thread
    thread.o(i.rt_thread_control) refers to scheduler.o(i.rt_schedule_insert_thread) for rt_schedule_insert_thread
    thread.o(i.rt_thread_control) refers to thread.o(i.rt_thread_startup) for rt_thread_startup
    thread.o(i.rt_thread_delay) refers to thread.o(i.rt_thread_sleep) for rt_thread_sleep
    thread.o(i.rt_thread_detach) refers to scheduler.o(i.rt_schedule_remove_thread) for rt_schedule_remove_thread
    thread.o(i.rt_thread_detach) refers to timer.o(i.rt_timer_detach) for rt_timer_detach
    thread.o(i.rt_thread_detach) refers to object.o(i.rt_object_is_systemobject) for rt_object_is_systemobject
    thread.o(i.rt_thread_detach) refers to context_rvds.o(.text) for rt_hw_interrupt_disable
    thread.o(i.rt_thread_detach) refers to thread.o(i.rt_list_insert_after) for rt_list_insert_after
    thread.o(i.rt_thread_detach) refers to object.o(i.rt_object_detach) for rt_object_detach
    thread.o(i.rt_thread_detach) refers to scheduler.o(.data) for rt_thread_defunct
    thread.o(i.rt_thread_exit) refers to context_rvds.o(.text) for rt_hw_interrupt_disable
    thread.o(i.rt_thread_exit) refers to scheduler.o(i.rt_schedule_remove_thread) for rt_schedule_remove_thread
    thread.o(i.rt_thread_exit) refers to timer.o(i.rt_timer_detach) for rt_timer_detach
    thread.o(i.rt_thread_exit) refers to object.o(i.rt_object_is_systemobject) for rt_object_is_systemobject
    thread.o(i.rt_thread_exit) refers to thread.o(i.rt_list_insert_after) for rt_list_insert_after
    thread.o(i.rt_thread_exit) refers to scheduler.o(i.rt_schedule) for rt_schedule
    thread.o(i.rt_thread_exit) refers to object.o(i.rt_object_detach) for rt_object_detach
    thread.o(i.rt_thread_exit) refers to scheduler.o(.data) for rt_current_thread
    thread.o(i.rt_thread_find) refers to scheduler.o(i.rt_enter_critical) for rt_enter_critical
    thread.o(i.rt_thread_find) refers to object.o(i.rt_object_get_information) for rt_object_get_information
    thread.o(i.rt_thread_find) refers to kservice.o(i.rt_strncmp) for rt_strncmp
    thread.o(i.rt_thread_find) refers to scheduler.o(i.rt_exit_critical) for rt_exit_critical
    thread.o(i.rt_thread_find) refers to scheduler.o(.data) for rt_current_thread
    thread.o(i.rt_thread_init) refers to object.o(i.rt_object_init) for rt_object_init
    thread.o(i.rt_thread_init) refers to thread.o(i._rt_thread_init) for _rt_thread_init
    thread.o(i.rt_thread_mdelay) refers to clock.o(i.rt_tick_from_millisecond) for rt_tick_from_millisecond
    thread.o(i.rt_thread_mdelay) refers to thread.o(i.rt_thread_sleep) for rt_thread_sleep
    thread.o(i.rt_thread_resume) refers to context_rvds.o(.text) for rt_hw_interrupt_disable
    thread.o(i.rt_thread_resume) refers to thread.o(i.rt_list_remove) for rt_list_remove
    thread.o(i.rt_thread_resume) refers to timer.o(i.rt_timer_stop) for rt_timer_stop
    thread.o(i.rt_thread_resume) refers to scheduler.o(i.rt_schedule_insert_thread) for rt_schedule_insert_thread
    thread.o(i.rt_thread_self) refers to scheduler.o(.data) for rt_current_thread
    thread.o(i.rt_thread_sleep) refers to context_rvds.o(.text) for rt_hw_interrupt_disable
    thread.o(i.rt_thread_sleep) refers to thread.o(i.rt_thread_suspend) for rt_thread_suspend
    thread.o(i.rt_thread_sleep) refers to timer.o(i.rt_timer_control) for rt_timer_control
    thread.o(i.rt_thread_sleep) refers to timer.o(i.rt_timer_start) for rt_timer_start
    thread.o(i.rt_thread_sleep) refers to scheduler.o(i.rt_schedule) for rt_schedule
    thread.o(i.rt_thread_sleep) refers to scheduler.o(.data) for rt_current_thread
    thread.o(i.rt_thread_startup) refers to thread.o(i.rt_thread_resume) for rt_thread_resume
    thread.o(i.rt_thread_startup) refers to scheduler.o(i.rt_schedule) for rt_schedule
    thread.o(i.rt_thread_startup) refers to scheduler.o(.data) for rt_current_thread
    thread.o(i.rt_thread_suspend) refers to context_rvds.o(.text) for rt_hw_interrupt_disable
    thread.o(i.rt_thread_suspend) refers to scheduler.o(i.rt_schedule_remove_thread) for rt_schedule_remove_thread
    thread.o(i.rt_thread_suspend) refers to timer.o(i.rt_timer_stop) for rt_timer_stop
    thread.o(i.rt_thread_timeout) refers to thread.o(i.rt_list_remove) for rt_list_remove
    thread.o(i.rt_thread_timeout) refers to scheduler.o(i.rt_schedule_insert_thread) for rt_schedule_insert_thread
    thread.o(i.rt_thread_timeout) refers to scheduler.o(i.rt_schedule) for rt_schedule
    thread.o(i.rt_thread_yield) refers to context_rvds.o(.text) for rt_hw_interrupt_disable
    thread.o(i.rt_thread_yield) refers to thread.o(i.rt_list_remove) for rt_list_remove
    thread.o(i.rt_thread_yield) refers to scheduler.o(i.rt_schedule) for rt_schedule
    thread.o(i.rt_thread_yield) refers to scheduler.o(.data) for rt_current_thread
    thread.o(i.rt_thread_yield) refers to scheduler.o(.bss) for rt_thread_priority_table
    timer.o(i.rt_soft_timer_check) refers to clock.o(i.rt_tick_get) for rt_tick_get
    timer.o(i.rt_soft_timer_check) refers to scheduler.o(i.rt_enter_critical) for rt_enter_critical
    timer.o(i.rt_soft_timer_check) refers to timer.o(i._rt_timer_remove) for _rt_timer_remove
    timer.o(i.rt_soft_timer_check) refers to scheduler.o(i.rt_exit_critical) for rt_exit_critical
    timer.o(i.rt_soft_timer_check) refers to timer.o(i.rt_timer_start) for rt_timer_start
    timer.o(i.rt_soft_timer_check) refers to timer.o(.data) for .data
    timer.o(i.rt_system_timer_init) refers to timer.o(.data) for .data
    timer.o(i.rt_system_timer_thread_init) refers to thread.o(i.rt_thread_init) for rt_thread_init
    timer.o(i.rt_system_timer_thread_init) refers to thread.o(i.rt_thread_startup) for rt_thread_startup
    timer.o(i.rt_system_timer_thread_init) refers to timer.o(.data) for .data
    timer.o(i.rt_system_timer_thread_init) refers to timer.o(.bss) for .bss
    timer.o(i.rt_system_timer_thread_init) refers to timer.o(i.rt_thread_timer_entry) for rt_thread_timer_entry
    timer.o(i.rt_thread_timer_entry) refers to timer.o(i.rt_timer_list_next_timeout) for rt_timer_list_next_timeout
    timer.o(i.rt_thread_timer_entry) refers to clock.o(i.rt_tick_get) for rt_tick_get
    timer.o(i.rt_thread_timer_entry) refers to thread.o(i.rt_thread_delay) for rt_thread_delay
    timer.o(i.rt_thread_timer_entry) refers to timer.o(i.rt_soft_timer_check) for rt_soft_timer_check
    timer.o(i.rt_thread_timer_entry) refers to thread.o(i.rt_thread_self) for rt_thread_self
    timer.o(i.rt_thread_timer_entry) refers to thread.o(i.rt_thread_suspend) for rt_thread_suspend
    timer.o(i.rt_thread_timer_entry) refers to scheduler.o(i.rt_schedule) for rt_schedule
    timer.o(i.rt_thread_timer_entry) refers to timer.o(.data) for .data
    timer.o(i.rt_timer_check) refers to clock.o(i.rt_tick_get) for rt_tick_get
    timer.o(i.rt_timer_check) refers to context_rvds.o(.text) for rt_hw_interrupt_disable
    timer.o(i.rt_timer_check) refers to timer.o(i._rt_timer_remove) for _rt_timer_remove
    timer.o(i.rt_timer_check) refers to timer.o(i.rt_timer_start) for rt_timer_start
    timer.o(i.rt_timer_check) refers to timer.o(.data) for .data
    timer.o(i.rt_timer_detach) refers to context_rvds.o(.text) for rt_hw_interrupt_disable
    timer.o(i.rt_timer_detach) refers to timer.o(i._rt_timer_remove) for _rt_timer_remove
    timer.o(i.rt_timer_detach) refers to object.o(i.rt_object_detach) for rt_object_detach
    timer.o(i.rt_timer_init) refers to object.o(i.rt_object_init) for rt_object_init
    timer.o(i.rt_timer_next_timeout_tick) refers to timer.o(i.rt_timer_list_next_timeout) for rt_timer_list_next_timeout
    timer.o(i.rt_timer_next_timeout_tick) refers to timer.o(.data) for .data
    timer.o(i.rt_timer_start) refers to context_rvds.o(.text) for rt_hw_interrupt_disable
    timer.o(i.rt_timer_start) refers to timer.o(i._rt_timer_remove) for _rt_timer_remove
    timer.o(i.rt_timer_start) refers to clock.o(i.rt_tick_get) for rt_tick_get
    timer.o(i.rt_timer_start) refers to timer.o(i.rt_list_insert_after) for rt_list_insert_after
    timer.o(i.rt_timer_start) refers to thread.o(i.rt_thread_resume) for rt_thread_resume
    timer.o(i.rt_timer_start) refers to scheduler.o(i.rt_schedule) for rt_schedule
    timer.o(i.rt_timer_start) refers to timer.o(.data) for .data
    timer.o(i.rt_timer_start) refers to timer.o(.bss) for .bss
    timer.o(i.rt_timer_stop) refers to context_rvds.o(.text) for rt_hw_interrupt_disable
    timer.o(i.rt_timer_stop) refers to timer.o(i._rt_timer_remove) for _rt_timer_remove
    context_rvds.o(.text) refers to cpuport.o(i.rt_hw_hard_fault_exception) for rt_hw_hard_fault_exception
    context_rvds.o(.text) refers to cpuport.o(.data) for rt_thread_switch_interrupt_flag
    context_rvds.o(.text) refers to cpuport.o(.data) for rt_interrupt_from_thread
    context_rvds.o(.text) refers to cpuport.o(.data) for rt_interrupt_to_thread
    cpuport.o(i.rt_hw_hard_fault_exception) refers to kservice.o(i.rt_kprintf) for rt_kprintf
    cpuport.o(i.rt_hw_hard_fault_exception) refers to scheduler.o(.data) for rt_current_thread
    entry.o(.ARM.Collect$$$$00000000) refers (Special) to entry10a.o(.ARM.Collect$$$$0000000D) for __rt_final_cpp
    entry.o(.ARM.Collect$$$$00000000) refers (Special) to entry11a.o(.ARM.Collect$$$$0000000F) for __rt_final_exit
    entry.o(.ARM.Collect$$$$00000000) refers (Special) to entry7b.o(.ARM.Collect$$$$00000008) for _main_clock
    entry.o(.ARM.Collect$$$$00000000) refers (Special) to entry8b.o(.ARM.Collect$$$$0000000A) for _main_cpp_init
    entry.o(.ARM.Collect$$$$00000000) refers (Special) to entry9a.o(.ARM.Collect$$$$0000000B) for _main_init
    entry.o(.ARM.Collect$$$$00000000) refers (Special) to entry5.o(.ARM.Collect$$$$00000004) for _main_scatterload
    entry.o(.ARM.Collect$$$$00000000) refers (Special) to entry2.o(.ARM.Collect$$$$00000001) for _main_stk
    idiv.o(.text) refers to uidiv.o(.text) for __aeabi_uidivmod
    entry2.o(.ARM.Collect$$$$00000001) refers to entry2.o(.ARM.Collect$$$$00002712) for __lit__00000000
    entry2.o(.ARM.Collect$$$$00002712) refers to startup_stm32g070xx.o(STACK) for __initial_sp
    entry2.o(__vectab_stack_and_reset_area) refers to startup_stm32g070xx.o(STACK) for __initial_sp
    entry2.o(__vectab_stack_and_reset_area) refers to entry.o(.ARM.Collect$$$$00000000) for __main
    entry5.o(.ARM.Collect$$$$00000004) refers to init.o(.text) for __scatterload
    entry9a.o(.ARM.Collect$$$$0000000B) refers to components.o(i.$Sub$$main) for main
    entry9b.o(.ARM.Collect$$$$0000000C) refers to components.o(i.$Sub$$main) for main
    init.o(.text) refers to entry5.o(.ARM.Collect$$$$00000004) for __main_after_scatterload


==============================================================================

Removing Unused input sections from the image.

    Removing startup_stm32g070xx.o(HEAP), (512 bytes).
    Removing main.o(.rev16_text), (4 bytes).
    Removing main.o(.revsh_text), (4 bytes).
    Removing main.o(i.Error_Handler), (2 bytes).
    Removing gpio.o(.rev16_text), (4 bytes).
    Removing gpio.o(.revsh_text), (4 bytes).
    Removing stm32g0xx_it.o(.rev16_text), (4 bytes).
    Removing stm32g0xx_it.o(.revsh_text), (4 bytes).
    Removing stm32g0xx_hal_msp.o(.rev16_text), (4 bytes).
    Removing stm32g0xx_hal_msp.o(.revsh_text), (4 bytes).
    Removing stm32g0xx_hal_gpio.o(.rev16_text), (4 bytes).
    Removing stm32g0xx_hal_gpio.o(.revsh_text), (4 bytes).
    Removing stm32g0xx_hal_gpio.o(i.HAL_GPIO_DeInit), (212 bytes).
    Removing stm32g0xx_hal_gpio.o(i.HAL_GPIO_EXTI_Falling_Callback), (2 bytes).
    Removing stm32g0xx_hal_gpio.o(i.HAL_GPIO_EXTI_IRQHandler), (40 bytes).
    Removing stm32g0xx_hal_gpio.o(i.HAL_GPIO_EXTI_Rising_Callback), (2 bytes).
    Removing stm32g0xx_hal_gpio.o(i.HAL_GPIO_LockPin), (36 bytes).
    Removing stm32g0xx_hal_gpio.o(i.HAL_GPIO_ReadPin), (10 bytes).
    Removing stm32g0xx_hal_gpio.o(i.HAL_GPIO_TogglePin), (14 bytes).
    Removing stm32g0xx_hal_tim.o(.rev16_text), (4 bytes).
    Removing stm32g0xx_hal_tim.o(.revsh_text), (4 bytes).
    Removing stm32g0xx_hal_tim_ex.o(.rev16_text), (4 bytes).
    Removing stm32g0xx_hal_tim_ex.o(.revsh_text), (4 bytes).
    Removing stm32g0xx_hal_rcc.o(.rev16_text), (4 bytes).
    Removing stm32g0xx_hal_rcc.o(.revsh_text), (4 bytes).
    Removing stm32g0xx_hal_rcc.o(i.HAL_RCC_CSSCallback), (2 bytes).
    Removing stm32g0xx_hal_rcc.o(i.HAL_RCC_DeInit), (164 bytes).
    Removing stm32g0xx_hal_rcc.o(i.HAL_RCC_DisableLSECSS), (16 bytes).
    Removing stm32g0xx_hal_rcc.o(i.HAL_RCC_EnableCSS), (20 bytes).
    Removing stm32g0xx_hal_rcc.o(i.HAL_RCC_EnableLSECSS), (16 bytes).
    Removing stm32g0xx_hal_rcc.o(i.HAL_RCC_GetClockConfig), (56 bytes).
    Removing stm32g0xx_hal_rcc.o(i.HAL_RCC_GetHCLKFreq), (12 bytes).
    Removing stm32g0xx_hal_rcc.o(i.HAL_RCC_GetOscConfig), (176 bytes).
    Removing stm32g0xx_hal_rcc.o(i.HAL_RCC_GetPCLK1Freq), (40 bytes).
    Removing stm32g0xx_hal_rcc.o(i.HAL_RCC_LSECSSCallback), (2 bytes).
    Removing stm32g0xx_hal_rcc.o(i.HAL_RCC_MCOConfig), (76 bytes).
    Removing stm32g0xx_hal_rcc.o(i.HAL_RCC_NMI_IRQHandler), (36 bytes).
    Removing stm32g0xx_hal_rcc_ex.o(.rev16_text), (4 bytes).
    Removing stm32g0xx_hal_rcc_ex.o(.revsh_text), (4 bytes).
    Removing stm32g0xx_hal_rcc_ex.o(i.HAL_RCCEx_DisableLSCO), (92 bytes).
    Removing stm32g0xx_hal_rcc_ex.o(i.HAL_RCCEx_EnableLSCO), (140 bytes).
    Removing stm32g0xx_hal_rcc_ex.o(i.HAL_RCCEx_GetPeriphCLKConfig), (64 bytes).
    Removing stm32g0xx_hal_rcc_ex.o(i.HAL_RCCEx_GetPeriphCLKFreq), (392 bytes).
    Removing stm32g0xx_hal_rcc_ex.o(i.HAL_RCCEx_PeriphCLKConfig), (352 bytes).
    Removing stm32g0xx_hal_flash.o(.rev16_text), (4 bytes).
    Removing stm32g0xx_hal_flash.o(.revsh_text), (4 bytes).
    Removing stm32g0xx_hal_flash.o(i.FLASH_Program_DoubleWord), (28 bytes).
    Removing stm32g0xx_hal_flash.o(i.FLASH_Program_Fast), (52 bytes).
    Removing stm32g0xx_hal_flash.o(i.FLASH_WaitForLastOperation), (116 bytes).
    Removing stm32g0xx_hal_flash.o(i.HAL_FLASH_EndOfOperationCallback), (2 bytes).
    Removing stm32g0xx_hal_flash.o(i.HAL_FLASH_GetError), (12 bytes).
    Removing stm32g0xx_hal_flash.o(i.HAL_FLASH_IRQHandler), (188 bytes).
    Removing stm32g0xx_hal_flash.o(i.HAL_FLASH_Lock), (28 bytes).
    Removing stm32g0xx_hal_flash.o(i.HAL_FLASH_OB_Launch), (20 bytes).
    Removing stm32g0xx_hal_flash.o(i.HAL_FLASH_OB_Lock), (28 bytes).
    Removing stm32g0xx_hal_flash.o(i.HAL_FLASH_OB_Unlock), (40 bytes).
    Removing stm32g0xx_hal_flash.o(i.HAL_FLASH_OperationErrorCallback), (2 bytes).
    Removing stm32g0xx_hal_flash.o(i.HAL_FLASH_Program), (96 bytes).
    Removing stm32g0xx_hal_flash.o(i.HAL_FLASH_Program_IT), (112 bytes).
    Removing stm32g0xx_hal_flash.o(i.HAL_FLASH_Unlock), (40 bytes).
    Removing stm32g0xx_hal_flash.o(.bss), (24 bytes).
    Removing stm32g0xx_hal_flash_ex.o(.rev16_text), (4 bytes).
    Removing stm32g0xx_hal_flash_ex.o(.revsh_text), (4 bytes).
    Removing stm32g0xx_hal_flash_ex.o(i.FLASH_FlushCaches), (44 bytes).
    Removing stm32g0xx_hal_flash_ex.o(i.FLASH_MassErase), (20 bytes).
    Removing stm32g0xx_hal_flash_ex.o(i.FLASH_OB_GetRDP), (24 bytes).
    Removing stm32g0xx_hal_flash_ex.o(i.FLASH_OB_GetUser), (20 bytes).
    Removing stm32g0xx_hal_flash_ex.o(i.FLASH_OB_OptrConfig), (24 bytes).
    Removing stm32g0xx_hal_flash_ex.o(i.FLASH_PageErase), (32 bytes).
    Removing stm32g0xx_hal_flash_ex.o(i.HAL_FLASHEx_Erase), (128 bytes).
    Removing stm32g0xx_hal_flash_ex.o(i.HAL_FLASHEx_Erase_IT), (96 bytes).
    Removing stm32g0xx_hal_flash_ex.o(i.HAL_FLASHEx_FlashEmptyCheck), (16 bytes).
    Removing stm32g0xx_hal_flash_ex.o(i.HAL_FLASHEx_ForceFlashEmpty), (20 bytes).
    Removing stm32g0xx_hal_flash_ex.o(i.HAL_FLASHEx_OBGetConfig), (72 bytes).
    Removing stm32g0xx_hal_flash_ex.o(i.HAL_FLASHEx_OBProgram), (152 bytes).
    Removing stm32g0xx_hal_dma.o(.rev16_text), (4 bytes).
    Removing stm32g0xx_hal_dma.o(.revsh_text), (4 bytes).
    Removing stm32g0xx_hal_dma.o(i.DMA_CalcDMAMUXChannelBaseAndMask), (48 bytes).
    Removing stm32g0xx_hal_dma.o(i.DMA_CalcDMAMUXRequestGenBaseAndMask), (36 bytes).
    Removing stm32g0xx_hal_dma.o(i.DMA_SetConfig), (72 bytes).
    Removing stm32g0xx_hal_dma.o(i.HAL_DMA_Abort), (116 bytes).
    Removing stm32g0xx_hal_dma.o(i.HAL_DMA_Abort_IT), (128 bytes).
    Removing stm32g0xx_hal_dma.o(i.HAL_DMA_DeInit), (132 bytes).
    Removing stm32g0xx_hal_dma.o(i.HAL_DMA_GetError), (4 bytes).
    Removing stm32g0xx_hal_dma.o(i.HAL_DMA_GetState), (6 bytes).
    Removing stm32g0xx_hal_dma.o(i.HAL_DMA_IRQHandler), (184 bytes).
    Removing stm32g0xx_hal_dma.o(i.HAL_DMA_Init), (160 bytes).
    Removing stm32g0xx_hal_dma.o(i.HAL_DMA_PollForTransfer), (272 bytes).
    Removing stm32g0xx_hal_dma.o(i.HAL_DMA_RegisterCallback), (72 bytes).
    Removing stm32g0xx_hal_dma.o(i.HAL_DMA_Start), (80 bytes).
    Removing stm32g0xx_hal_dma.o(i.HAL_DMA_Start_IT), (144 bytes).
    Removing stm32g0xx_hal_dma.o(i.HAL_DMA_UnRegisterCallback), (78 bytes).
    Removing stm32g0xx_hal_dma_ex.o(.rev16_text), (4 bytes).
    Removing stm32g0xx_hal_dma_ex.o(.revsh_text), (4 bytes).
    Removing stm32g0xx_hal_dma_ex.o(i.HAL_DMAEx_ConfigMuxRequestGenerator), (60 bytes).
    Removing stm32g0xx_hal_dma_ex.o(i.HAL_DMAEx_ConfigMuxSync), (78 bytes).
    Removing stm32g0xx_hal_dma_ex.o(i.HAL_DMAEx_DisableMuxRequestGenerator), (32 bytes).
    Removing stm32g0xx_hal_dma_ex.o(i.HAL_DMAEx_EnableMuxRequestGenerator), (32 bytes).
    Removing stm32g0xx_hal_dma_ex.o(i.HAL_DMAEx_MUX_IRQHandler), (104 bytes).
    Removing stm32g0xx_hal_pwr.o(.rev16_text), (4 bytes).
    Removing stm32g0xx_hal_pwr.o(.revsh_text), (4 bytes).
    Removing stm32g0xx_hal_pwr.o(i.HAL_PWR_DeInit), (24 bytes).
    Removing stm32g0xx_hal_pwr.o(i.HAL_PWR_DisableBkUpAccess), (16 bytes).
    Removing stm32g0xx_hal_pwr.o(i.HAL_PWR_DisableSEVOnPend), (16 bytes).
    Removing stm32g0xx_hal_pwr.o(i.HAL_PWR_DisableSleepOnExit), (16 bytes).
    Removing stm32g0xx_hal_pwr.o(i.HAL_PWR_DisableWakeUpPin), (20 bytes).
    Removing stm32g0xx_hal_pwr.o(i.HAL_PWR_EnableBkUpAccess), (16 bytes).
    Removing stm32g0xx_hal_pwr.o(i.HAL_PWR_EnableSEVOnPend), (16 bytes).
    Removing stm32g0xx_hal_pwr.o(i.HAL_PWR_EnableSleepOnExit), (16 bytes).
    Removing stm32g0xx_hal_pwr.o(i.HAL_PWR_EnableWakeUpPin), (28 bytes).
    Removing stm32g0xx_hal_pwr.o(i.HAL_PWR_EnterSLEEPMode), (68 bytes).
    Removing stm32g0xx_hal_pwr.o(i.HAL_PWR_EnterSTANDBYMode), (36 bytes).
    Removing stm32g0xx_hal_pwr.o(i.HAL_PWR_EnterSTOPMode), (64 bytes).
    Removing stm32g0xx_hal_pwr_ex.o(.rev16_text), (4 bytes).
    Removing stm32g0xx_hal_pwr_ex.o(.revsh_text), (4 bytes).
    Removing stm32g0xx_hal_pwr_ex.o(i.HAL_PWREx_DisableBatteryCharging), (16 bytes).
    Removing stm32g0xx_hal_pwr_ex.o(i.HAL_PWREx_DisableFlashPowerDown), (16 bytes).
    Removing stm32g0xx_hal_pwr_ex.o(i.HAL_PWREx_DisableGPIOPullDown), (80 bytes).
    Removing stm32g0xx_hal_pwr_ex.o(i.HAL_PWREx_DisableGPIOPullUp), (80 bytes).
    Removing stm32g0xx_hal_pwr_ex.o(i.HAL_PWREx_DisableInternalWakeUpLine), (16 bytes).
    Removing stm32g0xx_hal_pwr_ex.o(i.HAL_PWREx_DisableLowPowerRunMode), (64 bytes).
    Removing stm32g0xx_hal_pwr_ex.o(i.HAL_PWREx_DisablePullUpPullDownConfig), (16 bytes).
    Removing stm32g0xx_hal_pwr_ex.o(i.HAL_PWREx_EnableBatteryCharging), (24 bytes).
    Removing stm32g0xx_hal_pwr_ex.o(i.HAL_PWREx_EnableFlashPowerDown), (16 bytes).
    Removing stm32g0xx_hal_pwr_ex.o(i.HAL_PWREx_EnableGPIOPullDown), (116 bytes).
    Removing stm32g0xx_hal_pwr_ex.o(i.HAL_PWREx_EnableGPIOPullUp), (116 bytes).
    Removing stm32g0xx_hal_pwr_ex.o(i.HAL_PWREx_EnableInternalWakeUpLine), (16 bytes).
    Removing stm32g0xx_hal_pwr_ex.o(i.HAL_PWREx_EnableLowPowerRunMode), (16 bytes).
    Removing stm32g0xx_hal_pwr_ex.o(i.HAL_PWREx_EnablePullUpPullDownConfig), (16 bytes).
    Removing stm32g0xx_hal_pwr_ex.o(i.HAL_PWREx_GetVoltageRange), (16 bytes).
    Removing stm32g0xx_hal_cortex.o(.rev16_text), (4 bytes).
    Removing stm32g0xx_hal_cortex.o(.revsh_text), (4 bytes).
    Removing stm32g0xx_hal_cortex.o(i.HAL_MPU_ConfigRegion), (84 bytes).
    Removing stm32g0xx_hal_cortex.o(i.HAL_MPU_Disable), (16 bytes).
    Removing stm32g0xx_hal_cortex.o(i.HAL_MPU_Enable), (24 bytes).
    Removing stm32g0xx_hal_cortex.o(i.HAL_NVIC_ClearPendingIRQ), (24 bytes).
    Removing stm32g0xx_hal_cortex.o(i.HAL_NVIC_DisableIRQ), (32 bytes).
    Removing stm32g0xx_hal_cortex.o(i.HAL_NVIC_EnableIRQ), (24 bytes).
    Removing stm32g0xx_hal_cortex.o(i.HAL_NVIC_GetPendingIRQ), (32 bytes).
    Removing stm32g0xx_hal_cortex.o(i.HAL_NVIC_GetPriority), (52 bytes).
    Removing stm32g0xx_hal_cortex.o(i.HAL_NVIC_SetPendingIRQ), (24 bytes).
    Removing stm32g0xx_hal_cortex.o(i.HAL_NVIC_SystemReset), (28 bytes).
    Removing stm32g0xx_hal_cortex.o(i.HAL_SYSTICK_CLKSourceConfig), (24 bytes).
    Removing stm32g0xx_hal_cortex.o(i.HAL_SYSTICK_Callback), (2 bytes).
    Removing stm32g0xx_hal_cortex.o(i.HAL_SYSTICK_IRQHandler), (8 bytes).
    Removing stm32g0xx_hal.o(.rev16_text), (4 bytes).
    Removing stm32g0xx_hal.o(.revsh_text), (4 bytes).
    Removing stm32g0xx_hal.o(i.HAL_DBGMCU_DisableDBGStandbyMode), (16 bytes).
    Removing stm32g0xx_hal.o(i.HAL_DBGMCU_DisableDBGStopMode), (16 bytes).
    Removing stm32g0xx_hal.o(i.HAL_DBGMCU_EnableDBGStandbyMode), (16 bytes).
    Removing stm32g0xx_hal.o(i.HAL_DBGMCU_EnableDBGStopMode), (16 bytes).
    Removing stm32g0xx_hal.o(i.HAL_DeInit), (40 bytes).
    Removing stm32g0xx_hal.o(i.HAL_Delay), (36 bytes).
    Removing stm32g0xx_hal.o(i.HAL_GetDEVID), (16 bytes).
    Removing stm32g0xx_hal.o(i.HAL_GetHalVersion), (8 bytes).
    Removing stm32g0xx_hal.o(i.HAL_GetREVID), (12 bytes).
    Removing stm32g0xx_hal.o(i.HAL_GetTickFreq), (12 bytes).
    Removing stm32g0xx_hal.o(i.HAL_GetTickPrio), (12 bytes).
    Removing stm32g0xx_hal.o(i.HAL_GetUIDw0), (12 bytes).
    Removing stm32g0xx_hal.o(i.HAL_GetUIDw1), (12 bytes).
    Removing stm32g0xx_hal.o(i.HAL_GetUIDw2), (12 bytes).
    Removing stm32g0xx_hal.o(i.HAL_IncTick), (16 bytes).
    Removing stm32g0xx_hal.o(i.HAL_MspDeInit), (2 bytes).
    Removing stm32g0xx_hal.o(i.HAL_MspInit), (2 bytes).
    Removing stm32g0xx_hal.o(i.HAL_ResumeTick), (16 bytes).
    Removing stm32g0xx_hal.o(i.HAL_SYSCFG_DisableIOAnalogSwitchBooster), (16 bytes).
    Removing stm32g0xx_hal.o(i.HAL_SYSCFG_DisableRemap), (16 bytes).
    Removing stm32g0xx_hal.o(i.HAL_SYSCFG_EnableIOAnalogSwitchBooster), (16 bytes).
    Removing stm32g0xx_hal.o(i.HAL_SYSCFG_EnableRemap), (16 bytes).
    Removing stm32g0xx_hal.o(i.HAL_SYSCFG_StrobeDBattpinsConfig), (20 bytes).
    Removing stm32g0xx_hal.o(i.HAL_SetTickFreq), (32 bytes).
    Removing stm32g0xx_hal.o(i.HAL_SuspendTick), (16 bytes).
    Removing stm32g0xx_hal_exti.o(.rev16_text), (4 bytes).
    Removing stm32g0xx_hal_exti.o(.revsh_text), (4 bytes).
    Removing stm32g0xx_hal_exti.o(i.HAL_EXTI_ClearConfigLine), (120 bytes).
    Removing stm32g0xx_hal_exti.o(i.HAL_EXTI_ClearPending), (40 bytes).
    Removing stm32g0xx_hal_exti.o(i.HAL_EXTI_GenerateSWI), (28 bytes).
    Removing stm32g0xx_hal_exti.o(i.HAL_EXTI_GetConfigLine), (168 bytes).
    Removing stm32g0xx_hal_exti.o(i.HAL_EXTI_GetHandle), (14 bytes).
    Removing stm32g0xx_hal_exti.o(i.HAL_EXTI_GetPending), (44 bytes).
    Removing stm32g0xx_hal_exti.o(i.HAL_EXTI_IRQHandler), (68 bytes).
    Removing stm32g0xx_hal_exti.o(i.HAL_EXTI_RegisterCallback), (30 bytes).
    Removing stm32g0xx_hal_exti.o(i.HAL_EXTI_SetConfigLine), (172 bytes).
    Removing system_stm32g0xx.o(.rev16_text), (4 bytes).
    Removing system_stm32g0xx.o(.revsh_text), (4 bytes).
    Removing system_stm32g0xx.o(i.SystemCoreClockUpdate), (144 bytes).
    Removing system_stm32g0xx.o(.constdata), (32 bytes).
    Removing clock.o(i.rt_system_tick_init), (2 bytes).
    Removing clock.o(i.rt_tick_from_millisecond), (46 bytes).
    Removing clock.o(i.rt_tick_set), (24 bytes).
    Removing idle.o(i.rt_thread_idle_gethandler), (8 bytes).
    Removing ipc.o(i.rt_ipc_list_resume_all), (42 bytes).
    Removing ipc.o(i.rt_ipc_list_suspend), (78 bytes).
    Removing ipc.o(i.rt_list_insert_before), (14 bytes).
    Removing ipc.o(i.rt_mb_control), (58 bytes).
    Removing ipc.o(i.rt_mb_detach), (28 bytes).
    Removing ipc.o(i.rt_mb_init), (48 bytes).
    Removing ipc.o(i.rt_mb_recv), (238 bytes).
    Removing ipc.o(i.rt_mb_send), (10 bytes).
    Removing ipc.o(i.rt_mb_send_wait), (230 bytes).
    Removing ipc.o(i.rt_sem_control), (46 bytes).
    Removing ipc.o(i.rt_sem_detach), (20 bytes).
    Removing ipc.o(i.rt_sem_init), (32 bytes).
    Removing ipc.o(i.rt_sem_release), (54 bytes).
    Removing ipc.o(i.rt_sem_take), (114 bytes).
    Removing ipc.o(i.rt_sem_trytake), (10 bytes).
    Removing irq.o(i.rt_interrupt_get_nest), (12 bytes).
    Removing kservice.o(i._rt_errno), (32 bytes).
    Removing kservice.o(i.rt_get_errno), (32 bytes).
    Removing kservice.o(i.rt_kputs), (12 bytes).
    Removing kservice.o(i.rt_memcmp), (28 bytes).
    Removing kservice.o(i.rt_memcpy), (70 bytes).
    Removing kservice.o(i.rt_memmove), (46 bytes).
    Removing kservice.o(i.rt_set_errno), (36 bytes).
    Removing kservice.o(i.rt_snprintf), (20 bytes).
    Removing kservice.o(i.rt_sprintf), (20 bytes).
    Removing kservice.o(i.rt_strcasecmp), (42 bytes).
    Removing kservice.o(i.rt_strcmp), (26 bytes).
    Removing kservice.o(i.rt_strncmp), (36 bytes).
    Removing kservice.o(i.rt_strnlen), (22 bytes).
    Removing kservice.o(i.rt_strstr), (56 bytes).
    Removing kservice.o(i.rt_vsprintf), (16 bytes).
    Removing kservice.o(.data), (4 bytes).
    Removing object.o(i.rt_object_find), (70 bytes).
    Removing object.o(i.rt_object_get_type), (8 bytes).
    Removing object.o(i.rt_system_object_init), (2 bytes).
    Removing scheduler.o(i.rt_critical_level), (12 bytes).
    Removing thread.o(i.rt_thread_control), (82 bytes).
    Removing thread.o(i.rt_thread_detach), (88 bytes).
    Removing thread.o(i.rt_thread_find), (84 bytes).
    Removing thread.o(i.rt_thread_mdelay), (12 bytes).
    Removing timer.o(i.rt_timer_next_timeout_tick), (16 bytes).
    Removing cpuport.o(i.rt_hw_cpu_reset), (16 bytes).
    Removing stm32g0xx_hal_dma.o(i.__ARM_common_switch8), (26 bytes).

234 unused section(s) (total 10538 bytes) removed from the image.

==============================================================================

Image Symbol Table

    Local Symbols

    Symbol Name                              Value     Ov Type        Size  Object(Section)

    ../Drivers/STM32G0xx_HAL_Driver/Src/stm32g0xx_hal.c 0x00000000   Number         0  stm32g0xx_hal.o ABSOLUTE
    ../Drivers/STM32G0xx_HAL_Driver/Src/stm32g0xx_hal_cortex.c 0x00000000   Number         0  stm32g0xx_hal_cortex.o ABSOLUTE
    ../Drivers/STM32G0xx_HAL_Driver/Src/stm32g0xx_hal_dma.c 0x00000000   Number         0  stm32g0xx_hal_dma.o ABSOLUTE
    ../Drivers/STM32G0xx_HAL_Driver/Src/stm32g0xx_hal_dma_ex.c 0x00000000   Number         0  stm32g0xx_hal_dma_ex.o ABSOLUTE
    ../Drivers/STM32G0xx_HAL_Driver/Src/stm32g0xx_hal_exti.c 0x00000000   Number         0  stm32g0xx_hal_exti.o ABSOLUTE
    ../Drivers/STM32G0xx_HAL_Driver/Src/stm32g0xx_hal_flash.c 0x00000000   Number         0  stm32g0xx_hal_flash.o ABSOLUTE
    ../Drivers/STM32G0xx_HAL_Driver/Src/stm32g0xx_hal_flash_ex.c 0x00000000   Number         0  stm32g0xx_hal_flash_ex.o ABSOLUTE
    ../Drivers/STM32G0xx_HAL_Driver/Src/stm32g0xx_hal_gpio.c 0x00000000   Number         0  stm32g0xx_hal_gpio.o ABSOLUTE
    ../Drivers/STM32G0xx_HAL_Driver/Src/stm32g0xx_hal_pwr.c 0x00000000   Number         0  stm32g0xx_hal_pwr.o ABSOLUTE
    ../Drivers/STM32G0xx_HAL_Driver/Src/stm32g0xx_hal_pwr_ex.c 0x00000000   Number         0  stm32g0xx_hal_pwr_ex.o ABSOLUTE
    ../Drivers/STM32G0xx_HAL_Driver/Src/stm32g0xx_hal_rcc.c 0x00000000   Number         0  stm32g0xx_hal_rcc.o ABSOLUTE
    ../Drivers/STM32G0xx_HAL_Driver/Src/stm32g0xx_hal_rcc_ex.c 0x00000000   Number         0  stm32g0xx_hal_rcc_ex.o ABSOLUTE
    ../Drivers/STM32G0xx_HAL_Driver/Src/stm32g0xx_hal_tim.c 0x00000000   Number         0  stm32g0xx_hal_tim.o ABSOLUTE
    ../Drivers/STM32G0xx_HAL_Driver/Src/stm32g0xx_hal_tim_ex.c 0x00000000   Number         0  stm32g0xx_hal_tim_ex.o ABSOLUTE
    ../Drivers/STM32G0xx_HAL_Driver/Src/stm32g0xx_ll_rcc.c 0x00000000   Number         0  stm32g0xx_ll_rcc.o ABSOLUTE
    ../Src/main.c                            0x00000000   Number         0  main.o ABSOLUTE
    ../Src/stm32g0xx_hal_msp.c               0x00000000   Number         0  stm32g0xx_hal_msp.o ABSOLUTE
    ../Src/stm32g0xx_it.c                    0x00000000   Number         0  stm32g0xx_it.o ABSOLUTE
    ../Src/system_stm32g0xx.c                0x00000000   Number         0  system_stm32g0xx.o ABSOLUTE
    ../clib/microlib/division.c              0x00000000   Number         0  uidiv.o ABSOLUTE
    ../clib/microlib/division.c              0x00000000   Number         0  idiv.o ABSOLUTE
    ../clib/microlib/init/entry.s            0x00000000   Number         0  entry8b.o ABSOLUTE
    ../clib/microlib/init/entry.s            0x00000000   Number         0  entry11a.o ABSOLUTE
    ../clib/microlib/init/entry.s            0x00000000   Number         0  entry2.o ABSOLUTE
    ../clib/microlib/init/entry.s            0x00000000   Number         0  entry11b.o ABSOLUTE
    ../clib/microlib/init/entry.s            0x00000000   Number         0  entry10b.o ABSOLUTE
    ../clib/microlib/init/entry.s            0x00000000   Number         0  entry5.o ABSOLUTE
    ../clib/microlib/init/entry.s            0x00000000   Number         0  entry7a.o ABSOLUTE
    ../clib/microlib/init/entry.s            0x00000000   Number         0  entry7b.o ABSOLUTE
    ../clib/microlib/init/entry.s            0x00000000   Number         0  entry8a.o ABSOLUTE
    ../clib/microlib/init/entry.s            0x00000000   Number         0  entry9a.o ABSOLUTE
    ../clib/microlib/init/entry.s            0x00000000   Number         0  entry9b.o ABSOLUTE
    ../clib/microlib/init/entry.s            0x00000000   Number         0  entry10a.o ABSOLUTE
    ../clib/microlib/init/entry.s            0x00000000   Number         0  entry.o ABSOLUTE
    ../clib/microlib/string/memset.c         0x00000000   Number         0  memseta.o ABSOLUTE
    ..\Drivers\STM32G0xx_HAL_Driver\Src\stm32g0xx_hal.c 0x00000000   Number         0  stm32g0xx_hal.o ABSOLUTE
    ..\Drivers\STM32G0xx_HAL_Driver\Src\stm32g0xx_hal_cortex.c 0x00000000   Number         0  stm32g0xx_hal_cortex.o ABSOLUTE
    ..\Drivers\STM32G0xx_HAL_Driver\Src\stm32g0xx_hal_dma.c 0x00000000   Number         0  stm32g0xx_hal_dma.o ABSOLUTE
    ..\Drivers\STM32G0xx_HAL_Driver\Src\stm32g0xx_hal_dma_ex.c 0x00000000   Number         0  stm32g0xx_hal_dma_ex.o ABSOLUTE
    ..\Drivers\STM32G0xx_HAL_Driver\Src\stm32g0xx_hal_exti.c 0x00000000   Number         0  stm32g0xx_hal_exti.o ABSOLUTE
    ..\Drivers\STM32G0xx_HAL_Driver\Src\stm32g0xx_hal_flash.c 0x00000000   Number         0  stm32g0xx_hal_flash.o ABSOLUTE
    ..\Drivers\STM32G0xx_HAL_Driver\Src\stm32g0xx_hal_flash_ex.c 0x00000000   Number         0  stm32g0xx_hal_flash_ex.o ABSOLUTE
    ..\Drivers\STM32G0xx_HAL_Driver\Src\stm32g0xx_hal_gpio.c 0x00000000   Number         0  stm32g0xx_hal_gpio.o ABSOLUTE
    ..\Drivers\STM32G0xx_HAL_Driver\Src\stm32g0xx_hal_pwr.c 0x00000000   Number         0  stm32g0xx_hal_pwr.o ABSOLUTE
    ..\Drivers\STM32G0xx_HAL_Driver\Src\stm32g0xx_hal_pwr_ex.c 0x00000000   Number         0  stm32g0xx_hal_pwr_ex.o ABSOLUTE
    ..\Drivers\STM32G0xx_HAL_Driver\Src\stm32g0xx_hal_rcc.c 0x00000000   Number         0  stm32g0xx_hal_rcc.o ABSOLUTE
    ..\Drivers\STM32G0xx_HAL_Driver\Src\stm32g0xx_hal_rcc_ex.c 0x00000000   Number         0  stm32g0xx_hal_rcc_ex.o ABSOLUTE
    ..\Drivers\STM32G0xx_HAL_Driver\Src\stm32g0xx_hal_tim.c 0x00000000   Number         0  stm32g0xx_hal_tim.o ABSOLUTE
    ..\Drivers\STM32G0xx_HAL_Driver\Src\stm32g0xx_hal_tim_ex.c 0x00000000   Number         0  stm32g0xx_hal_tim_ex.o ABSOLUTE
    ..\Src\gpio.c                            0x00000000   Number         0  gpio.o ABSOLUTE
    ..\Src\main.c                            0x00000000   Number         0  main.o ABSOLUTE
    ..\Src\stm32g0xx_hal_msp.c               0x00000000   Number         0  stm32g0xx_hal_msp.o ABSOLUTE
    ..\Src\stm32g0xx_it.c                    0x00000000   Number         0  stm32g0xx_it.o ABSOLUTE
    ..\Src\system_stm32g0xx.c                0x00000000   Number         0  system_stm32g0xx.o ABSOLUTE
    ..\\Src\\gpio.c                          0x00000000   Number         0  gpio.o ABSOLUTE
    ..\rt-thread-3.1.3\bsp\board.c           0x00000000   Number         0  board.o ABSOLUTE
    ..\rt-thread-3.1.3\libcpu\arm\cortex-m0\context_rvds.S 0x00000000   Number         0  context_rvds.o ABSOLUTE
    ..\rt-thread-3.1.3\libcpu\arm\cortex-m0\cpuport.c 0x00000000   Number         0  cpuport.o ABSOLUTE
    ..\rt-thread-3.1.3\src\clock.c           0x00000000   Number         0  clock.o ABSOLUTE
    ..\rt-thread-3.1.3\src\components.c      0x00000000   Number         0  components.o ABSOLUTE
    ..\rt-thread-3.1.3\src\cpu.c             0x00000000   Number         0  cpu.o ABSOLUTE
    ..\rt-thread-3.1.3\src\idle.c            0x00000000   Number         0  idle.o ABSOLUTE
    ..\rt-thread-3.1.3\src\ipc.c             0x00000000   Number         0  ipc.o ABSOLUTE
    ..\rt-thread-3.1.3\src\irq.c             0x00000000   Number         0  irq.o ABSOLUTE
    ..\rt-thread-3.1.3\src\kservice.c        0x00000000   Number         0  kservice.o ABSOLUTE
    ..\rt-thread-3.1.3\src\mem.c             0x00000000   Number         0  mem.o ABSOLUTE
    ..\rt-thread-3.1.3\src\memheap.c         0x00000000   Number         0  memheap.o ABSOLUTE
    ..\rt-thread-3.1.3\src\mempool.c         0x00000000   Number         0  mempool.o ABSOLUTE
    ..\rt-thread-3.1.3\src\object.c          0x00000000   Number         0  object.o ABSOLUTE
    ..\rt-thread-3.1.3\src\scheduler.c       0x00000000   Number         0  scheduler.o ABSOLUTE
    ..\rt-thread-3.1.3\src\slab.c            0x00000000   Number         0  slab.o ABSOLUTE
    ..\rt-thread-3.1.3\src\thread.c          0x00000000   Number         0  thread.o ABSOLUTE
    ..\rt-thread-3.1.3\src\timer.c           0x00000000   Number         0  timer.o ABSOLUTE
    dc.s                                     0x00000000   Number         0  dc.o ABSOLUTE
    handlers.s                               0x00000000   Number         0  handlers.o ABSOLUTE
    init.s                                   0x00000000   Number         0  init.o ABSOLUTE
    startup_stm32g070xx.s                    0x00000000   Number         0  startup_stm32g070xx.o ABSOLUTE
    RESET                                    0x08000000   Section      184  startup_stm32g070xx.o(RESET)
    .ARM.Collect$$$$00000000                 0x080000b8   Section        0  entry.o(.ARM.Collect$$$$00000000)
    .ARM.Collect$$$$00000001                 0x080000b8   Section        4  entry2.o(.ARM.Collect$$$$00000001)
    .ARM.Collect$$$$00000004                 0x080000bc   Section        4  entry5.o(.ARM.Collect$$$$00000004)
    .ARM.Collect$$$$00000008                 0x080000c0   Section        0  entry7b.o(.ARM.Collect$$$$00000008)
    .ARM.Collect$$$$0000000A                 0x080000c0   Section        0  entry8b.o(.ARM.Collect$$$$0000000A)
    .ARM.Collect$$$$0000000B                 0x080000c0   Section        8  entry9a.o(.ARM.Collect$$$$0000000B)
    .ARM.Collect$$$$0000000D                 0x080000c8   Section        0  entry10a.o(.ARM.Collect$$$$0000000D)
    .ARM.Collect$$$$0000000F                 0x080000c8   Section        0  entry11a.o(.ARM.Collect$$$$0000000F)
    .ARM.Collect$$$$00002712                 0x080000c8   Section        4  entry2.o(.ARM.Collect$$$$00002712)
    __lit__00000000                          0x080000c8   Data           4  entry2.o(.ARM.Collect$$$$00002712)
    .text                                    0x080000cc   Section       28  startup_stm32g070xx.o(.text)
    .text                                    0x080000e8   Section      216  context_rvds.o(.text)
    .text                                    0x080001c0   Section        0  uidiv.o(.text)
    .text                                    0x080001ec   Section        0  memseta.o(.text)
    .text                                    0x08000210   Section       36  init.o(.text)
    i.$Sub$$main                             0x08000234   Section        0  components.o(i.$Sub$$main)
    i.HAL_GPIO_Init                          0x08000240   Section        0  stm32g0xx_hal_gpio.o(i.HAL_GPIO_Init)
    i.HAL_GPIO_WritePin                      0x08000374   Section        0  stm32g0xx_hal_gpio.o(i.HAL_GPIO_WritePin)
    i.HAL_GetTick                            0x08000380   Section        0  stm32g0xx_hal.o(i.HAL_GetTick)
    i.HAL_Init                               0x0800038c   Section        0  stm32g0xx_hal.o(i.HAL_Init)
    i.HAL_InitTick                           0x080003b4   Section        0  stm32g0xx_hal.o(i.HAL_InitTick)
    i.HAL_MspInit                            0x080003fc   Section        0  stm32g0xx_hal_msp.o(i.HAL_MspInit)
    i.HAL_NVIC_SetPriority                   0x08000428   Section        0  stm32g0xx_hal_cortex.o(i.HAL_NVIC_SetPriority)
    i.HAL_PWREx_ControlVoltageScaling        0x08000430   Section        0  stm32g0xx_hal_pwr_ex.o(i.HAL_PWREx_ControlVoltageScaling)
    i.HAL_RCC_ClockConfig                    0x0800047c   Section        0  stm32g0xx_hal_rcc.o(i.HAL_RCC_ClockConfig)
    i.HAL_RCC_GetSysClockFreq                0x080005d4   Section        0  stm32g0xx_hal_rcc.o(i.HAL_RCC_GetSysClockFreq)
    i.HAL_RCC_OscConfig                      0x08000660   Section        0  stm32g0xx_hal_rcc.o(i.HAL_RCC_OscConfig)
    i.HAL_SYSTICK_Config                     0x08000a40   Section        0  stm32g0xx_hal_cortex.o(i.HAL_SYSTICK_Config)
    i.MX_GPIO_Init                           0x08000a70   Section        0  gpio.o(i.MX_GPIO_Init)
    i.NMI_Handler                            0x08000ad4   Section        0  stm32g0xx_it.o(i.NMI_Handler)
    i.SVC_Handler                            0x08000ad6   Section        0  stm32g0xx_it.o(i.SVC_Handler)
    i.SysTick_Handler                        0x08000ad8   Section        0  board.o(i.SysTick_Handler)
    i.SystemClock_Config                     0x08000ae8   Section        0  main.o(i.SystemClock_Config)
    i.SystemInit                             0x08000b44   Section        0  system_stm32g0xx.o(i.SystemInit)
    i.__NVIC_SetPriority                     0x08000b54   Section        0  stm32g0xx_hal_cortex.o(i.__NVIC_SetPriority)
    __NVIC_SetPriority                       0x08000b55   Thumb Code    60  stm32g0xx_hal_cortex.o(i.__NVIC_SetPriority)
    i.__rt_ffs                               0x08000b98   Section        0  kservice.o(i.__rt_ffs)
    i.__scatterload_copy                     0x08000bd8   Section       14  handlers.o(i.__scatterload_copy)
    i.__scatterload_null                     0x08000be6   Section        2  handlers.o(i.__scatterload_null)
    i.__scatterload_zeroinit                 0x08000be8   Section       14  handlers.o(i.__scatterload_zeroinit)
    i._has_defunct_thread                    0x08000bf8   Section        0  idle.o(i._has_defunct_thread)
    _has_defunct_thread                      0x08000bf9   Thumb Code    16  idle.o(i._has_defunct_thread)
    i._rt_thread_init                        0x08000c0c   Section        0  thread.o(i._rt_thread_init)
    _rt_thread_init                          0x08000c0d   Thumb Code   104  thread.o(i._rt_thread_init)
    i._rt_timer_remove                       0x08000c7c   Section        0  timer.o(i._rt_timer_remove)
    _rt_timer_remove                         0x08000c7d   Thumb Code    20  timer.o(i._rt_timer_remove)
    i.main                                   0x08000c90   Section        0  main.o(i.main)
    i.main_thread_entry                      0x08000d08   Section        0  components.o(i.main_thread_entry)
    i.print_number                           0x08000d14   Section        0  kservice.o(i.print_number)
    print_number                             0x08000d15   Thumb Code   320  kservice.o(i.print_number)
    i.rt_application_init                    0x08000e58   Section        0  components.o(i.rt_application_init)
    i.rt_components_board_init               0x08000e90   Section        0  components.o(i.rt_components_board_init)
    i.rt_components_init                     0x08000eac   Section        0  components.o(i.rt_components_init)
    i.rt_enter_critical                      0x08000ec8   Section        0  scheduler.o(i.rt_enter_critical)
    i.rt_exit_critical                       0x08000ee0   Section        0  scheduler.o(i.rt_exit_critical)
    i.rt_hw_board_init                       0x08000f14   Section        0  board.o(i.rt_hw_board_init)
    i.rt_hw_console_output                   0x08000f54   Section        0  kservice.o(i.rt_hw_console_output)
    i.rt_hw_hard_fault_exception             0x08000f58   Section        0  cpuport.o(i.rt_hw_hard_fault_exception)
    i.rt_hw_stack_init                       0x08001048   Section        0  cpuport.o(i.rt_hw_stack_init)
    i.rt_interrupt_enter                     0x08001080   Section        0  irq.o(i.rt_interrupt_enter)
    i.rt_interrupt_leave                     0x08001098   Section        0  irq.o(i.rt_interrupt_leave)
    i.rt_kprintf                             0x080010b0   Section        0  kservice.o(i.rt_kprintf)
    i.rt_list_insert_after                   0x080010d4   Section        0  thread.o(i.rt_list_insert_after)
    rt_list_insert_after                     0x080010d5   Thumb Code    14  thread.o(i.rt_list_insert_after)
    i.rt_list_insert_after                   0x080010e2   Section        0  timer.o(i.rt_list_insert_after)
    rt_list_insert_after                     0x080010e3   Thumb Code    14  timer.o(i.rt_list_insert_after)
    i.rt_list_remove                         0x080010f0   Section        0  thread.o(i.rt_list_remove)
    rt_list_remove                           0x080010f1   Thumb Code    18  thread.o(i.rt_list_remove)
    i.rt_memset                              0x08001102   Section        0  kservice.o(i.rt_memset)
    i.rt_object_detach                       0x08001140   Section        0  object.o(i.rt_object_detach)
    i.rt_object_get_information              0x08001164   Section        0  object.o(i.rt_object_get_information)
    i.rt_object_init                         0x08001184   Section        0  object.o(i.rt_object_init)
    i.rt_object_is_systemobject              0x080011d2   Section        0  object.o(i.rt_object_is_systemobject)
    i.rt_schedule                            0x080011e0   Section        0  scheduler.o(i.rt_schedule)
    i.rt_schedule_insert_thread              0x0800123c   Section        0  scheduler.o(i.rt_schedule_insert_thread)
    i.rt_schedule_remove_thread              0x08001288   Section        0  scheduler.o(i.rt_schedule_remove_thread)
    i.rt_show_version                        0x080012cc   Section        0  kservice.o(i.rt_show_version)
    i.rt_soft_timer_check                    0x0800137c   Section        0  timer.o(i.rt_soft_timer_check)
    i.rt_strlen                              0x080013e8   Section        0  kservice.o(i.rt_strlen)
    i.rt_strncpy                             0x080013f8   Section        0  kservice.o(i.rt_strncpy)
    i.rt_system_scheduler_init               0x08001420   Section        0  scheduler.o(i.rt_system_scheduler_init)
    i.rt_system_scheduler_start              0x08001454   Section        0  scheduler.o(i.rt_system_scheduler_start)
    i.rt_system_timer_init                   0x0800147c   Section        0  timer.o(i.rt_system_timer_init)
    i.rt_system_timer_thread_init            0x08001488   Section        0  timer.o(i.rt_system_timer_thread_init)
    i.rt_thread_delay                        0x080014c8   Section        0  thread.o(i.rt_thread_delay)
    i.rt_thread_exit                         0x080014d0   Section        0  thread.o(i.rt_thread_exit)
    i.rt_thread_idle_entry                   0x08001528   Section        0  idle.o(i.rt_thread_idle_entry)
    rt_thread_idle_entry                     0x08001529   Thumb Code     6  idle.o(i.rt_thread_idle_entry)
    i.rt_thread_idle_excute                  0x08001530   Section        0  idle.o(i.rt_thread_idle_excute)
    i.rt_thread_idle_init                    0x0800159c   Section        0  idle.o(i.rt_thread_idle_init)
    i.rt_thread_init                         0x080015d0   Section        0  thread.o(i.rt_thread_init)
    i.rt_thread_resume                       0x080015fa   Section        0  thread.o(i.rt_thread_resume)
    i.rt_thread_self                         0x08001638   Section        0  thread.o(i.rt_thread_self)
    i.rt_thread_sleep                        0x08001644   Section        0  thread.o(i.rt_thread_sleep)
    i.rt_thread_startup                      0x08001684   Section        0  thread.o(i.rt_thread_startup)
    i.rt_thread_suspend                      0x080016b0   Section        0  thread.o(i.rt_thread_suspend)
    i.rt_thread_timeout                      0x080016f0   Section        0  thread.o(i.rt_thread_timeout)
    i.rt_thread_timer_entry                  0x08001710   Section        0  timer.o(i.rt_thread_timer_entry)
    rt_thread_timer_entry                    0x08001711   Thumb Code    48  timer.o(i.rt_thread_timer_entry)
    i.rt_thread_yield                        0x08001748   Section        0  thread.o(i.rt_thread_yield)
    i.rt_tick_get                            0x080017a4   Section        0  clock.o(i.rt_tick_get)
    i.rt_tick_increase                       0x080017b0   Section        0  clock.o(i.rt_tick_increase)
    i.rt_timer_check                         0x080017d8   Section        0  timer.o(i.rt_timer_check)
    i.rt_timer_control                       0x0800183c   Section        0  timer.o(i.rt_timer_control)
    i.rt_timer_detach                        0x0800186e   Section        0  timer.o(i.rt_timer_detach)
    i.rt_timer_init                          0x0800188e   Section        0  timer.o(i.rt_timer_init)
    i.rt_timer_list_next_timeout             0x080018ba   Section        0  timer.o(i.rt_timer_list_next_timeout)
    rt_timer_list_next_timeout               0x080018bb   Thumb Code    16  timer.o(i.rt_timer_list_next_timeout)
    i.rt_timer_start                         0x080018cc   Section        0  timer.o(i.rt_timer_start)
    i.rt_timer_stop                          0x08001988   Section        0  timer.o(i.rt_timer_stop)
    i.rt_vsnprintf                           0x080019b8   Section        0  kservice.o(i.rt_vsnprintf)
    i.rti_board_end                          0x08001c24   Section        0  components.o(i.rti_board_end)
    rti_board_end                            0x08001c25   Thumb Code     4  components.o(i.rti_board_end)
    i.rti_board_start                        0x08001c28   Section        0  components.o(i.rti_board_start)
    rti_board_start                          0x08001c29   Thumb Code     4  components.o(i.rti_board_start)
    i.rti_end                                0x08001c2c   Section        0  components.o(i.rti_end)
    rti_end                                  0x08001c2d   Thumb Code     4  components.o(i.rti_end)
    i.rti_start                              0x08001c30   Section        0  components.o(i.rti_start)
    rti_start                                0x08001c31   Thumb Code     4  components.o(i.rti_start)
    i.rtthread_startup                       0x08001c34   Section        0  components.o(i.rtthread_startup)
    i.skip_atoi                              0x08001c5e   Section        0  kservice.o(i.skip_atoi)
    skip_atoi                                0x08001c5f   Thumb Code    32  kservice.o(i.skip_atoi)
    i.task1_thread_entry                     0x08001c80   Section        0  main.o(i.task1_thread_entry)
    task1_thread_entry                       0x08001c81   Thumb Code    40  main.o(i.task1_thread_entry)
    i.task2_thread_entry                     0x08001cac   Section        0  main.o(i.task2_thread_entry)
    task2_thread_entry                       0x08001cad   Thumb Code    12  main.o(i.task2_thread_entry)
    .constdata                               0x08001cb8   Section       64  system_stm32g0xx.o(.constdata)
    .constdata                               0x08001cf8   Section      290  kservice.o(.constdata)
    small_digits                             0x08001df8   Data          17  kservice.o(.constdata)
    large_digits                             0x08001e09   Data          17  kservice.o(.constdata)
    .rti_fn.0                                0x08001e1c   Section        4  components.o(.rti_fn.0)
    __tagsym$$used                           0x08001e1c   Number         0  components.o(.rti_fn.0)
    .rti_fn.0.end                            0x08001e20   Section        4  components.o(.rti_fn.0.end)
    __tagsym$$used                           0x08001e20   Number         0  components.o(.rti_fn.0.end)
    .rti_fn.1.end                            0x08001e24   Section        4  components.o(.rti_fn.1.end)
    __tagsym$$used                           0x08001e24   Number         0  components.o(.rti_fn.1.end)
    .rti_fn.6.end                            0x08001e28   Section        4  components.o(.rti_fn.6.end)
    __tagsym$$used                           0x08001e28   Number         0  components.o(.rti_fn.6.end)
    .data                                    0x20000000   Section       12  stm32g0xx_hal.o(.data)
    .data                                    0x2000000c   Section        4  system_stm32g0xx.o(.data)
    .data                                    0x20000010   Section        4  clock.o(.data)
    rt_tick                                  0x20000010   Data           4  clock.o(.data)
    .data                                    0x20000014   Section        1  irq.o(.data)
    .data                                    0x20000018   Section       64  object.o(.data)
    rt_object_container                      0x20000018   Data          64  object.o(.data)
    .data                                    0x20000058   Section       20  scheduler.o(.data)
    rt_scheduler_lock_nest                   0x2000005a   Data           2  scheduler.o(.data)
    .data                                    0x2000006c   Section       20  timer.o(.data)
    random_nr                                0x2000006c   Data           4  timer.o(.data)
    rt_timer_list                            0x20000070   Data           8  timer.o(.data)
    rt_soft_timer_list                       0x20000078   Data           8  timer.o(.data)
    .data                                    0x20000080   Section        4  cpuport.o(.data)
    .data                                    0x20000084   Section        4  cpuport.o(.data)
    .data                                    0x20000088   Section        4  cpuport.o(.data)
    .bss                                     0x2000008c   Section     2288  main.o(.bss)
    task1_thread                             0x2000008c   Data         120  main.o(.bss)
    rt_task1_thread_stack                    0x20000104   Data        1024  main.o(.bss)
    task2_thread                             0x20000504   Data         120  main.o(.bss)
    rt_task2_thread_stack                    0x2000057c   Data        1024  main.o(.bss)
    .bss                                     0x20000980   Section      632  components.o(.bss)
    main_stack                               0x20000980   Data         512  components.o(.bss)
    .bss                                     0x20000bf8   Section      248  idle.o(.bss)
    idle                                     0x20000bf8   Data         120  idle.o(.bss)
    rt_thread_stack                          0x20000c70   Data         128  idle.o(.bss)
    .bss                                     0x20000cf0   Section      128  kservice.o(.bss)
    rt_log_buf                               0x20000cf0   Data         128  kservice.o(.bss)
    .bss                                     0x20000d70   Section      256  scheduler.o(.bss)
    .bss                                     0x20000e70   Section      632  timer.o(.bss)
    timer_thread                             0x20000e70   Data         120  timer.o(.bss)
    timer_thread_stack                       0x20000ee8   Data         512  timer.o(.bss)
    STACK                                    0x200010e8   Section     1024  startup_stm32g070xx.o(STACK)

    Global Symbols

    Symbol Name                              Value     Ov Type        Size  Object(Section)

    BuildAttributes$$THM_ISAv3M$S$PE$A:L22$X:L11$S22$IEEE1$IW$USESV6$~STKCKD$USESV7$~SHL$OSPACE$EBA8$MICROLIB$REQ8$PRES8$EABIv2 0x00000000   Number         0  anon$$obj.o ABSOLUTE
    __ARM_use_no_argv                        0x00000000   Number         0  main.o ABSOLUTE
    __cpp_initialize__aeabi_                  - Undefined Weak Reference
    __cxa_finalize                            - Undefined Weak Reference
    __decompress                              - Undefined Weak Reference
    _clock_init                               - Undefined Weak Reference
    _microlib_exit                            - Undefined Weak Reference
    __Vectors_Size                           0x000000b8   Number         0  startup_stm32g070xx.o ABSOLUTE
    __Vectors                                0x08000000   Data           4  startup_stm32g070xx.o(RESET)
    __Vectors_End                            0x080000b8   Data           0  startup_stm32g070xx.o(RESET)
    __main                                   0x080000b9   Thumb Code     0  entry.o(.ARM.Collect$$$$00000000)
    _main_stk                                0x080000b9   Thumb Code     0  entry2.o(.ARM.Collect$$$$00000001)
    _main_scatterload                        0x080000bd   Thumb Code     0  entry5.o(.ARM.Collect$$$$00000004)
    __main_after_scatterload                 0x080000c1   Thumb Code     0  entry5.o(.ARM.Collect$$$$00000004)
    _main_clock                              0x080000c1   Thumb Code     0  entry7b.o(.ARM.Collect$$$$00000008)
    _main_cpp_init                           0x080000c1   Thumb Code     0  entry8b.o(.ARM.Collect$$$$0000000A)
    _main_init                               0x080000c1   Thumb Code     0  entry9a.o(.ARM.Collect$$$$0000000B)
    __rt_final_cpp                           0x080000c9   Thumb Code     0  entry10a.o(.ARM.Collect$$$$0000000D)
    __rt_final_exit                          0x080000c9   Thumb Code     0  entry11a.o(.ARM.Collect$$$$0000000F)
    Reset_Handler                            0x080000cd   Thumb Code     8  startup_stm32g070xx.o(.text)
    ADC1_IRQHandler                          0x080000df   Thumb Code     0  startup_stm32g070xx.o(.text)
    DMA1_Ch4_7_DMAMUX1_OVR_IRQHandler        0x080000df   Thumb Code     0  startup_stm32g070xx.o(.text)
    DMA1_Channel1_IRQHandler                 0x080000df   Thumb Code     0  startup_stm32g070xx.o(.text)
    DMA1_Channel2_3_IRQHandler               0x080000df   Thumb Code     0  startup_stm32g070xx.o(.text)
    EXTI0_1_IRQHandler                       0x080000df   Thumb Code     0  startup_stm32g070xx.o(.text)
    EXTI2_3_IRQHandler                       0x080000df   Thumb Code     0  startup_stm32g070xx.o(.text)
    EXTI4_15_IRQHandler                      0x080000df   Thumb Code     0  startup_stm32g070xx.o(.text)
    FLASH_IRQHandler                         0x080000df   Thumb Code     0  startup_stm32g070xx.o(.text)
    I2C1_IRQHandler                          0x080000df   Thumb Code     0  startup_stm32g070xx.o(.text)
    I2C2_IRQHandler                          0x080000df   Thumb Code     0  startup_stm32g070xx.o(.text)
    RCC_IRQHandler                           0x080000df   Thumb Code     0  startup_stm32g070xx.o(.text)
    RTC_TAMP_IRQHandler                      0x080000df   Thumb Code     0  startup_stm32g070xx.o(.text)
    SPI1_IRQHandler                          0x080000df   Thumb Code     0  startup_stm32g070xx.o(.text)
    SPI2_IRQHandler                          0x080000df   Thumb Code     0  startup_stm32g070xx.o(.text)
    TIM14_IRQHandler                         0x080000df   Thumb Code     0  startup_stm32g070xx.o(.text)
    TIM15_IRQHandler                         0x080000df   Thumb Code     0  startup_stm32g070xx.o(.text)
    TIM16_IRQHandler                         0x080000df   Thumb Code     0  startup_stm32g070xx.o(.text)
    TIM17_IRQHandler                         0x080000df   Thumb Code     0  startup_stm32g070xx.o(.text)
    TIM1_BRK_UP_TRG_COM_IRQHandler           0x080000df   Thumb Code     0  startup_stm32g070xx.o(.text)
    TIM1_CC_IRQHandler                       0x080000df   Thumb Code     0  startup_stm32g070xx.o(.text)
    TIM3_IRQHandler                          0x080000df   Thumb Code     0  startup_stm32g070xx.o(.text)
    TIM6_IRQHandler                          0x080000df   Thumb Code     0  startup_stm32g070xx.o(.text)
    TIM7_IRQHandler                          0x080000df   Thumb Code     0  startup_stm32g070xx.o(.text)
    USART1_IRQHandler                        0x080000df   Thumb Code     0  startup_stm32g070xx.o(.text)
    USART2_IRQHandler                        0x080000df   Thumb Code     0  startup_stm32g070xx.o(.text)
    USART3_4_IRQHandler                      0x080000df   Thumb Code     0  startup_stm32g070xx.o(.text)
    WWDG_IRQHandler                          0x080000df   Thumb Code     0  startup_stm32g070xx.o(.text)
    rt_hw_interrupt_disable                  0x080000e9   Thumb Code     8  context_rvds.o(.text)
    rt_hw_interrupt_enable                   0x080000f1   Thumb Code     6  context_rvds.o(.text)
    rt_hw_context_switch                     0x080000f7   Thumb Code    28  context_rvds.o(.text)
    rt_hw_context_switch_interrupt           0x080000f7   Thumb Code     0  context_rvds.o(.text)
    PendSV_Handler                           0x08000113   Thumb Code    84  context_rvds.o(.text)
    rt_hw_context_switch_to                  0x08000167   Thumb Code    44  context_rvds.o(.text)
    rt_hw_interrupt_thread_switch            0x08000193   Thumb Code     2  context_rvds.o(.text)
    HardFault_Handler                        0x08000195   Thumb Code    12  context_rvds.o(.text)
    __aeabi_uidiv                            0x080001c1   Thumb Code     0  uidiv.o(.text)
    __aeabi_uidivmod                         0x080001c1   Thumb Code    44  uidiv.o(.text)
    __aeabi_memset                           0x080001ed   Thumb Code    14  memseta.o(.text)
    __aeabi_memset4                          0x080001ed   Thumb Code     0  memseta.o(.text)
    __aeabi_memset8                          0x080001ed   Thumb Code     0  memseta.o(.text)
    __aeabi_memclr                           0x080001fb   Thumb Code     4  memseta.o(.text)
    __aeabi_memclr4                          0x080001fb   Thumb Code     0  memseta.o(.text)
    __aeabi_memclr8                          0x080001fb   Thumb Code     0  memseta.o(.text)
    _memset$wrapper                          0x080001ff   Thumb Code    18  memseta.o(.text)
    __scatterload                            0x08000211   Thumb Code    28  init.o(.text)
    __scatterload_rt2                        0x08000211   Thumb Code     0  init.o(.text)
    main                                     0x08000235   Thumb Code    10  components.o(i.$Sub$$main)
    HAL_GPIO_Init                            0x08000241   Thumb Code   292  stm32g0xx_hal_gpio.o(i.HAL_GPIO_Init)
    HAL_GPIO_WritePin                        0x08000375   Thumb Code    12  stm32g0xx_hal_gpio.o(i.HAL_GPIO_WritePin)
    HAL_GetTick                              0x08000381   Thumb Code     6  stm32g0xx_hal.o(i.HAL_GetTick)
    HAL_Init                                 0x0800038d   Thumb Code    36  stm32g0xx_hal.o(i.HAL_Init)
    HAL_InitTick                             0x080003b5   Thumb Code    64  stm32g0xx_hal.o(i.HAL_InitTick)
    HAL_MspInit                              0x080003fd   Thumb Code    38  stm32g0xx_hal_msp.o(i.HAL_MspInit)
    HAL_NVIC_SetPriority                     0x08000429   Thumb Code     8  stm32g0xx_hal_cortex.o(i.HAL_NVIC_SetPriority)
    HAL_PWREx_ControlVoltageScaling          0x08000431   Thumb Code    62  stm32g0xx_hal_pwr_ex.o(i.HAL_PWREx_ControlVoltageScaling)
    HAL_RCC_ClockConfig                      0x0800047d   Thumb Code   318  stm32g0xx_hal_rcc.o(i.HAL_RCC_ClockConfig)
    HAL_RCC_GetSysClockFreq                  0x080005d5   Thumb Code   130  stm32g0xx_hal_rcc.o(i.HAL_RCC_GetSysClockFreq)
    HAL_RCC_OscConfig                        0x08000661   Thumb Code   954  stm32g0xx_hal_rcc.o(i.HAL_RCC_OscConfig)
    HAL_SYSTICK_Config                       0x08000a41   Thumb Code    38  stm32g0xx_hal_cortex.o(i.HAL_SYSTICK_Config)
    MX_GPIO_Init                             0x08000a71   Thumb Code    92  gpio.o(i.MX_GPIO_Init)
    NMI_Handler                              0x08000ad5   Thumb Code     2  stm32g0xx_it.o(i.NMI_Handler)
    SVC_Handler                              0x08000ad7   Thumb Code     2  stm32g0xx_it.o(i.SVC_Handler)
    SysTick_Handler                          0x08000ad9   Thumb Code    16  board.o(i.SysTick_Handler)
    SystemClock_Config                       0x08000ae9   Thumb Code    90  main.o(i.SystemClock_Config)
    SystemInit                               0x08000b45   Thumb Code    10  system_stm32g0xx.o(i.SystemInit)
    __rt_ffs                                 0x08000b99   Thumb Code    60  kservice.o(i.__rt_ffs)
    __scatterload_copy                       0x08000bd9   Thumb Code    14  handlers.o(i.__scatterload_copy)
    __scatterload_null                       0x08000be7   Thumb Code     2  handlers.o(i.__scatterload_null)
    __scatterload_zeroinit                   0x08000be9   Thumb Code    14  handlers.o(i.__scatterload_zeroinit)
    $Super$$main                             0x08000c91   Thumb Code    86  main.o(i.main)
    main_thread_entry                        0x08000d09   Thumb Code    12  components.o(i.main_thread_entry)
    rt_application_init                      0x08000e59   Thumb Code    40  components.o(i.rt_application_init)
    rt_components_board_init                 0x08000e91   Thumb Code    20  components.o(i.rt_components_board_init)
    rt_components_init                       0x08000ead   Thumb Code    20  components.o(i.rt_components_init)
    rt_enter_critical                        0x08000ec9   Thumb Code    20  scheduler.o(i.rt_enter_critical)
    rt_exit_critical                         0x08000ee1   Thumb Code    46  scheduler.o(i.rt_exit_critical)
    rt_hw_board_init                         0x08000f15   Thumb Code    46  board.o(i.rt_hw_board_init)
    rt_hw_console_output                     0x08000f55   Thumb Code     2  kservice.o(i.rt_hw_console_output)
    rt_hw_hard_fault_exception               0x08000f59   Thumb Code    78  cpuport.o(i.rt_hw_hard_fault_exception)
    rt_hw_stack_init                         0x08001049   Thumb Code    50  cpuport.o(i.rt_hw_stack_init)
    rt_interrupt_enter                       0x08001081   Thumb Code    20  irq.o(i.rt_interrupt_enter)
    rt_interrupt_leave                       0x08001099   Thumb Code    20  irq.o(i.rt_interrupt_leave)
    rt_kprintf                               0x080010b1   Thumb Code    30  kservice.o(i.rt_kprintf)
    rt_memset                                0x08001103   Thumb Code    62  kservice.o(i.rt_memset)
    rt_object_detach                         0x08001141   Thumb Code    36  object.o(i.rt_object_detach)
    rt_object_get_information                0x08001165   Thumb Code    28  object.o(i.rt_object_get_information)
    rt_object_init                           0x08001185   Thumb Code    78  object.o(i.rt_object_init)
    rt_object_is_systemobject                0x080011d3   Thumb Code    14  object.o(i.rt_object_is_systemobject)
    rt_schedule                              0x080011e1   Thumb Code    80  scheduler.o(i.rt_schedule)
    rt_schedule_insert_thread                0x0800123d   Thumb Code    66  scheduler.o(i.rt_schedule_insert_thread)
    rt_schedule_remove_thread                0x08001289   Thumb Code    60  scheduler.o(i.rt_schedule_remove_thread)
    rt_show_version                          0x080012cd   Thumb Code    38  kservice.o(i.rt_show_version)
    rt_soft_timer_check                      0x0800137d   Thumb Code   100  timer.o(i.rt_soft_timer_check)
    rt_strlen                                0x080013e9   Thumb Code    16  kservice.o(i.rt_strlen)
    rt_strncpy                               0x080013f9   Thumb Code    40  kservice.o(i.rt_strncpy)
    rt_system_scheduler_init                 0x08001421   Thumb Code    44  scheduler.o(i.rt_system_scheduler_init)
    rt_system_scheduler_start                0x08001455   Thumb Code    30  scheduler.o(i.rt_system_scheduler_start)
    rt_system_timer_init                     0x0800147d   Thumb Code     8  timer.o(i.rt_system_timer_init)
    rt_system_timer_thread_init              0x08001489   Thumb Code    42  timer.o(i.rt_system_timer_thread_init)
    rt_thread_delay                          0x080014c9   Thumb Code     8  thread.o(i.rt_thread_delay)
    rt_thread_exit                           0x080014d1   Thumb Code    78  thread.o(i.rt_thread_exit)
    rt_thread_idle_excute                    0x08001531   Thumb Code   104  idle.o(i.rt_thread_idle_excute)
    rt_thread_idle_init                      0x0800159d   Thumb Code    36  idle.o(i.rt_thread_idle_init)
    rt_thread_init                           0x080015d1   Thumb Code    42  thread.o(i.rt_thread_init)
    rt_thread_resume                         0x080015fb   Thumb Code    60  thread.o(i.rt_thread_resume)
    rt_thread_self                           0x08001639   Thumb Code     6  thread.o(i.rt_thread_self)
    rt_thread_sleep                          0x08001645   Thumb Code    60  thread.o(i.rt_thread_sleep)
    rt_thread_startup                        0x08001685   Thumb Code    40  thread.o(i.rt_thread_startup)
    rt_thread_suspend                        0x080016b1   Thumb Code    64  thread.o(i.rt_thread_suspend)
    rt_thread_timeout                        0x080016f1   Thumb Code    30  thread.o(i.rt_thread_timeout)
    rt_thread_yield                          0x08001749   Thumb Code    84  thread.o(i.rt_thread_yield)
    rt_tick_get                              0x080017a5   Thumb Code     6  clock.o(i.rt_tick_get)
    rt_tick_increase                         0x080017b1   Thumb Code    36  clock.o(i.rt_tick_increase)
    rt_timer_check                           0x080017d9   Thumb Code    92  timer.o(i.rt_timer_check)
    rt_timer_control                         0x0800183d   Thumb Code    50  timer.o(i.rt_timer_control)
    rt_timer_detach                          0x0800186f   Thumb Code    32  timer.o(i.rt_timer_detach)
    rt_timer_init                            0x0800188f   Thumb Code    44  timer.o(i.rt_timer_init)
    rt_timer_start                           0x080018cd   Thumb Code   176  timer.o(i.rt_timer_start)
    rt_timer_stop                            0x08001989   Thumb Code    46  timer.o(i.rt_timer_stop)
    rt_vsnprintf                             0x080019b9   Thumb Code   610  kservice.o(i.rt_vsnprintf)
    rtthread_startup                         0x08001c35   Thumb Code    42  components.o(i.rtthread_startup)
    AHBPrescTable                            0x08001cb8   Data          64  system_stm32g0xx.o(.constdata)
    __lowest_bit_bitmap                      0x08001cf8   Data         256  kservice.o(.constdata)
    __rt_init_rti_start                      0x08001e1c   Data           4  components.o(.rti_fn.0)
    __rt_init_rti_board_start                0x08001e20   Data           4  components.o(.rti_fn.0.end)
    __rt_init_rti_board_end                  0x08001e24   Data           4  components.o(.rti_fn.1.end)
    __rt_init_rti_end                        0x08001e28   Data           4  components.o(.rti_fn.6.end)
    Region$$Table$$Base                      0x08001e2c   Number         0  anon$$obj.o(Region$$Table)
    Region$$Table$$Limit                     0x08001e4c   Number         0  anon$$obj.o(Region$$Table)
    uwTickPrio                               0x20000000   Data           4  stm32g0xx_hal.o(.data)
    uwTickFreq                               0x20000004   Data           4  stm32g0xx_hal.o(.data)
    uwTick                                   0x20000008   Data           4  stm32g0xx_hal.o(.data)
    SystemCoreClock                          0x2000000c   Data           4  system_stm32g0xx.o(.data)
    rt_interrupt_nest                        0x20000014   Data           1  irq.o(.data)
    rt_current_priority                      0x20000058   Data           1  scheduler.o(.data)
    rt_current_thread                        0x2000005c   Data           4  scheduler.o(.data)
    rt_thread_ready_priority_group           0x20000060   Data           4  scheduler.o(.data)
    rt_thread_defunct                        0x20000064   Data           8  scheduler.o(.data)
    rt_interrupt_from_thread                 0x20000080   Data           4  cpuport.o(.data)
    rt_interrupt_to_thread                   0x20000084   Data           4  cpuport.o(.data)
    rt_thread_switch_interrupt_flag          0x20000088   Data           4  cpuport.o(.data)
    main_thread                              0x20000b80   Data         120  components.o(.bss)
    rt_thread_priority_table                 0x20000d70   Data         256  scheduler.o(.bss)
    __initial_sp                             0x200014e8   Data           0  startup_stm32g070xx.o(STACK)



==============================================================================

Memory Map of the image

  Image Entry point : 0x080000b9

  Load Region LR_IROM1 (Base: 0x08000000, Size: 0x00001ed8, Max: 0x00020000, ABSOLUTE)

    Execution Region ER_IROM1 (Exec base: 0x08000000, Load base: 0x08000000, Size: 0x00001e4c, Max: 0x00020000, ABSOLUTE)

    Exec Addr    Load Addr    Size         Type   Attr      Idx    E Section Name        Object

    0x08000000   0x08000000   0x000000b8   Data   RO            3    RESET               startup_stm32g070xx.o
    0x080000b8   0x080000b8   0x00000000   Code   RO         2247  * .ARM.Collect$$$$00000000  mc_p.l(entry.o)
    0x080000b8   0x080000b8   0x00000004   Code   RO         2256    .ARM.Collect$$$$00000001  mc_p.l(entry2.o)
    0x080000bc   0x080000bc   0x00000004   Code   RO         2259    .ARM.Collect$$$$00000004  mc_p.l(entry5.o)
    0x080000c0   0x080000c0   0x00000000   Code   RO         2261    .ARM.Collect$$$$00000008  mc_p.l(entry7b.o)
    0x080000c0   0x080000c0   0x00000000   Code   RO         2263    .ARM.Collect$$$$0000000A  mc_p.l(entry8b.o)
    0x080000c0   0x080000c0   0x00000008   Code   RO         2264    .ARM.Collect$$$$0000000B  mc_p.l(entry9a.o)
    0x080000c8   0x080000c8   0x00000000   Code   RO         2266    .ARM.Collect$$$$0000000D  mc_p.l(entry10a.o)
    0x080000c8   0x080000c8   0x00000000   Code   RO         2268    .ARM.Collect$$$$0000000F  mc_p.l(entry11a.o)
    0x080000c8   0x080000c8   0x00000004   Code   RO         2257    .ARM.Collect$$$$00002712  mc_p.l(entry2.o)
    0x080000cc   0x080000cc   0x0000001c   Code   RO            4    .text               startup_stm32g070xx.o
    0x080000e8   0x080000e8   0x000000d8   Code   RO         2213    .text               context_rvds.o
    0x080001c0   0x080001c0   0x0000002c   Code   RO         2250    .text               mc_p.l(uidiv.o)
    0x080001ec   0x080001ec   0x00000024   Code   RO         2254    .text               mc_p.l(memseta.o)
    0x08000210   0x08000210   0x00000024   Code   RO         2270    .text               mc_p.l(init.o)
    0x08000234   0x08000234   0x0000000a   Code   RO         1480    i.$Sub$$main        components.o
    0x0800023e   0x0800023e   0x00000002   PAD
    0x08000240   0x08000240   0x00000134   Code   RO          266    i.HAL_GPIO_Init     stm32g0xx_hal_gpio.o
    0x08000374   0x08000374   0x0000000c   Code   RO          270    i.HAL_GPIO_WritePin  stm32g0xx_hal_gpio.o
    0x08000380   0x08000380   0x0000000c   Code   RO         1163    i.HAL_GetTick       stm32g0xx_hal.o
    0x0800038c   0x0800038c   0x00000028   Code   RO         1170    i.HAL_Init          stm32g0xx_hal.o
    0x080003b4   0x080003b4   0x00000048   Code   RO         1171    i.HAL_InitTick      stm32g0xx_hal.o
    0x080003fc   0x080003fc   0x0000002c   Code   RO          242    i.HAL_MspInit       stm32g0xx_hal_msp.o
    0x08000428   0x08000428   0x00000008   Code   RO         1051    i.HAL_NVIC_SetPriority  stm32g0xx_hal_cortex.o
    0x08000430   0x08000430   0x0000004c   Code   RO          932    i.HAL_PWREx_ControlVoltageScaling  stm32g0xx_hal_pwr_ex.o
    0x0800047c   0x0800047c   0x00000158   Code   RO          359    i.HAL_RCC_ClockConfig  stm32g0xx_hal_rcc.o
    0x080005d4   0x080005d4   0x0000008c   Code   RO          368    i.HAL_RCC_GetSysClockFreq  stm32g0xx_hal_rcc.o
    0x08000660   0x08000660   0x000003e0   Code   RO          372    i.HAL_RCC_OscConfig  stm32g0xx_hal_rcc.o
    0x08000a40   0x08000a40   0x00000030   Code   RO         1055    i.HAL_SYSTICK_Config  stm32g0xx_hal_cortex.o
    0x08000a70   0x08000a70   0x00000064   Code   RO          193    i.MX_GPIO_Init      gpio.o
    0x08000ad4   0x08000ad4   0x00000002   Code   RO          213    i.NMI_Handler       stm32g0xx_it.o
    0x08000ad6   0x08000ad6   0x00000002   Code   RO          214    i.SVC_Handler       stm32g0xx_it.o
    0x08000ad8   0x08000ad8   0x00000010   Code   RO           10    i.SysTick_Handler   board.o
    0x08000ae8   0x08000ae8   0x0000005a   Code   RO           60    i.SystemClock_Config  main.o
    0x08000b42   0x08000b42   0x00000002   PAD
    0x08000b44   0x08000b44   0x00000010   Code   RO         1411    i.SystemInit        system_stm32g0xx.o
    0x08000b54   0x08000b54   0x00000044   Code   RO         1057    i.__NVIC_SetPriority  stm32g0xx_hal_cortex.o
    0x08000b98   0x08000b98   0x00000040   Code   RO         1718    i.__rt_ffs          kservice.o
    0x08000bd8   0x08000bd8   0x0000000e   Code   RO         2274    i.__scatterload_copy  mc_p.l(handlers.o)
    0x08000be6   0x08000be6   0x00000002   Code   RO         2275    i.__scatterload_null  mc_p.l(handlers.o)
    0x08000be8   0x08000be8   0x0000000e   Code   RO         2276    i.__scatterload_zeroinit  mc_p.l(handlers.o)
    0x08000bf6   0x08000bf6   0x00000002   PAD
    0x08000bf8   0x08000bf8   0x00000014   Code   RO         1555    i._has_defunct_thread  idle.o
    0x08000c0c   0x08000c0c   0x00000070   Code   RO         2013    i._rt_thread_init   thread.o
    0x08000c7c   0x08000c7c   0x00000014   Code   RO         2121    i._rt_timer_remove  timer.o
    0x08000c90   0x08000c90   0x00000078   Code   RO           61    i.main              main.o
    0x08000d08   0x08000d08   0x0000000c   Code   RO         1481    i.main_thread_entry  components.o
    0x08000d14   0x08000d14   0x00000144   Code   RO         1720    i.print_number      kservice.o
    0x08000e58   0x08000e58   0x00000038   Code   RO         1482    i.rt_application_init  components.o
    0x08000e90   0x08000e90   0x0000001c   Code   RO         1483    i.rt_components_board_init  components.o
    0x08000eac   0x08000eac   0x0000001c   Code   RO         1484    i.rt_components_init  components.o
    0x08000ec8   0x08000ec8   0x00000018   Code   RO         1946    i.rt_enter_critical  scheduler.o
    0x08000ee0   0x08000ee0   0x00000034   Code   RO         1947    i.rt_exit_critical  scheduler.o
    0x08000f14   0x08000f14   0x00000040   Code   RO           11    i.rt_hw_board_init  board.o
    0x08000f54   0x08000f54   0x00000002   Code   RO         1722    i.rt_hw_console_output  kservice.o
    0x08000f56   0x08000f56   0x00000002   PAD
    0x08000f58   0x08000f58   0x000000f0   Code   RO         2218    i.rt_hw_hard_fault_exception  cpuport.o
    0x08001048   0x08001048   0x00000038   Code   RO         2219    i.rt_hw_stack_init  cpuport.o
    0x08001080   0x08001080   0x00000018   Code   RO         1691    i.rt_interrupt_enter  irq.o
    0x08001098   0x08001098   0x00000018   Code   RO         1693    i.rt_interrupt_leave  irq.o
    0x080010b0   0x080010b0   0x00000024   Code   RO         1723    i.rt_kprintf        kservice.o
    0x080010d4   0x080010d4   0x0000000e   Code   RO         2014    i.rt_list_insert_after  thread.o
    0x080010e2   0x080010e2   0x0000000e   Code   RO         2122    i.rt_list_insert_after  timer.o
    0x080010f0   0x080010f0   0x00000012   Code   RO         2015    i.rt_list_remove    thread.o
    0x08001102   0x08001102   0x0000003e   Code   RO         1728    i.rt_memset         kservice.o
    0x08001140   0x08001140   0x00000024   Code   RO         1892    i.rt_object_detach  object.o
    0x08001164   0x08001164   0x00000020   Code   RO         1894    i.rt_object_get_information  object.o
    0x08001184   0x08001184   0x0000004e   Code   RO         1896    i.rt_object_init    object.o
    0x080011d2   0x080011d2   0x0000000e   Code   RO         1897    i.rt_object_is_systemobject  object.o
    0x080011e0   0x080011e0   0x0000005c   Code   RO         1948    i.rt_schedule       scheduler.o
    0x0800123c   0x0800123c   0x0000004c   Code   RO         1949    i.rt_schedule_insert_thread  scheduler.o
    0x08001288   0x08001288   0x00000044   Code   RO         1950    i.rt_schedule_remove_thread  scheduler.o
    0x080012cc   0x080012cc   0x000000b0   Code   RO         1730    i.rt_show_version   kservice.o
    0x0800137c   0x0800137c   0x0000006c   Code   RO         2123    i.rt_soft_timer_check  timer.o
    0x080013e8   0x080013e8   0x00000010   Code   RO         1735    i.rt_strlen         kservice.o
    0x080013f8   0x080013f8   0x00000028   Code   RO         1737    i.rt_strncpy        kservice.o
    0x08001420   0x08001420   0x00000034   Code   RO         1951    i.rt_system_scheduler_init  scheduler.o
    0x08001454   0x08001454   0x00000028   Code   RO         1952    i.rt_system_scheduler_start  scheduler.o
    0x0800147c   0x0800147c   0x0000000c   Code   RO         2124    i.rt_system_timer_init  timer.o
    0x08001488   0x08001488   0x00000040   Code   RO         2125    i.rt_system_timer_thread_init  timer.o
    0x080014c8   0x080014c8   0x00000008   Code   RO         2017    i.rt_thread_delay   thread.o
    0x080014d0   0x080014d0   0x00000058   Code   RO         2019    i.rt_thread_exit    thread.o
    0x08001528   0x08001528   0x00000006   Code   RO         1556    i.rt_thread_idle_entry  idle.o
    0x0800152e   0x0800152e   0x00000002   PAD
    0x08001530   0x08001530   0x0000006c   Code   RO         1557    i.rt_thread_idle_excute  idle.o
    0x0800159c   0x0800159c   0x00000034   Code   RO         1559    i.rt_thread_idle_init  idle.o
    0x080015d0   0x080015d0   0x0000002a   Code   RO         2021    i.rt_thread_init    thread.o
    0x080015fa   0x080015fa   0x0000003c   Code   RO         2023    i.rt_thread_resume  thread.o
    0x08001636   0x08001636   0x00000002   PAD
    0x08001638   0x08001638   0x0000000c   Code   RO         2024    i.rt_thread_self    thread.o
    0x08001644   0x08001644   0x00000040   Code   RO         2025    i.rt_thread_sleep   thread.o
    0x08001684   0x08001684   0x0000002c   Code   RO         2026    i.rt_thread_startup  thread.o
    0x080016b0   0x080016b0   0x00000040   Code   RO         2027    i.rt_thread_suspend  thread.o
    0x080016f0   0x080016f0   0x0000001e   Code   RO         2028    i.rt_thread_timeout  thread.o
    0x0800170e   0x0800170e   0x00000002   PAD
    0x08001710   0x08001710   0x00000038   Code   RO         2126    i.rt_thread_timer_entry  timer.o
    0x08001748   0x08001748   0x0000005c   Code   RO         2029    i.rt_thread_yield   thread.o
    0x080017a4   0x080017a4   0x0000000c   Code   RO         1444    i.rt_tick_get       clock.o
    0x080017b0   0x080017b0   0x00000028   Code   RO         1445    i.rt_tick_increase  clock.o
    0x080017d8   0x080017d8   0x00000064   Code   RO         2127    i.rt_timer_check    timer.o
    0x0800183c   0x0800183c   0x00000032   Code   RO         2128    i.rt_timer_control  timer.o
    0x0800186e   0x0800186e   0x00000020   Code   RO         2129    i.rt_timer_detach   timer.o
    0x0800188e   0x0800188e   0x0000002c   Code   RO         2130    i.rt_timer_init     timer.o
    0x080018ba   0x080018ba   0x00000010   Code   RO         2131    i.rt_timer_list_next_timeout  timer.o
    0x080018ca   0x080018ca   0x00000002   PAD
    0x080018cc   0x080018cc   0x000000bc   Code   RO         2133    i.rt_timer_start    timer.o
    0x08001988   0x08001988   0x0000002e   Code   RO         2134    i.rt_timer_stop     timer.o
    0x080019b6   0x080019b6   0x00000002   PAD
    0x080019b8   0x080019b8   0x0000026c   Code   RO         1740    i.rt_vsnprintf      kservice.o
    0x08001c24   0x08001c24   0x00000004   Code   RO         1485    i.rti_board_end     components.o
    0x08001c28   0x08001c28   0x00000004   Code   RO         1486    i.rti_board_start   components.o
    0x08001c2c   0x08001c2c   0x00000004   Code   RO         1487    i.rti_end           components.o
    0x08001c30   0x08001c30   0x00000004   Code   RO         1488    i.rti_start         components.o
    0x08001c34   0x08001c34   0x0000002a   Code   RO         1489    i.rtthread_startup  components.o
    0x08001c5e   0x08001c5e   0x00000020   Code   RO         1742    i.skip_atoi         kservice.o
    0x08001c7e   0x08001c7e   0x00000002   PAD
    0x08001c80   0x08001c80   0x0000002c   Code   RO           62    i.task1_thread_entry  main.o
    0x08001cac   0x08001cac   0x0000000c   Code   RO           63    i.task2_thread_entry  main.o
    0x08001cb8   0x08001cb8   0x00000040   Data   RO         1412    .constdata          system_stm32g0xx.o
    0x08001cf8   0x08001cf8   0x00000122   Data   RO         1744    .constdata          kservice.o
    0x08001e1a   0x08001e1a   0x00000002   PAD
    0x08001e1c   0x08001e1c   0x00000004   Data   RO         1491    .rti_fn.0           components.o
    0x08001e20   0x08001e20   0x00000004   Data   RO         1492    .rti_fn.0.end       components.o
    0x08001e24   0x08001e24   0x00000004   Data   RO         1493    .rti_fn.1.end       components.o
    0x08001e28   0x08001e28   0x00000004   Data   RO         1494    .rti_fn.6.end       components.o
    0x08001e2c   0x08001e2c   0x00000020   Data   RO         2272    Region$$Table       anon$$obj.o


    Execution Region RW_IRAM1 (Exec base: 0x20000000, Load base: 0x08001e4c, Size: 0x000014e8, Max: 0x00009000, ABSOLUTE)

    Exec Addr    Load Addr    Size         Type   Attr      Idx    E Section Name        Object

    0x20000000   0x08001e4c   0x0000000c   Data   RW         1182    .data               stm32g0xx_hal.o
    0x2000000c   0x08001e58   0x00000004   Data   RW         1414    .data               system_stm32g0xx.o
    0x20000010   0x08001e5c   0x00000004   Data   RW         1447    .data               clock.o
    0x20000014   0x08001e60   0x00000001   Data   RW         1694    .data               irq.o
    0x20000015   0x08001e61   0x00000003   PAD
    0x20000018   0x08001e64   0x00000040   Data   RW         1899    .data               object.o
    0x20000058   0x08001ea4   0x00000014   Data   RW         1954    .data               scheduler.o
    0x2000006c   0x08001eb8   0x00000014   Data   RW         2136    .data               timer.o
    0x20000080   0x08001ecc   0x00000004   Data   RW         2220    .data               cpuport.o
    0x20000084   0x08001ed0   0x00000004   Data   RW         2221    .data               cpuport.o
    0x20000088   0x08001ed4   0x00000004   Data   RW         2222    .data               cpuport.o
    0x2000008c        -       0x000008f0   Zero   RW           64    .bss                main.o
    0x2000097c   0x08001ed8   0x00000004   PAD
    0x20000980        -       0x00000278   Zero   RW         1490    .bss                components.o
    0x20000bf8        -       0x000000f8   Zero   RW         1560    .bss                idle.o
    0x20000cf0        -       0x00000080   Zero   RW         1743    .bss                kservice.o
    0x20000d70        -       0x00000100   Zero   RW         1953    .bss                scheduler.o
    0x20000e70        -       0x00000278   Zero   RW         2135    .bss                timer.o
    0x200010e8        -       0x00000400   Zero   RW            1    STACK               startup_stm32g070xx.o


==============================================================================

Image component sizes


      Code (inc. data)   RO Data    RW Data    ZI Data      Debug   Object Name

        80         18          0          0          0      11939   board.o
        52         10          0          4          0       1169   clock.o
       192         32         16          0        632       5732   components.o
       216         32          0          0          0        796   context_rvds.o
       296        168          0         12          0       3030   cpuport.o
       100          8          0          0          0        867   gpio.o
       186         24          0          0        248       5434   idle.o
        48          8          0          1          0       1582   irq.o
      1372        162        290          0        128      10899   kservice.o
       266         38          0          0       2288     321692   main.o
       160          4          0         64          0       6092   object.o
       404         58          0         20        256       7794   scheduler.o
        28          8        184          0       1024        628   startup_stm32g070xx.o
       124         18          0         12          0       2719   stm32g0xx_hal.o
       124         18          0          0          0      11428   stm32g0xx_hal_cortex.o
       320         16          0          0          0       2208   stm32g0xx_hal_gpio.o
        44          6          0          0          0        798   stm32g0xx_hal_msp.o
        76         14          0          0          0        738   stm32g0xx_hal_pwr_ex.o
      1476         74          0          0          0       4382   stm32g0xx_hal_rcc.o
         4          0          0          0          0        804   stm32g0xx_it.o
        16          6         64          4          0       1103   system_stm32g0xx.o
       648         40          0          0          0      10673   thread.o
       750         62          0         20        632      11522   timer.o

    ----------------------------------------------------------------------
      7000        824        588        140       5212     424029   Object Totals
         0          0         32          0          0          0   (incl. Generated)
        18          0          2          3          4          0   (incl. Padding)

    ----------------------------------------------------------------------

      Code (inc. data)   RO Data    RW Data    ZI Data      Debug   Library Member Name

         0          0          0          0          0          0   entry.o
         0          0          0          0          0          0   entry10a.o
         0          0          0          0          0          0   entry11a.o
         8          4          0          0          0          0   entry2.o
         4          0          0          0          0          0   entry5.o
         0          0          0          0          0          0   entry7b.o
         0          0          0          0          0          0   entry8b.o
         8          4          0          0          0          0   entry9a.o
        30          0          0          0          0          0   handlers.o
        36          8          0          0          0         68   init.o
        36          0          0          0          0        100   memseta.o
        44          0          0          0          0         72   uidiv.o

    ----------------------------------------------------------------------
       168         16          0          0          0        240   Library Totals
         2          0          0          0          0          0   (incl. Padding)

    ----------------------------------------------------------------------

      Code (inc. data)   RO Data    RW Data    ZI Data      Debug   Library Name

       166         16          0          0          0        240   mc_p.l

    ----------------------------------------------------------------------
       168         16          0          0          0        240   Library Totals

    ----------------------------------------------------------------------

==============================================================================


      Code (inc. data)   RO Data    RW Data    ZI Data      Debug   

      7168        840        588        140       5212     420585   Grand Totals
      7168        840        588        140       5212     420585   ELF Image Totals
      7168        840        588        140          0          0   ROM Totals

==============================================================================

    Total RO  Size (Code + RO Data)                 7756 (   7.57kB)
    Total RW  Size (RW Data + ZI Data)              5352 (   5.23kB)
    Total ROM Size (Code + RO Data + RW Data)       7896 (   7.71kB)

==============================================================================

