<html>
<body>
<pre>
<h1>µVision Build Log</h1>
<h2>Tool Versions:</h2>
IDE-Version: ¦ÌVision V5.27.1.0
Copyright (C) 2019 ARM Ltd and ARM Germany GmbH. All rights reserved.
License Information: 1 1, 1, LIC=JL28G-V16WT-WFQI7-EB2MR-7YGS4-JGVSI
 
Tool Versions:
Toolchain:       MDK-ARM Plus  Version: 5.27.1.0
Toolchain Path:  C:\rj\Keil_v5\ARM\ARMCC\Bin
C Compiler:      Armcc.exe V5.06 update 6 (build 750)
Assembler:       Armasm.exe V5.06 update 6 (build 750)
Linker/Locator:  ArmLink.exe V5.06 update 6 (build 750)
Library Manager: ArmAr.exe V5.06 update 6 (build 750)
Hex Converter:   FromElf.exe V5.06 update 6 (build 750)
CPU DLL:         SARMCM3.DLL V5.27.1.0
Dialog DLL:      DARMCM1.DLL V1.19.2.0
Target DLL:      STLink\ST-LINKIII-KEIL_SWO.dll V3.0.6.0
Dialog DLL:      TARMCM1.DLL V1.14.1.0
 
<h2>Project:</h2>
E:\test\test\DirectionSensor_rotation\MDK-ARM\DirectionSensor_rotation.uvprojx
Project File Date:  07/07/2020

<h2>Output:</h2>
*** Using Compiler 'V5.06 update 6 (build 750)', folder: 'C:\rj\Keil_v5\ARM\ARMCC\Bin'
Rebuild target 'DirectionSensor_rotation'
assembling startup_stm32g070xx.s...
compiling board.c...
compiling stm32g0xx_hal_tim_ex.c...
compiling stm32g0xx_it.c...
compiling stm32g0xx_hal_tim.c...
compiling gpio.c...
compiling stm32g0xx_ll_rcc.c...
compiling stm32g0xx_hal_gpio.c...
compiling main.c...
compiling stm32g0xx_hal_msp.c...
compiling stm32g0xx_hal_rcc.c...
compiling stm32g0xx_hal_flash.c...
compiling stm32g0xx_hal_flash_ex.c...
compiling stm32g0xx_hal_rcc_ex.c...
compiling stm32g0xx_hal_dma.c...
compiling stm32g0xx_hal_pwr.c...
compiling stm32g0xx_hal_dma_ex.c...
compiling stm32g0xx_hal.c...
compiling cpu.c...
compiling components.c...
compiling stm32g0xx_hal_exti.c...
compiling clock.c...
compiling ipc.c...
compiling kservice.c...
compiling stm32g0xx_hal_pwr_ex.c...
compiling irq.c...
compiling system_stm32g0xx.c...
compiling stm32g0xx_hal_cortex.c...
compiling idle.c...
compiling mempool.c...
compiling memheap.c...
compiling thread.c...
compiling scheduler.c...
compiling slab.c...
compiling object.c...
..\rt-thread-3.1.3\src\object.c(262): warning:  #550-D: variable "obj"  was set but never used
          struct rt_object *obj;
..\rt-thread-3.1.3\src\object.c: 1 warning, 0 errors
compiling mem.c...
assembling context_rvds.S...
compiling cpuport.c...
compiling timer.c...
linking...
Program Size: Code=7168 RO-data=588 RW-data=140 ZI-data=5212  
FromELF: creating hex file...
"DirectionSensor_rotation\DirectionSensor_rotation.axf" - 0 Error(s), 1 Warning(s).

<h2>Software Packages used:</h2>

Package Vendor: ARM
                http://www.keil.com/pack/ARM.CMSIS.5.5.1.pack
                ARM.CMSIS.5.5.1
                CMSIS (Cortex Microcontroller Software Interface Standard)
   * Component: CORE Version: 5.2.0

Package Vendor: Keil
                https://www.keil.com/pack/Keil.STM32G0xx_DFP.1.2.0.pack
                Keil.STM32G0xx_DFP.1.2.0
                STMicroelectronics STM32G0 Series Device Support

<h2>Collection of Component include folders:</h2>
  .\RTE\_DirectionSensor_rotation
  C:\rj\Keil_v5\ARM\PACK\ARM\CMSIS\5.5.1\CMSIS\Core\Include
  C:\rj\Keil_v5\ARM\PACK\Keil\STM32G0xx_DFP\1.2.0\Drivers\CMSIS\Device\ST\STM32G0xx\Include

<h2>Collection of Component Files used:</h2>

   * Component: ARM::CMSIS:CORE:5.2.0
Build Time Elapsed:  00:00:08
</pre>
</body>
</html>
