Component: ARM Compiler 5.06 update 6 (build 750) Tool: armlink [4d35ed]

==============================================================================

Section Cross References

    startup_stm32g070xx.o(RESET) refers to startup_stm32g070xx.o(STACK) for __initial_sp
    startup_stm32g070xx.o(RESET) refers to startup_stm32g070xx.o(.text) for Reset_Handler
    startup_stm32g070xx.o(RESET) refers to stm32g0xx_it.o(i.NMI_Handler) for NMI_Handler
    startup_stm32g070xx.o(RESET) refers to context_rvds.o(.text) for HardFault_Handler
    startup_stm32g070xx.o(RESET) refers to stm32g0xx_it.o(i.SVC_Handler) for SVC_Handler
    startup_stm32g070xx.o(RESET) refers to board.o(i.SysTick_Handler) for SysTick_Handler
    startup_stm32g070xx.o(RESET) refers to stm32g0xx_it.o(i.DMA1_Channel1_IRQHandler) for DMA1_Channel1_IRQHandler
    startup_stm32g070xx.o(RESET) refers to stm32g0xx_it.o(i.DMA1_Channel2_3_IRQHandler) for DMA1_Channel2_3_IRQHandler
    startup_stm32g070xx.o(RESET) refers to stm32g0xx_it.o(i.TIM3_IRQHandler) for TIM3_IRQHandler
    startup_stm32g070xx.o(RESET) refers to usart_1.o(i.USART1_IRQHandler) for USART1_IRQHandler
    startup_stm32g070xx.o(.text) refers to system_stm32g0xx.o(i.SystemInit) for SystemInit
    startup_stm32g070xx.o(.text) refers to entry.o(.ARM.Collect$$$$00000000) for __main
    main.o(i.main) refers to task.o(i.task_Init) for task_Init
    main.o(i.main) refers to thread.o(i.rt_thread_mdelay) for rt_thread_mdelay
    stm32g0xx_it.o(i.DMA1_Channel1_IRQHandler) refers to stm32g0xx_hal_dma.o(i.HAL_DMA_IRQHandler) for HAL_DMA_IRQHandler
    stm32g0xx_it.o(i.DMA1_Channel1_IRQHandler) refers to adc_1.o(.bss) for hdma_adc1
    stm32g0xx_it.o(i.DMA1_Channel2_3_IRQHandler) refers to stm32g0xx_hal_dma.o(i.HAL_DMA_IRQHandler) for HAL_DMA_IRQHandler
    stm32g0xx_it.o(i.DMA1_Channel2_3_IRQHandler) refers to usart_1.o(.bss) for hdma_usart1_rx
    stm32g0xx_it.o(i.TIM3_IRQHandler) refers to stm32g0xx_hal_tim.o(i.HAL_TIM_IRQHandler) for HAL_TIM_IRQHandler
    stm32g0xx_it.o(i.TIM3_IRQHandler) refers to tim_1.o(.bss) for htim3
    para.o(i.GetAverage) refers to uldiv.o(.text) for __aeabi_uldivmod
    para.o(i.GetDelExtremeAndAverage) refers to para.o(i.SortArrayExtreme) for SortArrayExtreme
    para.o(i.GetDelExtremeAndAverage) refers to para.o(i.GetAverage) for GetAverage
    para.o(i.ReadPara) refers to inflash.o(i.FlashReadNWord) for FlashReadNWord
    para.o(i.ReadPara) refers to inflash.o(i.FlashWriteDoubleWord) for FlashWriteDoubleWord
    para.o(i.ReadPara) refers to para.o(.data) for User_Default_Param
    para.o(i.ReadPara) refers to para.o(.bss) for Cur_Param
    para.o(i.Switch_Fiter) refers to para.o(.bss) for UserPara
    para.o(i.Switch_Fiter) refers to task.o(.data) for time_tick
    board.o(i.SysTick_Handler) refers to irq.o(i.rt_interrupt_enter) for rt_interrupt_enter
    board.o(i.SysTick_Handler) refers to clock.o(i.rt_tick_increase) for rt_tick_increase
    board.o(i.SysTick_Handler) refers to irq.o(i.rt_interrupt_leave) for rt_interrupt_leave
    board.o(i.rt_heap_begin_get) refers to board.o(.bss) for rt_heap
    board.o(i.rt_heap_end_get) refers to board.o(.bss) for rt_heap
    board.o(i.rt_hw_board_init) refers to system.o(i.system_Init) for system_Init
    board.o(i.rt_hw_board_init) refers to components.o(i.rt_components_board_init) for rt_components_board_init
    board.o(i.rt_hw_board_init) refers to board.o(i.rt_heap_end_get) for rt_heap_end_get
    board.o(i.rt_hw_board_init) refers to board.o(i.rt_heap_begin_get) for rt_heap_begin_get
    board.o(i.rt_hw_board_init) refers to mem.o(i.rt_system_heap_init) for rt_system_heap_init
    system.o(i.system_Init) refers to stm32g0xx_hal.o(i.HAL_Init) for HAL_Init
    system.o(i.system_Init) refers to system_clock.o(i.SystemClock_Config) for SystemClock_Config
    system.o(i.system_Init) refers to led.o(i.MX_GPIO_Init) for MX_GPIO_Init
    system.o(i.system_Init) refers to dma_1.o(i.MX_DMA_Init) for MX_DMA_Init
    system.o(i.system_Init) refers to adc_1.o(i.MX_ADC1_Init) for MX_ADC1_Init
    system.o(i.system_Init) refers to usart_1.o(i.MX_USART1_UART_Init) for MX_USART1_UART_Init
    system.o(i.system_Init) refers to tim_1.o(i.MX_TIM1_Init) for MX_TIM1_Init
    system.o(i.system_Init) refers to tim_1.o(i.MX_TIM3_Init) for MX_TIM3_Init
    system.o(i.system_Init) refers to iwdg.o(i.User_Iwdg_Init) for User_Iwdg_Init
    system_clock.o(i.SystemClock_Config) refers to memseta.o(.text) for __aeabi_memclr4
    system_clock.o(i.SystemClock_Config) refers to stm32g0xx_hal_pwr_ex.o(i.HAL_PWREx_ControlVoltageScaling) for HAL_PWREx_ControlVoltageScaling
    system_clock.o(i.SystemClock_Config) refers to stm32g0xx_hal_rcc.o(i.HAL_RCC_OscConfig) for HAL_RCC_OscConfig
    system_clock.o(i.SystemClock_Config) refers to main.o(i.Error_Handler) for Error_Handler
    system_clock.o(i.SystemClock_Config) refers to stm32g0xx_hal_rcc.o(i.HAL_RCC_ClockConfig) for HAL_RCC_ClockConfig
[...]
    .data                                    0x20000028   Section       84  task.o(.data)
    dynamic_thread                           0x20000030   Data           4  task.o(.data)
    .data                                    0x2000007c   Section        8  usart_1.o(.data)
    .data                                    0x20000084   Section       16  tim_1.o(.data)
    .data                                    0x20000094   Section        3  modbus_asc.o(.data)
    .data                                    0x20000098   Section        4  modbus_ascii.o(.data)
    g_cyRevState                             0x20000098   Data           1  modbus_ascii.o(.data)
    g_cyRevBufffLen                          0x2000009a   Data           2  modbus_ascii.o(.data)
    .data                                    0x2000009c   Section       16  inflash.o(.data)
    .data                                    0x200000ac   Section        4  clock.o(.data)
    rt_tick                                  0x200000ac   Data           4  clock.o(.data)
    .data                                    0x200000b0   Section        1  irq.o(.data)
    .data                                    0x200000b4   Section       24  mem.o(.data)
    heap_ptr                                 0x200000b4   Data           4  mem.o(.data)
    heap_end                                 0x200000b8   Data           4  mem.o(.data)
    lfree                                    0x200000bc   Data           4  mem.o(.data)
    mem_size_aligned                         0x200000c0   Data           4  mem.o(.data)
    used_mem                                 0x200000c4   Data           4  mem.o(.data)
    max_mem                                  0x200000c8   Data           4  mem.o(.data)
    .data                                    0x200000cc   Section      112  object.o(.data)
    rt_object_container                      0x200000cc   Data         112  object.o(.data)
    .data                                    0x2000013c   Section       24  scheduler.o(.data)
    rt_scheduler_lock_nest                   0x2000013c   Data           2  scheduler.o(.data)
    .data                                    0x20000154   Section       12  timer.o(.data)
    rt_timer_list                            0x20000154   Data           8  timer.o(.data)
    random_nr                                0x2000015c   Data           4  timer.o(.data)
    .data                                    0x20000160   Section       12  cpuport.o(.data)
    .data                                    0x2000016c   Section       24  shell.o(.data)
    finsh_prompt_custom                      0x20000180   Data           4  shell.o(.data)
    .data                                    0x20000184   Section       12  stm32g0xx_hal.o(.data)
    .data                                    0x20000190   Section        4  system_stm32g0xx.o(.data)
    .bss                                     0x20000194   Section       64  para.o(.bss)
    .bss                                     0x200001d4   Section     8192  board.o(.bss)
    rt_heap                                  0x200001d4   Data        8192  board.o(.bss)
    .bss                                     0x200021d4   Section      624  usart_1.o(.bss)
    .bss                                     0x20002444   Section      128  tim_1.o(.bss)
    .bss                                     0x200024c4   Section      192  adc_1.o(.bss)
    .bss                                     0x20002584   Section      100  modbus_asc.o(.bss)
    .bss                                     0x200025e8   Section      150  modbus_ascii.o(.bss)
    .bss                                     0x20002680   Section       16  iwdg.o(.bss)
    .bss                                     0x20002690   Section       12  inflash.o(.bss)
    .bss                                     0x2000269c   Section      400  idle.o(.bss)
    idle                                     0x2000269c   Data         144  idle.o(.bss)
    rt_thread_stack                          0x2000272c   Data         256  idle.o(.bss)
    .bss                                     0x2000282c   Section      128  kservice.o(.bss)
    rt_log_buf                               0x2000282c   Data         128  kservice.o(.bss)
    .bss                                     0x200028ac   Section       40  mem.o(.bss)
    heap_sem                                 0x200028ac   Data          40  mem.o(.bss)
    .bss                                     0x200028d4   Section      256  scheduler.o(.bss)
    .bss                                     0x200029d4   Section      129  shell.o(.bss)
    finsh_prompt                             0x200029d4   Data         129  shell.o(.bss)
    .bss                                     0x20002a58   Section       24  stm32g0xx_hal_flash.o(.bss)
    STACK                                    0x20002a70   Section     1024  startup_stm32g070xx.o(STACK)

    Global Symbols

    Symbol Name                              Value     Ov Type        Size  Object(Section)

    BuildAttributes$$THM_ISAv3M$S$PE$A:L22$X:L11$S22$IEEE1$IW$USESV6$~STKCKD$USESV7$~SHL$OSPACE$EBA8$MICROLIB$REQ8$PRES8$EABIv2 0x00000000   Number         0  anon$$obj.o ABSOLUTE
    __ARM_use_no_argv                        0x00000000   Number         0  main.o ABSOLUTE
    __cpp_initialize__aeabi_                  - Undefined Weak Reference
    __cxa_finalize                            - Undefined Weak Reference
    _clock_init                               - Undefined Weak Reference
    _microlib_exit                            - Undefined Weak Reference
    __Vectors_Size                           0x000000b8   Number         0  startup_stm32g070xx.o ABSOLUTE
    __Vectors                                0x08004000   Data           4  startup_stm32g070xx.o(RESET)
    __Vectors_End                            0x080040b8   Data           0  startup_stm32g070xx.o(RESET)
    __main                                   0x080040b9   Thumb Code     0  entry.o(.ARM.Collect$$$$00000000)
    _main_stk                                0x080040b9   Thumb Code     0  entry2.o(.ARM.Collect$$$$00000001)
    _main_scatterload                        0x080040bd   Thumb Code     0  entry5.o(.ARM.Collect$$$$00000004)
    __main_after_scatterload                 0x080040c1   Thumb Code     0  entry5.o(.ARM.Collect$$$$00000004)
    _main_clock                              0x080040c1   Thumb Code     0  entry7b.o(.ARM.Collect$$$$00000008)
    _main_cpp_init                           0x080040c1   Thumb Code     0  entry8b.o(.ARM.Collect$$$$0000000A)
    _main_init                               0x080040c1   Thumb Code     0  entry9a.o(.ARM.Collect$$$$0000000B)
    __rt_final_cpp                           0x080040c9   Thumb Code     0  entry10a.o(.ARM.Collect$$$$0000000D)
    __rt_final_exit                          0x080040c9   Thumb Code     0  entry11a.o(.ARM.Collect$$$$0000000F)
    Reset_Handler                            0x080040cd   Thumb Code     8  startup_stm32g070xx.o(.text)
    ADC1_IRQHandler                          0x080040df   Thumb Code     0  startup_stm32g070xx.o(.text)
    DMA1_Ch4_7_DMAMUX1_OVR_IRQHandler        0x080040df   Thumb Code     0  startup_stm32g070xx.o(.text)
    EXTI0_1_IRQHandler                       0x080040df   Thumb Code     0  startup_stm32g070xx.o(.text)
    EXTI2_3_IRQHandler                       0x080040df   Thumb Code     0  startup_stm32g070xx.o(.text)
    EXTI4_15_IRQHandler                      0x080040df   Thumb Code     0  startup_stm32g070xx.o(.text)
    FLASH_IRQHandler                         0x080040df   Thumb Code     0  startup_stm32g070xx.o(.text)
    I2C1_IRQHandler                          0x080040df   Thumb Code     0  startup_stm32g070xx.o(.text)
    I2C2_IRQHandler                          0x080040df   Thumb Code     0  startup_stm32g070xx.o(.text)
    RCC_IRQHandler                           0x080040df   Thumb Code     0  startup_stm32g070xx.o(.text)
    RTC_TAMP_IRQHandler                      0x080040df   Thumb Code     0  startup_stm32g070xx.o(.text)
    SPI1_IRQHandler                          0x080040df   Thumb Code     0  startup_stm32g070xx.o(.text)
    SPI2_IRQHandler                          0x080040df   Thumb Code     0  startup_stm32g070xx.o(.text)
    TIM14_IRQHandler                         0x080040df   Thumb Code     0  startup_stm32g070xx.o(.text)
    TIM15_IRQHandler                         0x080040df   Thumb Code     0  startup_stm32g070xx.o(.text)
    TIM16_IRQHandler                         0x080040df   Thumb Code     0  startup_stm32g070xx.o(.text)
    TIM17_IRQHandler                         0x080040df   Thumb Code     0  startup_stm32g070xx.o(.text)
    TIM1_BRK_UP_TRG_COM_IRQHandler           0x080040df   Thumb Code     0  startup_stm32g070xx.o(.text)
    TIM1_CC_IRQHandler                       0x080040df   Thumb Code     0  startup_stm32g070xx.o(.text)
    TIM6_IRQHandler                          0x080040df   Thumb Code     0  startup_stm32g070xx.o(.text)
    TIM7_IRQHandler                          0x080040df   Thumb Code     0  startup_stm32g070xx.o(.text)
    USART2_IRQHandler                        0x080040df   Thumb Code     0  startup_stm32g070xx.o(.text)
    USART3_4_IRQHandler                      0x080040df   Thumb Code     0  startup_stm32g070xx.o(.text)
    WWDG_IRQHandler                          0x080040df   Thumb Code     0  startup_stm32g070xx.o(.text)
    rt_hw_interrupt_disable                  0x080040e9   Thumb Code     8  context_rvds.o(.text)
    rt_hw_interrupt_enable                   0x080040f1   Thumb Code     6  context_rvds.o(.text)
    rt_hw_context_switch                     0x080040f7   Thumb Code    28  context_rvds.o(.text)
    rt_hw_context_switch_interrupt           0x080040f7   Thumb Code     0  context_rvds.o(.text)
    PendSV_Handler                           0x08004113   Thumb Code    84  context_rvds.o(.text)
    rt_hw_context_switch_to                  0x08004167   Thumb Code    44  context_rvds.o(.text)
    rt_hw_interrupt_thread_switch            0x08004193   Thumb Code     2  context_rvds.o(.text)
    HardFault_Handler                        0x08004195   Thumb Code    12  context_rvds.o(.text)
    __aeabi_uidiv                            0x080041c1   Thumb Code     0  uidiv.o(.text)
    __aeabi_uidivmod                         0x080041c1   Thumb Code    44  uidiv.o(.text)
    __aeabi_idiv                             0x080041ed   Thumb Code     0  idiv.o(.text)
    __aeabi_idivmod                          0x080041ed   Thumb Code    40  idiv.o(.text)
    __aeabi_memcpy                           0x08004215   Thumb Code    36  memcpya.o(.text)
    __aeabi_memcpy4                          0x08004215   Thumb Code     0  memcpya.o(.text)
    __aeabi_memcpy8                          0x08004215   Thumb Code     0  memcpya.o(.text)
    __aeabi_memset                           0x08004239   Thumb Code    14  memseta.o(.text)
    __aeabi_memset4                          0x08004239   Thumb Code     0  memseta.o(.text)
    __aeabi_memset8                          0x08004239   Thumb Code     0  memseta.o(.text)
    __aeabi_memclr                           0x08004247   Thumb Code     4  memseta.o(.text)
    __aeabi_memclr4                          0x08004247   Thumb Code     0  memseta.o(.text)
    __aeabi_memclr8                          0x08004247   Thumb Code     0  memseta.o(.text)
    _memset$wrapper                          0x0800424b   Thumb Code    18  memseta.o(.text)
    strcat                                   0x0800425d   Thumb Code    24  strcat.o(.text)
    strncpy                                  0x08004275   Thumb Code    26  strncpy.o(.text)
    strlen                                   0x0800428f   Thumb Code    14  strlen.o(.text)
    strcmp                                   0x0800429d   Thumb Code    28  strcmp.o(.text)
    strcpy                                   0x080042b9   Thumb Code    18  strcpy.o(.text)
    strncmp                                  0x080042cb   Thumb Code    30  strncmp.o(.text)
    __scatterload                            0x080042e9   Thumb Code    28  init.o(.text)
    __scatterload_rt2                        0x080042e9   Thumb Code     0  init.o(.text)
    __decompress                             0x0800430d   Thumb Code     0  __dczerorl2.o(.text)
    __decompress1                            0x0800430d   Thumb Code    86  __dczerorl2.o(.text)
    main                                     0x08004363   Thumb Code    10  components.o(i.$Sub$$main)
    DMA1_Channel1_IRQHandler                 0x0800436d   Thumb Code    10  stm32g0xx_it.o(i.DMA1_Channel1_IRQHandler)
    DMA1_Channel2_3_IRQHandler               0x0800437d   Thumb Code    16  stm32g0xx_it.o(i.DMA1_Channel2_3_IRQHandler)
    Error_Handler                            0x08004439   Thumb Code     2  main.o(i.Error_Handler)
    FLASH_PageErase                          0x08004455   Thumb Code    30  stm32g0xx_hal_flash_ex.o(i.FLASH_PageErase)
    FLASH_WaitForLastOperation               0x080044f5   Thumb Code   132  stm32g0xx_hal_flash.o(i.FLASH_WaitForLastOperation)
    FlashPageErase                           0x08004585   Thumb Code    62  inflash.o(i.FlashPageErase)
    FlashReadNWord                           0x080045d5   Thumb Code    40  inflash.o(i.FlashReadNWord)
    FlashReadWord                            0x080045fd   Thumb Code     6  inflash.o(i.FlashReadWord)
    FlashWriteDoubleWord                     0x08004605   Thumb Code    86  inflash.o(i.FlashWriteDoubleWord)
    GetPage                                  0x08004661   Thumb Code    12  inflash.o(i.GetPage)
    HAL_ADC_AnalogWDGConfig                  0x0800466d   Thumb Code  1158  stm32g0xx_hal_adc.o(i.HAL_ADC_AnalogWDGConfig)
    HAL_ADC_ConfigChannel                    0x08004af9   Thumb Code   832  stm32g0xx_hal_adc.o(i.HAL_ADC_ConfigChannel)
    HAL_ADC_Init                             0x08004e55   Thumb Code   664  stm32g0xx_hal_adc.o(i.HAL_ADC_Init)
    HAL_ADC_MspInit                          0x0800510d   Thumb Code   170  adc_1.o(i.HAL_ADC_MspInit)
    HAL_DMA_Abort                            0x080051c9   Thumb Code   146  stm32g0xx_hal_dma.o(i.HAL_DMA_Abort)
    HAL_DMA_Abort_IT                         0x08005261   Thumb Code   174  stm32g0xx_hal_dma.o(i.HAL_DMA_Abort_IT)
    HAL_DMA_GetError                         0x08005315   Thumb Code     6  stm32g0xx_hal_dma.o(i.HAL_DMA_GetError)
    HAL_DMA_IRQHandler                       0x0800531d   Thumb Code   282  stm32g0xx_hal_dma.o(i.HAL_DMA_IRQHandler)
    HAL_DMA_Init                             0x0800543d   Thumb Code   178  stm32g0xx_hal_dma.o(i.HAL_DMA_Init)
    HAL_DMA_Start_IT                         0x080054f9   Thumb Code   210  stm32g0xx_hal_dma.o(i.HAL_DMA_Start_IT)
    HAL_Delay                                0x080055cd   Thumb Code    38  stm32g0xx_hal.o(i.HAL_Delay)
    HAL_FLASHEx_Erase                        0x080055f9   Thumb Code   142  stm32g0xx_hal_flash_ex.o(i.HAL_FLASHEx_Erase)
    HAL_FLASH_Lock                           0x08005691   Thumb Code    30  stm32g0xx_hal_flash.o(i.HAL_FLASH_Lock)
    HAL_FLASH_Program                        0x080056b5   Thumb Code   110  stm32g0xx_hal_flash.o(i.HAL_FLASH_Program)
    HAL_FLASH_Unlock                         0x0800572d   Thumb Code    40  stm32g0xx_hal_flash.o(i.HAL_FLASH_Unlock)
    HAL_GPIO_Init                            0x08005761   Thumb Code   448  stm32g0xx_hal_gpio.o(i.HAL_GPIO_Init)
    HAL_GPIO_TogglePin                       0x08005931   Thumb Code    16  stm32g0xx_hal_gpio.o(i.HAL_GPIO_TogglePin)
    HAL_GPIO_WritePin                        0x08005941   Thumb Code    12  stm32g0xx_hal_gpio.o(i.HAL_GPIO_WritePin)
    HAL_GetTick                              0x0800594d   Thumb Code     6  stm32g0xx_hal.o(i.HAL_GetTick)
    HAL_IWDG_Init                            0x08005959   Thumb Code    94  stm32g0xx_hal_iwdg.o(i.HAL_IWDG_Init)
    HAL_Init                                 0x080059c5   Thumb Code    40  stm32g0xx_hal.o(i.HAL_Init)
    HAL_InitTick                             0x080059f1   Thumb Code    82  stm32g0xx_hal.o(i.HAL_InitTick)
    HAL_MspInit                              0x08005a51   Thumb Code    64  stm32g0xx_hal_msp.o(i.HAL_MspInit)
    HAL_NVIC_EnableIRQ                       0x08005a95   Thumb Code    22  stm32g0xx_hal_cortex.o(i.HAL_NVIC_EnableIRQ)
    HAL_NVIC_SetPriority                     0x08005ab1   Thumb Code    18  stm32g0xx_hal_cortex.o(i.HAL_NVIC_SetPriority)
    HAL_PWREx_ControlVoltageScaling          0x08005ac5   Thumb Code    76  stm32g0xx_hal_pwr_ex.o(i.HAL_PWREx_ControlVoltageScaling)
    HAL_RCCEx_PeriphCLKConfig                0x08005b1d   Thumb Code   504  stm32g0xx_hal_rcc_ex.o(i.HAL_RCCEx_PeriphCLKConfig)
    HAL_RCC_ClockConfig                      0x08005d21   Thumb Code   442  stm32g0xx_hal_rcc.o(i.HAL_RCC_ClockConfig)
    HAL_RCC_GetHCLKFreq                      0x08005ef5   Thumb Code     6  stm32g0xx_hal_rcc.o(i.HAL_RCC_GetHCLKFreq)
    HAL_RCC_GetPCLK1Freq                     0x08005f01   Thumb Code    32  stm32g0xx_hal_rcc.o(i.HAL_RCC_GetPCLK1Freq)
    HAL_RCC_GetSysClockFreq                  0x08005f29   Thumb Code   216  stm32g0xx_hal_rcc.o(i.HAL_RCC_GetSysClockFreq)
    HAL_RCC_OscConfig                        0x0800600d   Thumb Code  1442  stm32g0xx_hal_rcc.o(i.HAL_RCC_OscConfig)
    HAL_SYSTICK_Config                       0x080065c1   Thumb Code    46  stm32g0xx_hal_cortex.o(i.HAL_SYSTICK_Config)
    HAL_TIMEx_Break2Callback                 0x080065f9   Thumb Code     2  stm32g0xx_hal_tim_ex.o(i.HAL_TIMEx_Break2Callback)
    HAL_TIMEx_BreakCallback                  0x080065fb   Thumb Code     2  stm32g0xx_hal_tim_ex.o(i.HAL_TIMEx_BreakCallback)
    HAL_TIMEx_CommutCallback                 0x080065fd   Thumb Code     2  stm32g0xx_hal_tim_ex.o(i.HAL_TIMEx_CommutCallback)
    HAL_TIMEx_ConfigBreakDeadTime            0x08006601   Thumb Code   252  stm32g0xx_hal_tim_ex.o(i.HAL_TIMEx_ConfigBreakDeadTime)
    HAL_TIMEx_MasterConfigSynchronization    0x08006701   Thumb Code   116  stm32g0xx_hal_tim_ex.o(i.HAL_TIMEx_MasterConfigSynchronization)
    HAL_TIM_Base_Init                        0x08006779   Thumb Code    56  stm32g0xx_hal_tim.o(i.HAL_TIM_Base_Init)
    HAL_TIM_Base_MspInit                     0x080067b1   Thumb Code    58  tim_1.o(i.HAL_TIM_Base_MspInit)
    HAL_TIM_Base_Start_IT                    0x080067f5   Thumb Code    50  stm32g0xx_hal_tim.o(i.HAL_TIM_Base_Start_IT)
    HAL_TIM_ConfigClockSource                0x0800682d   Thumb Code   268  stm32g0xx_hal_tim.o(i.HAL_TIM_ConfigClockSource)
    HAL_TIM_IC_CaptureCallback               0x0800693d   Thumb Code     2  stm32g0xx_hal_tim.o(i.HAL_TIM_IC_CaptureCallback)
    HAL_TIM_IRQHandler                       0x08006941   Thumb Code   498  stm32g0xx_hal_tim.o(i.HAL_TIM_IRQHandler)
    HAL_TIM_OC_DelayElapsedCallback          0x08006b39   Thumb Code     2  stm32g0xx_hal_tim.o(i.HAL_TIM_OC_DelayElapsedCallback)
    HAL_TIM_PWM_PulseFinishedCallback        0x08006b3b   Thumb Code     2  stm32g0xx_hal_tim.o(i.HAL_TIM_PWM_PulseFinishedCallback)
    HAL_TIM_PeriodElapsedCallback            0x08006b3d   Thumb Code   234  tim_1.o(i.HAL_TIM_PeriodElapsedCallback)
    HAL_TIM_TriggerCallback                  0x08006c59   Thumb Code     2  stm32g0xx_hal_tim.o(i.HAL_TIM_TriggerCallback)
    HAL_UARTEx_DisableFifoMode               0x08006c5b   Thumb Code    84  stm32g0xx_hal_uart_ex.o(i.HAL_UARTEx_DisableFifoMode)
    HAL_UARTEx_RxFifoFullCallback            0x08006caf   Thumb Code     2  stm32g0xx_hal_uart_ex.o(i.HAL_UARTEx_RxFifoFullCallback)
    HAL_UARTEx_SetRxFifoThreshold            0x08006cb1   Thumb Code    96  stm32g0xx_hal_uart_ex.o(i.HAL_UARTEx_SetRxFifoThreshold)
    HAL_UARTEx_SetTxFifoThreshold            0x08006d11   Thumb Code    94  stm32g0xx_hal_uart_ex.o(i.HAL_UARTEx_SetTxFifoThreshold)
    HAL_UARTEx_TxFifoEmptyCallback           0x08006d6f   Thumb Code     2  stm32g0xx_hal_uart_ex.o(i.HAL_UARTEx_TxFifoEmptyCallback)
    HAL_UARTEx_WakeupCallback                0x08006d71   Thumb Code     2  stm32g0xx_hal_uart_ex.o(i.HAL_UARTEx_WakeupCallback)
    HAL_UART_DMAStop                         0x08006d73   Thumb Code   152  stm32g0xx_hal_uart.o(i.HAL_UART_DMAStop)
    HAL_UART_ErrorCallback                   0x08006e0b   Thumb Code     2  stm32g0xx_hal_uart.o(i.HAL_UART_ErrorCallback)
    HAL_UART_IRQHandler                      0x08006e0d   Thumb Code   562  stm32g0xx_hal_uart.o(i.HAL_UART_IRQHandler)
    HAL_UART_Init                            0x08007049   Thumb Code   130  stm32g0xx_hal_uart.o(i.HAL_UART_Init)
    HAL_UART_MspInit                         0x080070cd   Thumb Code   248  usart_1.o(i.HAL_UART_MspInit)
    HAL_UART_Receive_DMA                     0x080071d9   Thumb Code   228  stm32g0xx_hal_uart.o(i.HAL_UART_Receive_DMA)
    HAL_UART_RxCpltCallback                  0x080072c9   Thumb Code     2  stm32g0xx_hal_uart.o(i.HAL_UART_RxCpltCallback)
    HAL_UART_RxHalfCpltCallback              0x080072cb   Thumb Code     2  stm32g0xx_hal_uart.o(i.HAL_UART_RxHalfCpltCallback)
    HAL_UART_Transmit_DMA                    0x080072cd   Thumb Code   212  stm32g0xx_hal_uart.o(i.HAL_UART_Transmit_DMA)
    HAL_UART_TxCpltCallback                  0x080073ad   Thumb Code     2  stm32g0xx_hal_uart.o(i.HAL_UART_TxCpltCallback)
    HAL_UART_TxHalfCpltCallback              0x080073af   Thumb Code     2  stm32g0xx_hal_uart.o(i.HAL_UART_TxHalfCpltCallback)
    MBASC_Fun03                              0x08007451   Thumb Code   452  modbus_asc.o(i.MBASC_Fun03)
    MBASC_Fun04                              0x08007625   Thumb Code   304  modbus_asc.o(i.MBASC_Fun04)
    MBASC_Fun05                              0x08007765   Thumb Code   244  modbus_asc.o(i.MBASC_Fun05)
    MBASC_Fun10                              0x08007871   Thumb Code   536  modbus_asc.o(i.MBASC_Fun10)
    MBASC_Fun2B                              0x08007a9d   Thumb Code   534  modbus_asc.o(i.MBASC_Fun2B)
    MBASC_Fun41                              0x08007cd1   Thumb Code   282  modbus_asc.o(i.MBASC_Fun41)
    MBASC_Function                           0x08007e11   Thumb Code   212  modbus_asc.o(i.MBASC_Function)
    MBASC_GetSlaveAddr                       0x08007ef9   Thumb Code     6  modbus_asc.o(i.MBASC_GetSlaveAddr)
    MBASC_SendErr                            0x08007f01   Thumb Code    60  modbus_asc.o(i.MBASC_SendErr)
    MBASC_SendMsg                            0x08007f45   Thumb Code    28  modbus_asc.o(i.MBASC_SendMsg)
    MBASC_SendMsg_NoLimit                    0x08007f61   Thumb Code    22  modbus_asc.o(i.MBASC_SendMsg_NoLimit)
    MODBUS_ASCII_AsciiPacketToRtuPacket      0x08007f77   Thumb Code    64  modbus_ascii.o(i.MODBUS_ASCII_AsciiPacketToRtuPacket)
    MODBUS_ASCII_AsciiToHex                  0x08007fb7   Thumb Code    90  modbus_ascii.o(i.MODBUS_ASCII_AsciiToHex)
    MODBUS_ASCII_CheckAscii                  0x08008011   Thumb Code    74  modbus_ascii.o(i.MODBUS_ASCII_CheckAscii)
    MODBUS_ASCII_GetLrc                      0x0800805b   Thumb Code    74  modbus_ascii.o(i.MODBUS_ASCII_GetLrc)
    MODBUS_ASCII_HandlRevData                0x080080a5   Thumb Code   198  modbus_ascii.o(i.MODBUS_ASCII_HandlRevData)
    MODBUS_ASCII_HexToAscii                  0x0800817d   Thumb Code    70  modbus_ascii.o(i.MODBUS_ASCII_HexToAscii)
    MODBUS_ASCII_RecvData                    0x080081c5   Thumb Code   124  modbus_ascii.o(i.MODBUS_ASCII_RecvData)
    MODBUS_ASCII_RtuPacketToAsciiPacket      0x0800824d   Thumb Code    40  modbus_ascii.o(i.MODBUS_ASCII_RtuPacketToAsciiPacket)
    MODBUS_ASCII_SendData                    0x08008275   Thumb Code   112  modbus_ascii.o(i.MODBUS_ASCII_SendData)
    MX_ADC1_Init                             0x080082e9   Thumb Code   204  adc_1.o(i.MX_ADC1_Init)
    MX_DMA_Init                              0x080083c9   Thumb Code    64  dma_1.o(i.MX_DMA_Init)
    MX_GPIO_Init                             0x0800840d   Thumb Code   132  led.o(i.MX_GPIO_Init)
    MX_TIM1_Init                             0x08008499   Thumb Code   150  tim_1.o(i.MX_TIM1_Init)
    MX_TIM3_Init                             0x08008539   Thumb Code   112  tim_1.o(i.MX_TIM3_Init)
    MX_USART1_UART_Init                      0x080085b9   Thumb Code   296  usart_1.o(i.MX_USART1_UART_Init)
    NMI_Handler                              0x080086f1   Thumb Code     2  stm32g0xx_it.o(i.NMI_Handler)
    ReadPara                                 0x080086f5   Thumb Code   272  para.o(i.ReadPara)
    SVC_Handler                              0x08008821   Thumb Code     2  stm32g0xx_it.o(i.SVC_Handler)
    SysTick_Handler                          0x08008823   Thumb Code    16  board.o(i.SysTick_Handler)
    SystemClock_Config                       0x08008835   Thumb Code   150  system_clock.o(i.SystemClock_Config)
    SystemInit                               0x080088d1   Thumb Code     8  system_stm32g0xx.o(i.SystemInit)
    TIM3_IRQHandler                          0x080088e1   Thumb Code    10  stm32g0xx_it.o(i.TIM3_IRQHandler)
    TIM_Base_SetConfig                       0x080088f1   Thumb Code   134  stm32g0xx_hal_tim.o(i.TIM_Base_SetConfig)
    TIM_ETR_SetConfig                        0x08008991   Thumb Code    28  stm32g0xx_hal_tim.o(i.TIM_ETR_SetConfig)
    UART_AdvFeatureConfig                    0x08008aad   Thumb Code   240  stm32g0xx_hal_uart.o(i.UART_AdvFeatureConfig)
    UART_CheckIdleState                      0x08008b9d   Thumb Code   112  stm32g0xx_hal_uart.o(i.UART_CheckIdleState)
    UART_DMA_Send                            0x08008d25   Thumb Code    28  usart_1.o(i.UART_DMA_Send)
    UART_SetConfig                           0x08008db5   Thumb Code  1688  stm32g0xx_hal_uart.o(i.UART_SetConfig)
    UART_WaitOnFlagUntilTimeout              0x08009455   Thumb Code   112  stm32g0xx_hal_uart.o(i.UART_WaitOnFlagUntilTimeout)
    USART1_IRQHandler                        0x080094c5   Thumb Code   102  usart_1.o(i.USART1_IRQHandler)
    User_Iwdg_Init                           0x08009541   Thumb Code    32  iwdg.o(i.User_Iwdg_Init)
    Z_F_Zhuan_thread_entry                   0x08009569   Thumb Code     8  task.o(i.Z_F_Zhuan_thread_entry)
    __ARM_common_switch8                     0x08009571   Thumb Code    28  usart_1.o(i.__ARM_common_switch8)
    __rt_ffs                                 0x08009605   Thumb Code    86  kservice.o(i.__rt_ffs)
    __scatterload_copy                       0x08009661   Thumb Code    14  handlers.o(i.__scatterload_copy)
    __scatterload_null                       0x0800966f   Thumb Code     2  handlers.o(i.__scatterload_null)
    __scatterload_zeroinit                   0x08009671   Thumb Code    14  handlers.o(i.__scatterload_zeroinit)
    cmd_free                                 0x080097ef   Thumb Code    14  msh.o(i.cmd_free)
    cmd_ps                                   0x080097fd   Thumb Code    14  msh.o(i.cmd_ps)
    finsh_get_prompt                         0x0800980d   Thumb Code    88  shell.o(i.finsh_get_prompt)
    finsh_set_prompt_mode                    0x08009889   Thumb Code    30  shell.o(i.finsh_set_prompt_mode)
    finsh_system_function_init               0x080098ad   Thumb Code    10  shell.o(i.finsh_system_function_init)
    finsh_system_init                        0x080098c1   Thumb Code   104  shell.o(i.finsh_system_init)
    finsh_thread_entry                       0x08009961   Thumb Code   962  shell.o(i.finsh_thread_entry)
    hello                                    0x08009d45   Thumb Code    12  cmd.o(i.hello)
    led_thread_entry                         0x08009d65   Thumb Code    20  task.o(i.led_thread_entry)
    list                                     0x08009d7d   Thumb Code    54  cmd.o(i.list)
    list_event                               0x08009dd9   Thumb Code   202  cmd.o(i.list_event)
    list_mailbox                             0x08009fdd   Thumb Code   222  cmd.o(i.list_mailbox)
    list_mem                                 0x0800a139   Thumb Code    34  mem.o(i.list_mem)
    list_msgqueue                            0x0800a1b1   Thumb Code   214  cmd.o(i.list_msgqueue)
    list_mutex                               0x0800a2f5   Thumb Code   170  cmd.o(i.list_mutex)
    list_sem                                 0x0800a405   Thumb Code   214  cmd.o(i.list_sem)
    list_thread                              0x0800a53d   Thumb Code   302  cmd.o(i.list_thread)
    list_timer                               0x0800a729   Thumb Code   188  cmd.o(i.list_timer)
    long32Array                              0x0800a885   Thumb Code    28  common.o(i.long32Array)
    $Super$$main                             0x0800a8a1   Thumb Code    16  main.o(i.main)
    main_thread_entry                        0x0800a8b1   Thumb Code    14  components.o(i.main_thread_entry)
    msh_auto_complete                        0x0800a8c1   Thumb Code   144  msh.o(i.msh_auto_complete)
    msh_exec                                 0x0800a965   Thumb Code    86  msh.o(i.msh_exec)
    msh_help                                 0x0800aa35   Thumb Code    66  msh.o(i.msh_help)
    msh_is_used                              0x0800aaad   Thumb Code     4  msh.o(i.msh_is_used)
    rt_application_init                      0x0800add5   Thumb Code    34  components.o(i.rt_application_init)
    rt_calloc                                0x0800ae05   Thumb Code    40  mem.o(i.rt_calloc)
    rt_components_board_init                 0x0800ae2d   Thumb Code    20  components.o(i.rt_components_board_init)
    rt_components_init                       0x0800ae49   Thumb Code    20  components.o(i.rt_components_init)
    rt_enter_critical                        0x0800ae65   Thumb Code    28  scheduler.o(i.rt_enter_critical)
    rt_exit_critical                         0x0800ae85   Thumb Code    64  scheduler.o(i.rt_exit_critical)
    rt_free                                  0x0800aecd   Thumb Code   134  mem.o(i.rt_free)
    rt_heap_begin_get                        0x0800afb5   Thumb Code     4  board.o(i.rt_heap_begin_get)
    rt_heap_end_get                          0x0800afbd   Thumb Code     4  board.o(i.rt_heap_end_get)
    rt_hw_board_init                         0x0800afc5   Thumb Code    30  board.o(i.rt_hw_board_init)
    rt_hw_console_output                     0x0800afe3   Thumb Code     2  kservice.o(i.rt_hw_console_output)
    rt_hw_hard_fault_exception               0x0800afe5   Thumb Code    84  cpuport.o(i.rt_hw_hard_fault_exception)
    rt_hw_stack_init                         0x0800b0d9   Thumb Code    58  cpuport.o(i.rt_hw_stack_init)
    rt_interrupt_enter                       0x0800b119   Thumb Code    26  irq.o(i.rt_interrupt_enter)
    rt_interrupt_leave                       0x0800b139   Thumb Code    26  irq.o(i.rt_interrupt_leave)
    rt_kprintf                               0x0800b1e1   Thumb Code    46  kservice.o(i.rt_kprintf)
    rt_malloc                                0x0800b2c9   Thumb Code   334  mem.o(i.rt_malloc)
    rt_memmove                               0x0800b435   Thumb Code    66  kservice.o(i.rt_memmove)
    rt_memset                                0x0800b477   Thumb Code    76  kservice.o(i.rt_memset)
    rt_object_allocate                       0x0800b4c3   Thumb Code    80  object.o(i.rt_object_allocate)
    rt_object_delete                         0x0800b513   Thumb Code    36  object.o(i.rt_object_delete)
    rt_object_detach                         0x0800b537   Thumb Code    30  object.o(i.rt_object_detach)
    rt_object_get_information                0x0800b555   Thumb Code    32  object.o(i.rt_object_get_information)
    rt_object_init                           0x0800b579   Thumb Code    84  object.o(i.rt_object_init)
    rt_object_is_systemobject                0x0800b5cd   Thumb Code    20  object.o(i.rt_object_is_systemobject)
    rt_schedule                              0x0800b5e1   Thumb Code   106  scheduler.o(i.rt_schedule)
    rt_schedule_insert_thread                0x0800b665   Thumb Code    74  scheduler.o(i.rt_schedule_insert_thread)
    rt_schedule_remove_thread                0x0800b6b9   Thumb Code    78  scheduler.o(i.rt_schedule_remove_thread)
    rt_sem_init                              0x0800b711   Thumb Code    34  ipc.o(i.rt_sem_init)
    rt_sem_release                           0x0800b733   Thumb Code    60  ipc.o(i.rt_sem_release)
    rt_sem_take                              0x0800b76f   Thumb Code   120  ipc.o(i.rt_sem_take)
    rt_show_version                          0x0800b7e9   Thumb Code    38  kservice.o(i.rt_show_version)
    rt_strlen                                0x0800b899   Thumb Code    18  kservice.o(i.rt_strlen)
    rt_strncpy                               0x0800b8ab   Thumb Code    56  kservice.o(i.rt_strncpy)
    rt_system_heap_init                      0x0800b8e5   Thumb Code   154  mem.o(i.rt_system_heap_init)
    rt_system_scheduler_init                 0x0800b9d9   Thumb Code    52  scheduler.o(i.rt_system_scheduler_init)
    rt_system_scheduler_start                0x0800ba25   Thumb Code    36  scheduler.o(i.rt_system_scheduler_start)
    rt_system_timer_init                     0x0800ba55   Thumb Code    24  timer.o(i.rt_system_timer_init)
    rt_system_timer_thread_init              0x0800ba71   Thumb Code     2  timer.o(i.rt_system_timer_thread_init)
    rt_thread_create                         0x0800ba73   Thumb Code    80  thread.o(i.rt_thread_create)
    rt_thread_exit                           0x0800bac5   Thumb Code    80  thread.o(i.rt_thread_exit)
    rt_thread_idle_excute                    0x0800bb25   Thumb Code   142  idle.o(i.rt_thread_idle_excute)
    rt_thread_idle_init                      0x0800bbb9   Thumb Code    38  idle.o(i.rt_thread_idle_init)
    rt_thread_init                           0x0800bbf5   Thumb Code    44  thread.o(i.rt_thread_init)
    rt_thread_mdelay                         0x0800bc21   Thumb Code    20  thread.o(i.rt_thread_mdelay)
    rt_thread_resume                         0x0800bc35   Thumb Code    60  thread.o(i.rt_thread_resume)
    rt_thread_self                           0x0800bc71   Thumb Code     6  thread.o(i.rt_thread_self)
    rt_thread_sleep                          0x0800bc7d   Thumb Code    62  thread.o(i.rt_thread_sleep)
    rt_thread_startup                        0x0800bcc1   Thumb Code    48  thread.o(i.rt_thread_startup)
    rt_thread_suspend                        0x0800bcf1   Thumb Code    68  thread.o(i.rt_thread_suspend)
    rt_thread_timeout                        0x0800bd35   Thumb Code    32  thread.o(i.rt_thread_timeout)
    rt_thread_yield                          0x0800bd55   Thumb Code    92  thread.o(i.rt_thread_yield)
    rt_tick_from_millisecond                 0x0800bdb9   Thumb Code    62  clock.o(i.rt_tick_from_millisecond)
    rt_tick_get                              0x0800bdf9   Thumb Code     6  clock.o(i.rt_tick_get)
    rt_tick_increase                         0x0800be05   Thumb Code    44  clock.o(i.rt_tick_increase)
    rt_timer_check                           0x0800be35   Thumb Code   120  timer.o(i.rt_timer_check)
    rt_timer_control                         0x0800beb5   Thumb Code    60  timer.o(i.rt_timer_control)
    rt_timer_detach                          0x0800bef1   Thumb Code    32  timer.o(i.rt_timer_detach)
    rt_timer_init                            0x0800bf11   Thumb Code    38  timer.o(i.rt_timer_init)
    rt_timer_start                           0x0800bf39   Thumb Code   250  timer.o(i.rt_timer_start)
    rt_timer_stop                            0x0800c041   Thumb Code    48  timer.o(i.rt_timer_stop)
    rt_vsnprintf                             0x0800c071   Thumb Code   862  kservice.o(i.rt_vsnprintf)
    rtthread_startup                         0x0800c3e9   Thumb Code    42  components.o(i.rtthread_startup)
    system_Init                              0x0800c4c5   Thumb Code    40  system.o(i.system_Init)
    task_Init                                0x0800c4ed   Thumb Code   118  task.o(i.task_Init)
    version                                  0x0800c571   Thumb Code    10  cmd.o(i.version)
    SensorSoftVersion                        0x0800c57a   Data           8  modbus_asc.o(.constdata)
    __lowest_bit_bitmap                      0x0800c582   Data         256  kservice.o(.constdata)
    __fsym_list_mem_name                     0x0800c6a4   Data           9  mem.o(.constdata)
    __fsym_hello_name                        0x0800c6ad   Data           6  cmd.o(.constdata)
    __fsym_version_name                      0x0800c6b3   Data           8  cmd.o(.constdata)
    __fsym___cmd_version_name                0x0800c6bb   Data          14  cmd.o(.constdata)
    __fsym_list_thread_name                  0x0800c6c9   Data          12  cmd.o(.constdata)
    __fsym___cmd_list_thread_name            0x0800c6d5   Data          18  cmd.o(.constdata)
    __fsym_list_sem_name                     0x0800c6e7   Data           9  cmd.o(.constdata)
    __fsym___cmd_list_sem_name               0x0800c6f0   Data          15  cmd.o(.constdata)
    __fsym_list_event_name                   0x0800c6ff   Data          11  cmd.o(.constdata)
    __fsym___cmd_list_event_name             0x0800c70a   Data          17  cmd.o(.constdata)
    __fsym_list_mutex_name                   0x0800c71b   Data          11  cmd.o(.constdata)
    __fsym___cmd_list_mutex_name             0x0800c726   Data          17  cmd.o(.constdata)
    __fsym_list_mailbox_name                 0x0800c737   Data          13  cmd.o(.constdata)
    __fsym___cmd_list_mailbox_name           0x0800c744   Data          19  cmd.o(.constdata)
    __fsym_list_msgqueue_name                0x0800c757   Data          14  cmd.o(.constdata)
    __fsym___cmd_list_msgqueue_name          0x0800c765   Data          20  cmd.o(.constdata)
    __fsym_list_timer_name                   0x0800c779   Data          11  cmd.o(.constdata)
    __fsym___cmd_list_timer_name             0x0800c784   Data          17  cmd.o(.constdata)
    __fsym_list_name                         0x0800c795   Data           5  cmd.o(.constdata)
    __fsym___cmd_help_name                   0x0800c79a   Data          11  msh.o(.constdata)
    __fsym___cmd_ps_name                     0x0800c7a5   Data           9  msh.o(.constdata)
    __fsym___cmd_free_name                   0x0800c7ae   Data          11  msh.o(.constdata)
    AHBPrescTable                            0x0800c7bc   Data          64  system_stm32g0xx.o(.constdata)
    APBPrescTable                            0x0800c7fc   Data          32  system_stm32g0xx.o(.constdata)
    __rt_init_rti_start                      0x0800c884   Data           4  components.o(.rti_fn.0)
    __rt_init_rti_board_start                0x0800c888   Data           4  components.o(.rti_fn.0.end)
    __rt_init_rti_board_end                  0x0800c88c   Data           4  components.o(.rti_fn.1.end)
    __rt_init_finsh_system_init              0x0800c890   Data           4  shell.o(.rti_fn.6)
    __rt_init_rti_end                        0x0800c894   Data           4  components.o(.rti_fn.6.end)
    FSymTab$$Base                            0x0800c898   Number         0  mem.o(FSymTab)
    __fsym_list_mem                          0x0800c898   Data           8  mem.o(FSymTab)
    __fsym_hello                             0x0800c8a0   Data           8  cmd.o(FSymTab)
    __fsym_version                           0x0800c8a8   Data           8  cmd.o(FSymTab)
    __fsym___cmd_version                     0x0800c8b0   Data           8  cmd.o(FSymTab)
    __fsym_list_thread                       0x0800c8b8   Data           8  cmd.o(FSymTab)
    __fsym___cmd_list_thread                 0x0800c8c0   Data           8  cmd.o(FSymTab)
    __fsym_list_sem                          0x0800c8c8   Data           8  cmd.o(FSymTab)
    __fsym___cmd_list_sem                    0x0800c8d0   Data           8  cmd.o(FSymTab)
    __fsym_list_event                        0x0800c8d8   Data           8  cmd.o(FSymTab)
    __fsym___cmd_list_event                  0x0800c8e0   Data           8  cmd.o(FSymTab)
    __fsym_list_mutex                        0x0800c8e8   Data           8  cmd.o(FSymTab)
    __fsym___cmd_list_mutex                  0x0800c8f0   Data           8  cmd.o(FSymTab)
    __fsym_list_mailbox                      0x0800c8f8   Data           8  cmd.o(FSymTab)
    __fsym___cmd_list_mailbox                0x0800c900   Data           8  cmd.o(FSymTab)
    __fsym_list_msgqueue                     0x0800c908   Data           8  cmd.o(FSymTab)
    __fsym___cmd_list_msgqueue               0x0800c910   Data           8  cmd.o(FSymTab)
    __fsym_list_timer                        0x0800c918   Data           8  cmd.o(FSymTab)
    __fsym___cmd_list_timer                  0x0800c920   Data           8  cmd.o(FSymTab)
    __fsym_list                              0x0800c928   Data           8  cmd.o(FSymTab)
    __fsym___cmd_help                        0x0800c930   Data           8  msh.o(FSymTab)
    __fsym___cmd_ps                          0x0800c938   Data           8  msh.o(FSymTab)
    __fsym___cmd_free                        0x0800c940   Data           8  msh.o(FSymTab)
    FSymTab$$Limit                           0x0800c948   Number         0  msh.o(FSymTab)
    Region$$Table$$Base                      0x0800c948   Number         0  anon$$obj.o(Region$$Table)
    Region$$Table$$Limit                     0x0800c968   Number         0  anon$$obj.o(Region$$Table)
    Current_pulse                            0x20000000   Data           4  para.o(.data)
    Current_PositiveTime                     0x20000004   Data           4  para.o(.data)
    Current_NegativeTime                     0x20000008   Data           4  para.o(.data)
    User_Default_Param                       0x2000000c   Data          28  para.o(.data)
    LiquidHeight                             0x20000028   Data           4  task.o(.data)
    LiquidUnit                               0x2000002c   Data           2  task.o(.data)
    LFilCnt                                  0x2000002e   Data           1  task.o(.data)
    time_tick                                0x2000002f   Data           1  task.o(.data)
    TaskThreads                              0x20000034   Data          72  task.o(.data)
    u8SendNum                                0x2000007c   Data           1  usart_1.o(.data)
    u8SendIndex                              0x2000007d   Data           1  usart_1.o(.data)
    UART1_RXBuffLen                          0x2000007e   Data           1  usart_1.o(.data)
    UartRecvFrameOK                          0x2000007f   Data           1  usart_1.o(.data)
    rx_flag                                  0x20000080   Data           1  usart_1.o(.data)
    rx_len                                   0x20000082   Data           2  usart_1.o(.data)
    Time_1s_flag                             0x20000084   Data           1  tim_1.o(.data)
    Time_2s_flag                             0x20000085   Data           1  tim_1.o(.data)
    Time_5s_flag                             0x20000086   Data           1  tim_1.o(.data)
    Time_1min_flag                           0x20000087   Data           1  tim_1.o(.data)
    tim_cnt                                  0x20000088   Data           2  tim_1.o(.data)
    tim_1min_cnt                             0x2000008a   Data           2  tim_1.o(.data)
    first_20s                                0x2000008c   Data           1  tim_1.o(.data)
    PulseFlag                                0x2000008d   Data           1  tim_1.o(.data)
    Pulse100msCntBuf                         0x2000008e   Data           6  tim_1.o(.data)
    StartFlag                                0x20000094   Data           1  modbus_asc.o(.data)
    StartCountFlag                           0x20000095   Data           1  modbus_asc.o(.data)
    SendLen                                  0x20000096   Data           1  modbus_asc.o(.data)
    FirstPage                                0x2000009c   Data           4  inflash.o(.data)
    NbOfPages                                0x200000a0   Data           4  inflash.o(.data)
    Address                                  0x200000a4   Data           4  inflash.o(.data)
    PageError                                0x200000a8   Data           4  inflash.o(.data)
    rt_interrupt_nest                        0x200000b0   Data           1  irq.o(.data)
    rt_current_thread                        0x20000140   Data           4  scheduler.o(.data)
    rt_current_priority                      0x20000144   Data           1  scheduler.o(.data)
    rt_thread_ready_priority_group           0x20000148   Data           4  scheduler.o(.data)
    rt_thread_defunct                        0x2000014c   Data           8  scheduler.o(.data)
    rt_interrupt_from_thread                 0x20000160   Data           4  cpuport.o(.data)
    rt_interrupt_to_thread                   0x20000164   Data           4  cpuport.o(.data)
    rt_thread_switch_interrupt_flag          0x20000168   Data           4  cpuport.o(.data)
    _syscall_table_begin                     0x2000016c   Data           4  shell.o(.data)
    _syscall_table_end                       0x20000170   Data           4  shell.o(.data)
    _sysvar_table_begin                      0x20000174   Data           4  shell.o(.data)
    _sysvar_table_end                        0x20000178   Data           4  shell.o(.data)
    shell                                    0x2000017c   Data           4  shell.o(.data)
    uwTick                                   0x20000184   Data           4  stm32g0xx_hal.o(.data)
    uwTickPrio                               0x20000188   Data           4  stm32g0xx_hal.o(.data)
    uwTickFreq                               0x2000018c   Data           4  stm32g0xx_hal.o(.data)
    SystemCoreClock                          0x20000190   Data           4  system_stm32g0xx.o(.data)
    UserPara                                 0x20000194   Data          36  para.o(.bss)
    Cur_Param                                0x200001b8   Data          28  para.o(.bss)
    UART1_RXBuff                             0x200021d4   Data         150  usart_1.o(.bss)
    UART1_TXBuff                             0x2000226a   Data         150  usart_1.o(.bss)
    huart1                                   0x20002300   Data         140  usart_1.o(.bss)
    hdma_usart1_rx                           0x2000238c   Data          92  usart_1.o(.bss)
    hdma_usart1_tx                           0x200023e8   Data          92  usart_1.o(.bss)
    htim1                                    0x20002444   Data          64  tim_1.o(.bss)
    htim3                                    0x20002484   Data          64  tim_1.o(.bss)
    hadc1                                    0x200024c4   Data         100  adc_1.o(.bss)
    hdma_adc1                                0x20002528   Data          92  adc_1.o(.bss)
    SendBuf                                  0x20002584   Data         100  modbus_asc.o(.bss)
    cyAsciiBuff                              0x200025e8   Data         150  modbus_ascii.o(.bss)
    IWDG_HandleStructure                     0x20002680   Data          16  iwdg.o(.bss)
    EraseInitStruct                          0x20002690   Data          12  inflash.o(.bss)
    rt_thread_priority_table                 0x200028d4   Data         256  scheduler.o(.bss)
    pFlash                                   0x20002a58   Data          24  stm32g0xx_hal_flash.o(.bss)
    __initial_sp                             0x20002e70   Data           0  startup_stm32g070xx.o(STACK)



==============================================================================

Memory Map of the image

  Image Entry point : 0x080040b9

  Load Region LR_IROM1 (Base: 0x08004000, Size: 0x00008afc, Max: 0x0001c000, ABSOLUTE, COMPRESSED[0x000089d8])

    Execution Region ER_IROM1 (Exec base: 0x08004000, Load base: 0x08004000, Size: 0x00008968, Max: 0x0001c000, ABSOLUTE)

    Exec Addr    Load Addr    Size         Type   Attr      Idx    E Section Name        Object

    0x08004000   0x08004000   0x000000b8   Data   RO            3    RESET               startup_stm32g070xx.o
    0x080040b8   0x080040b8   0x00000000   Code   RO         5334  * .ARM.Collect$$$$00000000  mc_p.l(entry.o)
    0x080040b8   0x080040b8   0x00000004   Code   RO         5361    .ARM.Collect$$$$00000001  mc_p.l(entry2.o)
    0x080040bc   0x080040bc   0x00000004   Code   RO         5364    .ARM.Collect$$$$00000004  mc_p.l(entry5.o)
    0x080040c0   0x080040c0   0x00000000   Code   RO         5366    .ARM.Collect$$$$00000008  mc_p.l(entry7b.o)
    0x080040c0   0x080040c0   0x00000000   Code   RO         5368    .ARM.Collect$$$$0000000A  mc_p.l(entry8b.o)
    0x080040c0   0x080040c0   0x00000008   Code   RO         5369    .ARM.Collect$$$$0000000B  mc_p.l(entry9a.o)
    0x080040c8   0x080040c8   0x00000000   Code   RO         5371    .ARM.Collect$$$$0000000D  mc_p.l(entry10a.o)
    0x080040c8   0x080040c8   0x00000000   Code   RO         5373    .ARM.Collect$$$$0000000F  mc_p.l(entry11a.o)
    0x080040c8   0x080040c8   0x00000004   Code   RO         5362    .ARM.Collect$$$$00002712  mc_p.l(entry2.o)
    0x080040cc   0x080040cc   0x0000001c   Code   RO            4    .text               startup_stm32g070xx.o
    0x080040e8   0x080040e8   0x000000d8   Code   RO         2113    .text               context_rvds.o
    0x080041c0   0x080041c0   0x0000002c   Code   RO         5337    .text               mc_p.l(uidiv.o)
    0x080041ec   0x080041ec   0x00000028   Code   RO         5339    .text               mc_p.l(idiv.o)
    0x08004214   0x08004214   0x00000024   Code   RO         5343    .text               mc_p.l(memcpya.o)
    0x08004238   0x08004238   0x00000024   Code   RO         5345    .text               mc_p.l(memseta.o)
    0x0800425c   0x0800425c   0x00000018   Code   RO         5347    .text               mc_p.l(strcat.o)
    0x08004274   0x08004274   0x0000001a   Code   RO         5349    .text               mc_p.l(strncpy.o)
    0x0800428e   0x0800428e   0x0000000e   Code   RO         5351    .text               mc_p.l(strlen.o)
    0x0800429c   0x0800429c   0x0000001c   Code   RO         5353    .text               mc_p.l(strcmp.o)
    0x080042b8   0x080042b8   0x00000012   Code   RO         5355    .text               mc_p.l(strcpy.o)
    0x080042ca   0x080042ca   0x0000001e   Code   RO         5357    .text               mc_p.l(strncmp.o)
    0x080042e8   0x080042e8   0x00000024   Code   RO         5379    .text               mc_p.l(init.o)
    0x0800430c   0x0800430c   0x00000056   Code   RO         5389    .text               mc_p.l(__dczerorl2.o)
    0x08004362   0x08004362   0x0000000a   Code   RO         1031    i.$Sub$$main        components.o
    0x0800436c   0x0800436c   0x00000010   Code   RO          181    i.DMA1_Channel1_IRQHandler  stm32g0xx_it.o
    0x0800437c   0x0800437c   0x00000018   Code   RO          182    i.DMA1_Channel2_3_IRQHandler  stm32g0xx_it.o
    0x08004394   0x08004394   0x00000034   Code   RO         3118    i.DMA_CalcDMAMUXChannelBaseAndMask  stm32g0xx_hal_dma.o
    0x080043c8   0x080043c8   0x00000024   Code   RO         3119    i.DMA_CalcDMAMUXRequestGenBaseAndMask  stm32g0xx_hal_dma.o
    0x080043ec   0x080043ec   0x0000004c   Code   RO         3120    i.DMA_SetConfig     stm32g0xx_hal_dma.o
    0x08004438   0x08004438   0x00000002   Code   RO           12    i.Error_Handler     main.o
    0x0800443a   0x0800443a   0x00000002   PAD
    0x0800443c   0x0800443c   0x00000018   Code   RO         3027    i.FLASH_MassErase   stm32g0xx_hal_flash_ex.o
    0x08004454   0x08004454   0x00000024   Code   RO         3033    i.FLASH_PageErase   stm32g0xx_hal_flash_ex.o
    0x08004478   0x08004478   0x00000028   Code   RO         2921    i.FLASH_Program_DoubleWord  stm32g0xx_hal_flash.o
    0x080044a0   0x080044a0   0x00000054   Code   RO         2922    i.FLASH_Program_Fast  stm32g0xx_hal_flash.o
    0x080044f4   0x080044f4   0x00000090   Code   RO         2923    i.FLASH_WaitForLastOperation  stm32g0xx_hal_flash.o
    0x08004584   0x08004584   0x00000050   Code   RO          924    i.FlashPageErase    inflash.o
    0x080045d4   0x080045d4   0x00000028   Code   RO          927    i.FlashReadNWord    inflash.o
    0x080045fc   0x080045fc   0x00000006   Code   RO          928    i.FlashReadWord     inflash.o
    0x08004602   0x08004602   0x00000002   PAD
    0x08004604   0x08004604   0x0000005c   Code   RO          929    i.FlashWriteDoubleWord  inflash.o
    0x08004660   0x08004660   0x0000000c   Code   RO          931    i.GetPage           inflash.o
    0x0800466c   0x0800466c   0x0000048c   Code   RO         2458    i.HAL_ADC_AnalogWDGConfig  stm32g0xx_hal_adc.o
    0x08004af8   0x08004af8   0x0000035c   Code   RO         2459    i.HAL_ADC_ConfigChannel  stm32g0xx_hal_adc.o
    0x08004e54   0x08004e54   0x000002b8   Code   RO         2468    i.HAL_ADC_Init      stm32g0xx_hal_adc.o
    0x0800510c   0x0800510c   0x000000bc   Code   RO          642    i.HAL_ADC_MspInit   adc_1.o
    0x080051c8   0x080051c8   0x00000098   Code   RO         3121    i.HAL_DMA_Abort     stm32g0xx_hal_dma.o
    0x08005260   0x08005260   0x000000b4   Code   RO         3122    i.HAL_DMA_Abort_IT  stm32g0xx_hal_dma.o
    0x08005314   0x08005314   0x00000006   Code   RO         3124    i.HAL_DMA_GetError  stm32g0xx_hal_dma.o
    0x0800531a   0x0800531a   0x00000002   PAD
    0x0800531c   0x0800531c   0x00000120   Code   RO         3126    i.HAL_DMA_IRQHandler  stm32g0xx_hal_dma.o
    0x0800543c   0x0800543c   0x000000bc   Code   RO         3127    i.HAL_DMA_Init      stm32g0xx_hal_dma.o
    0x080054f8   0x080054f8   0x000000d2   Code   RO         3131    i.HAL_DMA_Start_IT  stm32g0xx_hal_dma.o
    0x080055ca   0x080055ca   0x00000002   PAD
    0x080055cc   0x080055cc   0x0000002c   Code   RO         3576    i.HAL_Delay         stm32g0xx_hal.o
    0x080055f8   0x080055f8   0x00000098   Code   RO         3034    i.HAL_FLASHEx_Erase  stm32g0xx_hal_flash_ex.o
    0x08005690   0x08005690   0x00000024   Code   RO         2927    i.HAL_FLASH_Lock    stm32g0xx_hal_flash.o
    0x080056b4   0x080056b4   0x00000078   Code   RO         2932    i.HAL_FLASH_Program  stm32g0xx_hal_flash.o
    0x0800572c   0x0800572c   0x00000034   Code   RO         2934    i.HAL_FLASH_Unlock  stm32g0xx_hal_flash.o
    0x08005760   0x08005760   0x000001d0   Code   RO         2388    i.HAL_GPIO_Init     stm32g0xx_hal_gpio.o
    0x08005930   0x08005930   0x00000010   Code   RO         2391    i.HAL_GPIO_TogglePin  stm32g0xx_hal_gpio.o
    0x08005940   0x08005940   0x0000000c   Code   RO         2392    i.HAL_GPIO_WritePin  stm32g0xx_hal_gpio.o
    0x0800594c   0x0800594c   0x0000000c   Code   RO         3580    i.HAL_GetTick       stm32g0xx_hal.o
    0x08005958   0x08005958   0x0000006c   Code   RO         5277    i.HAL_IWDG_Init     stm32g0xx_hal_iwdg.o
    0x080059c4   0x080059c4   0x0000002c   Code   RO         3587    i.HAL_Init          stm32g0xx_hal.o
    0x080059f0   0x080059f0   0x00000060   Code   RO         3588    i.HAL_InitTick      stm32g0xx_hal.o
    0x08005a50   0x08005a50   0x00000044   Code   RO          229    i.HAL_MspInit       stm32g0xx_hal_msp.o
    0x08005a94   0x08005a94   0x0000001c   Code   RO         3464    i.HAL_NVIC_EnableIRQ  stm32g0xx_hal_cortex.o
    0x08005ab0   0x08005ab0   0x00000012   Code   RO         3468    i.HAL_NVIC_SetPriority  stm32g0xx_hal_cortex.o
    0x08005ac2   0x08005ac2   0x00000002   PAD
    0x08005ac4   0x08005ac4   0x00000058   Code   RO         3349    i.HAL_PWREx_ControlVoltageScaling  stm32g0xx_hal_pwr_ex.o
    0x08005b1c   0x08005b1c   0x00000204   Code   RO         2878    i.HAL_RCCEx_PeriphCLKConfig  stm32g0xx_hal_rcc_ex.o
    0x08005d20   0x08005d20   0x000001d4   Code   RO         2768    i.HAL_RCC_ClockConfig  stm32g0xx_hal_rcc.o
    0x08005ef4   0x08005ef4   0x0000000c   Code   RO         2774    i.HAL_RCC_GetHCLKFreq  stm32g0xx_hal_rcc.o
    0x08005f00   0x08005f00   0x00000028   Code   RO         2776    i.HAL_RCC_GetPCLK1Freq  stm32g0xx_hal_rcc.o
    0x08005f28   0x08005f28   0x000000e4   Code   RO         2777    i.HAL_RCC_GetSysClockFreq  stm32g0xx_hal_rcc.o
    0x0800600c   0x0800600c   0x000005b4   Code   RO         2781    i.HAL_RCC_OscConfig  stm32g0xx_hal_rcc.o
    0x080065c0   0x080065c0   0x00000038   Code   RO         3472    i.HAL_SYSTICK_Config  stm32g0xx_hal_cortex.o
    0x080065f8   0x080065f8   0x00000002   Code   RO         4521    i.HAL_TIMEx_Break2Callback  stm32g0xx_hal_tim_ex.o
    0x080065fa   0x080065fa   0x00000002   Code   RO         4522    i.HAL_TIMEx_BreakCallback  stm32g0xx_hal_tim_ex.o
    0x080065fc   0x080065fc   0x00000002   Code   RO         4523    i.HAL_TIMEx_CommutCallback  stm32g0xx_hal_tim_ex.o
    0x080065fe   0x080065fe   0x00000002   PAD
    0x08006600   0x08006600   0x00000100   Code   RO         4525    i.HAL_TIMEx_ConfigBreakDeadTime  stm32g0xx_hal_tim_ex.o
    0x08006700   0x08006700   0x00000078   Code   RO         4543    i.HAL_TIMEx_MasterConfigSynchronization  stm32g0xx_hal_tim_ex.o
    0x08006778   0x08006778   0x00000038   Code   RO         3829    i.HAL_TIM_Base_Init  stm32g0xx_hal_tim.o
    0x080067b0   0x080067b0   0x00000044   Code   RO          544    i.HAL_TIM_Base_MspInit  tim_1.o
    0x080067f4   0x080067f4   0x00000038   Code   RO         3834    i.HAL_TIM_Base_Start_IT  stm32g0xx_hal_tim.o
    0x0800682c   0x0800682c   0x00000110   Code   RO         3838    i.HAL_TIM_ConfigClockSource  stm32g0xx_hal_tim.o
    0x0800693c   0x0800693c   0x00000002   Code   RO         3858    i.HAL_TIM_IC_CaptureCallback  stm32g0xx_hal_tim.o
    0x0800693e   0x0800693e   0x00000002   PAD
    0x08006940   0x08006940   0x000001f8   Code   RO         3872    i.HAL_TIM_IRQHandler  stm32g0xx_hal_tim.o
    0x08006b38   0x08006b38   0x00000002   Code   RO         3875    i.HAL_TIM_OC_DelayElapsedCallback  stm32g0xx_hal_tim.o
    0x08006b3a   0x08006b3a   0x00000002   Code   RO         3902    i.HAL_TIM_PWM_PulseFinishedCallback  stm32g0xx_hal_tim.o
    0x08006b3c   0x08006b3c   0x0000011c   Code   RO          545    i.HAL_TIM_PeriodElapsedCallback  tim_1.o
    0x08006c58   0x08006c58   0x00000002   Code   RO         3915    i.HAL_TIM_TriggerCallback  stm32g0xx_hal_tim.o
    0x08006c5a   0x08006c5a   0x00000054   Code   RO         5183    i.HAL_UARTEx_DisableFifoMode  stm32g0xx_hal_uart_ex.o
    0x08006cae   0x08006cae   0x00000002   Code   RO         5187    i.HAL_UARTEx_RxFifoFullCallback  stm32g0xx_hal_uart_ex.o
    0x08006cb0   0x08006cb0   0x00000060   Code   RO         5188    i.HAL_UARTEx_SetRxFifoThreshold  stm32g0xx_hal_uart_ex.o
    0x08006d10   0x08006d10   0x0000005e   Code   RO         5189    i.HAL_UARTEx_SetTxFifoThreshold  stm32g0xx_hal_uart_ex.o
    0x08006d6e   0x08006d6e   0x00000002   Code   RO         5191    i.HAL_UARTEx_TxFifoEmptyCallback  stm32g0xx_hal_uart_ex.o
    0x08006d70   0x08006d70   0x00000002   Code   RO         5192    i.HAL_UARTEx_WakeupCallback  stm32g0xx_hal_uart_ex.o
    0x08006d72   0x08006d72   0x00000098   Code   RO         4824    i.HAL_UART_DMAStop  stm32g0xx_hal_uart.o
    0x08006e0a   0x08006e0a   0x00000002   Code   RO         4826    i.HAL_UART_ErrorCallback  stm32g0xx_hal_uart.o
    0x08006e0c   0x08006e0c   0x0000023c   Code   RO         4829    i.HAL_UART_IRQHandler  stm32g0xx_hal_uart.o
    0x08007048   0x08007048   0x00000082   Code   RO         4830    i.HAL_UART_Init     stm32g0xx_hal_uart.o
    0x080070ca   0x080070ca   0x00000002   PAD
    0x080070cc   0x080070cc   0x0000010c   Code   RO          474    i.HAL_UART_MspInit  usart_1.o
    0x080071d8   0x080071d8   0x000000f0   Code   RO         4834    i.HAL_UART_Receive_DMA  stm32g0xx_hal_uart.o
    0x080072c8   0x080072c8   0x00000002   Code   RO         4836    i.HAL_UART_RxCpltCallback  stm32g0xx_hal_uart.o
    0x080072ca   0x080072ca   0x00000002   Code   RO         4837    i.HAL_UART_RxHalfCpltCallback  stm32g0xx_hal_uart.o
    0x080072cc   0x080072cc   0x000000e0   Code   RO         4839    i.HAL_UART_Transmit_DMA  stm32g0xx_hal_uart.o
    0x080073ac   0x080073ac   0x00000002   Code   RO         4841    i.HAL_UART_TxCpltCallback  stm32g0xx_hal_uart.o
    0x080073ae   0x080073ae   0x00000002   Code   RO         4842    i.HAL_UART_TxHalfCpltCallback  stm32g0xx_hal_uart.o
    0x080073b0   0x080073b0   0x0000000c   Code   RO         2482    i.LL_ADC_GetCommonPathInternalCh  stm32g0xx_hal_adc.o
    0x080073bc   0x080073bc   0x00000010   Code   RO         2484    i.LL_ADC_IsEnabled  stm32g0xx_hal_adc.o
    0x080073cc   0x080073cc   0x0000000e   Code   RO         2485    i.LL_ADC_IsInternalRegulatorEnabled  stm32g0xx_hal_adc.o
    0x080073da   0x080073da   0x0000000c   Code   RO         2486    i.LL_ADC_REG_IsConversionOngoing  stm32g0xx_hal_adc.o
    0x080073e6   0x080073e6   0x00000002   PAD
    0x080073e8   0x080073e8   0x0000003c   Code   RO         2489    i.LL_ADC_SetAnalogWDMonitChannels  stm32g0xx_hal_adc.o
    0x08007424   0x08007424   0x0000000e   Code   RO         2490    i.LL_ADC_SetCommonPathInternalCh  stm32g0xx_hal_adc.o
    0x08007432   0x08007432   0x0000001e   Code   RO         2491    i.LL_ADC_SetSamplingTimeCommonChannels  stm32g0xx_hal_adc.o
    0x08007450   0x08007450   0x000001d4   Code   RO          679    i.MBASC_Fun03       modbus_asc.o
    0x08007624   0x08007624   0x00000140   Code   RO          680    i.MBASC_Fun04       modbus_asc.o
    0x08007764   0x08007764   0x0000010c   Code   RO          681    i.MBASC_Fun05       modbus_asc.o
    0x08007870   0x08007870   0x0000022c   Code   RO          682    i.MBASC_Fun10       modbus_asc.o
    0x08007a9c   0x08007a9c   0x00000234   Code   RO          683    i.MBASC_Fun2B       modbus_asc.o
    0x08007cd0   0x08007cd0   0x00000140   Code   RO          684    i.MBASC_Fun41       modbus_asc.o
    0x08007e10   0x08007e10   0x000000e8   Code   RO          685    i.MBASC_Function    modbus_asc.o
    0x08007ef8   0x08007ef8   0x00000006   Code   RO          686    i.MBASC_GetSlaveAddr  modbus_asc.o
    0x08007efe   0x08007efe   0x00000002   PAD
    0x08007f00   0x08007f00   0x00000044   Code   RO          687    i.MBASC_SendErr     modbus_asc.o
    0x08007f44   0x08007f44   0x0000001c   Code   RO          688    i.MBASC_SendMsg     modbus_asc.o
    0x08007f60   0x08007f60   0x00000016   Code   RO          689    i.MBASC_SendMsg_NoLimit  modbus_asc.o
    0x08007f76   0x08007f76   0x00000040   Code   RO          771    i.MODBUS_ASCII_AsciiPacketToRtuPacket  modbus_ascii.o
    0x08007fb6   0x08007fb6   0x0000005a   Code   RO          772    i.MODBUS_ASCII_AsciiToHex  modbus_ascii.o
    0x08008010   0x08008010   0x0000004a   Code   RO          773    i.MODBUS_ASCII_CheckAscii  modbus_ascii.o
    0x0800805a   0x0800805a   0x0000004a   Code   RO          774    i.MODBUS_ASCII_GetLrc  modbus_ascii.o
    0x080080a4   0x080080a4   0x000000d8   Code   RO          775    i.MODBUS_ASCII_HandlRevData  modbus_ascii.o
    0x0800817c   0x0800817c   0x00000046   Code   RO          776    i.MODBUS_ASCII_HexToAscii  modbus_ascii.o
    0x080081c2   0x080081c2   0x00000002   PAD
    0x080081c4   0x080081c4   0x00000088   Code   RO          777    i.MODBUS_ASCII_RecvData  modbus_ascii.o
    0x0800824c   0x0800824c   0x00000028   Code   RO          778    i.MODBUS_ASCII_RtuPacketToAsciiPacket  modbus_ascii.o
    0x08008274   0x08008274   0x00000074   Code   RO          779    i.MODBUS_ASCII_SendData  modbus_ascii.o
    0x080082e8   0x080082e8   0x000000e0   Code   RO          643    i.MX_ADC1_Init      adc_1.o
    0x080083c8   0x080083c8   0x00000044   Code   RO          621    i.MX_DMA_Init       dma_1.o
    0x0800840c   0x0800840c   0x0000008c   Code   RO          601    i.MX_GPIO_Init      led.o
    0x08008498   0x08008498   0x000000a0   Code   RO          546    i.MX_TIM1_Init      tim_1.o
    0x08008538   0x08008538   0x00000080   Code   RO          547    i.MX_TIM3_Init      tim_1.o
    0x080085b8   0x080085b8   0x00000138   Code   RO          475    i.MX_USART1_UART_Init  usart_1.o
    0x080086f0   0x080086f0   0x00000002   Code   RO          183    i.NMI_Handler       stm32g0xx_it.o
    0x080086f2   0x080086f2   0x00000002   PAD
    0x080086f4   0x080086f4   0x0000012c   Code   RO          252    i.ReadPara          para.o
    0x08008820   0x08008820   0x00000002   Code   RO          184    i.SVC_Handler       stm32g0xx_it.o
    0x08008822   0x08008822   0x00000010   Code   RO          313    i.SysTick_Handler   board.o
    0x08008832   0x08008832   0x00000002   PAD
    0x08008834   0x08008834   0x0000009c   Code   RO          406    i.SystemClock_Config  system_clock.o
    0x080088d0   0x080088d0   0x00000010   Code   RO         5304    i.SystemInit        system_stm32g0xx.o
    0x080088e0   0x080088e0   0x00000010   Code   RO          185    i.TIM3_IRQHandler   stm32g0xx_it.o
    0x080088f0   0x080088f0   0x000000a0   Code   RO         3917    i.TIM_Base_SetConfig  stm32g0xx_hal_tim.o
    0x08008990   0x08008990   0x0000001c   Code   RO         3928    i.TIM_ETR_SetConfig  stm32g0xx_hal_tim.o
    0x080089ac   0x080089ac   0x00000018   Code   RO         3929    i.TIM_ITRx_SetConfig  stm32g0xx_hal_tim.o
    0x080089c4   0x080089c4   0x00000032   Code   RO         3937    i.TIM_TI1_ConfigInputStage  stm32g0xx_hal_tim.o
    0x080089f6   0x080089f6   0x00000032   Code   RO         3939    i.TIM_TI2_ConfigInputStage  stm32g0xx_hal_tim.o
    0x08008a28   0x08008a28   0x00000084   Code   RO         5193    i.UARTEx_SetNbDataToProcess  stm32g0xx_hal_uart_ex.o
    0x08008aac   0x08008aac   0x000000f0   Code   RO         4843    i.UART_AdvFeatureConfig  stm32g0xx_hal_uart.o
    0x08008b9c   0x08008b9c   0x00000074   Code   RO         4844    i.UART_CheckIdleState  stm32g0xx_hal_uart.o
    0x08008c10   0x08008c10   0x00000018   Code   RO         4845    i.UART_DMAAbortOnError  stm32g0xx_hal_uart.o
    0x08008c28   0x08008c28   0x0000005a   Code   RO         4846    i.UART_DMAError     stm32g0xx_hal_uart.o
    0x08008c82   0x08008c82   0x0000004c   Code   RO         4847    i.UART_DMAReceiveCplt  stm32g0xx_hal_uart.o
    0x08008cce   0x08008cce   0x0000000e   Code   RO         4849    i.UART_DMARxHalfCplt  stm32g0xx_hal_uart.o
    0x08008cdc   0x08008cdc   0x0000003a   Code   RO         4851    i.UART_DMATransmitCplt  stm32g0xx_hal_uart.o
    0x08008d16   0x08008d16   0x0000000e   Code   RO         4853    i.UART_DMATxHalfCplt  stm32g0xx_hal_uart.o
    0x08008d24   0x08008d24   0x00000020   Code   RO          477    i.UART_DMA_Send     usart_1.o
    0x08008d44   0x08008d44   0x0000002c   Code   RO         4855    i.UART_EndRxTransfer  stm32g0xx_hal_uart.o
    0x08008d70   0x08008d70   0x00000022   Code   RO         4856    i.UART_EndTransmit_IT  stm32g0xx_hal_uart.o
    0x08008d92   0x08008d92   0x00000022   Code   RO         4857    i.UART_EndTxTransfer  stm32g0xx_hal_uart.o
    0x08008db4   0x08008db4   0x000006a0   Code   RO         4862    i.UART_SetConfig    stm32g0xx_hal_uart.o
    0x08009454   0x08009454   0x00000070   Code   RO         4867    i.UART_WaitOnFlagUntilTimeout  stm32g0xx_hal_uart.o
    0x080094c4   0x080094c4   0x0000007c   Code   RO          478    i.USART1_IRQHandler  usart_1.o
    0x08009540   0x08009540   0x00000028   Code   RO          895    i.User_Iwdg_Init    iwdg.o
    0x08009568   0x08009568   0x00000008   Code   RO          426    i.Z_F_Zhuan_thread_entry  task.o
    0x08009570   0x08009570   0x0000001c   Code   RO          522    i.__ARM_common_switch8  usart_1.o
    0x0800958c   0x0800958c   0x00000078   Code   RO         3474    i.__NVIC_SetPriority  stm32g0xx_hal_cortex.o
    0x08009604   0x08009604   0x0000005c   Code   RO         1444    i.__rt_ffs          kservice.o
    0x08009660   0x08009660   0x0000000e   Code   RO         5383    i.__scatterload_copy  mc_p.l(handlers.o)
    0x0800966e   0x0800966e   0x00000002   Code   RO         5384    i.__scatterload_null  mc_p.l(handlers.o)
    0x08009670   0x08009670   0x0000000e   Code   RO         5385    i.__scatterload_zeroinit  mc_p.l(handlers.o)
    0x0800967e   0x0800967e   0x00000002   PAD
    0x08009680   0x08009680   0x00000014   Code   RO         1105    i._has_defunct_thread  idle.o
    0x08009694   0x08009694   0x00000064   Code   RO         2221    i._msh_exec_cmd     msh.o
    0x080096f8   0x080096f8   0x0000008c   Code   RO         1857    i._rt_thread_init   thread.o
    0x08009784   0x08009784   0x0000003c   Code   RO         1978    i._rt_timer_init    timer.o
    0x080097c0   0x080097c0   0x0000002e   Code   RO         1979    i._rt_timer_remove  timer.o
    0x080097ee   0x080097ee   0x0000000e   Code   RO         2222    i.cmd_free          msh.o
    0x080097fc   0x080097fc   0x0000000e   Code   RO         2223    i.cmd_ps            msh.o
    0x0800980a   0x0800980a   0x00000002   PAD
    0x0800980c   0x0800980c   0x00000078   Code   RO         2294    i.finsh_get_prompt  shell.o
    0x08009884   0x08009884   0x00000002   Code   RO         2296    i.finsh_getchar     shell.o
    0x08009886   0x08009886   0x00000002   PAD
    0x08009888   0x08009888   0x00000024   Code   RO         2299    i.finsh_set_prompt_mode  shell.o
    0x080098ac   0x080098ac   0x00000014   Code   RO         2300    i.finsh_system_function_init  shell.o
    0x080098c0   0x080098c0   0x000000a0   Code   RO         2301    i.finsh_system_init  shell.o
    0x08009960   0x08009960   0x000003e4   Code   RO         2303    i.finsh_thread_entry  shell.o
    0x08009d44   0x08009d44   0x00000020   Code   RO         2117    i.hello             cmd.o
    0x08009d64   0x08009d64   0x00000018   Code   RO          427    i.led_thread_entry  task.o
    0x08009d7c   0x08009d7c   0x0000005c   Code   RO         2118    i.list              cmd.o
    0x08009dd8   0x08009dd8   0x00000144   Code   RO         2119    i.list_event        cmd.o
    0x08009f1c   0x08009f1c   0x00000028   Code   RO         2120    i.list_find_init    cmd.o
    0x08009f44   0x08009f44   0x00000096   Code   RO         2121    i.list_get_next     cmd.o
    0x08009fda   0x08009fda   0x00000002   PAD
    0x08009fdc   0x08009fdc   0x0000015c   Code   RO         2122    i.list_mailbox      cmd.o
    0x0800a138   0x0800a138   0x00000078   Code   RO         1621    i.list_mem          mem.o
    0x0800a1b0   0x0800a1b0   0x00000144   Code   RO         2123    i.list_msgqueue     cmd.o
    0x0800a2f4   0x0800a2f4   0x00000110   Code   RO         2124    i.list_mutex        cmd.o
    0x0800a404   0x0800a404   0x00000138   Code   RO         2125    i.list_sem          cmd.o
    0x0800a53c   0x0800a53c   0x000001ec   Code   RO         2126    i.list_thread       cmd.o
    0x0800a728   0x0800a728   0x0000015c   Code   RO         2127    i.list_timer        cmd.o
    0x0800a884   0x0800a884   0x0000001c   Code   RO          849    i.long32Array       common.o
    0x0800a8a0   0x0800a8a0   0x00000010   Code   RO           13    i.main              main.o
    0x0800a8b0   0x0800a8b0   0x0000000e   Code   RO         1032    i.main_thread_entry  components.o
    0x0800a8be   0x0800a8be   0x00000002   PAD
    0x0800a8c0   0x0800a8c0   0x000000a4   Code   RO         2224    i.msh_auto_complete  msh.o
    0x0800a964   0x0800a964   0x00000070   Code   RO         2225    i.msh_exec          msh.o
    0x0800a9d4   0x0800a9d4   0x00000060   Code   RO         2226    i.msh_get_cmd       msh.o
    0x0800aa34   0x0800aa34   0x00000078   Code   RO         2227    i.msh_help          msh.o
    0x0800aaac   0x0800aaac   0x00000004   Code   RO         2228    i.msh_is_used       msh.o
    0x0800aab0   0x0800aab0   0x000000f8   Code   RO         2229    i.msh_split         msh.o
    0x0800aba8   0x0800aba8   0x0000001c   Code   RO         2128    i.object_split      cmd.o
    0x0800abc4   0x0800abc4   0x0000007c   Code   RO         1622    i.plug_holes        mem.o
    0x0800ac40   0x0800ac40   0x00000194   Code   RO         1446    i.print_number      kservice.o
    0x0800add4   0x0800add4   0x00000030   Code   RO         1033    i.rt_application_init  components.o
    0x0800ae04   0x0800ae04   0x00000028   Code   RO         1623    i.rt_calloc         mem.o
    0x0800ae2c   0x0800ae2c   0x0000001c   Code   RO         1034    i.rt_components_board_init  components.o
    0x0800ae48   0x0800ae48   0x0000001c   Code   RO         1035    i.rt_components_init  components.o
    0x0800ae64   0x0800ae64   0x00000020   Code   RO         1785    i.rt_enter_critical  scheduler.o
    0x0800ae84   0x0800ae84   0x00000048   Code   RO         1786    i.rt_exit_critical  scheduler.o
    0x0800aecc   0x0800aecc   0x000000e8   Code   RO         1624    i.rt_free           mem.o
    0x0800afb4   0x0800afb4   0x00000008   Code   RO          314    i.rt_heap_begin_get  board.o
    0x0800afbc   0x0800afbc   0x00000008   Code   RO          315    i.rt_heap_end_get   board.o
    0x0800afc4   0x0800afc4   0x0000001e   Code   RO          316    i.rt_hw_board_init  board.o
    0x0800afe2   0x0800afe2   0x00000002   Code   RO         1449    i.rt_hw_console_output  kservice.o
    0x0800afe4   0x0800afe4   0x000000f4   Code   RO         2086    i.rt_hw_hard_fault_exception  cpuport.o
    0x0800b0d8   0x0800b0d8   0x00000040   Code   RO         2087    i.rt_hw_stack_init  cpuport.o
    0x0800b118   0x0800b118   0x00000020   Code   RO         1417    i.rt_interrupt_enter  irq.o
    0x0800b138   0x0800b138   0x00000020   Code   RO         1419    i.rt_interrupt_leave  irq.o
    0x0800b158   0x0800b158   0x00000014   Code   RO         1152    i.rt_ipc_list_resume  ipc.o
    0x0800b16c   0x0800b16c   0x00000062   Code   RO         1154    i.rt_ipc_list_suspend  ipc.o
    0x0800b1ce   0x0800b1ce   0x00000010   Code   RO         1155    i.rt_ipc_object_init  ipc.o
    0x0800b1de   0x0800b1de   0x00000002   PAD
    0x0800b1e0   0x0800b1e0   0x00000034   Code   RO         1450    i.rt_kprintf        kservice.o
    0x0800b214   0x0800b214   0x00000006   Code   RO         1156    i.rt_list_init      ipc.o
    0x0800b21a   0x0800b21a   0x00000006   Code   RO         1787    i.rt_list_init      scheduler.o
    0x0800b220   0x0800b220   0x00000006   Code   RO         1980    i.rt_list_init      timer.o
    0x0800b226   0x0800b226   0x0000000e   Code   RO         1709    i.rt_list_insert_after  object.o
    0x0800b234   0x0800b234   0x0000000e   Code   RO         1858    i.rt_list_insert_after  thread.o
    0x0800b242   0x0800b242   0x0000000e   Code   RO         1981    i.rt_list_insert_after  timer.o
    0x0800b250   0x0800b250   0x0000000e   Code   RO         1157    i.rt_list_insert_before  ipc.o
    0x0800b25e   0x0800b25e   0x00000010   Code   RO         1158    i.rt_list_isempty   ipc.o
    0x0800b26e   0x0800b26e   0x00000010   Code   RO         1982    i.rt_list_isempty   timer.o
    0x0800b27e   0x0800b27e   0x00000010   Code   RO         2129    i.rt_list_isempty   cmd.o
    0x0800b28e   0x0800b28e   0x00000014   Code   RO         2130    i.rt_list_len       cmd.o
    0x0800b2a2   0x0800b2a2   0x00000012   Code   RO         1710    i.rt_list_remove    object.o
    0x0800b2b4   0x0800b2b4   0x00000012   Code   RO         1859    i.rt_list_remove    thread.o
    0x0800b2c6   0x0800b2c6   0x00000002   PAD
    0x0800b2c8   0x0800b2c8   0x0000016c   Code   RO         1625    i.rt_malloc         mem.o
    0x0800b434   0x0800b434   0x00000042   Code   RO         1455    i.rt_memmove        kservice.o
    0x0800b476   0x0800b476   0x0000004c   Code   RO         1456    i.rt_memset         kservice.o
    0x0800b4c2   0x0800b4c2   0x00000050   Code   RO         1711    i.rt_object_allocate  object.o
    0x0800b512   0x0800b512   0x00000024   Code   RO         1712    i.rt_object_delete  object.o
    0x0800b536   0x0800b536   0x0000001e   Code   RO         1713    i.rt_object_detach  object.o
    0x0800b554   0x0800b554   0x00000024   Code   RO         1715    i.rt_object_get_information  object.o
    0x0800b578   0x0800b578   0x00000054   Code   RO         1717    i.rt_object_init    object.o
    0x0800b5cc   0x0800b5cc   0x00000014   Code   RO         1718    i.rt_object_is_systemobject  object.o
    0x0800b5e0   0x0800b5e0   0x00000084   Code   RO         1788    i.rt_schedule       scheduler.o
    0x0800b664   0x0800b664   0x00000054   Code   RO         1789    i.rt_schedule_insert_thread  scheduler.o
    0x0800b6b8   0x0800b6b8   0x00000058   Code   RO         1790    i.rt_schedule_remove_thread  scheduler.o
    0x0800b710   0x0800b710   0x00000022   Code   RO         1186    i.rt_sem_init       ipc.o
    0x0800b732   0x0800b732   0x0000003c   Code   RO         1187    i.rt_sem_release    ipc.o
    0x0800b76e   0x0800b76e   0x00000078   Code   RO         1188    i.rt_sem_take       ipc.o
    0x0800b7e6   0x0800b7e6   0x00000002   PAD
    0x0800b7e8   0x0800b7e8   0x000000b0   Code   RO         1458    i.rt_show_version   kservice.o
    0x0800b898   0x0800b898   0x00000012   Code   RO         1464    i.rt_strlen         kservice.o
    0x0800b8aa   0x0800b8aa   0x00000038   Code   RO         1466    i.rt_strncpy        kservice.o
    0x0800b8e2   0x0800b8e2   0x00000002   PAD
    0x0800b8e4   0x0800b8e4   0x000000f4   Code   RO         1628    i.rt_system_heap_init  mem.o
    0x0800b9d8   0x0800b9d8   0x0000004c   Code   RO         1791    i.rt_system_scheduler_init  scheduler.o
    0x0800ba24   0x0800ba24   0x00000030   Code   RO         1792    i.rt_system_scheduler_start  scheduler.o
    0x0800ba54   0x0800ba54   0x0000001c   Code   RO         1983    i.rt_system_timer_init  timer.o
    0x0800ba70   0x0800ba70   0x00000002   Code   RO         1984    i.rt_system_timer_thread_init  timer.o
    0x0800ba72   0x0800ba72   0x00000050   Code   RO         1861    i.rt_thread_create  thread.o
    0x0800bac2   0x0800bac2   0x00000002   PAD
    0x0800bac4   0x0800bac4   0x00000058   Code   RO         1865    i.rt_thread_exit    thread.o
    0x0800bb1c   0x0800bb1c   0x00000008   Code   RO         1106    i.rt_thread_idle_entry  idle.o
    0x0800bb24   0x0800bb24   0x00000094   Code   RO         1107    i.rt_thread_idle_excute  idle.o
    0x0800bbb8   0x0800bbb8   0x0000003c   Code   RO         1109    i.rt_thread_idle_init  idle.o
    0x0800bbf4   0x0800bbf4   0x0000002c   Code   RO         1867    i.rt_thread_init    thread.o
    0x0800bc20   0x0800bc20   0x00000014   Code   RO         1868    i.rt_thread_mdelay  thread.o
    0x0800bc34   0x0800bc34   0x0000003c   Code   RO         1869    i.rt_thread_resume  thread.o
    0x0800bc70   0x0800bc70   0x0000000c   Code   RO         1870    i.rt_thread_self    thread.o
    0x0800bc7c   0x0800bc7c   0x00000044   Code   RO         1871    i.rt_thread_sleep   thread.o
    0x0800bcc0   0x0800bcc0   0x00000030   Code   RO         1872    i.rt_thread_startup  thread.o
    0x0800bcf0   0x0800bcf0   0x00000044   Code   RO         1873    i.rt_thread_suspend  thread.o
    0x0800bd34   0x0800bd34   0x00000020   Code   RO         1874    i.rt_thread_timeout  thread.o
    0x0800bd54   0x0800bd54   0x00000064   Code   RO         1875    i.rt_thread_yield   thread.o
    0x0800bdb8   0x0800bdb8   0x0000003e   Code   RO          994    i.rt_tick_from_millisecond  clock.o
    0x0800bdf6   0x0800bdf6   0x00000002   PAD
    0x0800bdf8   0x0800bdf8   0x0000000c   Code   RO          995    i.rt_tick_get       clock.o
    0x0800be04   0x0800be04   0x00000030   Code   RO          996    i.rt_tick_increase  clock.o
    0x0800be34   0x0800be34   0x00000080   Code   RO         1985    i.rt_timer_check    timer.o
    0x0800beb4   0x0800beb4   0x0000003c   Code   RO         1986    i.rt_timer_control  timer.o
    0x0800bef0   0x0800bef0   0x00000020   Code   RO         1989    i.rt_timer_detach   timer.o
    0x0800bf10   0x0800bf10   0x00000026   Code   RO         1990    i.rt_timer_init     timer.o
    0x0800bf36   0x0800bf36   0x00000002   PAD
    0x0800bf38   0x0800bf38   0x00000108   Code   RO         1993    i.rt_timer_start    timer.o
    0x0800c040   0x0800c040   0x00000030   Code   RO         1994    i.rt_timer_stop     timer.o
    0x0800c070   0x0800c070   0x00000368   Code   RO         1469    i.rt_vsnprintf      kservice.o
    0x0800c3d8   0x0800c3d8   0x00000004   Code   RO         1036    i.rti_board_end     components.o
    0x0800c3dc   0x0800c3dc   0x00000004   Code   RO         1037    i.rti_board_start   components.o
    0x0800c3e0   0x0800c3e0   0x00000004   Code   RO         1038    i.rti_end           components.o
    0x0800c3e4   0x0800c3e4   0x00000004   Code   RO         1039    i.rti_start         components.o
    0x0800c3e8   0x0800c3e8   0x0000002a   Code   RO         1040    i.rtthread_startup  components.o
    0x0800c412   0x0800c412   0x00000002   PAD
    0x0800c414   0x0800c414   0x00000038   Code   RO         2304    i.shell_auto_complete  shell.o
    0x0800c44c   0x0800c44c   0x00000030   Code   RO         2131    i.show_wait_queue   cmd.o
    0x0800c47c   0x0800c47c   0x00000024   Code   RO         1471    i.skip_atoi         kservice.o
    0x0800c4a0   0x0800c4a0   0x00000024   Code   RO         2230    i.str_common        msh.o
    0x0800c4c4   0x0800c4c4   0x00000028   Code   RO          386    i.system_Init       system.o
    0x0800c4ec   0x0800c4ec   0x00000084   Code   RO          428    i.task_Init         task.o
    0x0800c570   0x0800c570   0x0000000a   Code   RO         2132    i.version           cmd.o
    0x0800c57a   0x0800c57a   0x00000008   Data   RO          691    .constdata          modbus_asc.o
    0x0800c582   0x0800c582   0x00000122   Data   RO         1473    .constdata          kservice.o
    0x0800c6a4   0x0800c6a4   0x00000009   Data   RO         1630    .constdata          mem.o
    0x0800c6ad   0x0800c6ad   0x000000ed   Data   RO         2133    .constdata          cmd.o
    0x0800c79a   0x0800c79a   0x0000001f   Data   RO         2231    .constdata          msh.o
    0x0800c7b9   0x0800c7b9   0x00000003   PAD
    0x0800c7bc   0x0800c7bc   0x00000060   Data   RO         5305    .constdata          system_stm32g0xx.o
    0x0800c81c   0x0800c81c   0x00000021   Data   RO          430    .conststring        task.o
    0x0800c83d   0x0800c83d   0x00000003   PAD
    0x0800c840   0x0800c840   0x00000044   Data   RO         2134    .conststring        cmd.o
    0x0800c884   0x0800c884   0x00000004   Data   RO         1041    .rti_fn.0           components.o
    0x0800c888   0x0800c888   0x00000004   Data   RO         1042    .rti_fn.0.end       components.o
    0x0800c88c   0x0800c88c   0x00000004   Data   RO         1043    .rti_fn.1.end       components.o
    0x0800c890   0x0800c890   0x00000004   Data   RO         2307    .rti_fn.6           shell.o
    0x0800c894   0x0800c894   0x00000004   Data   RO         1044    .rti_fn.6.end       components.o
    0x0800c898   0x0800c898   0x00000008   Data   RO         1632    FSymTab             mem.o
    0x0800c8a0   0x0800c8a0   0x00000090   Data   RO         2135    FSymTab             cmd.o
    0x0800c930   0x0800c930   0x00000018   Data   RO         2232    FSymTab             msh.o
    0x0800c948   0x0800c948   0x00000020   Data   RO         5381    Region$$Table       anon$$obj.o


    Execution Region RW_IRAM1 (Exec base: 0x20000000, Load base: 0x0800c968, Size: 0x00002e70, Max: 0x00009000, ABSOLUTE, COMPRESSED[0x00000070])

    Exec Addr    Load Addr    Size         Type   Attr      Idx    E Section Name        Object

    0x20000000   COMPRESSED   0x00000028   Data   RW          256    .data               para.o
    0x20000028   COMPRESSED   0x00000054   Data   RW          431    .data               task.o
    0x2000007c   COMPRESSED   0x00000008   Data   RW          480    .data               usart_1.o
    0x20000084   COMPRESSED   0x00000010   Data   RW          550    .data               tim_1.o
    0x20000094   COMPRESSED   0x00000003   Data   RW          692    .data               modbus_asc.o
    0x20000097   COMPRESSED   0x00000001   PAD
    0x20000098   COMPRESSED   0x00000004   Data   RW          781    .data               modbus_ascii.o
    0x2000009c   COMPRESSED   0x00000010   Data   RW          933    .data               inflash.o
    0x200000ac   COMPRESSED   0x00000004   Data   RW          998    .data               clock.o
    0x200000b0   COMPRESSED   0x00000001   Data   RW         1420    .data               irq.o
    0x200000b1   COMPRESSED   0x00000003   PAD
    0x200000b4   COMPRESSED   0x00000018   Data   RW         1631    .data               mem.o
    0x200000cc   COMPRESSED   0x00000070   Data   RW         1720    .data               object.o
    0x2000013c   COMPRESSED   0x00000018   Data   RW         1794    .data               scheduler.o
    0x20000154   COMPRESSED   0x0000000c   Data   RW         1995    .data               timer.o
    0x20000160   COMPRESSED   0x0000000c   Data   RW         2088    .data               cpuport.o
    0x2000016c   COMPRESSED   0x00000018   Data   RW         2306    .data               shell.o
    0x20000184   COMPRESSED   0x0000000c   Data   RW         3599    .data               stm32g0xx_hal.o
    0x20000190   COMPRESSED   0x00000004   Data   RW         5306    .data               system_stm32g0xx.o
    0x20000194        -       0x00000040   Zero   RW          255    .bss                para.o
    0x200001d4        -       0x00002000   Zero   RW          317    .bss                board.o
    0x200021d4        -       0x00000270   Zero   RW          479    .bss                usart_1.o
    0x20002444        -       0x00000080   Zero   RW          549    .bss                tim_1.o
    0x200024c4        -       0x000000c0   Zero   RW          644    .bss                adc_1.o
    0x20002584        -       0x00000064   Zero   RW          690    .bss                modbus_asc.o
    0x200025e8        -       0x00000096   Zero   RW          780    .bss                modbus_ascii.o
    0x2000267e   COMPRESSED   0x00000002   PAD
    0x20002680        -       0x00000010   Zero   RW          896    .bss                iwdg.o
    0x20002690        -       0x0000000c   Zero   RW          932    .bss                inflash.o
    0x2000269c        -       0x00000190   Zero   RW         1110    .bss                idle.o
    0x2000282c        -       0x00000080   Zero   RW         1472    .bss                kservice.o
    0x200028ac        -       0x00000028   Zero   RW         1629    .bss                mem.o
    0x200028d4        -       0x00000100   Zero   RW         1793    .bss                scheduler.o
    0x200029d4        -       0x00000081   Zero   RW         2305    .bss                shell.o
    0x20002a55   COMPRESSED   0x00000003   PAD
    0x20002a58        -       0x00000018   Zero   RW         2935    .bss                stm32g0xx_hal_flash.o
    0x20002a70        -       0x00000400   Zero   RW            1    STACK               startup_stm32g070xx.o


==============================================================================

Image component sizes


      Code (inc. data)   RO Data    RW Data    ZI Data      Debug   Object Name

       412         38          0          0        192       1795   adc_1.o
        62          8          0          0       8192       2267   board.o
       122         10          0          4          0       1660   clock.o
      2856        980        449          0          0      17426   cmd.o
        28          0          0          0          0        734   common.o
       186         30         16          0          0       5384   components.o
       216         32          0          0          0        768   context_rvds.o
       308        166          0         12          0       2950   cpuport.o
        68          4          0          0          0        702   dma_1.o
       236         32          0          0        400       5306   idle.o
       230         24          0         16         12       3495   inflash.o
       384          0          0          0          0       7877   ipc.o
        64         12          0          1          0       1454   irq.o
        40          8          0          0         16        656   iwdg.o
      1850        168        290          0        128       9656   kservice.o
       140          8          0          0          0        843   led.o
        18          0          0          0          0     426514   main.o
      1124        316         17         24         40       4898   mem.o
      2852        244          8          3        100      18816   modbus_asc.o
       880         34          0          4        150       6924   modbus_ascii.o
       908        156         55          0          0       8677   msh.o
       318          4          0        112          0       7948   object.o
       300         28          0         40         64       2287   para.o
       538         94          0         24        256       8030   scheduler.o
      1390        152          4         24        129       9636   shell.o
        28          8        184          0       1024        616   startup_stm32g070xx.o
       196         30          0         12          0       3255   stm32g0xx_hal.o
      2878         90          0          0          0      40961   stm32g0xx_hal_adc.o
       222         26          0          0          0      12061   stm32g0xx_hal_cortex.o
      1188         42          0          0          0       6401   stm32g0xx_hal_dma.o
       476         50          0          0         24      14926   stm32g0xx_hal_flash.o
       212         26          0          0          0       2218   stm32g0xx_hal_flash_ex.o
       492         16          0          0          0       2697   stm32g0xx_hal_gpio.o
       108         14          0          0          0       1104   stm32g0xx_hal_iwdg.o
        68          4          0          0          0        774   stm32g0xx_hal_msp.o
        88         12          0          0          0        734   stm32g0xx_hal_pwr_ex.o
      2208         96          0          0          0      20425   stm32g0xx_hal_rcc.o
       516         12          0          0          0       1572   stm32g0xx_hal_rcc_ex.o
      1208         48          0          0          0       8867   stm32g0xx_hal_tim.o
       382          8          0          0          0       3716   stm32g0xx_hal_tim_ex.o
      3880         90          0          0          0      16770   stm32g0xx_hal_uart.o
       412         18          0          0          0       5118   stm32g0xx_hal_uart_ex.o
        60         20          0          0          0       2126   stm32g0xx_it.o
        40          0          0          0          0        442   system.o
       156          6          0          0          0        661   system_clock.o
        16          8         96          4          0       1083   system_stm32g0xx.o
       164         18         33         84          0       2632   task.o
       792         38          0          0          0      11260   thread.o
       640         86          0         16        128       3380   tim_1.o
       742         26          0         12          0      10560   timer.o
       764         72          0          8        624       3546   usart_1.o

    ----------------------------------------------------------------------
     33516       3412       1190        404      11484     734608   Object Totals
         0          0         32          0          0          0   (incl. Generated)
        50          0          6          4          5          0   (incl. Padding)

    ----------------------------------------------------------------------

      Code (inc. data)   RO Data    RW Data    ZI Data      Debug   Library Member Name

        86          0          0          0          0          0   __dczerorl2.o
         0          0          0          0          0          0   entry.o
         0          0          0          0          0          0   entry10a.o
         0          0          0          0          0          0   entry11a.o
         8          4          0          0          0          0   entry2.o
         4          0          0          0          0          0   entry5.o
         0          0          0          0          0          0   entry7b.o
         0          0          0          0          0          0   entry8b.o
         8          4          0          0          0          0   entry9a.o
        30          0          0          0          0          0   handlers.o
        40          0          0          0          0         72   idiv.o
        36          8          0          0          0         68   init.o
        36          0          0          0          0         60   memcpya.o
        36          0          0          0          0        100   memseta.o
        24          0          0          0          0         60   strcat.o
        28          0          0          0          0         68   strcmp.o
        18          0          0          0          0         60   strcpy.o
        14          0          0          0          0         60   strlen.o
        30          0          0          0          0         72   strncmp.o
        26          0          0          0          0         68   strncpy.o
        44          0          0          0          0         72   uidiv.o

    ----------------------------------------------------------------------
       470         16          0          0          0        760   Library Totals
         2          0          0          0          0          0   (incl. Padding)

    ----------------------------------------------------------------------

      Code (inc. data)   RO Data    RW Data    ZI Data      Debug   Library Name

       468         16          0          0          0        760   mc_p.l

    ----------------------------------------------------------------------
       470         16          0          0          0        760   Library Totals

    ----------------------------------------------------------------------

==============================================================================


      Code (inc. data)   RO Data    RW Data    ZI Data      Debug   

     33986       3428       1190        404      11484     723264   Grand Totals
     33986       3428       1190        112      11484     723264   ELF Image Totals (compressed)
     33986       3428       1190        112          0          0   ROM Totals

==============================================================================

    Total RO  Size (Code + RO Data)                35176 (  34.35kB)
    Total RW  Size (RW Data + ZI Data)             11888 (  11.61kB)
    Total ROM Size (Code + RO Data + RW Data)      35288 (  34.46kB)

==============================================================================

