<html>
<body>
<pre>
<h1>µVision Build Log</h1>
<h2>Tool Versions:</h2>
IDE-Version: ¦ÌVision V5.27.1.0
Copyright (C) 2019 ARM Ltd and ARM Germany GmbH. All rights reserved.
License Information: 1 1, 1, LIC=JL28G-V16WT-WFQI7-EB2MR-7YGS4-JGVSI
 
Tool Versions:
Toolchain:       MDK-ARM Plus  Version: 5.27.1.0
Toolchain Path:  C:\rj\Keil_v5\ARM\ARMCC\Bin
C Compiler:      Armcc.exe V5.06 update 6 (build 750)
Assembler:       Armasm.exe V5.06 update 6 (build 750)
Linker/Locator:  ArmLink.exe V5.06 update 6 (build 750)
Library Manager: ArmAr.exe V5.06 update 6 (build 750)
Hex Converter:   FromElf.exe V5.06 update 6 (build 750)
CPU DLL:         SARMCM3.DLL V5.27.1.0
Dialog DLL:      DARMCM1.DLL V1.19.2.0
Target DLL:      Segger\JL2CM3.dll V2.99.35.0
Dialog DLL:      TARMCM1.DLL V1.14.1.0
 
<h2>Project:</h2>
E:\test\test\stm32g070_Hardware_SPI_host\MDK-ARM\stm32g070_Hardware_SPI.uvprojx
Project File Date:  08/17/2020

<h2>Output:</h2>
*** Using Compiler 'V5.06 update 6 (build 750)', folder: 'C:\rj\Keil_v5\ARM\ARMCC\Bin'
Build target 'stm32g070_Hardware_SPI'
compiling gpio.c...
compiling stm32g0xx_hal_gpio.c...
compiling main.c...
compiling stm32g0xx_hal_msp.c...
compiling stm32g0xx_it.c...
compiling usart.c...
compiling stm32g0xx_hal_spi.c...
compiling dma.c...
compiling stm32g0xx_hal_flash_ex.c...
compiling stm32g0xx_hal_dma.c...
compiling stm32g0xx_hal_rcc_ex.c...
compiling stm32g0xx_hal_flash.c...
compiling stm32g0xx_hal_dma_ex.c...
compiling stm32g0xx_hal_spi_ex.c...
compiling stm32g0xx_hal_rcc.c...
compiling stm32g0xx_hal_pwr.c...
compiling stm32g0xx_hal_cortex.c...
compiling stm32g0xx_hal_uart.c...
compiling stm32g0xx_hal_tim.c...
compiling stm32g0xx_hal_pwr_ex.c...
compiling stm32g0xx_hal_tim_ex.c...
compiling stm32g0xx_hal_uart_ex.c...
compiling stm32g0xx_hal_exti.c...
compiling stm32g0xx_hal.c...
compiling system_stm32g0xx.c...
compiling spi.c...
compiling oled.c...
..\OLED\Src\oled.c(40): warning:  #188-D: enumerated type mixed with another type
  	OLED_SCLK_Set();
..\OLED\Src\oled.c(41): warning:  #188-D: enumerated type mixed with another type
  	OLED_SDIN_Set();
..\OLED\Src\oled.c(42): warning:  #188-D: enumerated type mixed with another type
  	OLED_SDIN_Clr();
..\OLED\Src\oled.c(43): warning:  #188-D: enumerated type mixed with another type
  	OLED_SCLK_Clr();
..\OLED\Src\oled.c(51): warning:  #188-D: enumerated type mixed with another type
  OLED_SCLK_Set() ;
..\OLED\Src\oled.c(53): warning:  #188-D: enumerated type mixed with another type
  	OLED_SDIN_Clr();
..\OLED\Src\oled.c(54): warning:  #188-D: enumerated type mixed with another type
  	OLED_SDIN_Set();
..\OLED\Src\oled.c(77): warning:  #188-D: enumerated type mixed with another type
  	OLED_SCLK_Set() ;
..\OLED\Src\oled.c(78): warning:  #188-D: enumerated type mixed with another type
  	OLED_SCLK_Clr();
..\OLED\Src\oled.c(89): warning:  #188-D: enumerated type mixed with another type
  	OLED_SCLK_Clr();
..\OLED\Src\oled.c(96): warning:  #188-D: enumerated type mixed with another type
  		{OLED_SDIN_Set();}
..\OLED\Src\oled.c(97): warning:  #188-D: enumerated type mixed with another type
  		else OLED_SDIN_Clr();
..\OLED\Src\oled.c(99): warning:  #188-D: enumerated type mixed with another type
  		OLED_SCLK_Set();
..\OLED\Src\oled.c(100): warning:  #188-D: enumerated type mixed with another type
  		OLED_SCLK_Clr();
..\OLED\Src\oled.c: 14 warnings, 0 errors
linking...
Program Size: Code=12020 RO-data=2384 RW-data=20 ZI-data=1452  
FromELF: creating hex file...
"stm32g070_Hardware_SPI\stm32g070_Hardware_SPI.axf" - 0 Error(s), 14 Warning(s).

<h2>Software Packages used:</h2>

Package Vendor: ARM
                http://www.keil.com/pack/ARM.CMSIS.5.5.1.pack
                ARM.CMSIS.5.5.1
                CMSIS (Cortex Microcontroller Software Interface Standard)
   * Component: CORE Version: 5.2.0

Package Vendor: Keil
                https://www.keil.com/pack/Keil.STM32G0xx_DFP.1.2.0.pack
                Keil.STM32G0xx_DFP.1.2.0
                STMicroelectronics STM32G0 Series Device Support

<h2>Collection of Component include folders:</h2>
  .\RTE\_stm32g070_Hardware_SPI
  C:\rj\Keil_v5\ARM\PACK\ARM\CMSIS\5.5.1\CMSIS\Core\Include
  C:\rj\Keil_v5\ARM\PACK\Keil\STM32G0xx_DFP\1.2.0\Drivers\CMSIS\Device\ST\STM32G0xx\Include

<h2>Collection of Component Files used:</h2>

   * Component: ARM::CMSIS:CORE:5.2.0
Build Time Elapsed:  00:00:11
</pre>
</body>
</html>
